

================================================================
== Vitis HLS Report for 'nms_top_Pipeline_SORT_J'
================================================================
* Date:           Tue Jun  2 14:12:42 2026

* Version:        2022.2 (Build 3670227 on Oct 13 2022)
* Project:        nms
* Solution:       solution1 (Vivado IP Flow Target)
* Product family: zynquplus
* Target device:  xczu9eg-ffvb1156-2-e


================================================================
== Performance Estimates
================================================================
+ Timing: 
    * Summary: 
    +--------+---------+----------+------------+
    |  Clock |  Target | Estimated| Uncertainty|
    +--------+---------+----------+------------+
    |ap_clk  |  5.00 ns|  3.496 ns|     1.35 ns|
    +--------+---------+----------+------------+

+ Latency: 
    * Summary: 
    +---------+---------+-----------+-----------+-----+------+---------+
    |  Latency (cycles) |   Latency (absolute)  |  Interval  | Pipeline|
    |   min   |   max   |    min    |    max    | min |  max |   Type  |
    +---------+---------+-----------+-----------+-----+------+---------+
    |        6|     5007|  30.000 ns|  25.035 us|    6|  5007|       no|
    +---------+---------+-----------+-----------+-----+------+---------+

    + Detail: 
        * Instance: 
        N/A

        * Loop: 
        +----------+---------+---------+----------+-----------+-----------+----------+----------+
        |          |  Latency (cycles) | Iteration|  Initiation Interval  |   Trip   |          |
        | Loop Name|   min   |   max   |  Latency |  achieved |   target  |   Count  | Pipelined|
        +----------+---------+---------+----------+-----------+-----------+----------+----------+
        |- SORT_J  |        4|     5004|         6|          5|          1|  0 ~ 1000|       yes|
        +----------+---------+---------+----------+-----------+-----------+----------+----------+



================================================================
== Utilization Estimates
================================================================
* Summary: 
+-----------------+---------+------+--------+--------+-----+
|       Name      | BRAM_18K|  DSP |   FF   |   LUT  | URAM|
+-----------------+---------+------+--------+--------+-----+
|DSP              |        -|     -|       -|       -|    -|
|Expression       |        -|     -|       0|     190|    -|
|FIFO             |        -|     -|       -|       -|    -|
|Instance         |        -|     -|       -|       -|    -|
|Memory           |        -|     -|       -|       -|    -|
|Multiplexer      |        -|     -|       -|     136|    -|
|Register         |        -|     -|     253|       -|    -|
+-----------------+---------+------+--------+--------+-----+
|Total            |        0|     0|     253|     326|    0|
+-----------------+---------+------+--------+--------+-----+
|Available        |     1824|  2520|  548160|  274080|    0|
+-----------------+---------+------+--------+--------+-----+
|Utilization (%)  |        0|     0|      ~0|      ~0|    0|
+-----------------+---------+------+--------+--------+-----+

+ Detail: 
    * Instance: 
    N/A

    * DSP: 
    N/A

    * Memory: 
    N/A

    * FIFO: 
    N/A

    * Expression: 
    +------------------------------+----------+----+---+----+------------+------------+
    |         Variable Name        | Operation| DSP| FF| LUT| Bitwidth P0| Bitwidth P1|
    +------------------------------+----------+----+---+----+------------+------------+
    |add_ln145_fu_372_p2           |         +|   0|  0|  19|          12|           1|
    |add_ln146_fu_358_p2           |         +|   0|  0|  20|          13|           2|
    |k_2_fu_247_p2                 |         +|   0|  0|  38|          31|           1|
    |and_ln144_1_fu_348_p2         |       and|   0|  0|   2|           1|           1|
    |and_ln144_fu_342_p2           |       and|   0|  0|   2|           1|           1|
    |ap_predicate_tran6to8_state6  |       and|   0|  0|   2|           1|           1|
    |ap_predicate_tran6to9_state6  |       and|   0|  0|   2|           1|           1|
    |addr_cmp_fu_287_p2            |      icmp|   0|  0|  29|          64|          64|
    |icmp_ln142_fu_242_p2          |      icmp|   0|  0|  19|          31|          31|
    |icmp_ln144_1_fu_328_p2        |      icmp|   0|  0|  16|          23|           1|
    |icmp_ln144_2_fu_275_p2        |      icmp|   0|  0|  11|           8|           2|
    |icmp_ln144_fu_322_p2          |      icmp|   0|  0|  11|           8|           2|
    |or_ln144_1_fu_338_p2          |        or|   0|  0|   2|           1|           1|
    |or_ln144_fu_334_p2            |        or|   0|  0|   2|           1|           1|
    |reuse_select_fu_292_p3        |    select|   0|  0|  11|           1|          12|
    |ap_enable_pp0                 |       xor|   0|  0|   2|           1|           2|
    |ap_enable_reg_pp0_iter1       |       xor|   0|  0|   2|           2|           1|
    +------------------------------+----------+----+---+----+------------+------------+
    |Total                         |          |   0|  0| 190|         200|         125|
    +------------------------------+----------+----+---+----+------------+------------+

    * Multiplexer: 
    +----------------------------------------+----+-----------+-----+-----------+
    |                  Name                  | LUT| Input Size| Bits| Total Bits|
    +----------------------------------------+----+-----------+-----+-----------+
    |UnifiedRetVal_reg_188                   |  14|          3|    2|          6|
    |ap_NS_fsm                               |  54|         10|    1|         10|
    |ap_enable_reg_pp0_iter1                 |  14|          3|    1|          3|
    |ap_phi_mux_UnifiedRetVal_phi_fu_193_p6  |   9|          2|    2|          4|
    |ap_return                               |   9|          2|    2|          4|
    |j_fu_102                                |   9|          2|   13|         26|
    |k_1_fu_98                               |   9|          2|   31|         62|
    |reuse_addr_reg_fu_90                    |   9|          2|   64|        128|
    |reuse_reg_fu_94                         |   9|          2|   12|         24|
    +----------------------------------------+----+-----------+-----+-----------+
    |Total                                   | 136|         28|  128|        267|
    +----------------------------------------+----+-----------+-----+-----------+

    * Register: 
    +--------------------------+----+----+-----+-----------+
    |           Name           | FF | LUT| Bits| Const Bits|
    +--------------------------+----+----+-----+-----------+
    |UnifiedRetVal_reg_188     |   2|   0|    2|          0|
    |ap_CS_fsm                 |   9|   0|    9|          0|
    |ap_enable_reg_pp0_iter0   |   1|   0|    1|          0|
    |ap_enable_reg_pp0_iter1   |   1|   0|    1|          0|
    |ap_return_preg            |   2|   0|    2|          0|
    |cand_scores_load_reg_486  |  32|   0|   32|          0|
    |empty_reg_440             |  12|   0|   12|          0|
    |icmp_ln142_reg_447        |   1|   0|    1|          0|
    |icmp_ln144_1_reg_497      |   1|   0|    1|          0|
    |icmp_ln144_2_reg_470      |   1|   0|    1|          0|
    |icmp_ln144_reg_492        |   1|   0|    1|          0|
    |j_1_reg_435               |  13|   0|   13|          0|
    |j_cast13_reg_456          |  13|   0|   64|         51|
    |j_fu_102                  |  13|   0|   13|          0|
    |k_1_fu_98                 |  31|   0|   31|          0|
    |k_2_reg_451               |  31|   0|   31|          0|
    |reuse_addr_reg_fu_90      |  64|   0|   64|          0|
    |reuse_reg_fu_94           |  12|   0|   12|          0|
    |reuse_select_reg_475      |  12|   0|   12|          0|
    |tmp_17_reg_461            |   1|   0|    1|          0|
    +--------------------------+----+----+-----+-----------+
    |Total                     | 253|   0|  304|         51|
    +--------------------------+----+----+-----+-----------+



================================================================
== Interface
================================================================
* Summary: 
+----------------------+-----+-----+------------+-------------------------+--------------+
|       RTL Ports      | Dir | Bits|  Protocol  |      Source Object      |    C Type    |
+----------------------+-----+-----+------------+-------------------------+--------------+
|ap_clk                |   in|    1|  ap_ctrl_hs|  nms_top_Pipeline_SORT_J|  return value|
|ap_rst                |   in|    1|  ap_ctrl_hs|  nms_top_Pipeline_SORT_J|  return value|
|ap_start              |   in|    1|  ap_ctrl_hs|  nms_top_Pipeline_SORT_J|  return value|
|ap_done               |  out|    1|  ap_ctrl_hs|  nms_top_Pipeline_SORT_J|  return value|
|ap_idle               |  out|    1|  ap_ctrl_hs|  nms_top_Pipeline_SORT_J|  return value|
|ap_ready              |  out|    1|  ap_ctrl_hs|  nms_top_Pipeline_SORT_J|  return value|
|ap_return             |  out|    2|  ap_ctrl_hs|  nms_top_Pipeline_SORT_J|  return value|
|grp_fu_592_p_din0     |  out|   32|  ap_ctrl_hs|  nms_top_Pipeline_SORT_J|  return value|
|grp_fu_592_p_din1     |  out|   32|  ap_ctrl_hs|  nms_top_Pipeline_SORT_J|  return value|
|grp_fu_592_p_opcode   |  out|    5|  ap_ctrl_hs|  nms_top_Pipeline_SORT_J|  return value|
|grp_fu_592_p_dout0    |   in|    1|  ap_ctrl_hs|  nms_top_Pipeline_SORT_J|  return value|
|grp_fu_592_p_ce       |  out|    1|  ap_ctrl_hs|  nms_top_Pipeline_SORT_J|  return value|
|zext_ln134            |   in|   12|     ap_none|               zext_ln134|        scalar|
|num_cand              |   in|   31|     ap_none|                 num_cand|        scalar|
|bitcast_ln144_1       |   in|   31|     ap_none|          bitcast_ln144_1|        scalar|
|icmp_ln144_4          |   in|    1|     ap_none|             icmp_ln144_4|        scalar|
|key_s                 |   in|   32|     ap_none|                    key_s|        scalar|
|j_out                 |  out|   12|      ap_vld|                    j_out|       pointer|
|j_out_ap_vld          |  out|    1|      ap_vld|                    j_out|       pointer|
|j_cast_out            |  out|   12|      ap_vld|               j_cast_out|       pointer|
|j_cast_out_ap_vld     |  out|    1|      ap_vld|               j_cast_out|       pointer|
|cand_order_address0   |  out|   12|   ap_memory|               cand_order|         array|
|cand_order_ce0        |  out|    1|   ap_memory|               cand_order|         array|
|cand_order_we0        |  out|    1|   ap_memory|               cand_order|         array|
|cand_order_d0         |  out|   12|   ap_memory|               cand_order|         array|
|cand_order_address1   |  out|   12|   ap_memory|               cand_order|         array|
|cand_order_ce1        |  out|    1|   ap_memory|               cand_order|         array|
|cand_order_q1         |   in|   12|   ap_memory|               cand_order|         array|
|cand_scores_address0  |  out|   12|   ap_memory|              cand_scores|         array|
|cand_scores_ce0       |  out|    1|   ap_memory|              cand_scores|         array|
|cand_scores_q0        |   in|   32|   ap_memory|              cand_scores|         array|
+----------------------+-----+-----+------------+-------------------------+--------------+

