

================================================================
== Vitis HLS Report for 'nms_greedy'
================================================================
* Date:           Tue Jun  2 14:12:42 2026

* Version:        2022.2 (Build 3670227 on Oct 13 2022)
* Project:        nms
* Solution:       solution1 (Vivado IP Flow Target)
* Product family: zynquplus
* Target device:  xczu9eg-ffvb1156-2-e


================================================================
== Performance Estimates
================================================================
+ Timing: 
    * Summary: 
    +--------+---------+----------+------------+
    |  Clock |  Target | Estimated| Uncertainty|
    +--------+---------+----------+------------+
    |ap_clk  |  5.00 ns|  6.124 ns|     1.35 ns|
    +--------+---------+----------+------------+

+ Latency: 
    * Summary: 
    +---------+----------+-----------+-----------+-----+----------+---------+
    |  Latency (cycles)  |   Latency (absolute)  |    Interval    | Pipeline|
    |   min   |    max   |    min    |    max    | min |    max   |   Type  |
    +---------+----------+-----------+-----------+-----+----------+---------+
    |        4|  54022004|  24.496 ns|  0.331 sec|    4|  54022004|       no|
    +---------+----------+-----------+-----------+-----+----------+---------+

    + Detail: 
        * Instance: 
        +------------------------------------------+-------------------------------+---------+---------+-----------+----------+-----+-------+---------+
        |                                          |                               |  Latency (cycles) |  Latency (absolute)  |   Interval  | Pipeline|
        |                 Instance                 |             Module            |   min   |   max   |    min    |    max   | min |  max  |   Type  |
        +------------------------------------------+-------------------------------+---------+---------+-----------+----------+-----+-------+---------+
        |grp_nms_greedy_Pipeline_SUPP_INIT_fu_175  |nms_greedy_Pipeline_SUPP_INIT  |        2|     1002|  10.000 ns|  5.010 us|    2|   1002|       no|
        |grp_nms_greedy_Pipeline_NMS_J_fu_183      |nms_greedy_Pipeline_NMS_J      |        2|    54002|  12.248 ns|  0.331 ms|    2|  54002|       no|
        +------------------------------------------+-------------------------------+---------+---------+-----------+----------+-----+-------+---------+

        * Loop: 
        +----------+---------+----------+-----------+-----------+-----------+----------+----------+
        |          |  Latency (cycles)  | Iteration |  Initiation Interval  |   Trip   |          |
        | Loop Name|   min   |    max   |  Latency  |  achieved |   target  |   Count  | Pipelined|
        +----------+---------+----------+-----------+-----------+-----------+----------+----------+
        |- NMS_I   |        0|  54021000|  4 ~ 54021|          -|          -|  0 ~ 1000|        no|
        +----------+---------+----------+-----------+-----------+-----------+----------+----------+



================================================================
== Utilization Estimates
================================================================
* Summary: 
+-----------------+---------+------+--------+--------+-----+
|       Name      | BRAM_18K|  DSP |   FF   |   LUT  | URAM|
+-----------------+---------+------+--------+--------+-----+
|DSP              |        -|     -|       -|       -|    -|
|Expression       |        -|     -|       0|     349|    -|
|FIFO             |        -|     -|       -|       -|    -|
|Instance         |        -|     2|    1103|    1770|    -|
|Memory           |        1|     -|       0|       0|    -|
|Multiplexer      |        -|     -|       -|     447|    -|
|Register         |        -|     -|     809|       -|    -|
+-----------------+---------+------+--------+--------+-----+
|Total            |        1|     2|    1912|    2566|    0|
+-----------------+---------+------+--------+--------+-----+
|Available        |     1824|  2520|  548160|  274080|    0|
+-----------------+---------+------+--------+--------+-----+
|Utilization (%)  |       ~0|    ~0|      ~0|      ~0|    0|
+-----------------+---------+------+--------+--------+-----+

+ Detail: 
    * Instance: 
    +------------------------------------------+--------------------------------+---------+----+-----+------+-----+
    |                 Instance                 |             Module             | BRAM_18K| DSP|  FF |  LUT | URAM|
    +------------------------------------------+--------------------------------+---------+----+-----+------+-----+
    |fsub_32ns_32ns_32_8_full_dsp_1_U115       |fsub_32ns_32ns_32_8_full_dsp_1  |        0|   2|  296|   239|    0|
    |grp_nms_greedy_Pipeline_NMS_J_fu_183      |nms_greedy_Pipeline_NMS_J       |        0|   0|  795|  1467|    0|
    |grp_nms_greedy_Pipeline_SUPP_INIT_fu_175  |nms_greedy_Pipeline_SUPP_INIT   |        0|   0|   12|    64|    0|
    +------------------------------------------+--------------------------------+---------+----+-----+------+-----+
    |Total                                     |                                |        0|   2| 1103|  1770|    0|
    +------------------------------------------+--------------------------------+---------+----+-----+------+-----+

    * DSP: 
    N/A

    * Memory: 
    +--------------+-----------------------------------------+---------+---+----+-----+------+-----+------+-------------+
    |    Memory    |                  Module                 | BRAM_18K| FF| LUT| URAM| Words| Bits| Banks| W*Bits*Banks|
    +--------------+-----------------------------------------+---------+---+----+-----+------+-----+------+-------------+
    |suppressed_U  |nms_greedy_suppressed_RAM_T2P_BRAM_1R1W  |        1|  0|   0|    0|  1000|    1|     1|         1000|
    +--------------+-----------------------------------------+---------+---+----+-----+------+-----+------+-------------+
    |Total         |                                         |        1|  0|   0|    0|  1000|    1|     1|         1000|
    +--------------+-----------------------------------------+---------+---+----+-----+------+-----+------+-------------+

    * FIFO: 
    N/A

    * Expression: 
    +----------------------------------+----------+----+---+----+------------+------------+
    |           Variable Name          | Operation| DSP| FF| LUT| Bitwidth P0| Bitwidth P1|
    +----------------------------------+----------+----+---+----+------------+------------+
    |add_ln184_fu_286_p2               |         +|   0|  0|  71|          64|           1|
    |grp_fu_234_p2                     |         +|   0|  0|  39|          32|           1|
    |num_keep_2_fu_297_p2              |         +|   0|  0|  39|          32|           1|
    |and_ln184_fu_280_p2               |       and|   0|  0|   2|           1|           1|
    |ap_block_state21_on_subcall_done  |       and|   0|  0|   2|           1|           1|
    |ap_predicate_op123_call_state21   |       and|   0|  0|   2|           1|           1|
    |icmp_ln184_1_fu_274_p2            |      icmp|   0|  0|  20|          32|           7|
    |icmp_ln184_fu_269_p2              |      icmp|   0|  0|  29|          64|          64|
    |icmp_ln190_1_fu_310_p2            |      icmp|   0|  0|  20|          32|          32|
    |icmp_ln190_fu_306_p2              |      icmp|   0|  0|  29|          64|          64|
    |icmp_ln27_1_fu_335_p2             |      icmp|   0|  0|  16|          23|           1|
    |icmp_ln28_1_fu_354_p2             |      icmp|   0|  0|  16|          23|           1|
    |icmp_ln29_1_fu_373_p2             |      icmp|   0|  0|  16|          23|           1|
    |icmp_ln30_1_fu_392_p2             |      icmp|   0|  0|  16|          23|           1|
    |select_ln190_fu_315_p3            |    select|   0|  0|  32|           1|          32|
    +----------------------------------+----------+----+---+----+------------+------------+
    |Total                             |          |   0|  0| 349|         416|         209|
    +----------------------------------+----------+----+---+----+------------+------------+

    * Multiplexer: 
    +---------------------------------------------------------------------+-----+-----------+-----+-----------+
    |                                 Name                                | LUT | Input Size| Bits| Total Bits|
    +---------------------------------------------------------------------+-----+-----------+-----+-----------+
    |ap_NS_fsm                                                            |  111|         22|    1|         22|
    |cand_cls_address0                                                    |   14|          3|   12|         36|
    |cand_cls_ce0                                                         |   14|          3|    1|          3|
    |cand_order_address0                                                  |   14|          3|   12|         36|
    |cand_order_ce0                                                       |   14|          3|    1|          3|
    |cand_order_ce1                                                       |    9|          2|    1|          2|
    |grp_fu_226_ce                                                        |    9|          2|    1|          2|
    |grp_fu_226_p0                                                        |   14|          3|   32|         96|
    |grp_fu_226_p1                                                        |   14|          3|   32|         96|
    |grp_fu_624_ce                                                        |    9|          2|    1|          2|
    |grp_fu_628_ce                                                        |    9|          2|    1|          2|
    |grp_fu_632_ce                                                        |    9|          2|    1|          2|
    |i_2_fu_58                                                            |    9|          2|   64|        128|
    |indvars_iv_fu_54                                                     |    9|          2|   32|         64|
    |nms_top_float_const_float_const_Detection_int_cand_boxes_1_address0  |   14|          3|   12|         36|
    |nms_top_float_const_float_const_Detection_int_cand_boxes_1_ce0       |   14|          3|    1|          3|
    |nms_top_float_const_float_const_Detection_int_cand_boxes_2_address0  |   14|          3|   12|         36|
    |nms_top_float_const_float_const_Detection_int_cand_boxes_2_ce0       |   14|          3|    1|          3|
    |nms_top_float_const_float_const_Detection_int_cand_boxes_3_address0  |   14|          3|   12|         36|
    |nms_top_float_const_float_const_Detection_int_cand_boxes_3_ce0       |   14|          3|    1|          3|
    |nms_top_float_const_float_const_Detection_int_cand_boxes_address0    |   14|          3|   12|         36|
    |nms_top_float_const_float_const_Detection_int_cand_boxes_ce0         |   14|          3|    1|          3|
    |num_keep_fu_62                                                       |    9|          2|   32|         64|
    |suppressed_address0                                                  |   20|          4|   10|         40|
    |suppressed_ce0                                                       |   20|          4|    1|          4|
    |suppressed_d0                                                        |   14|          3|    1|          3|
    |suppressed_we0                                                       |   14|          3|    1|          3|
    +---------------------------------------------------------------------+-----+-----------+-----+-----------+
    |Total                                                                |  447|         94|  289|        764|
    +---------------------------------------------------------------------+-----+-----------+-----+-----------+

    * Register: 
    +-------------------------------------------------------------------------+----+----+-----+-----------+
    |                                   Name                                  | FF | LUT| Bits| Const Bits|
    +-------------------------------------------------------------------------+----+----+-----+-----------+
    |add_ln184_reg_458                                                        |  64|   0|   64|          0|
    |ap_CS_fsm                                                                |  21|   0|   21|          0|
    |area_a_reg_569                                                           |  32|   0|   32|          0|
    |cand_cls_addr_reg_497                                                    |  12|   0|   12|          0|
    |cand_cls_load_reg_564                                                    |  32|   0|   32|          0|
    |grp_nms_greedy_Pipeline_NMS_J_fu_183_ap_start_reg                        |   1|   0|    1|          0|
    |grp_nms_greedy_Pipeline_SUPP_INIT_fu_175_ap_start_reg                    |   1|   0|    1|          0|
    |i_2_fu_58                                                                |  64|   0|   64|          0|
    |icmp_ln190_reg_522                                                       |   1|   0|    1|          0|
    |icmp_ln27_1_reg_589                                                      |   1|   0|    1|          0|
    |icmp_ln28_1_reg_599                                                      |   1|   0|    1|          0|
    |icmp_ln29_1_reg_609                                                      |   1|   0|    1|          0|
    |icmp_ln30_1_reg_619                                                      |   1|   0|    1|          0|
    |ii_reg_469                                                               |  12|   0|   12|          0|
    |indvars_iv_fu_54                                                         |  32|   0|   32|          0|
    |indvars_iv_load_1_reg_574                                                |  32|   0|   32|          0|
    |nms_top_float_const_float_const_Detection_int_cand_boxes_1_load_reg_533  |  32|   0|   32|          0|
    |nms_top_float_const_float_const_Detection_int_cand_boxes_2_load_reg_540  |  32|   0|   32|          0|
    |nms_top_float_const_float_const_Detection_int_cand_boxes_3_load_reg_547  |  32|   0|   32|          0|
    |nms_top_float_const_float_const_Detection_int_cand_boxes_load_reg_526    |  32|   0|   32|          0|
    |num_keep_2_reg_492                                                       |  32|   0|   32|          0|
    |num_keep_fu_62                                                           |  32|   0|   32|          0|
    |select_ln190_reg_579                                                     |  32|   0|   32|          0|
    |sext_ln177_reg_441                                                       |  64|   0|   64|          0|
    |sub38_i_reg_554                                                          |  32|   0|   32|          0|
    |sub41_i_reg_559                                                          |  32|   0|   32|          0|
    |suppressed_load_reg_488                                                  |   1|   0|    1|          0|
    |trunc_ln184_reg_450                                                      |  12|   0|   12|          0|
    |trunc_ln27_reg_584                                                       |  31|   0|   31|          0|
    |trunc_ln28_reg_594                                                       |  31|   0|   31|          0|
    |trunc_ln29_reg_604                                                       |  31|   0|   31|          0|
    |trunc_ln30_reg_614                                                       |  31|   0|   31|          0|
    |zext_ln187_reg_474                                                       |  12|   0|   64|         52|
    +-------------------------------------------------------------------------+----+----+-----+-----------+
    |Total                                                                    | 809|   0|  861|         52|
    +-------------------------------------------------------------------------+----+----+-----+-----------+



================================================================
== Interface
================================================================
* Summary: 
+---------------------------------------------------------------------+-----+-----+------------+------------------------------------------------------------+--------------+
|                              RTL Ports                              | Dir | Bits|  Protocol  |                        Source Object                       |    C Type    |
+---------------------------------------------------------------------+-----+-----+------------+------------------------------------------------------------+--------------+
|ap_clk                                                               |   in|    1|  ap_ctrl_hs|                                                  nms_greedy|  return value|
|ap_rst                                                               |   in|    1|  ap_ctrl_hs|                                                  nms_greedy|  return value|
|ap_start                                                             |   in|    1|  ap_ctrl_hs|                                                  nms_greedy|  return value|
|ap_done                                                              |  out|    1|  ap_ctrl_hs|                                                  nms_greedy|  return value|
|ap_idle                                                              |  out|    1|  ap_ctrl_hs|                                                  nms_greedy|  return value|
|ap_ready                                                             |  out|    1|  ap_ctrl_hs|                                                  nms_greedy|  return value|
|ap_return                                                            |  out|   32|  ap_ctrl_hs|                                                  nms_greedy|  return value|
|grp_fu_596_p_din0                                                    |  out|   32|  ap_ctrl_hs|                                                  nms_greedy|  return value|
|grp_fu_596_p_din1                                                    |  out|   32|  ap_ctrl_hs|                                                  nms_greedy|  return value|
|grp_fu_596_p_opcode                                                  |  out|    1|  ap_ctrl_hs|                                                  nms_greedy|  return value|
|grp_fu_596_p_dout0                                                   |   in|   32|  ap_ctrl_hs|                                                  nms_greedy|  return value|
|grp_fu_596_p_ce                                                      |  out|    1|  ap_ctrl_hs|                                                  nms_greedy|  return value|
|grp_fu_600_p_din0                                                    |  out|   32|  ap_ctrl_hs|                                                  nms_greedy|  return value|
|grp_fu_600_p_din1                                                    |  out|   32|  ap_ctrl_hs|                                                  nms_greedy|  return value|
|grp_fu_600_p_dout0                                                   |   in|   32|  ap_ctrl_hs|                                                  nms_greedy|  return value|
|grp_fu_600_p_ce                                                      |  out|    1|  ap_ctrl_hs|                                                  nms_greedy|  return value|
|grp_fu_588_p_din0                                                    |  out|   32|  ap_ctrl_hs|                                                  nms_greedy|  return value|
|grp_fu_588_p_din1                                                    |  out|   32|  ap_ctrl_hs|                                                  nms_greedy|  return value|
|grp_fu_588_p_opcode                                                  |  out|    2|  ap_ctrl_hs|                                                  nms_greedy|  return value|
|grp_fu_588_p_dout0                                                   |   in|   32|  ap_ctrl_hs|                                                  nms_greedy|  return value|
|grp_fu_588_p_ce                                                      |  out|    1|  ap_ctrl_hs|                                                  nms_greedy|  return value|
|grp_fu_604_p_din0                                                    |  out|   32|  ap_ctrl_hs|                                                  nms_greedy|  return value|
|grp_fu_604_p_din1                                                    |  out|   32|  ap_ctrl_hs|                                                  nms_greedy|  return value|
|grp_fu_604_p_dout0                                                   |   in|   32|  ap_ctrl_hs|                                                  nms_greedy|  return value|
|grp_fu_604_p_ce                                                      |  out|    1|  ap_ctrl_hs|                                                  nms_greedy|  return value|
|grp_fu_592_p_din0                                                    |  out|   32|  ap_ctrl_hs|                                                  nms_greedy|  return value|
|grp_fu_592_p_din1                                                    |  out|   32|  ap_ctrl_hs|                                                  nms_greedy|  return value|
|grp_fu_592_p_opcode                                                  |  out|    5|  ap_ctrl_hs|                                                  nms_greedy|  return value|
|grp_fu_592_p_dout0                                                   |   in|    1|  ap_ctrl_hs|                                                  nms_greedy|  return value|
|grp_fu_592_p_ce                                                      |  out|    1|  ap_ctrl_hs|                                                  nms_greedy|  return value|
|N                                                                    |   in|   32|     ap_none|                                                           N|        scalar|
|cand_order_address0                                                  |  out|   12|   ap_memory|                                                  cand_order|         array|
|cand_order_ce0                                                       |  out|    1|   ap_memory|                                                  cand_order|         array|
|cand_order_q0                                                        |   in|   12|   ap_memory|                                                  cand_order|         array|
|cand_order_address1                                                  |  out|   12|   ap_memory|                                                  cand_order|         array|
|cand_order_ce1                                                       |  out|    1|   ap_memory|                                                  cand_order|         array|
|cand_order_q1                                                        |   in|   12|   ap_memory|                                                  cand_order|         array|
|keep_idx_address0                                                    |  out|    7|   ap_memory|                                                    keep_idx|         array|
|keep_idx_ce0                                                         |  out|    1|   ap_memory|                                                    keep_idx|         array|
|keep_idx_we0                                                         |  out|    1|   ap_memory|                                                    keep_idx|         array|
|keep_idx_d0                                                          |  out|   12|   ap_memory|                                                    keep_idx|         array|
|cand_cls_address0                                                    |  out|   12|   ap_memory|                                                    cand_cls|         array|
|cand_cls_ce0                                                         |  out|    1|   ap_memory|                                                    cand_cls|         array|
|cand_cls_q0                                                          |   in|   32|   ap_memory|                                                    cand_cls|         array|
|nms_top_float_const_float_const_Detection_int_cand_boxes_address0    |  out|   12|   ap_memory|    nms_top_float_const_float_const_Detection_int_cand_boxes|         array|
|nms_top_float_const_float_const_Detection_int_cand_boxes_ce0         |  out|    1|   ap_memory|    nms_top_float_const_float_const_Detection_int_cand_boxes|         array|
|nms_top_float_const_float_const_Detection_int_cand_boxes_q0          |   in|   32|   ap_memory|    nms_top_float_const_float_const_Detection_int_cand_boxes|         array|
|nms_top_float_const_float_const_Detection_int_cand_boxes_1_address0  |  out|   12|   ap_memory|  nms_top_float_const_float_const_Detection_int_cand_boxes_1|         array|
|nms_top_float_const_float_const_Detection_int_cand_boxes_1_ce0       |  out|    1|   ap_memory|  nms_top_float_const_float_const_Detection_int_cand_boxes_1|         array|
|nms_top_float_const_float_const_Detection_int_cand_boxes_1_q0        |   in|   32|   ap_memory|  nms_top_float_const_float_const_Detection_int_cand_boxes_1|         array|
|nms_top_float_const_float_const_Detection_int_cand_boxes_2_address0  |  out|   12|   ap_memory|  nms_top_float_const_float_const_Detection_int_cand_boxes_2|         array|
|nms_top_float_const_float_const_Detection_int_cand_boxes_2_ce0       |  out|    1|   ap_memory|  nms_top_float_const_float_const_Detection_int_cand_boxes_2|         array|
|nms_top_float_const_float_const_Detection_int_cand_boxes_2_q0        |   in|   32|   ap_memory|  nms_top_float_const_float_const_Detection_int_cand_boxes_2|         array|
|nms_top_float_const_float_const_Detection_int_cand_boxes_3_address0  |  out|   12|   ap_memory|  nms_top_float_const_float_const_Detection_int_cand_boxes_3|         array|
|nms_top_float_const_float_const_Detection_int_cand_boxes_3_ce0       |  out|    1|   ap_memory|  nms_top_float_const_float_const_Detection_int_cand_boxes_3|         array|
|nms_top_float_const_float_const_Detection_int_cand_boxes_3_q0        |   in|   32|   ap_memory|  nms_top_float_const_float_const_Detection_int_cand_boxes_3|         array|
+---------------------------------------------------------------------+-----+-----+------------+------------------------------------------------------------+--------------+

