

================================================================
== Vitis HLS Report for 'nms_top_Pipeline_SORT_INIT'
================================================================
* Date:           Tue Jun  2 14:12:42 2026

* Version:        2022.2 (Build 3670227 on Oct 13 2022)
* Project:        nms
* Solution:       solution1 (Vivado IP Flow Target)
* Product family: zynquplus
* Target device:  xczu9eg-ffvb1156-2-e


================================================================
== Performance Estimates
================================================================
+ Timing: 
    * Summary: 
    +--------+---------+----------+------------+
    |  Clock |  Target | Estimated| Uncertainty|
    +--------+---------+----------+------------+
    |ap_clk  |  5.00 ns|  2.228 ns|     1.35 ns|
    +--------+---------+----------+------------+

+ Latency: 
    * Summary: 
    +---------+---------+----------+----------+-----+-----+---------+
    |  Latency (cycles) |  Latency (absolute) |  Interval | Pipeline|
    |   min   |   max   |    min   |    max   | min | max |   Type  |
    +---------+---------+----------+----------+-----+-----+---------+
    |        ?|        ?|         ?|         ?|    ?|    ?|       no|
    +---------+---------+----------+----------+-----+-----+---------+

    + Detail: 
        * Instance: 
        N/A

        * Loop: 
        +-------------+---------+---------+----------+-----------+-----------+------+----------+
        |             |  Latency (cycles) | Iteration|  Initiation Interval  | Trip |          |
        |  Loop Name  |   min   |   max   |  Latency |  achieved |   target  | Count| Pipelined|
        +-------------+---------+---------+----------+-----------+-----------+------+----------+
        |- SORT_INIT  |        ?|        ?|         1|          1|          1|     ?|       yes|
        +-------------+---------+---------+----------+-----------+-----------+------+----------+



================================================================
== Utilization Estimates
================================================================
* Summary: 
+-----------------+---------+------+--------+--------+-----+
|       Name      | BRAM_18K|  DSP |   FF   |   LUT  | URAM|
+-----------------+---------+------+--------+--------+-----+
|DSP              |        -|     -|       -|       -|    -|
|Expression       |        -|     -|       0|      39|    -|
|FIFO             |        -|     -|       -|       -|    -|
|Instance         |        -|     -|       -|       -|    -|
|Memory           |        -|     -|       -|       -|    -|
|Multiplexer      |        -|     -|       -|      27|    -|
|Register         |        -|     -|      14|       -|    -|
+-----------------+---------+------+--------+--------+-----+
|Total            |        0|     0|      14|      66|    0|
+-----------------+---------+------+--------+--------+-----+
|Available        |     1824|  2520|  548160|  274080|    0|
+-----------------+---------+------+--------+--------+-----+
|Utilization (%)  |        0|     0|      ~0|      ~0|    0|
+-----------------+---------+------+--------+--------+-----+

+ Detail: 
    * Instance: 
    N/A

    * DSP: 
    N/A

    * Memory: 
    N/A

    * FIFO: 
    N/A

    * Expression: 
    +---------------------+----------+----+---+----+------------+------------+
    |    Variable Name    | Operation| DSP| FF| LUT| Bitwidth P0| Bitwidth P1|
    +---------------------+----------+----+---+----+------------+------------+
    |add_ln129_fu_74_p2   |         +|   0|  0|  19|          12|           1|
    |icmp_ln129_fu_68_p2  |      icmp|   0|  0|  20|          32|          32|
    +---------------------+----------+----+---+----+------------+------------+
    |Total                |          |   0|  0|  39|          44|          33|
    +---------------------+----------+----+---+----+------------+------------+

    * Multiplexer: 
    +----------------------+----+-----------+-----+-----------+
    |         Name         | LUT| Input Size| Bits| Total Bits|
    +----------------------+----+-----------+-----+-----------+
    |ap_done_int           |   9|          2|    1|          2|
    |ap_sig_allocacmp_i_1  |   9|          2|   12|         24|
    |i_fu_32               |   9|          2|   12|         24|
    +----------------------+----+-----------+-----+-----------+
    |Total                 |  27|          6|   25|         50|
    +----------------------+----+-----------+-----+-----------+

    * Register: 
    +-------------+----+----+-----+-----------+
    |     Name    | FF | LUT| Bits| Const Bits|
    +-------------+----+----+-----+-----------+
    |ap_CS_fsm    |   1|   0|    1|          0|
    |ap_done_reg  |   1|   0|    1|          0|
    |i_fu_32      |  12|   0|   12|          0|
    +-------------+----+----+-----+-----------+
    |Total        |  14|   0|   14|          0|
    +-------------+----+----+-----+-----------+



================================================================
== Interface
================================================================
* Summary: 
+---------------------+-----+-----+------------+----------------------------+--------------+
|      RTL Ports      | Dir | Bits|  Protocol  |        Source Object       |    C Type    |
+---------------------+-----+-----+------------+----------------------------+--------------+
|ap_clk               |   in|    1|  ap_ctrl_hs|  nms_top_Pipeline_SORT_INIT|  return value|
|ap_rst               |   in|    1|  ap_ctrl_hs|  nms_top_Pipeline_SORT_INIT|  return value|
|ap_start             |   in|    1|  ap_ctrl_hs|  nms_top_Pipeline_SORT_INIT|  return value|
|ap_done              |  out|    1|  ap_ctrl_hs|  nms_top_Pipeline_SORT_INIT|  return value|
|ap_idle              |  out|    1|  ap_ctrl_hs|  nms_top_Pipeline_SORT_INIT|  return value|
|ap_ready             |  out|    1|  ap_ctrl_hs|  nms_top_Pipeline_SORT_INIT|  return value|
|num_cand             |   in|   32|     ap_none|                    num_cand|        scalar|
|cand_order_address0  |  out|   12|   ap_memory|                  cand_order|         array|
|cand_order_ce0       |  out|    1|   ap_memory|                  cand_order|         array|
|cand_order_we0       |  out|    1|   ap_memory|                  cand_order|         array|
|cand_order_d0        |  out|   12|   ap_memory|                  cand_order|         array|
+---------------------+-----+-----+------------+----------------------------+--------------+

