

================================================================
== Vitis HLS Report for 'nms_top'
================================================================
* Date:           Tue Jun  2 14:12:43 2026

* Version:        2022.2 (Build 3670227 on Oct 13 2022)
* Project:        nms
* Solution:       solution1 (Vivado IP Flow Target)
* Product family: zynquplus
* Target device:  xczu9eg-ffvb1156-2-e


================================================================
== Performance Estimates
================================================================
+ Timing: 
    * Summary: 
    +--------+---------+----------+------------+
    |  Clock |  Target | Estimated| Uncertainty|
    +--------+---------+----------+------------+
    |ap_clk  |  5.00 ns|  6.179 ns|     1.35 ns|
    +--------+---------+----------+------------+

+ Latency: 
    * Summary: 
    +---------+---------+----------+----------+-----+-----+---------+
    |  Latency (cycles) |  Latency (absolute) |  Interval | Pipeline|
    |   min   |   max   |    min   |    max   | min | max |   Type  |
    +---------+---------+----------+----------+-----+-----+---------+
    |        ?|        ?|         ?|         ?|    ?|    ?|       no|
    +---------+---------+----------+----------+-----+-----+---------+

    + Detail: 
        * Instance: 
        +---------------------------------------+----------------------------+---------+----------+-----------+-----------+-----+----------+---------+
        |                                       |                            |  Latency (cycles)  |   Latency (absolute)  |    Interval    | Pipeline|
        |                Instance               |           Module           |   min   |    max   |    min    |    max    | min |    max   |   Type  |
        +---------------------------------------+----------------------------+---------+----------+-----------+-----------+-----+----------+---------+
        |grp_score_filter_fu_180                |score_filter                |        ?|         ?|          ?|          ?|    ?|         ?|       no|
        |grp_nms_top_Pipeline_SORT_INIT_fu_212  |nms_top_Pipeline_SORT_INIT  |        ?|         ?|          ?|          ?|    ?|         ?|       no|
        |grp_nms_top_Pipeline_SORT_J_fu_220     |nms_top_Pipeline_SORT_J     |        6|      5007|  30.000 ns|  25.035 us|    6|      5007|       no|
        |grp_nms_greedy_fu_235                  |nms_greedy                  |        4|  54022004|  24.496 ns|  0.331 sec|    4|  54022004|       no|
        |grp_nms_top_Pipeline_OUT_fu_256        |nms_top_Pipeline_OUT        |        ?|         ?|          ?|          ?|    ?|         ?|       no|
        +---------------------------------------+----------------------------+---------+----------+-----------+-----------+-----+----------+---------+

        * Loop: 
        +----------+---------+---------+----------+-----------+-----------+----------+----------+
        |          |  Latency (cycles) | Iteration|  Initiation Interval  |   Trip   |          |
        | Loop Name|   min   |   max   |  Latency |  achieved |   target  |   Count  | Pipelined|
        +----------+---------+---------+----------+-----------+-----------+----------+----------+
        |- SORT_I  |        4|  5013000|  4 ~ 5013|          -|          -|  1 ~ 1000|        no|
        +----------+---------+---------+----------+-----------+-----------+----------+----------+



================================================================
== Utilization Estimates
================================================================
* Summary: 
+-----------------+---------+------+--------+--------+-----+
|       Name      | BRAM_18K|  DSP |   FF   |   LUT  | URAM|
+-----------------+---------+------+--------+--------+-----+
|DSP              |        -|     -|       -|       -|    -|
|Expression       |        -|     -|       0|     308|    -|
|FIFO             |        -|     -|       -|       -|    -|
|Instance         |        1|    16|    6443|    7760|    -|
|Memory           |       52|     -|       0|       0|    -|
|Multiplexer      |        -|     -|       -|     845|    -|
|Register         |        -|     -|     364|       -|    -|
+-----------------+---------+------+--------+--------+-----+
|Total            |       53|    16|    6807|    8913|    0|
+-----------------+---------+------+--------+--------+-----+
|Available        |     1824|  2520|  548160|  274080|    0|
+-----------------+---------+------+--------+--------+-----+
|Utilization (%)  |        2|    ~0|       1|       3|    0|
+-----------------+---------+------+--------+--------+-----+

+ Detail: 
    * Instance: 
    +-----------------------------------------+------------------------------------+---------+----+------+------+-----+
    |                 Instance                |               Module               | BRAM_18K| DSP|  FF  |  LUT | URAM|
    +-----------------------------------------+------------------------------------+---------+----+------+------+-----+
    |faddfsub_32ns_32ns_32_6_no_dsp_1_U138    |faddfsub_32ns_32ns_32_6_no_dsp_1    |        0|   0|   278|   411|    0|
    |faddfsub_32ns_32ns_32_8_full_dsp_1_U140  |faddfsub_32ns_32ns_32_8_full_dsp_1  |        0|   2|   296|   239|    0|
    |fcmp_32ns_32ns_1_2_no_dsp_1_U139         |fcmp_32ns_32ns_1_2_no_dsp_1         |        0|   0|     0|     0|    0|
    |fdiv_32ns_32ns_32_16_no_dsp_1_U142       |fdiv_32ns_32ns_32_16_no_dsp_1       |        0|   0|     0|     0|    0|
    |fmul_32ns_32ns_32_5_max_dsp_1_U141       |fmul_32ns_32ns_32_5_max_dsp_1       |        0|   3|   151|   145|    0|
    |grp_nms_greedy_fu_235                    |nms_greedy                          |        1|   2|  1912|  2566|    0|
    |grp_nms_top_Pipeline_OUT_fu_256          |nms_top_Pipeline_OUT                |        0|   0|    26|    81|    0|
    |grp_nms_top_Pipeline_SORT_INIT_fu_212    |nms_top_Pipeline_SORT_INIT          |        0|   0|    14|    66|    0|
    |grp_nms_top_Pipeline_SORT_J_fu_220       |nms_top_Pipeline_SORT_J             |        0|   0|   253|   326|    0|
    |grp_score_filter_fu_180                  |score_filter                        |        0|   9|  3513|  3926|    0|
    +-----------------------------------------+------------------------------------+---------+----+------+------+-----+
    |Total                                    |                                    |        1|  16|  6443|  7760|    0|
    +-----------------------------------------+------------------------------------+---------+----+------+------+-----+

    * DSP: 
    N/A

    * Memory: 
    +--------------------------------------------------------------+----------------------------------------------------------------------------+---------+---+----+-----+------+-----+------+-------------+
    |                            Memory                            |                                   Module                                   | BRAM_18K| FF| LUT| URAM| Words| Bits| Banks| W*Bits*Banks|
    +--------------------------------------------------------------+----------------------------------------------------------------------------+---------+---+----+-----+------+-----+------+-------------+
    |cand_order_U                                                  |cand_order_RAM_T2P_BRAM_1R1W                                                |        3|  0|   0|    0|  3600|   12|     1|        43200|
    |keep_idx_U                                                    |keep_idx_RAM_T2P_BRAM_1R1W                                                  |        1|  0|   0|    0|   100|   12|     1|         1200|
    |nms_top_float_const_float_const_Detection_int_cand_boxes_U    |nms_top_float_const_float_const_Detection_int_cand_boxes_RAM_T2P_BRAM_1R1W  |        8|  0|   0|    0|  3600|   32|     1|       115200|
    |nms_top_float_const_float_const_Detection_int_cand_boxes_1_U  |nms_top_float_const_float_const_Detection_int_cand_boxes_RAM_T2P_BRAM_1R1W  |        8|  0|   0|    0|  3600|   32|     1|       115200|
    |nms_top_float_const_float_const_Detection_int_cand_boxes_2_U  |nms_top_float_const_float_const_Detection_int_cand_boxes_RAM_T2P_BRAM_1R1W  |        8|  0|   0|    0|  3600|   32|     1|       115200|
    |nms_top_float_const_float_const_Detection_int_cand_boxes_3_U  |nms_top_float_const_float_const_Detection_int_cand_boxes_RAM_T2P_BRAM_1R1W  |        8|  0|   0|    0|  3600|   32|     1|       115200|
    |cand_scores_U                                                 |nms_top_float_const_float_const_Detection_int_cand_boxes_RAM_T2P_BRAM_1R1W  |        8|  0|   0|    0|  3600|   32|     1|       115200|
    |cand_cls_U                                                    |nms_top_float_const_float_const_Detection_int_cand_boxes_RAM_T2P_BRAM_1R1W  |        8|  0|   0|    0|  3600|   32|     1|       115200|
    +--------------------------------------------------------------+----------------------------------------------------------------------------+---------+---+----+-----+------+-----+------+-------------+
    |Total                                                         |                                                                            |       52|  0|   0|    0| 25300|  216|     8|       735600|
    +--------------------------------------------------------------+----------------------------------------------------------------------------+---------+---+----+-----+------+-----+------+-------------+

    * FIFO: 
    N/A

    * Expression: 
    +----------------------------------+----------+----+---+----+------------+------------+
    |           Variable Name          | Operation| DSP| FF| LUT| Bitwidth P0| Bitwidth P1|
    +----------------------------------+----------+----+---+----+------------+------------+
    |add_ln134_1_fu_429_p2             |         +|   0|  0|  19|          12|           1|
    |add_ln134_2_fu_346_p2             |         +|   0|  0|  19|          12|           1|
    |add_ln134_fu_309_p2               |         +|   0|  0|  19|          12|           2|
    |add_ln142_fu_374_p2               |         +|   0|  0|  19|          12|           2|
    |add_ln148_fu_418_p2               |         +|   0|  0|  19|          12|           1|
    |cond_fu_398_p2                    |      icmp|   0|  0|   8|           2|           1|
    |icmp_ln129_fu_304_p2              |      icmp|   0|  0|  20|          32|           1|
    |icmp_ln134_1_fu_314_p2            |      icmp|   0|  0|  12|          12|           1|
    |icmp_ln134_2_fu_341_p2            |      icmp|   0|  0|  12|          12|          12|
    |icmp_ln134_fu_298_p2              |      icmp|   0|  0|  19|          31|           1|
    |icmp_ln144_fu_391_p2              |      icmp|   0|  0|  16|          23|           1|
    |icmp_ln243_fu_357_p2              |      icmp|   0|  0|  20|          32|          10|
    |icmp_ln250_fu_444_p2              |      icmp|   0|  0|  20|          32|           7|
    |j_reload_j_cast_reload_fu_410_p3  |    select|   0|  0|  11|           1|          12|
    |num_dets                          |    select|   0|  0|  32|           1|          32|
    |select_ln134_fu_320_p3            |    select|   0|  0|  11|           1|          12|
    |topk_fu_362_p3                    |    select|   0|  0|  32|           1|          32|
    +----------------------------------+----------+----+---+----+------------+------------+
    |Total                             |          |   0|  0| 308|         240|         129|
    +----------------------------------+----------+----+---+----+------------+------------+

    * Multiplexer: 
    +---------------------------------------------------------------------+----+-----------+-----+-----------+
    |                                 Name                                | LUT| Input Size| Bits| Total Bits|
    +---------------------------------------------------------------------+----+-----------+-----+-----------+
    |ap_NS_fsm                                                            |  65|         14|    1|         14|
    |ap_phi_mux_j_010_i_phi_fu_174_p4                                     |   9|          2|   12|         24|
    |cand_cls_address0                                                    |  20|          4|   12|         48|
    |cand_cls_ce0                                                         |  20|          4|    1|          4|
    |cand_cls_we0                                                         |   9|          2|    1|          2|
    |cand_order_address0                                                  |  31|          6|   12|         72|
    |cand_order_address1                                                  |  14|          3|   12|         36|
    |cand_order_ce0                                                       |  26|          5|    1|          5|
    |cand_order_ce1                                                       |  14|          3|    1|          3|
    |cand_order_d0                                                        |  20|          4|   12|         48|
    |cand_order_we0                                                       |  20|          4|    1|          4|
    |cand_scores_address0                                                 |  26|          5|   12|         60|
    |cand_scores_ce0                                                      |  26|          5|    1|          5|
    |cand_scores_we0                                                      |   9|          2|    1|          2|
    |grp_fu_588_ce                                                        |  14|          3|    1|          3|
    |grp_fu_588_opcode                                                    |  14|          3|    2|          6|
    |grp_fu_588_p0                                                        |  14|          3|   32|         96|
    |grp_fu_588_p1                                                        |  14|          3|   32|         96|
    |grp_fu_592_ce                                                        |  20|          4|    1|          4|
    |grp_fu_592_opcode                                                    |  20|          4|    5|         20|
    |grp_fu_592_p0                                                        |  20|          4|   32|        128|
    |grp_fu_592_p1                                                        |  20|          4|   32|        128|
    |grp_fu_596_ce                                                        |  14|          3|    1|          3|
    |grp_fu_596_opcode                                                    |  14|          3|    2|          6|
    |grp_fu_596_p0                                                        |  14|          3|   32|         96|
    |grp_fu_596_p1                                                        |  14|          3|   32|         96|
    |grp_fu_600_ce                                                        |  14|          3|    1|          3|
    |grp_fu_600_p0                                                        |  14|          3|   32|         96|
    |grp_fu_600_p1                                                        |  14|          3|   32|         96|
    |grp_fu_604_ce                                                        |  14|          3|    1|          3|
    |grp_fu_604_p0                                                        |  14|          3|   32|         96|
    |grp_fu_604_p1                                                        |  14|          3|   32|         96|
    |i_1_fu_126                                                           |   9|          2|   12|         24|
    |indvars_iv12_fu_122                                                  |   9|          2|   12|         24|
    |j_010_i_reg_171                                                      |   9|          2|   12|         24|
    |keep_idx_address0                                                    |  14|          3|    7|         21|
    |keep_idx_ce0                                                         |  14|          3|    1|          3|
    |keep_idx_we0                                                         |   9|          2|    1|          2|
    |nms_top_float_const_float_const_Detection_int_cand_boxes_1_address0  |  20|          4|   12|         48|
    |nms_top_float_const_float_const_Detection_int_cand_boxes_1_ce0       |  20|          4|    1|          4|
    |nms_top_float_const_float_const_Detection_int_cand_boxes_1_we0       |   9|          2|    1|          2|
    |nms_top_float_const_float_const_Detection_int_cand_boxes_2_address0  |  20|          4|   12|         48|
    |nms_top_float_const_float_const_Detection_int_cand_boxes_2_ce0       |  20|          4|    1|          4|
    |nms_top_float_const_float_const_Detection_int_cand_boxes_2_we0       |   9|          2|    1|          2|
    |nms_top_float_const_float_const_Detection_int_cand_boxes_3_address0  |  20|          4|   12|         48|
    |nms_top_float_const_float_const_Detection_int_cand_boxes_3_ce0       |  20|          4|    1|          4|
    |nms_top_float_const_float_const_Detection_int_cand_boxes_3_we0       |   9|          2|    1|          2|
    |nms_top_float_const_float_const_Detection_int_cand_boxes_address0    |  20|          4|   12|         48|
    |nms_top_float_const_float_const_Detection_int_cand_boxes_ce0         |  20|          4|    1|          4|
    |nms_top_float_const_float_const_Detection_int_cand_boxes_we0         |   9|          2|    1|          2|
    +---------------------------------------------------------------------+----+-----------+-----+-----------+
    |Total                                                                | 845|        175|  515|       1713|
    +---------------------------------------------------------------------+----+-----------+-----+-----------+

    * Register: 
    +----------------------------------------------------+----+----+-----+-----------+
    |                        Name                        | FF | LUT| Bits| Const Bits|
    +----------------------------------------------------+----+----+-----+-----------+
    |add_ln134_2_reg_521                                 |  12|   0|   12|          0|
    |ap_CS_fsm                                           |  13|   0|   13|          0|
    |cond_reg_572                                        |   1|   0|    1|          0|
    |grp_nms_greedy_fu_235_ap_start_reg                  |   1|   0|    1|          0|
    |grp_nms_top_Pipeline_OUT_fu_256_ap_start_reg        |   1|   0|    1|          0|
    |grp_nms_top_Pipeline_SORT_INIT_fu_212_ap_start_reg  |   1|   0|    1|          0|
    |grp_nms_top_Pipeline_SORT_J_fu_220_ap_start_reg     |   1|   0|    1|          0|
    |grp_score_filter_fu_180_ap_start_reg                |   1|   0|    1|          0|
    |i_1_fu_126                                          |  12|   0|   12|          0|
    |i_1_load_1_reg_526                                  |  12|   0|   12|          0|
    |icmp_ln129_reg_492                                  |   1|   0|    1|          0|
    |icmp_ln134_reg_488                                  |   1|   0|    1|          0|
    |icmp_ln144_reg_567                                  |   1|   0|    1|          0|
    |indvars_iv12_fu_122                                 |  12|   0|   12|          0|
    |j_010_i_reg_171                                     |  12|   0|   12|          0|
    |j_cast_loc_fu_114                                   |  12|   0|   12|          0|
    |j_loc_fu_118                                        |  12|   0|   12|          0|
    |key_reg_541                                         |  12|   0|   12|          0|
    |key_s_reg_551                                       |  32|   0|   32|          0|
    |nk_reg_577                                          |  32|   0|   32|          0|
    |num_cand_reg_470                                    |  32|   0|   32|          0|
    |select_ln134_reg_510                                |  12|   0|   12|          0|
    |topk_reg_536                                        |  32|   0|   32|          0|
    |total_reg_583                                       |  32|   0|   32|          0|
    |trunc_ln144_reg_562                                 |  31|   0|   31|          0|
    |trunc_ln238_1_reg_483                               |  12|   0|   12|          0|
    |trunc_ln238_reg_478                                 |  31|   0|   31|          0|
    +----------------------------------------------------+----+----+-----+-----------+
    |Total                                               | 364|   0|  364|          0|
    +----------------------------------------------------+----+----+-----+-----------+



================================================================
== Interface
================================================================
* Summary: 
+---------------------+-----+-----+------------+--------------+--------------+
|      RTL Ports      | Dir | Bits|  Protocol  | Source Object|    C Type    |
+---------------------+-----+-----+------------+--------------+--------------+
|ap_clk               |   in|    1|  ap_ctrl_hs|       nms_top|  return value|
|ap_rst               |   in|    1|  ap_ctrl_hs|       nms_top|  return value|
|ap_start             |   in|    1|  ap_ctrl_hs|       nms_top|  return value|
|ap_done              |  out|    1|  ap_ctrl_hs|       nms_top|  return value|
|ap_idle              |  out|    1|  ap_ctrl_hs|       nms_top|  return value|
|ap_ready             |  out|    1|  ap_ctrl_hs|       nms_top|  return value|
|cls_logits_0_Addr_A  |  out|   32|        bram|  cls_logits_0|         array|
|cls_logits_0_EN_A    |  out|    1|        bram|  cls_logits_0|         array|
|cls_logits_0_WEN_A   |  out|    4|        bram|  cls_logits_0|         array|
|cls_logits_0_Din_A   |  out|   32|        bram|  cls_logits_0|         array|
|cls_logits_0_Dout_A  |   in|   32|        bram|  cls_logits_0|         array|
|cls_logits_0_Clk_A   |  out|    1|        bram|  cls_logits_0|         array|
|cls_logits_0_Rst_A   |  out|    1|        bram|  cls_logits_0|         array|
|cls_logits_1_Addr_A  |  out|   32|        bram|  cls_logits_1|         array|
|cls_logits_1_EN_A    |  out|    1|        bram|  cls_logits_1|         array|
|cls_logits_1_WEN_A   |  out|    4|        bram|  cls_logits_1|         array|
|cls_logits_1_Din_A   |  out|   32|        bram|  cls_logits_1|         array|
|cls_logits_1_Dout_A  |   in|   32|        bram|  cls_logits_1|         array|
|cls_logits_1_Clk_A   |  out|    1|        bram|  cls_logits_1|         array|
|cls_logits_1_Rst_A   |  out|    1|        bram|  cls_logits_1|         array|
|cls_logits_2_Addr_A  |  out|   32|        bram|  cls_logits_2|         array|
|cls_logits_2_EN_A    |  out|    1|        bram|  cls_logits_2|         array|
|cls_logits_2_WEN_A   |  out|    4|        bram|  cls_logits_2|         array|
|cls_logits_2_Din_A   |  out|   32|        bram|  cls_logits_2|         array|
|cls_logits_2_Dout_A  |   in|   32|        bram|  cls_logits_2|         array|
|cls_logits_2_Clk_A   |  out|    1|        bram|  cls_logits_2|         array|
|cls_logits_2_Rst_A   |  out|    1|        bram|  cls_logits_2|         array|
|cls_logits_3_Addr_A  |  out|   32|        bram|  cls_logits_3|         array|
|cls_logits_3_EN_A    |  out|    1|        bram|  cls_logits_3|         array|
|cls_logits_3_WEN_A   |  out|    4|        bram|  cls_logits_3|         array|
|cls_logits_3_Din_A   |  out|   32|        bram|  cls_logits_3|         array|
|cls_logits_3_Dout_A  |   in|   32|        bram|  cls_logits_3|         array|
|cls_logits_3_Clk_A   |  out|    1|        bram|  cls_logits_3|         array|
|cls_logits_3_Rst_A   |  out|    1|        bram|  cls_logits_3|         array|
|reg_deltas_0_Addr_A  |  out|   32|        bram|  reg_deltas_0|         array|
|reg_deltas_0_EN_A    |  out|    1|        bram|  reg_deltas_0|         array|
|reg_deltas_0_WEN_A   |  out|    4|        bram|  reg_deltas_0|         array|
|reg_deltas_0_Din_A   |  out|   32|        bram|  reg_deltas_0|         array|
|reg_deltas_0_Dout_A  |   in|   32|        bram|  reg_deltas_0|         array|
|reg_deltas_0_Clk_A   |  out|    1|        bram|  reg_deltas_0|         array|
|reg_deltas_0_Rst_A   |  out|    1|        bram|  reg_deltas_0|         array|
|reg_deltas_0_Addr_B  |  out|   32|        bram|  reg_deltas_0|         array|
|reg_deltas_0_EN_B    |  out|    1|        bram|  reg_deltas_0|         array|
|reg_deltas_0_WEN_B   |  out|    4|        bram|  reg_deltas_0|         array|
|reg_deltas_0_Din_B   |  out|   32|        bram|  reg_deltas_0|         array|
|reg_deltas_0_Dout_B  |   in|   32|        bram|  reg_deltas_0|         array|
|reg_deltas_0_Clk_B   |  out|    1|        bram|  reg_deltas_0|         array|
|reg_deltas_0_Rst_B   |  out|    1|        bram|  reg_deltas_0|         array|
|reg_deltas_1_Addr_A  |  out|   32|        bram|  reg_deltas_1|         array|
|reg_deltas_1_EN_A    |  out|    1|        bram|  reg_deltas_1|         array|
|reg_deltas_1_WEN_A   |  out|    4|        bram|  reg_deltas_1|         array|
|reg_deltas_1_Din_A   |  out|   32|        bram|  reg_deltas_1|         array|
|reg_deltas_1_Dout_A  |   in|   32|        bram|  reg_deltas_1|         array|
|reg_deltas_1_Clk_A   |  out|    1|        bram|  reg_deltas_1|         array|
|reg_deltas_1_Rst_A   |  out|    1|        bram|  reg_deltas_1|         array|
|reg_deltas_1_Addr_B  |  out|   32|        bram|  reg_deltas_1|         array|
|reg_deltas_1_EN_B    |  out|    1|        bram|  reg_deltas_1|         array|
|reg_deltas_1_WEN_B   |  out|    4|        bram|  reg_deltas_1|         array|
|reg_deltas_1_Din_B   |  out|   32|        bram|  reg_deltas_1|         array|
|reg_deltas_1_Dout_B  |   in|   32|        bram|  reg_deltas_1|         array|
|reg_deltas_1_Clk_B   |  out|    1|        bram|  reg_deltas_1|         array|
|reg_deltas_1_Rst_B   |  out|    1|        bram|  reg_deltas_1|         array|
|reg_deltas_2_Addr_A  |  out|   32|        bram|  reg_deltas_2|         array|
|reg_deltas_2_EN_A    |  out|    1|        bram|  reg_deltas_2|         array|
|reg_deltas_2_WEN_A   |  out|    4|        bram|  reg_deltas_2|         array|
|reg_deltas_2_Din_A   |  out|   32|        bram|  reg_deltas_2|         array|
|reg_deltas_2_Dout_A  |   in|   32|        bram|  reg_deltas_2|         array|
|reg_deltas_2_Clk_A   |  out|    1|        bram|  reg_deltas_2|         array|
|reg_deltas_2_Rst_A   |  out|    1|        bram|  reg_deltas_2|         array|
|reg_deltas_2_Addr_B  |  out|   32|        bram|  reg_deltas_2|         array|
|reg_deltas_2_EN_B    |  out|    1|        bram|  reg_deltas_2|         array|
|reg_deltas_2_WEN_B   |  out|    4|        bram|  reg_deltas_2|         array|
|reg_deltas_2_Din_B   |  out|   32|        bram|  reg_deltas_2|         array|
|reg_deltas_2_Dout_B  |   in|   32|        bram|  reg_deltas_2|         array|
|reg_deltas_2_Clk_B   |  out|    1|        bram|  reg_deltas_2|         array|
|reg_deltas_2_Rst_B   |  out|    1|        bram|  reg_deltas_2|         array|
|reg_deltas_3_Addr_A  |  out|   32|        bram|  reg_deltas_3|         array|
|reg_deltas_3_EN_A    |  out|    1|        bram|  reg_deltas_3|         array|
|reg_deltas_3_WEN_A   |  out|    4|        bram|  reg_deltas_3|         array|
|reg_deltas_3_Din_A   |  out|   32|        bram|  reg_deltas_3|         array|
|reg_deltas_3_Dout_A  |   in|   32|        bram|  reg_deltas_3|         array|
|reg_deltas_3_Clk_A   |  out|    1|        bram|  reg_deltas_3|         array|
|reg_deltas_3_Rst_A   |  out|    1|        bram|  reg_deltas_3|         array|
|reg_deltas_3_Addr_B  |  out|   32|        bram|  reg_deltas_3|         array|
|reg_deltas_3_EN_B    |  out|    1|        bram|  reg_deltas_3|         array|
|reg_deltas_3_WEN_B   |  out|    4|        bram|  reg_deltas_3|         array|
|reg_deltas_3_Din_B   |  out|   32|        bram|  reg_deltas_3|         array|
|reg_deltas_3_Dout_B  |   in|   32|        bram|  reg_deltas_3|         array|
|reg_deltas_3_Clk_B   |  out|    1|        bram|  reg_deltas_3|         array|
|reg_deltas_3_Rst_B   |  out|    1|        bram|  reg_deltas_3|         array|
|detections_Addr_A    |  out|   32|        bram|    detections|         array|
|detections_EN_A      |  out|    1|        bram|    detections|         array|
|detections_WEN_A     |  out|   32|        bram|    detections|         array|
|detections_Din_A     |  out|  256|        bram|    detections|         array|
|detections_Dout_A    |   in|  256|        bram|    detections|         array|
|detections_Clk_A     |  out|    1|        bram|    detections|         array|
|detections_Rst_A     |  out|    1|        bram|    detections|         array|
|num_dets             |  out|   32|      ap_vld|      num_dets|       pointer|
|num_dets_ap_vld      |  out|    1|      ap_vld|      num_dets|       pointer|
+---------------------+-----+-----+------------+--------------+--------------+

