

================================================================
== Vitis HLS Report for 'score_filter'
================================================================
* Date:           Tue Jun  2 14:12:41 2026

* Version:        2022.2 (Build 3670227 on Oct 13 2022)
* Project:        nms
* Solution:       solution1 (Vivado IP Flow Target)
* Product family: zynquplus
* Target device:  xczu9eg-ffvb1156-2-e


================================================================
== Performance Estimates
================================================================
+ Timing: 
    * Summary: 
    +--------+---------+----------+------------+
    |  Clock |  Target | Estimated| Uncertainty|
    +--------+---------+----------+------------+
    |ap_clk  |  5.00 ns|  6.179 ns|     1.35 ns|
    +--------+---------+----------+------------+

+ Latency: 
    * Summary: 
    +---------+---------+----------+----------+-----+-----+---------+
    |  Latency (cycles) |  Latency (absolute) |  Interval | Pipeline|
    |   min   |   max   |    min   |    max   | min | max |   Type  |
    +---------+---------+----------+----------+-----+-----+---------+
    |        ?|        ?|         ?|         ?|    ?|    ?|       no|
    +---------+---------+----------+----------+-----+-----+---------+

    + Detail: 
        * Instance: 
        +---------------------------------------+----------------------------+---------+---------+----------+----------+-----+-----+---------+
        |                                       |                            |  Latency (cycles) |  Latency (absolute) |  Interval | Pipeline|
        |                Instance               |           Module           |   min   |   max   |    min   |    max   | min | max |   Type  |
        +---------------------------------------+----------------------------+---------+---------+----------+----------+-----+-----+---------+
        |grp_score_filter_Pipeline_SF_C_fu_323  |score_filter_Pipeline_SF_C  |       87|       87|  0.538 us|  0.538 us|   87|   87|       no|
        +---------------------------------------+----------------------------+---------+---------+----------+----------+-----+-----+---------+

        * Loop: 
        +--------------+---------+---------+----------+-----------+-----------+------+----------+
        |              |  Latency (cycles) | Iteration|  Initiation Interval  | Trip |          |
        |   Loop Name  |   min   |   max   |  Latency |  achieved |   target  | Count| Pipelined|
        +--------------+---------+---------+----------+-----------+-----------+------+----------+
        |- SF_H        |        ?|        ?|         ?|          -|          -|     ?|        no|
        | + SF_W       |        ?|        ?|         ?|          -|          -|     ?|        no|
        |  ++ SF_RI    |        ?|        ?|         ?|          -|          -|     ?|        no|
        |   +++ SF_SI  |        ?|        ?|       120|          -|          -|     ?|        no|
        +--------------+---------+---------+----------+-----------+-----------+------+----------+



================================================================
== Utilization Estimates
================================================================
* Summary: 
+-----------------+---------+------+--------+--------+-----+
|       Name      | BRAM_18K|  DSP |   FF   |   LUT  | URAM|
+-----------------+---------+------+--------+--------+-----+
|DSP              |        -|     1|       -|       -|    -|
|Expression       |        -|     -|       0|     634|    -|
|FIFO             |        -|     -|       -|       -|    -|
|Instance         |        -|     8|    1647|    2608|    -|
|Memory           |        -|     -|       -|       -|    -|
|Multiplexer      |        -|     -|       -|     684|    -|
|Register         |        -|     -|    1866|       -|    -|
+-----------------+---------+------+--------+--------+-----+
|Total            |        0|     9|    3513|    3926|    0|
+-----------------+---------+------+--------+--------+-----+
|Available        |     1824|  2520|  548160|  274080|    0|
+-----------------+---------+------+--------+--------+-----+
|Utilization (%)  |        0|    ~0|      ~0|       1|    0|
+-----------------+---------+------+--------+--------+-----+

+ Detail: 
    * Instance: 
    +---------------------------------------+--------------------------------+---------+----+------+------+-----+
    |                Instance               |             Module             | BRAM_18K| DSP|  FF  |  LUT | URAM|
    +---------------------------------------+--------------------------------+---------+----+------+------+-----+
    |fsqrt_32ns_32ns_32_16_no_dsp_1_U53     |fsqrt_32ns_32ns_32_16_no_dsp_1  |        0|   0|     0|     0|    0|
    |mux_32_32_1_1_U54                      |mux_32_32_1_1                   |        0|   0|     0|    14|    0|
    |mux_32_32_1_1_U55                      |mux_32_32_1_1                   |        0|   0|     0|    14|    0|
    |grp_score_filter_Pipeline_SF_C_fu_323  |score_filter_Pipeline_SF_C      |        0|   8|  1647|  2580|    0|
    |sitofp_32ns_32_6_no_dsp_1_U52          |sitofp_32ns_32_6_no_dsp_1       |        0|   0|     0|     0|    0|
    +---------------------------------------+--------------------------------+---------+----+------+------+-----+
    |Total                                  |                                |        0|   8|  1647|  2608|    0|
    +---------------------------------------+--------------------------------+---------+----+------+------+-----+

    * DSP: 
    +----------------------------+------------------------+-----------+
    |          Instance          |         Module         | Expression|
    +----------------------------+------------------------+-----------+
    |mul_mul_12s_9ns_12_4_1_U56  |mul_mul_12s_9ns_12_4_1  |    i0 * i1|
    +----------------------------+------------------------+-----------+

    * Memory: 
    N/A

    * FIFO: 
    N/A

    * Expression: 
    +----------------------+----------+----+---+----+------------+------------+
    |     Variable Name    | Operation| DSP| FF| LUT| Bitwidth P0| Bitwidth P1|
    +----------------------+----------+----+---+----+------------+------------+
    |add53_fu_637_p2       |         +|   0|  0|  19|          12|          12|
    |add60_fu_664_p2       |         +|   0|  0|  17|          12|          12|
    |add67_fu_692_p2       |         +|   0|  0|  17|          12|          12|
    |add74_fu_712_p2       |         +|   0|  0|  17|          12|          12|
    |add_ln59_fu_442_p2    |         +|   0|  0|  71|          64|           1|
    |add_ln60_fu_498_p2    |         +|   0|  0|  71|          64|           1|
    |add_ln64_fu_551_p2    |         +|   0|  0|  71|          64|           1|
    |add_ln65_fu_607_p2    |         +|   0|  0|  71|          64|           1|
    |add_ln78_1_fu_526_p2  |         +|   0|  0|   9|           2|           2|
    |empty_30_fu_535_p2    |         +|   0|  0|  19|          12|          12|
    |empty_33_fu_621_p2    |         +|   0|  0|  19|          12|          12|
    |tmp11_fu_513_p2       |         +|   0|  0|  19|          12|          12|
    |tmp12_fu_659_p2       |         +|   0|  0|  17|          12|           7|
    |tmp13_fu_687_p2       |         +|   0|  0|  17|          12|           8|
    |tmp14_fu_707_p2       |         +|   0|  0|  17|          12|           9|
    |sub_ln66_fu_573_p2    |         -|   0|  0|  19|          12|          12|
    |and_ln59_fu_436_p2    |       and|   0|  0|   2|           1|           1|
    |and_ln60_fu_492_p2    |       and|   0|  0|   2|           1|           1|
    |and_ln64_fu_545_p2    |       and|   0|  0|   2|           1|           1|
    |and_ln65_fu_601_p2    |       and|   0|  0|   2|           1|           1|
    |grp_fu_401_p2         |      icmp|   0|  0|  20|          32|          12|
    |icmp_ln59_fu_430_p2   |      icmp|   0|  0|  29|          64|           4|
    |icmp_ln60_fu_486_p2   |      icmp|   0|  0|  29|          64|           4|
    |icmp_ln64_fu_539_p2   |      icmp|   0|  0|  29|          64|           2|
    |icmp_ln65_fu_595_p2   |      icmp|   0|  0|  29|          64|           2|
    +----------------------+----------+----+---+----+------------+------------+
    |Total                 |          |   0|  0| 634|         682|         154|
    +----------------------+----------+----+---+----+------------+------------+

    * Multiplexer: 
    +--------------------------+-----+-----------+-----+-----------+
    |           Name           | LUT | Input Size| Bits| Total Bits|
    +--------------------------+-----+-----------+-----+-----------+
    |ap_NS_fsm                 |  389|         74|    1|         74|
    |grp_fu_1226_ce            |    9|          2|    1|          2|
    |grp_fu_1230_ce            |    9|          2|    1|          2|
    |grp_fu_375_ce             |    9|          2|    1|          2|
    |grp_fu_375_opcode         |   14|          3|    2|          6|
    |grp_fu_375_p0             |   14|          3|   32|         96|
    |grp_fu_375_p1             |   14|          3|   32|         96|
    |grp_fu_380_ce             |    9|          2|    1|          2|
    |grp_fu_380_p0             |   26|          5|   32|        160|
    |grp_fu_380_p1             |   20|          4|   32|        128|
    |grp_fu_390_p0             |   14|          3|   32|         96|
    |h_fu_118                  |    9|          2|   64|        128|
    |num_cand_fu_122           |    9|          2|   32|         64|
    |reg_deltas_0_Addr_A_orig  |   14|          3|   32|         96|
    |reg_deltas_0_Addr_B_orig  |   14|          3|   32|         96|
    |reg_deltas_1_Addr_A_orig  |   14|          3|   32|         96|
    |reg_deltas_1_Addr_B_orig  |   14|          3|   32|         96|
    |reg_deltas_2_Addr_A_orig  |   14|          3|   32|         96|
    |reg_deltas_2_Addr_B_orig  |   14|          3|   32|         96|
    |reg_deltas_3_Addr_A_orig  |   14|          3|   32|         96|
    |reg_deltas_3_Addr_B_orig  |   14|          3|   32|         96|
    |ri_reg_301                |    9|          2|   64|        128|
    |si_reg_312                |    9|          2|   64|        128|
    |w_reg_290                 |    9|          2|   64|        128|
    +--------------------------+-----+-----------+-----+-----------+
    |Total                     |  684|        137|  711|       2008|
    +--------------------------+-----+-----------+-----+-----------+

    * Register: 
    +----------------------------------------------------+----+----+-----+-----------+
    |                        Name                        | FF | LUT| Bits| Const Bits|
    +----------------------------------------------------+----+----+-----+-----------+
    |add_ln59_reg_849                                    |  64|   0|   64|          0|
    |add_ln60_reg_898                                    |  64|   0|   64|          0|
    |add_ln64_reg_940                                    |  64|   0|   64|          0|
    |add_ln65_reg_963                                    |  64|   0|   64|          0|
    |add_ln78_1_reg_919                                  |   2|   0|    2|          0|
    |ah_reg_996                                          |  32|   0|   32|          0|
    |anc_scale_reg_984                                   |  32|   0|   32|          0|
    |ap_CS_fsm                                           |  73|   0|   73|          0|
    |aw_reg_1136                                         |  32|   0|   32|          0|
    |bitcast_ln81_1_reg_1151                             |  32|   0|   32|          0|
    |bitcast_ln81_2_reg_1156                             |  32|   0|   32|          0|
    |bitcast_ln81_3_reg_1161                             |  32|   0|   32|          0|
    |bitcast_ln81_reg_1146                               |  32|   0|   32|          0|
    |bitcast_ln82_1_reg_1171                             |  32|   0|   32|          0|
    |bitcast_ln82_2_reg_1176                             |  32|   0|   32|          0|
    |bitcast_ln82_3_reg_1181                             |  32|   0|   32|          0|
    |bitcast_ln82_reg_1166                               |  32|   0|   32|          0|
    |bitcast_ln83_1_reg_1191                             |  32|   0|   32|          0|
    |bitcast_ln83_2_reg_1196                             |  32|   0|   32|          0|
    |bitcast_ln83_3_reg_1201                             |  32|   0|   32|          0|
    |bitcast_ln83_reg_1186                               |  32|   0|   32|          0|
    |bitcast_ln84_1_reg_1211                             |  32|   0|   32|          0|
    |bitcast_ln84_2_reg_1216                             |  32|   0|   32|          0|
    |bitcast_ln84_3_reg_1221                             |  32|   0|   32|          0|
    |bitcast_ln84_reg_1206                               |  32|   0|   32|          0|
    |cx_reg_924                                          |  32|   0|   32|          0|
    |cy_reg_874                                          |  32|   0|   32|          0|
    |empty_27_reg_859                                    |   9|   0|    9|          0|
    |empty_28_reg_864                                    |  11|   0|   11|          0|
    |empty_29_reg_914                                    |   2|   0|    2|          0|
    |empty_30_reg_929                                    |  12|   0|   12|          0|
    |empty_33_reg_973                                    |  12|   0|   12|          0|
    |empty_34_reg_1141                                   |  10|   0|   12|          2|
    |empty_35_reg_1011                                   |   2|   0|    2|          0|
    |grp_score_filter_Pipeline_SF_C_fu_323_ap_start_reg  |   1|   0|    1|          0|
    |h_fu_118                                            |  64|   0|   64|          0|
    |num_cand_6_reg_955                                  |  32|   0|   32|          0|
    |num_cand_fu_122                                     |  32|   0|   32|          0|
    |p_shl1_reg_885                                      |  11|   0|   12|          1|
    |p_shl_reg_879                                       |   9|   0|   12|          3|
    |ratio_reg_950                                       |  32|   0|   32|          0|
    |reg_407                                             |  32|   0|   32|          0|
    |reg_412                                             |  32|   0|   32|          0|
    |reg_deltas_0_load_1_reg_1076                        |  32|   0|   32|          0|
    |reg_deltas_0_load_reg_1056                          |  32|   0|   32|          0|
    |reg_deltas_1_load_1_reg_1081                        |  32|   0|   32|          0|
    |reg_deltas_1_load_reg_1061                          |  32|   0|   32|          0|
    |reg_deltas_2_load_1_reg_1086                        |  32|   0|   32|          0|
    |reg_deltas_2_load_reg_1066                          |  32|   0|   32|          0|
    |reg_deltas_3_load_1_reg_1091                        |  32|   0|   32|          0|
    |reg_deltas_3_load_reg_1071                          |  32|   0|   32|          0|
    |ri_reg_301                                          |  64|   0|   64|          0|
    |si_reg_312                                          |  64|   0|   64|          0|
    |sub_ln66_reg_945                                    |  12|   0|   12|          0|
    |tmp11_reg_908                                       |  12|   0|   12|          0|
    |tmp_16_reg_1001                                     |  10|   0|   10|          0|
    |tmp_17_reg_1006                                     |  10|   0|   10|          0|
    |tmp_2_reg_979                                       |  32|   0|   32|          0|
    |tmp_reg_990                                         |  32|   0|   32|          0|
    |trunc_ln67_reg_968                                  |   2|   0|    2|          0|
    |trunc_ln78_2_reg_890                                |   1|   0|    2|          1|
    |trunc_ln78_reg_869                                  |   1|   0|    1|          0|
    |w_reg_290                                           |  64|   0|   64|          0|
    +----------------------------------------------------+----+----+-----+-----------+
    |Total                                               |1866|   0| 1873|          7|
    +----------------------------------------------------+----+----+-----+-----------+



================================================================
== Interface
================================================================
* Summary: 
+---------------------------------------------------------------------+-----+-----+------------+------------------------------------------------------------+--------------+
|                              RTL Ports                              | Dir | Bits|  Protocol  |                        Source Object                       |    C Type    |
+---------------------------------------------------------------------+-----+-----+------------+------------------------------------------------------------+--------------+
|ap_clk                                                               |   in|    1|  ap_ctrl_hs|                                                score_filter|  return value|
|ap_rst                                                               |   in|    1|  ap_ctrl_hs|                                                score_filter|  return value|
|ap_start                                                             |   in|    1|  ap_ctrl_hs|                                                score_filter|  return value|
|ap_done                                                              |  out|    1|  ap_ctrl_hs|                                                score_filter|  return value|
|ap_idle                                                              |  out|    1|  ap_ctrl_hs|                                                score_filter|  return value|
|ap_ready                                                             |  out|    1|  ap_ctrl_hs|                                                score_filter|  return value|
|ap_return                                                            |  out|   32|  ap_ctrl_hs|                                                score_filter|  return value|
|grp_fu_588_p_din0                                                    |  out|   32|  ap_ctrl_hs|                                                score_filter|  return value|
|grp_fu_588_p_din1                                                    |  out|   32|  ap_ctrl_hs|                                                score_filter|  return value|
|grp_fu_588_p_opcode                                                  |  out|    1|  ap_ctrl_hs|                                                score_filter|  return value|
|grp_fu_588_p_dout0                                                   |   in|   32|  ap_ctrl_hs|                                                score_filter|  return value|
|grp_fu_588_p_ce                                                      |  out|    1|  ap_ctrl_hs|                                                score_filter|  return value|
|grp_fu_592_p_din0                                                    |  out|   32|  ap_ctrl_hs|                                                score_filter|  return value|
|grp_fu_592_p_din1                                                    |  out|   32|  ap_ctrl_hs|                                                score_filter|  return value|
|grp_fu_592_p_opcode                                                  |  out|    5|  ap_ctrl_hs|                                                score_filter|  return value|
|grp_fu_592_p_dout0                                                   |   in|    1|  ap_ctrl_hs|                                                score_filter|  return value|
|grp_fu_592_p_ce                                                      |  out|    1|  ap_ctrl_hs|                                                score_filter|  return value|
|grp_fu_596_p_din0                                                    |  out|   32|  ap_ctrl_hs|                                                score_filter|  return value|
|grp_fu_596_p_din1                                                    |  out|   32|  ap_ctrl_hs|                                                score_filter|  return value|
|grp_fu_596_p_opcode                                                  |  out|    2|  ap_ctrl_hs|                                                score_filter|  return value|
|grp_fu_596_p_dout0                                                   |   in|   32|  ap_ctrl_hs|                                                score_filter|  return value|
|grp_fu_596_p_ce                                                      |  out|    1|  ap_ctrl_hs|                                                score_filter|  return value|
|grp_fu_600_p_din0                                                    |  out|   32|  ap_ctrl_hs|                                                score_filter|  return value|
|grp_fu_600_p_din1                                                    |  out|   32|  ap_ctrl_hs|                                                score_filter|  return value|
|grp_fu_600_p_dout0                                                   |   in|   32|  ap_ctrl_hs|                                                score_filter|  return value|
|grp_fu_600_p_ce                                                      |  out|    1|  ap_ctrl_hs|                                                score_filter|  return value|
|grp_fu_604_p_din0                                                    |  out|   32|  ap_ctrl_hs|                                                score_filter|  return value|
|grp_fu_604_p_din1                                                    |  out|   32|  ap_ctrl_hs|                                                score_filter|  return value|
|grp_fu_604_p_dout0                                                   |   in|   32|  ap_ctrl_hs|                                                score_filter|  return value|
|grp_fu_604_p_ce                                                      |  out|    1|  ap_ctrl_hs|                                                score_filter|  return value|
|cls_logits_0_Addr_A                                                  |  out|   32|        bram|                                                cls_logits_0|         array|
|cls_logits_0_EN_A                                                    |  out|    1|        bram|                                                cls_logits_0|         array|
|cls_logits_0_WEN_A                                                   |  out|    4|        bram|                                                cls_logits_0|         array|
|cls_logits_0_Din_A                                                   |  out|   32|        bram|                                                cls_logits_0|         array|
|cls_logits_0_Dout_A                                                  |   in|   32|        bram|                                                cls_logits_0|         array|
|cls_logits_1_Addr_A                                                  |  out|   32|        bram|                                                cls_logits_1|         array|
|cls_logits_1_EN_A                                                    |  out|    1|        bram|                                                cls_logits_1|         array|
|cls_logits_1_WEN_A                                                   |  out|    4|        bram|                                                cls_logits_1|         array|
|cls_logits_1_Din_A                                                   |  out|   32|        bram|                                                cls_logits_1|         array|
|cls_logits_1_Dout_A                                                  |   in|   32|        bram|                                                cls_logits_1|         array|
|cls_logits_2_Addr_A                                                  |  out|   32|        bram|                                                cls_logits_2|         array|
|cls_logits_2_EN_A                                                    |  out|    1|        bram|                                                cls_logits_2|         array|
|cls_logits_2_WEN_A                                                   |  out|    4|        bram|                                                cls_logits_2|         array|
|cls_logits_2_Din_A                                                   |  out|   32|        bram|                                                cls_logits_2|         array|
|cls_logits_2_Dout_A                                                  |   in|   32|        bram|                                                cls_logits_2|         array|
|cls_logits_3_Addr_A                                                  |  out|   32|        bram|                                                cls_logits_3|         array|
|cls_logits_3_EN_A                                                    |  out|    1|        bram|                                                cls_logits_3|         array|
|cls_logits_3_WEN_A                                                   |  out|    4|        bram|                                                cls_logits_3|         array|
|cls_logits_3_Din_A                                                   |  out|   32|        bram|                                                cls_logits_3|         array|
|cls_logits_3_Dout_A                                                  |   in|   32|        bram|                                                cls_logits_3|         array|
|reg_deltas_0_Addr_A                                                  |  out|   32|        bram|                                                reg_deltas_0|         array|
|reg_deltas_0_EN_A                                                    |  out|    1|        bram|                                                reg_deltas_0|         array|
|reg_deltas_0_WEN_A                                                   |  out|    4|        bram|                                                reg_deltas_0|         array|
|reg_deltas_0_Din_A                                                   |  out|   32|        bram|                                                reg_deltas_0|         array|
|reg_deltas_0_Dout_A                                                  |   in|   32|        bram|                                                reg_deltas_0|         array|
|reg_deltas_0_Addr_B                                                  |  out|   32|        bram|                                                reg_deltas_0|         array|
|reg_deltas_0_EN_B                                                    |  out|    1|        bram|                                                reg_deltas_0|         array|
|reg_deltas_0_WEN_B                                                   |  out|    4|        bram|                                                reg_deltas_0|         array|
|reg_deltas_0_Din_B                                                   |  out|   32|        bram|                                                reg_deltas_0|         array|
|reg_deltas_0_Dout_B                                                  |   in|   32|        bram|                                                reg_deltas_0|         array|
|reg_deltas_1_Addr_A                                                  |  out|   32|        bram|                                                reg_deltas_1|         array|
|reg_deltas_1_EN_A                                                    |  out|    1|        bram|                                                reg_deltas_1|         array|
|reg_deltas_1_WEN_A                                                   |  out|    4|        bram|                                                reg_deltas_1|         array|
|reg_deltas_1_Din_A                                                   |  out|   32|        bram|                                                reg_deltas_1|         array|
|reg_deltas_1_Dout_A                                                  |   in|   32|        bram|                                                reg_deltas_1|         array|
|reg_deltas_1_Addr_B                                                  |  out|   32|        bram|                                                reg_deltas_1|         array|
|reg_deltas_1_EN_B                                                    |  out|    1|        bram|                                                reg_deltas_1|         array|
|reg_deltas_1_WEN_B                                                   |  out|    4|        bram|                                                reg_deltas_1|         array|
|reg_deltas_1_Din_B                                                   |  out|   32|        bram|                                                reg_deltas_1|         array|
|reg_deltas_1_Dout_B                                                  |   in|   32|        bram|                                                reg_deltas_1|         array|
|reg_deltas_2_Addr_A                                                  |  out|   32|        bram|                                                reg_deltas_2|         array|
|reg_deltas_2_EN_A                                                    |  out|    1|        bram|                                                reg_deltas_2|         array|
|reg_deltas_2_WEN_A                                                   |  out|    4|        bram|                                                reg_deltas_2|         array|
|reg_deltas_2_Din_A                                                   |  out|   32|        bram|                                                reg_deltas_2|         array|
|reg_deltas_2_Dout_A                                                  |   in|   32|        bram|                                                reg_deltas_2|         array|
|reg_deltas_2_Addr_B                                                  |  out|   32|        bram|                                                reg_deltas_2|         array|
|reg_deltas_2_EN_B                                                    |  out|    1|        bram|                                                reg_deltas_2|         array|
|reg_deltas_2_WEN_B                                                   |  out|    4|        bram|                                                reg_deltas_2|         array|
|reg_deltas_2_Din_B                                                   |  out|   32|        bram|                                                reg_deltas_2|         array|
|reg_deltas_2_Dout_B                                                  |   in|   32|        bram|                                                reg_deltas_2|         array|
|reg_deltas_3_Addr_A                                                  |  out|   32|        bram|                                                reg_deltas_3|         array|
|reg_deltas_3_EN_A                                                    |  out|    1|        bram|                                                reg_deltas_3|         array|
|reg_deltas_3_WEN_A                                                   |  out|    4|        bram|                                                reg_deltas_3|         array|
|reg_deltas_3_Din_A                                                   |  out|   32|        bram|                                                reg_deltas_3|         array|
|reg_deltas_3_Dout_A                                                  |   in|   32|        bram|                                                reg_deltas_3|         array|
|reg_deltas_3_Addr_B                                                  |  out|   32|        bram|                                                reg_deltas_3|         array|
|reg_deltas_3_EN_B                                                    |  out|    1|        bram|                                                reg_deltas_3|         array|
|reg_deltas_3_WEN_B                                                   |  out|    4|        bram|                                                reg_deltas_3|         array|
|reg_deltas_3_Din_B                                                   |  out|   32|        bram|                                                reg_deltas_3|         array|
|reg_deltas_3_Dout_B                                                  |   in|   32|        bram|                                                reg_deltas_3|         array|
|nms_top_float_const_float_const_Detection_int_cand_boxes_address0    |  out|   12|   ap_memory|    nms_top_float_const_float_const_Detection_int_cand_boxes|         array|
|nms_top_float_const_float_const_Detection_int_cand_boxes_ce0         |  out|    1|   ap_memory|    nms_top_float_const_float_const_Detection_int_cand_boxes|         array|
|nms_top_float_const_float_const_Detection_int_cand_boxes_we0         |  out|    1|   ap_memory|    nms_top_float_const_float_const_Detection_int_cand_boxes|         array|
|nms_top_float_const_float_const_Detection_int_cand_boxes_d0          |  out|   32|   ap_memory|    nms_top_float_const_float_const_Detection_int_cand_boxes|         array|
|nms_top_float_const_float_const_Detection_int_cand_boxes_1_address0  |  out|   12|   ap_memory|  nms_top_float_const_float_const_Detection_int_cand_boxes_1|         array|
|nms_top_float_const_float_const_Detection_int_cand_boxes_1_ce0       |  out|    1|   ap_memory|  nms_top_float_const_float_const_Detection_int_cand_boxes_1|         array|
|nms_top_float_const_float_const_Detection_int_cand_boxes_1_we0       |  out|    1|   ap_memory|  nms_top_float_const_float_const_Detection_int_cand_boxes_1|         array|
|nms_top_float_const_float_const_Detection_int_cand_boxes_1_d0        |  out|   32|   ap_memory|  nms_top_float_const_float_const_Detection_int_cand_boxes_1|         array|
|nms_top_float_const_float_const_Detection_int_cand_boxes_2_address0  |  out|   12|   ap_memory|  nms_top_float_const_float_const_Detection_int_cand_boxes_2|         array|
|nms_top_float_const_float_const_Detection_int_cand_boxes_2_ce0       |  out|    1|   ap_memory|  nms_top_float_const_float_const_Detection_int_cand_boxes_2|         array|
|nms_top_float_const_float_const_Detection_int_cand_boxes_2_we0       |  out|    1|   ap_memory|  nms_top_float_const_float_const_Detection_int_cand_boxes_2|         array|
|nms_top_float_const_float_const_Detection_int_cand_boxes_2_d0        |  out|   32|   ap_memory|  nms_top_float_const_float_const_Detection_int_cand_boxes_2|         array|
|nms_top_float_const_float_const_Detection_int_cand_boxes_3_address0  |  out|   12|   ap_memory|  nms_top_float_const_float_const_Detection_int_cand_boxes_3|         array|
|nms_top_float_const_float_const_Detection_int_cand_boxes_3_ce0       |  out|    1|   ap_memory|  nms_top_float_const_float_const_Detection_int_cand_boxes_3|         array|
|nms_top_float_const_float_const_Detection_int_cand_boxes_3_we0       |  out|    1|   ap_memory|  nms_top_float_const_float_const_Detection_int_cand_boxes_3|         array|
|nms_top_float_const_float_const_Detection_int_cand_boxes_3_d0        |  out|   32|   ap_memory|  nms_top_float_const_float_const_Detection_int_cand_boxes_3|         array|
|cand_scores_address0                                                 |  out|   12|   ap_memory|                                                 cand_scores|         array|
|cand_scores_ce0                                                      |  out|    1|   ap_memory|                                                 cand_scores|         array|
|cand_scores_we0                                                      |  out|    1|   ap_memory|                                                 cand_scores|         array|
|cand_scores_d0                                                       |  out|   32|   ap_memory|                                                 cand_scores|         array|
|cand_cls_address0                                                    |  out|   12|   ap_memory|                                                    cand_cls|         array|
|cand_cls_ce0                                                         |  out|    1|   ap_memory|                                                    cand_cls|         array|
|cand_cls_we0                                                         |  out|    1|   ap_memory|                                                    cand_cls|         array|
|cand_cls_d0                                                          |  out|   32|   ap_memory|                                                    cand_cls|         array|
+---------------------------------------------------------------------+-----+-----+------------+------------------------------------------------------------+--------------+

