

================================================================
== Vitis HLS Report for 'score_filter_Pipeline_SF_C'
================================================================
* Date:           Tue Jun  2 14:12:41 2026

* Version:        2022.2 (Build 3670227 on Oct 13 2022)
* Project:        nms
* Solution:       solution1 (Vivado IP Flow Target)
* Product family: zynquplus
* Target device:  xczu9eg-ffvb1156-2-e


================================================================
== Performance Estimates
================================================================
+ Timing: 
    * Summary: 
    +--------+---------+----------+------------+
    |  Clock |  Target | Estimated| Uncertainty|
    +--------+---------+----------+------------+
    |ap_clk  |  5.00 ns|  6.179 ns|     1.35 ns|
    +--------+---------+----------+------------+

+ Latency: 
    * Summary: 
    +---------+---------+----------+----------+-----+-----+---------+
    |  Latency (cycles) |  Latency (absolute) |  Interval | Pipeline|
    |   min   |   max   |    min   |    max   | min | max |   Type  |
    +---------+---------+----------+----------+-----+-----+---------+
    |       87|       87|  0.538 us|  0.538 us|   87|   87|       no|
    +---------+---------+----------+----------+-----+-----+---------+

    + Detail: 
        * Instance: 
        N/A

        * Loop: 
        +----------+---------+---------+----------+-----------+-----------+------+----------+
        |          |  Latency (cycles) | Iteration|  Initiation Interval  | Trip |          |
        | Loop Name|   min   |   max   |  Latency |  achieved |   target  | Count| Pipelined|
        +----------+---------+---------+----------+-----------+-----------+------+----------+
        |- SF_C    |       85|       85|        53|         11|          1|     4|       yes|
        +----------+---------+---------+----------+-----------+-----------+------+----------+



================================================================
== Utilization Estimates
================================================================
* Summary: 
+-----------------+---------+------+--------+--------+-----+
|       Name      | BRAM_18K|  DSP |   FF   |   LUT  | URAM|
+-----------------+---------+------+--------+--------+-----+
|DSP              |        -|     1|       -|       -|    -|
|Expression       |        -|     -|       0|     951|    -|
|FIFO             |        -|     -|       -|       -|    -|
|Instance         |        -|     7|     381|    1039|    -|
|Memory           |        -|     -|       -|       -|    -|
|Multiplexer      |        -|     -|       -|     398|    -|
|Register         |        -|     -|    1266|     192|    -|
+-----------------+---------+------+--------+--------+-----+
|Total            |        0|     8|    1647|    2580|    0|
+-----------------+---------+------+--------+--------+-----+
|Available        |     1824|  2520|  548160|  274080|    0|
+-----------------+---------+------+--------+--------+-----+
|Utilization (%)  |        0|    ~0|      ~0|      ~0|    0|
+-----------------+---------+------+--------+--------+-----+

+ Detail: 
    * Instance: 
    +------------------------------------+---------------------------------+---------+----+-----+-----+-----+
    |              Instance              |              Module             | BRAM_18K| DSP|  FF | LUT | URAM|
    +------------------------------------+---------------------------------+---------+----+-----+-----+-----+
    |fexp_32ns_32ns_32_13_full_dsp_1_U5  |fexp_32ns_32ns_32_13_full_dsp_1  |        0|   7|  381|  939|    0|
    |mux_42_32_1_1_U6                    |mux_42_32_1_1                    |        0|   0|    0|   20|    0|
    |mux_42_32_1_1_U7                    |mux_42_32_1_1                    |        0|   0|    0|   20|    0|
    |mux_42_32_1_1_U8                    |mux_42_32_1_1                    |        0|   0|    0|   20|    0|
    |mux_42_32_1_1_U9                    |mux_42_32_1_1                    |        0|   0|    0|   20|    0|
    |mux_42_32_1_1_U10                   |mux_42_32_1_1                    |        0|   0|    0|   20|    0|
    +------------------------------------+---------------------------------+---------+----+-----+-----+-----+
    |Total                               |                                 |        0|   7|  381| 1039|    0|
    +------------------------------------+---------------------------------+---------+----+-----+-----+-----+

    * DSP: 
    +---------------------------------------------+-----------------------------------------+---------------------+
    |                   Instance                  |                  Module                 |      Expression     |
    +---------------------------------------------+-----------------------------------------+---------------------+
    |ama_addmuladd_12ns_12ns_7ns_12ns_12_1_1_U11  |ama_addmuladd_12ns_12ns_7ns_12ns_12_1_1  |  i0 + (i1 + i2) * i3|
    +---------------------------------------------+-----------------------------------------+---------------------+

    * Memory: 
    N/A

    * FIFO: 
    N/A

    * Expression: 
    +---------------------------------------------------------------+----------+----+---+----+------------+------------+
    |                         Variable Name                         | Operation| DSP| FF| LUT| Bitwidth P0| Bitwidth P1|
    +---------------------------------------------------------------+----------+----+---+----+------------+------------+
    |add_ln72_fu_556_p2                                             |         +|   0|  0|  71|          64|           1|
    |grp_fu_1286_p3                                                 |         +|   0|  0|  19|          12|          12|
    |num_cand_2_fu_772_p2                                           |         +|   0|  0|  39|          32|           1|
    |and_ln16_fu_658_p2                                             |       and|   0|  0|   2|           1|           1|
    |and_ln17_1_fu_673_p2                                           |       and|   0|  0|   2|           1|           1|
    |and_ln17_fu_662_p2                                             |       and|   0|  0|   2|           1|           1|
    |and_ln18_1_fu_1136_p2                                          |       and|   0|  0|   2|           1|           1|
    |and_ln18_2_fu_1193_p2                                          |       and|   0|  0|   2|           1|           1|
    |and_ln18_3_fu_1252_p2                                          |       and|   0|  0|   2|           1|           1|
    |and_ln18_fu_1049_p2                                            |       and|   0|  0|   2|           1|           1|
    |and_ln25_1_fu_1118_p2                                          |       and|   0|  0|   2|           1|           1|
    |and_ln25_fu_1031_p2                                            |       and|   0|  0|   2|           1|           1|
    |and_ln72_fu_550_p2                                             |       and|   0|  0|   2|           1|           1|
    |and_ln80_fu_737_p2                                             |       and|   0|  0|   2|           1|           1|
    |and_ln87_fu_826_p2                                             |       and|   0|  0|   2|           1|           1|
    |and_ln88_fu_932_p2                                             |       and|   0|  0|   2|           1|           1|
    |and_ln89_fu_884_p2                                             |       and|   0|  0|   2|           1|           1|
    |and_ln90_fu_980_p2                                             |       and|   0|  0|   2|           1|           1|
    |icmp_ln1019_1_fu_1025_p2                                       |      icmp|   0|  0|  16|          23|           1|
    |icmp_ln1019_2_fu_1037_p2                                       |      icmp|   0|  0|  11|           8|           2|
    |icmp_ln1019_3_fu_1106_p2                                       |      icmp|   0|  0|  11|           8|           1|
    |icmp_ln1019_4_fu_1112_p2                                       |      icmp|   0|  0|  16|          23|           1|
    |icmp_ln1019_5_fu_1124_p2                                       |      icmp|   0|  0|  11|           8|           2|
    |icmp_ln1019_6_fu_1181_p2                                       |      icmp|   0|  0|  11|           8|           2|
    |icmp_ln1019_7_fu_1240_p2                                       |      icmp|   0|  0|  11|           8|           2|
    |icmp_ln1019_fu_1019_p2                                         |      icmp|   0|  0|  11|           8|           1|
    |icmp_ln1023_1_fu_1246_p2                                       |      icmp|   0|  0|  16|          23|           1|
    |icmp_ln1023_fu_1187_p2                                         |      icmp|   0|  0|  16|          23|           1|
    |icmp_ln16_1_fu_646_p2                                          |      icmp|   0|  0|  16|          23|           1|
    |icmp_ln16_fu_640_p2                                            |      icmp|   0|  0|  11|           8|           2|
    |icmp_ln72_1_fu_544_p2                                          |      icmp|   0|  0|  20|          32|          12|
    |icmp_ln72_fu_538_p2                                            |      icmp|   0|  0|  28|          62|           1|
    |icmp_ln80_1_fu_725_p2                                          |      icmp|   0|  0|  16|          23|           1|
    |icmp_ln80_fu_719_p2                                            |      icmp|   0|  0|  11|           8|           2|
    |icmp_ln87_1_fu_814_p2                                          |      icmp|   0|  0|  16|          23|           1|
    |icmp_ln87_fu_808_p2                                            |      icmp|   0|  0|  11|           8|           2|
    |icmp_ln88_1_fu_920_p2                                          |      icmp|   0|  0|  16|          23|           1|
    |icmp_ln88_fu_914_p2                                            |      icmp|   0|  0|  11|           8|           2|
    |icmp_ln89_1_fu_872_p2                                          |      icmp|   0|  0|  16|          23|           1|
    |icmp_ln89_fu_866_p2                                            |      icmp|   0|  0|  11|           8|           2|
    |icmp_ln90_1_fu_968_p2                                          |      icmp|   0|  0|  16|          23|           1|
    |icmp_ln90_fu_962_p2                                            |      icmp|   0|  0|  11|           8|           2|
    |ymaggreater_2_fu_1199_p2                                       |      icmp|   0|  0|  20|          32|          31|
    |ymaggreater_3_fu_1258_p2                                       |      icmp|   0|  0|  20|          32|          31|
    |or_ln16_fu_652_p2                                              |        or|   0|  0|   2|           1|           1|
    |or_ln17_fu_686_p2                                              |        or|   0|  0|   2|           1|           1|
    |or_ln18_1_fu_1061_p2                                           |        or|   0|  0|   2|           1|           1|
    |or_ln18_2_fu_1142_p2                                           |        or|   0|  0|   2|           1|           1|
    |or_ln18_3_fu_1148_p2                                           |        or|   0|  0|   2|           1|           1|
    |or_ln18_fu_1055_p2                                             |        or|   0|  0|   2|           1|           1|
    |or_ln80_fu_731_p2                                              |        or|   0|  0|   2|           1|           1|
    |or_ln87_fu_820_p2                                              |        or|   0|  0|   2|           1|           1|
    |or_ln88_fu_926_p2                                              |        or|   0|  0|   2|           1|           1|
    |or_ln89_fu_878_p2                                              |        or|   0|  0|   2|           1|           1|
    |or_ln90_fu_974_p2                                              |        or|   0|  0|   2|           1|           1|
    |dh_1_fu_890_p3                                                 |    select|   0|  0|  32|           1|          31|
    |dh_2_fu_986_p3                                                 |    select|   0|  0|  32|           1|          31|
    |dw_1_fu_832_p3                                                 |    select|   0|  0|  32|           1|          31|
    |dw_2_fu_938_p3                                                 |    select|   0|  0|  32|           1|          31|
    |nms_top_float_const_float_const_Detection_int_cand_boxes_1_d0  |    select|   0|  0|  32|           1|           1|
    |nms_top_float_const_float_const_Detection_int_cand_boxes_2_d0  |    select|   0|  0|  32|           1|          31|
    |nms_top_float_const_float_const_Detection_int_cand_boxes_3_d0  |    select|   0|  0|  32|           1|          31|
    |nms_top_float_const_float_const_Detection_int_cand_boxes_d0    |    select|   0|  0|  32|           1|           1|
    |res_4_fu_1264_p3                                               |    select|   0|  0|  32|           1|          32|
    |res_fu_1205_p3                                                 |    select|   0|  0|  32|           1|          32|
    |s_fu_690_p3                                                    |    select|   0|  0|  32|           1|          32|
    |select_ln17_fu_679_p3                                          |    select|   0|  0|  30|           1|          30|
    |ap_enable_pp0                                                  |       xor|   0|  0|   2|           1|           2|
    |xor_ln1023_1_fu_1130_p2                                        |       xor|   0|  0|   2|           1|           2|
    |xor_ln1023_fu_1043_p2                                          |       xor|   0|  0|   2|           1|           2|
    |xor_ln16_fu_667_p2                                             |       xor|   0|  0|   2|           2|           1|
    +---------------------------------------------------------------+----------+----+---+----+------------+------------+
    |Total                                                          |          |   0|  0| 951|         635|         468|
    +---------------------------------------------------------------+----------+----+---+----+------------+------------+

    * Multiplexer: 
    +----------------------------------+----+-----------+-----+-----------+
    |               Name               | LUT| Input Size| Bits| Total Bits|
    +----------------------------------+----+-----------+-----+-----------+
    |ap_NS_fsm                         |  65|         12|    1|         12|
    |ap_done_int                       |   9|          2|    1|          2|
    |ap_enable_reg_pp0_iter0           |   9|          2|    1|          2|
    |ap_enable_reg_pp0_iter1           |   9|          2|    1|          2|
    |ap_enable_reg_pp0_iter4           |   9|          2|    1|          2|
    |ap_loop_exit_ready_pp0_iter1_reg  |   9|          2|    1|          2|
    |ap_loop_exit_ready_pp0_iter2_reg  |   9|          2|    1|          2|
    |ap_loop_exit_ready_pp0_iter3_reg  |   9|          2|    1|          2|
    |ap_sig_allocacmp_num_cand_1       |   9|          2|   32|         64|
    |c_fu_178                          |   9|          2|   64|        128|
    |grp_fu_483_opcode                 |  14|          3|    2|          6|
    |grp_fu_483_p0                     |  26|          5|   32|        160|
    |grp_fu_483_p1                     |  26|          5|   32|        160|
    |grp_fu_487_p0                     |  43|          8|   32|        256|
    |grp_fu_487_p1                     |  26|          5|   32|        160|
    |grp_fu_494_opcode                 |  20|          4|    5|         20|
    |grp_fu_494_p0                     |  43|          8|   32|        256|
    |grp_fu_494_p1                     |  31|          6|   32|        192|
    |grp_fu_503_p1                     |  14|          3|   32|         96|
    |num_cand_fu_182                   |   9|          2|   32|         64|
    +----------------------------------+----+-----------+-----+-----------+
    |Total                             | 398|         79|  367|       1588|
    +----------------------------------+----+-----------+-----+-----------+

    * Register: 
    +----------------------------------+----+----+-----+-----------+
    |               Name               | FF | LUT| Bits| Const Bits|
    +----------------------------------+----+----+-----+-----------+
    |and_ln16_reg_1497                 |   1|   0|    1|          0|
    |and_ln17_1_reg_1502               |   1|   0|    1|          0|
    |and_ln72_reg_1455                 |   1|   0|    1|          0|
    |and_ln80_reg_1525                 |   1|   0|    1|          0|
    |ap_CS_fsm                         |  11|   0|   11|          0|
    |ap_done_reg                       |   1|   0|    1|          0|
    |ap_enable_reg_pp0_iter0_reg       |   1|   0|    1|          0|
    |ap_enable_reg_pp0_iter1           |   1|   0|    1|          0|
    |ap_enable_reg_pp0_iter2           |   1|   0|    1|          0|
    |ap_enable_reg_pp0_iter3           |   1|   0|    1|          0|
    |ap_enable_reg_pp0_iter4           |   1|   0|    1|          0|
    |ap_loop_exit_ready_pp0_iter1_reg  |   1|   0|    1|          0|
    |ap_loop_exit_ready_pp0_iter2_reg  |   1|   0|    1|          0|
    |ap_loop_exit_ready_pp0_iter3_reg  |   1|   0|    1|          0|
    |c_1_reg_1442                      |  64|   0|   64|          0|
    |c_fu_178                          |  64|   0|   64|          0|
    |dh_1_reg_1560                     |  32|   0|   32|          0|
    |dh_2_reg_1577                     |  32|   0|   32|          0|
    |dh_reg_1553                       |  32|   0|   32|          0|
    |dw_1_reg_1546                     |  32|   0|   32|          0|
    |dw_2_reg_1572                     |  32|   0|   32|          0|
    |dw_reg_1534                       |  32|   0|   32|          0|
    |dy_reg_1541                       |  32|   0|   32|          0|
    |mul2_reg_1582                     |  32|   0|   32|          0|
    |mul5_reg_1617                     |  32|   0|   32|          0|
    |mul6_reg_1622                     |  32|   0|   32|          0|
    |mul_reg_1567                      |  32|   0|   32|          0|
    |num_cand_1_reg_1447               |  32|   0|   32|          0|
    |num_cand_fu_182                   |  32|   0|   32|          0|
    |or_ln16_reg_1486                  |   1|   0|    1|          0|
    |pred_cx_reg_1587                  |  32|   0|   32|          0|
    |pred_cy_reg_1592                  |  32|   0|   32|          0|
    |pred_h_reg_1612                   |  32|   0|   32|          0|
    |pred_w_reg_1607                   |  32|   0|   32|          0|
    |reg_508                           |  32|   0|   32|          0|
    |s_reg_1513                        |  32|   0|   32|          0|
    |tmp_4_reg_1492                    |   1|   0|    1|          0|
    |tmp_6_reg_1597                    |  32|   0|   32|          0|
    |tmp_7_reg_1602                    |  32|   0|   32|          0|
    |trunc_ln72_reg_1520               |  12|   0|   12|          0|
    |x_assign_reg_1479                 |  32|   0|   32|          0|
    |zext_ln103_reg_1627               |  12|   0|   64|         52|
    |and_ln72_reg_1455                 |  64|  32|    1|          0|
    |and_ln80_reg_1525                 |  64|  32|    1|          0|
    |num_cand_1_reg_1447               |  64|  32|   32|          0|
    |pred_cx_reg_1587                  |  64|  32|   32|          0|
    |pred_cy_reg_1592                  |  64|  32|   32|          0|
    |trunc_ln72_reg_1520               |  64|  32|   12|          0|
    +----------------------------------+----+----+-----+-----------+
    |Total                             |1266| 192| 1044|         52|
    +----------------------------------+----+----+-----+-----------+



================================================================
== Interface
================================================================
* Summary: 
+---------------------------------------------------------------------+-----+-----+------------+------------------------------------------------------------+--------------+
|                              RTL Ports                              | Dir | Bits|  Protocol  |                        Source Object                       |    C Type    |
+---------------------------------------------------------------------+-----+-----+------------+------------------------------------------------------------+--------------+
|ap_clk                                                               |   in|    1|  ap_ctrl_hs|                                  score_filter_Pipeline_SF_C|  return value|
|ap_rst                                                               |   in|    1|  ap_ctrl_hs|                                  score_filter_Pipeline_SF_C|  return value|
|ap_start                                                             |   in|    1|  ap_ctrl_hs|                                  score_filter_Pipeline_SF_C|  return value|
|ap_done                                                              |  out|    1|  ap_ctrl_hs|                                  score_filter_Pipeline_SF_C|  return value|
|ap_idle                                                              |  out|    1|  ap_ctrl_hs|                                  score_filter_Pipeline_SF_C|  return value|
|ap_ready                                                             |  out|    1|  ap_ctrl_hs|                                  score_filter_Pipeline_SF_C|  return value|
|grp_fu_1226_p_din0                                                   |  out|   32|  ap_ctrl_hs|                                  score_filter_Pipeline_SF_C|  return value|
|grp_fu_1226_p_din1                                                   |  out|   32|  ap_ctrl_hs|                                  score_filter_Pipeline_SF_C|  return value|
|grp_fu_1226_p_opcode                                                 |  out|    1|  ap_ctrl_hs|                                  score_filter_Pipeline_SF_C|  return value|
|grp_fu_1226_p_dout0                                                  |   in|   32|  ap_ctrl_hs|                                  score_filter_Pipeline_SF_C|  return value|
|grp_fu_1226_p_ce                                                     |  out|    1|  ap_ctrl_hs|                                  score_filter_Pipeline_SF_C|  return value|
|grp_fu_375_p_din0                                                    |  out|   32|  ap_ctrl_hs|                                  score_filter_Pipeline_SF_C|  return value|
|grp_fu_375_p_din1                                                    |  out|   32|  ap_ctrl_hs|                                  score_filter_Pipeline_SF_C|  return value|
|grp_fu_375_p_opcode                                                  |  out|    2|  ap_ctrl_hs|                                  score_filter_Pipeline_SF_C|  return value|
|grp_fu_375_p_dout0                                                   |   in|   32|  ap_ctrl_hs|                                  score_filter_Pipeline_SF_C|  return value|
|grp_fu_375_p_ce                                                      |  out|    1|  ap_ctrl_hs|                                  score_filter_Pipeline_SF_C|  return value|
|grp_fu_380_p_din0                                                    |  out|   32|  ap_ctrl_hs|                                  score_filter_Pipeline_SF_C|  return value|
|grp_fu_380_p_din1                                                    |  out|   32|  ap_ctrl_hs|                                  score_filter_Pipeline_SF_C|  return value|
|grp_fu_380_p_dout0                                                   |   in|   32|  ap_ctrl_hs|                                  score_filter_Pipeline_SF_C|  return value|
|grp_fu_380_p_ce                                                      |  out|    1|  ap_ctrl_hs|                                  score_filter_Pipeline_SF_C|  return value|
|grp_fu_1230_p_din0                                                   |  out|   32|  ap_ctrl_hs|                                  score_filter_Pipeline_SF_C|  return value|
|grp_fu_1230_p_din1                                                   |  out|   32|  ap_ctrl_hs|                                  score_filter_Pipeline_SF_C|  return value|
|grp_fu_1230_p_opcode                                                 |  out|    5|  ap_ctrl_hs|                                  score_filter_Pipeline_SF_C|  return value|
|grp_fu_1230_p_dout0                                                  |   in|    1|  ap_ctrl_hs|                                  score_filter_Pipeline_SF_C|  return value|
|grp_fu_1230_p_ce                                                     |  out|    1|  ap_ctrl_hs|                                  score_filter_Pipeline_SF_C|  return value|
|num_cand_3                                                           |   in|   32|     ap_none|                                                  num_cand_3|        scalar|
|mul1                                                                 |   in|   12|     ap_none|                                                        mul1|        scalar|
|p_shl                                                                |   in|   12|     ap_none|                                                       p_shl|        scalar|
|tmp11                                                                |   in|   12|     ap_none|                                                       tmp11|        scalar|
|cls_logits_0_Addr_A                                                  |  out|   32|        bram|                                                cls_logits_0|         array|
|cls_logits_0_EN_A                                                    |  out|    1|        bram|                                                cls_logits_0|         array|
|cls_logits_0_WEN_A                                                   |  out|    4|        bram|                                                cls_logits_0|         array|
|cls_logits_0_Din_A                                                   |  out|   32|        bram|                                                cls_logits_0|         array|
|cls_logits_0_Dout_A                                                  |   in|   32|        bram|                                                cls_logits_0|         array|
|cls_logits_1_Addr_A                                                  |  out|   32|        bram|                                                cls_logits_1|         array|
|cls_logits_1_EN_A                                                    |  out|    1|        bram|                                                cls_logits_1|         array|
|cls_logits_1_WEN_A                                                   |  out|    4|        bram|                                                cls_logits_1|         array|
|cls_logits_1_Din_A                                                   |  out|   32|        bram|                                                cls_logits_1|         array|
|cls_logits_1_Dout_A                                                  |   in|   32|        bram|                                                cls_logits_1|         array|
|cls_logits_2_Addr_A                                                  |  out|   32|        bram|                                                cls_logits_2|         array|
|cls_logits_2_EN_A                                                    |  out|    1|        bram|                                                cls_logits_2|         array|
|cls_logits_2_WEN_A                                                   |  out|    4|        bram|                                                cls_logits_2|         array|
|cls_logits_2_Din_A                                                   |  out|   32|        bram|                                                cls_logits_2|         array|
|cls_logits_2_Dout_A                                                  |   in|   32|        bram|                                                cls_logits_2|         array|
|cls_logits_3_Addr_A                                                  |  out|   32|        bram|                                                cls_logits_3|         array|
|cls_logits_3_EN_A                                                    |  out|    1|        bram|                                                cls_logits_3|         array|
|cls_logits_3_WEN_A                                                   |  out|    4|        bram|                                                cls_logits_3|         array|
|cls_logits_3_Din_A                                                   |  out|   32|        bram|                                                cls_logits_3|         array|
|cls_logits_3_Dout_A                                                  |   in|   32|        bram|                                                cls_logits_3|         array|
|add_ln78_1                                                           |   in|    2|     ap_none|                                                  add_ln78_1|        scalar|
|bitcast_ln81                                                         |   in|   32|     ap_none|                                                bitcast_ln81|        scalar|
|bitcast_ln81_1                                                       |   in|   32|     ap_none|                                              bitcast_ln81_1|        scalar|
|bitcast_ln81_2                                                       |   in|   32|     ap_none|                                              bitcast_ln81_2|        scalar|
|bitcast_ln81_3                                                       |   in|   32|     ap_none|                                              bitcast_ln81_3|        scalar|
|add53_cast                                                           |   in|    2|     ap_none|                                                  add53_cast|        scalar|
|bitcast_ln82                                                         |   in|   32|     ap_none|                                                bitcast_ln82|        scalar|
|bitcast_ln82_1                                                       |   in|   32|     ap_none|                                              bitcast_ln82_1|        scalar|
|bitcast_ln82_2                                                       |   in|   32|     ap_none|                                              bitcast_ln82_2|        scalar|
|bitcast_ln82_3                                                       |   in|   32|     ap_none|                                              bitcast_ln82_3|        scalar|
|tmp_20                                                               |   in|    2|     ap_none|                                                      tmp_20|        scalar|
|bitcast_ln83                                                         |   in|   32|     ap_none|                                                bitcast_ln83|        scalar|
|bitcast_ln83_1                                                       |   in|   32|     ap_none|                                              bitcast_ln83_1|        scalar|
|bitcast_ln83_2                                                       |   in|   32|     ap_none|                                              bitcast_ln83_2|        scalar|
|bitcast_ln83_3                                                       |   in|   32|     ap_none|                                              bitcast_ln83_3|        scalar|
|bitcast_ln84                                                         |   in|   32|     ap_none|                                                bitcast_ln84|        scalar|
|bitcast_ln84_1                                                       |   in|   32|     ap_none|                                              bitcast_ln84_1|        scalar|
|bitcast_ln84_2                                                       |   in|   32|     ap_none|                                              bitcast_ln84_2|        scalar|
|bitcast_ln84_3                                                       |   in|   32|     ap_none|                                              bitcast_ln84_3|        scalar|
|aw                                                                   |   in|   32|     ap_none|                                                          aw|        scalar|
|cx                                                                   |   in|   32|     ap_none|                                                          cx|        scalar|
|ah                                                                   |   in|   32|     ap_none|                                                          ah|        scalar|
|cy                                                                   |   in|   32|     ap_none|                                                          cy|        scalar|
|num_cand_4_out                                                       |  out|   32|      ap_vld|                                              num_cand_4_out|       pointer|
|num_cand_4_out_ap_vld                                                |  out|    1|      ap_vld|                                              num_cand_4_out|       pointer|
|nms_top_float_const_float_const_Detection_int_cand_boxes_address0    |  out|   12|   ap_memory|    nms_top_float_const_float_const_Detection_int_cand_boxes|         array|
|nms_top_float_const_float_const_Detection_int_cand_boxes_ce0         |  out|    1|   ap_memory|    nms_top_float_const_float_const_Detection_int_cand_boxes|         array|
|nms_top_float_const_float_const_Detection_int_cand_boxes_we0         |  out|    1|   ap_memory|    nms_top_float_const_float_const_Detection_int_cand_boxes|         array|
|nms_top_float_const_float_const_Detection_int_cand_boxes_d0          |  out|   32|   ap_memory|    nms_top_float_const_float_const_Detection_int_cand_boxes|         array|
|nms_top_float_const_float_const_Detection_int_cand_boxes_1_address0  |  out|   12|   ap_memory|  nms_top_float_const_float_const_Detection_int_cand_boxes_1|         array|
|nms_top_float_const_float_const_Detection_int_cand_boxes_1_ce0       |  out|    1|   ap_memory|  nms_top_float_const_float_const_Detection_int_cand_boxes_1|         array|
|nms_top_float_const_float_const_Detection_int_cand_boxes_1_we0       |  out|    1|   ap_memory|  nms_top_float_const_float_const_Detection_int_cand_boxes_1|         array|
|nms_top_float_const_float_const_Detection_int_cand_boxes_1_d0        |  out|   32|   ap_memory|  nms_top_float_const_float_const_Detection_int_cand_boxes_1|         array|
|nms_top_float_const_float_const_Detection_int_cand_boxes_2_address0  |  out|   12|   ap_memory|  nms_top_float_const_float_const_Detection_int_cand_boxes_2|         array|
|nms_top_float_const_float_const_Detection_int_cand_boxes_2_ce0       |  out|    1|   ap_memory|  nms_top_float_const_float_const_Detection_int_cand_boxes_2|         array|
|nms_top_float_const_float_const_Detection_int_cand_boxes_2_we0       |  out|    1|   ap_memory|  nms_top_float_const_float_const_Detection_int_cand_boxes_2|         array|
|nms_top_float_const_float_const_Detection_int_cand_boxes_2_d0        |  out|   32|   ap_memory|  nms_top_float_const_float_const_Detection_int_cand_boxes_2|         array|
|nms_top_float_const_float_const_Detection_int_cand_boxes_3_address0  |  out|   12|   ap_memory|  nms_top_float_const_float_const_Detection_int_cand_boxes_3|         array|
|nms_top_float_const_float_const_Detection_int_cand_boxes_3_ce0       |  out|    1|   ap_memory|  nms_top_float_const_float_const_Detection_int_cand_boxes_3|         array|
|nms_top_float_const_float_const_Detection_int_cand_boxes_3_we0       |  out|    1|   ap_memory|  nms_top_float_const_float_const_Detection_int_cand_boxes_3|         array|
|nms_top_float_const_float_const_Detection_int_cand_boxes_3_d0        |  out|   32|   ap_memory|  nms_top_float_const_float_const_Detection_int_cand_boxes_3|         array|
|cand_scores_address0                                                 |  out|   12|   ap_memory|                                                 cand_scores|         array|
|cand_scores_ce0                                                      |  out|    1|   ap_memory|                                                 cand_scores|         array|
|cand_scores_we0                                                      |  out|    1|   ap_memory|                                                 cand_scores|         array|
|cand_scores_d0                                                       |  out|   32|   ap_memory|                                                 cand_scores|         array|
|cand_cls_address0                                                    |  out|   12|   ap_memory|                                                    cand_cls|         array|
|cand_cls_ce0                                                         |  out|    1|   ap_memory|                                                    cand_cls|         array|
|cand_cls_we0                                                         |  out|    1|   ap_memory|                                                    cand_cls|         array|
|cand_cls_d0                                                          |  out|   32|   ap_memory|                                                    cand_cls|         array|
+---------------------------------------------------------------------+-----+-----+------------+------------------------------------------------------------+--------------+

