

================================================================
== Vitis HLS Report for 'conv1x1_plain_1_Pipeline_C1P_HW_C1P_IC'
================================================================
* Date:           Mon Jun  1 16:42:00 2026

* Version:        2022.2 (Build 3670227 on Oct 13 2022)
* Project:        fpn_192
* Solution:       solution1 (Vivado IP Flow Target)
* Product family: zynquplus
* Target device:  xczu9eg-ffvb1156-2-e


================================================================
== Performance Estimates
================================================================
+ Timing: 
    * Summary: 
    +--------+---------+----------+------------+
    |  Clock |  Target | Estimated| Uncertainty|
    +--------+---------+----------+------------+
    |ap_clk  |  5.00 ns|  3.397 ns|     1.35 ns|
    +--------+---------+----------+------------+

+ Latency: 
    * Summary: 
    +---------+---------+----------+----------+--------+--------+---------+
    |  Latency (cycles) |  Latency (absolute) |     Interval    | Pipeline|
    |   min   |   max   |    min   |    max   |   min  |   max  |   Type  |
    +---------+---------+----------+----------+--------+--------+---------+
    |   256019|   256019|  1.280 ms|  1.280 ms|  256019|  256019|       no|
    +---------+---------+----------+----------+--------+--------+---------+

    + Detail: 
        * Instance: 
        N/A

        * Loop: 
        +-----------------+---------+---------+----------+-----------+-----------+-------+----------+
        |                 |  Latency (cycles) | Iteration|  Initiation Interval  |  Trip |          |
        |    Loop Name    |   min   |   max   |  Latency |  achieved |   target  | Count | Pipelined|
        +-----------------+---------+---------+----------+-----------+-----------+-------+----------+
        |- C1P_HW_C1P_IC  |   256017|   256017|        23|          5|          1|  51200|       yes|
        +-----------------+---------+---------+----------+-----------+-----------+-------+----------+



================================================================
== Utilization Estimates
================================================================
* Summary: 
+-----------------+---------+------+--------+--------+-----+
|       Name      | BRAM_18K|  DSP |   FF   |   LUT  | URAM|
+-----------------+---------+------+--------+--------+-----+
|DSP              |        -|     1|       -|       -|    -|
|Expression       |        -|     -|       0|     506|    -|
|FIFO             |        -|     -|       -|       -|    -|
|Instance         |        -|     -|       -|       -|    -|
|Memory           |        -|     -|       -|       -|    -|
|Multiplexer      |        -|     -|       -|     383|    -|
|Register         |        -|     -|     869|     128|    -|
+-----------------+---------+------+--------+--------+-----+
|Total            |        0|     1|     869|    1017|    0|
+-----------------+---------+------+--------+--------+-----+
|Available        |     1824|  2520|  548160|  274080|    0|
+-----------------+---------+------+--------+--------+-----+
|Utilization (%)  |        0|    ~0|      ~0|      ~0|    0|
+-----------------+---------+------+--------+--------+-----+

+ Detail: 
    * Instance: 
    N/A

    * DSP: 
    +-----------------------------------+-------------------------------+--------------+
    |              Instance             |             Module            |  Expression  |
    +-----------------------------------+-------------------------------+--------------+
    |mac_muladd_8ns_9ns_9ns_16_4_1_U22  |mac_muladd_8ns_9ns_9ns_16_4_1  |  i0 * i1 + i2|
    +-----------------------------------+-------------------------------+--------------+

    * Memory: 
    N/A

    * FIFO: 
    N/A

    * Expression: 
    +---------------------------+----------+----+---+----+------------+------------+
    |       Variable Name       | Operation| DSP| FF| LUT| Bitwidth P0| Bitwidth P1|
    +---------------------------+----------+----+---+----+------------+------------+
    |add_ln396_2_fu_462_p2      |         +|   0|  0|  16|           9|           1|
    |add_ln396_fu_335_p2        |         +|   0|  0|  23|          16|           1|
    |add_ln401_fu_406_p2        |         +|   0|  0|  15|           8|           1|
    |add_ln404_fu_378_p2        |         +|   0|  0|  25|          18|          18|
    |add_ln405_fu_389_p2        |         +|   0|  0|  25|          18|          18|
    |add_ln406_2_fu_445_p2      |         +|   0|  0|  25|          18|          18|
    |add_ln406_fu_431_p2        |         +|   0|  0|  21|          14|          14|
    |add_ln407_fu_400_p2        |         +|   0|  0|  25|          18|          18|
    |add_ln409_fu_558_p2        |         +|   0|  0|  24|          17|          17|
    |add_ln410_2_fu_576_p2      |         +|   0|  0|  17|          10|           9|
    |add_ln410_fu_586_p2        |         +|   0|  0|  24|          17|          17|
    |add_ln411_2_fu_629_p2      |         +|   0|  0|  18|          11|          10|
    |add_ln411_fu_638_p2        |         +|   0|  0|  24|          17|          17|
    |add_ln412_2_fu_604_p2      |         +|   0|  0|  18|          11|          11|
    |add_ln412_fu_614_p2        |         +|   0|  0|  24|          17|          17|
    |icmp_ln396_fu_329_p2       |      icmp|   0|  0|  13|          16|          15|
    |icmp_ln401_2_fu_412_p2     |      icmp|   0|  0|  11|           8|           9|
    |icmp_ln401_fu_344_p2       |      icmp|   0|  0|  11|           8|           9|
    |select_ln396_10_fu_468_p3  |    select|   0|  0|   9|           1|           9|
    |select_ln396_6_fu_533_p3   |    select|   0|  0|  32|           1|          32|
    |select_ln396_7_fu_543_p3   |    select|   0|  0|  32|           1|          32|
    |select_ln396_8_fu_523_p3   |    select|   0|  0|  32|           1|          32|
    |select_ln396_9_fu_513_p3   |    select|   0|  0|  32|           1|          32|
    |select_ln396_fu_350_p3     |    select|   0|  0|   8|           1|           1|
    |ap_enable_pp0              |       xor|   0|  0|   2|           1|           2|
    +---------------------------+----------+----+---+----+------------+------------+
    |Total                      |          |   0|  0| 506|         258|         360|
    +---------------------------+----------+----+---+----+------------+------------+

    * Multiplexer: 
    +--------------------------------------+----+-----------+-----+-----------+
    |                 Name                 | LUT| Input Size| Bits| Total Bits|
    +--------------------------------------+----+-----------+-----+-----------+
    |acc0_02_fu_92                         |   9|          2|   32|         64|
    |acc1_03_fu_96                         |   9|          2|   32|         64|
    |acc2_04_fu_100                        |   9|          2|   32|         64|
    |acc3_05_fu_104                        |   9|          2|   32|         64|
    |ap_NS_fsm                             |  31|          6|    1|          6|
    |ap_done_int                           |   9|          2|    1|          2|
    |ap_enable_reg_pp0_iter0               |   9|          2|    1|          2|
    |ap_enable_reg_pp0_iter1               |   9|          2|    1|          2|
    |ap_enable_reg_pp0_iter4               |   9|          2|    1|          2|
    |ap_loop_exit_ready_pp0_iter1_reg      |   9|          2|    1|          2|
    |ap_loop_exit_ready_pp0_iter2_reg      |   9|          2|    1|          2|
    |ap_loop_exit_ready_pp0_iter3_reg      |   9|          2|    1|          2|
    |ap_sig_allocacmp_acc0_02_load         |   9|          2|   32|         64|
    |ap_sig_allocacmp_acc1_03_load         |   9|          2|   32|         64|
    |ap_sig_allocacmp_acc2_04_load         |   9|          2|   32|         64|
    |ap_sig_allocacmp_acc3_05_load         |   9|          2|   32|         64|
    |ap_sig_allocacmp_ic_load              |   9|          2|    8|         16|
    |ap_sig_allocacmp_indvar_flatten_load  |   9|          2|   16|         32|
    |grp_fu_259_p0                         |  26|          5|   32|        160|
    |grp_fu_259_p1                         |  26|          5|   32|        160|
    |grp_fu_263_p0                         |  14|          3|   32|         96|
    |grp_fu_263_p1                         |  26|          5|   32|        160|
    |grp_fu_267_p0                         |  26|          5|   32|        160|
    |hw_fu_112                             |   9|          2|    9|         18|
    |ic_fu_108                             |   9|          2|    8|         16|
    |indvar_flatten_fu_116                 |   9|          2|   16|         32|
    |lat3_address0                         |  26|          5|   17|         85|
    |w_conv_Addr_A_orig                    |  14|          3|   32|         96|
    |w_conv_Addr_B_orig                    |  14|          3|   32|         96|
    +--------------------------------------+----+-----------+-----+-----------+
    |Total                                 | 383|         80|  562|       1659|
    +--------------------------------------+----+-----------+-----+-----------+

    * Register: 
    +----------------------------------+----+----+-----+-----------+
    |               Name               | FF | LUT| Bits| Const Bits|
    +----------------------------------+----+----+-----+-----------+
    |acc0_02_fu_92                     |  32|   0|   32|          0|
    |acc1_03_fu_96                     |  32|   0|   32|          0|
    |acc2_04_fu_100                    |  32|   0|   32|          0|
    |acc3_05_fu_104                    |  32|   0|   32|          0|
    |add_ln407_reg_772                 |  18|   0|   18|          0|
    |ap_CS_fsm                         |   5|   0|    5|          0|
    |ap_done_reg                       |   1|   0|    1|          0|
    |ap_enable_reg_pp0_iter0_reg       |   1|   0|    1|          0|
    |ap_enable_reg_pp0_iter1           |   1|   0|    1|          0|
    |ap_enable_reg_pp0_iter2           |   1|   0|    1|          0|
    |ap_enable_reg_pp0_iter3           |   1|   0|    1|          0|
    |ap_enable_reg_pp0_iter4           |   1|   0|    1|          0|
    |ap_loop_exit_ready_pp0_iter1_reg  |   1|   0|    1|          0|
    |ap_loop_exit_ready_pp0_iter2_reg  |   1|   0|    1|          0|
    |ap_loop_exit_ready_pp0_iter3_reg  |   1|   0|    1|          0|
    |c3_load_reg_828                   |  32|   0|   32|          0|
    |conv4_reg_853                     |  32|   0|   32|          0|
    |conv5_reg_863                     |  32|   0|   32|          0|
    |conv6_reg_858                     |  32|   0|   32|          0|
    |conv_reg_843                      |  32|   0|   32|          0|
    |hw_fu_112                         |   9|   0|    9|          0|
    |ic_fu_108                         |   8|   0|    8|          0|
    |icmp_ln396_reg_739                |   1|   0|    1|          0|
    |icmp_ln401_2_reg_777              |   1|   0|    1|          0|
    |icmp_ln401_reg_743                |   1|   0|    1|          0|
    |indvar_flatten_fu_116             |  16|   0|   16|          0|
    |mul4_reg_878                      |  32|   0|   32|          0|
    |mul5_reg_898                      |  32|   0|   32|          0|
    |mul6_reg_888                      |  32|   0|   32|          0|
    |mul_reg_868                       |  32|   0|   32|          0|
    |p_cast16_cast_reg_734             |  15|   0|   18|          3|
    |reg_270                           |   8|   0|    8|          0|
    |reg_274                           |  32|   0|   32|          0|
    |select_ln396_10_reg_796           |   9|   0|    9|          0|
    |select_ln396_reg_752              |   8|   0|    8|          0|
    |w_conv_load_13_reg_781            |   8|   0|    8|          0|
    |w_conv_load_15_reg_813            |   8|   0|    8|          0|
    |x_reg_848                         |  32|   0|   32|          0|
    |zext_ln396_4_reg_908              |   9|   0|   11|          2|
    |icmp_ln396_reg_739                |  64|  32|    1|          0|
    |icmp_ln401_2_reg_777              |  64|  32|    1|          0|
    |icmp_ln401_reg_743                |  64|  32|    1|          0|
    |select_ln396_10_reg_796           |  64|  32|    9|          0|
    +----------------------------------+----+----+-----+-----------+
    |Total                             | 869| 128|  630|          5|
    +----------------------------------+----+----+-----+-----------+



================================================================
== Interface
================================================================
* Summary: 
+---------------------+-----+-----+------------+----------------------------------------+--------------+
|      RTL Ports      | Dir | Bits|  Protocol  |              Source Object             |    C Type    |
+---------------------+-----+-----+------------+----------------------------------------+--------------+
|ap_clk               |   in|    1|  ap_ctrl_hs|  conv1x1_plain.1_Pipeline_C1P_HW_C1P_IC|  return value|
|ap_rst               |   in|    1|  ap_ctrl_hs|  conv1x1_plain.1_Pipeline_C1P_HW_C1P_IC|  return value|
|ap_start             |   in|    1|  ap_ctrl_hs|  conv1x1_plain.1_Pipeline_C1P_HW_C1P_IC|  return value|
|ap_done              |  out|    1|  ap_ctrl_hs|  conv1x1_plain.1_Pipeline_C1P_HW_C1P_IC|  return value|
|ap_idle              |  out|    1|  ap_ctrl_hs|  conv1x1_plain.1_Pipeline_C1P_HW_C1P_IC|  return value|
|ap_ready             |  out|    1|  ap_ctrl_hs|  conv1x1_plain.1_Pipeline_C1P_HW_C1P_IC|  return value|
|grp_fu_421_p_din0    |  out|   32|  ap_ctrl_hs|  conv1x1_plain.1_Pipeline_C1P_HW_C1P_IC|  return value|
|grp_fu_421_p_din1    |  out|   32|  ap_ctrl_hs|  conv1x1_plain.1_Pipeline_C1P_HW_C1P_IC|  return value|
|grp_fu_421_p_opcode  |  out|    2|  ap_ctrl_hs|  conv1x1_plain.1_Pipeline_C1P_HW_C1P_IC|  return value|
|grp_fu_421_p_dout0   |   in|   32|  ap_ctrl_hs|  conv1x1_plain.1_Pipeline_C1P_HW_C1P_IC|  return value|
|grp_fu_421_p_ce      |  out|    1|  ap_ctrl_hs|  conv1x1_plain.1_Pipeline_C1P_HW_C1P_IC|  return value|
|grp_fu_425_p_din0    |  out|   32|  ap_ctrl_hs|  conv1x1_plain.1_Pipeline_C1P_HW_C1P_IC|  return value|
|grp_fu_425_p_din1    |  out|   32|  ap_ctrl_hs|  conv1x1_plain.1_Pipeline_C1P_HW_C1P_IC|  return value|
|grp_fu_425_p_dout0   |   in|   32|  ap_ctrl_hs|  conv1x1_plain.1_Pipeline_C1P_HW_C1P_IC|  return value|
|grp_fu_425_p_ce      |  out|    1|  ap_ctrl_hs|  conv1x1_plain.1_Pipeline_C1P_HW_C1P_IC|  return value|
|grp_fu_429_p_din0    |  out|   32|  ap_ctrl_hs|  conv1x1_plain.1_Pipeline_C1P_HW_C1P_IC|  return value|
|grp_fu_429_p_dout0   |   in|   32|  ap_ctrl_hs|  conv1x1_plain.1_Pipeline_C1P_HW_C1P_IC|  return value|
|grp_fu_429_p_ce      |  out|    1|  ap_ctrl_hs|  conv1x1_plain.1_Pipeline_C1P_HW_C1P_IC|  return value|
|acc3                 |   in|   32|     ap_none|                                    acc3|        scalar|
|acc2                 |   in|   32|     ap_none|                                    acc2|        scalar|
|acc1                 |   in|   32|     ap_none|                                    acc1|        scalar|
|acc0                 |   in|   32|     ap_none|                                    acc0|        scalar|
|c3_Addr_A            |  out|   32|        bram|                                      c3|         array|
|c3_EN_A              |  out|    1|        bram|                                      c3|         array|
|c3_WEN_A             |  out|    4|        bram|                                      c3|         array|
|c3_Din_A             |  out|   32|        bram|                                      c3|         array|
|c3_Dout_A            |   in|   32|        bram|                                      c3|         array|
|p_cast15             |   in|   15|     ap_none|                                p_cast15|        scalar|
|w_conv_Addr_A        |  out|   32|        bram|                                  w_conv|         array|
|w_conv_EN_A          |  out|    1|        bram|                                  w_conv|         array|
|w_conv_WEN_A         |  out|    1|        bram|                                  w_conv|         array|
|w_conv_Din_A         |  out|    8|        bram|                                  w_conv|         array|
|w_conv_Dout_A        |   in|    8|        bram|                                  w_conv|         array|
|w_conv_Addr_B        |  out|   32|        bram|                                  w_conv|         array|
|w_conv_EN_B          |  out|    1|        bram|                                  w_conv|         array|
|w_conv_WEN_B         |  out|    1|        bram|                                  w_conv|         array|
|w_conv_Din_B         |  out|    8|        bram|                                  w_conv|         array|
|w_conv_Dout_B        |   in|    8|        bram|                                  w_conv|         array|
|p_cast16             |   in|   15|     ap_none|                                p_cast16|        scalar|
|p_cast17             |   in|   15|     ap_none|                                p_cast17|        scalar|
|empty                |   in|   17|     ap_none|                                   empty|        scalar|
|lat3_address0        |  out|   17|   ap_memory|                                    lat3|         array|
|lat3_ce0             |  out|    1|   ap_memory|                                    lat3|         array|
|lat3_we0             |  out|    1|   ap_memory|                                    lat3|         array|
|lat3_d0              |  out|   32|   ap_memory|                                    lat3|         array|
+---------------------+-----+-----+------------+----------------------------------------+--------------+

