

================================================================
== Vitis HLS Report for 'fpn_conv3x3_4'
================================================================
* Date:           Mon Jun  1 16:42:04 2026

* Version:        2022.2 (Build 3670227 on Oct 13 2022)
* Project:        fpn_192
* Solution:       solution1 (Vivado IP Flow Target)
* Product family: zynquplus
* Target device:  xczu9eg-ffvb1156-2-e


================================================================
== Performance Estimates
================================================================
+ Timing: 
    * Summary: 
    +--------+---------+----------+------------+
    |  Clock |  Target | Estimated| Uncertainty|
    +--------+---------+----------+------------+
    |ap_clk  |  5.00 ns|  3.824 ns|     1.35 ns|
    +--------+---------+----------+------------+

+ Latency: 
    * Summary: 
    +-----------+-----------+-----------+-----------+-----------+-----------+---------+
    |    Latency (cycles)   |   Latency (absolute)  |        Interval       | Pipeline|
    |    min    |    max    |    min    |    max    |    min    |    max    |   Type  |
    +-----------+-----------+-----------+-----------+-----------+-----------+---------+
    |  666316804|  666316804|  3.332 sec|  3.332 sec|  666316804|  666316804|       no|
    +-----------+-----------+-----------+-----------+-----------+-----------+---------+

    + Detail: 
        * Instance: 
        +-----------------------------------------------------------+------------------------------------------------+---------+---------+-----------+-----------+------+------+---------+
        |                                                           |                                                |  Latency (cycles) |   Latency (absolute)  |   Interval  | Pipeline|
        |                          Instance                         |                     Module                     |   min   |   max   |    min    |    max    |  min |  max |   Type  |
        +-----------------------------------------------------------+------------------------------------------------+---------+---------+-----------+-----------+------+------+---------+
        |grp_fpn_conv3x3_4_Pipeline_FPN3_IC_FPN3_KH_FPN3_KW_fu_256  |fpn_conv3x3_4_Pipeline_FPN3_IC_FPN3_KH_FPN3_KW  |     8659|     8659|  43.295 us|  43.295 us|  8659|  8659|       no|
        +-----------------------------------------------------------+------------------------------------------------+---------+---------+-----------+-----------+------+------+---------+

        * Loop: 
        +---------------------------+-----------+-----------+----------+-----------+-----------+-------+----------+
        |                           |    Latency (cycles)   | Iteration|  Initiation Interval  |  Trip |          |
        |         Loop Name         |    min    |    max    |  Latency |  achieved |   target  | Count | Pipelined|
        +---------------------------+-----------+-----------+----------+-----------+-----------+-------+----------+
        |- FPN3_OC_FPN3_OH_FPN3_OW  |  666316803|  666316803|      8676|          -|          -|  76800|        no|
        +---------------------------+-----------+-----------+----------+-----------+-----------+-------+----------+



================================================================
== Utilization Estimates
================================================================
* Summary: 
+-----------------+---------+------+--------+--------+-----+
|       Name      | BRAM_18K|  DSP |   FF   |   LUT  | URAM|
+-----------------+---------+------+--------+--------+-----+
|DSP              |        -|     2|       -|       -|    -|
|Expression       |        -|     -|       0|    1186|    -|
|FIFO             |        -|     -|       -|       -|    -|
|Instance         |        -|     1|     959|    1614|    -|
|Memory           |        -|     -|       -|       -|    -|
|Multiplexer      |        -|     -|       -|     320|    -|
|Register         |        -|     -|     510|       -|    -|
+-----------------+---------+------+--------+--------+-----+
|Total            |        0|     3|    1469|    3120|    0|
+-----------------+---------+------+--------+--------+-----+
|Available        |     1824|  2520|  548160|  274080|    0|
+-----------------+---------+------+--------+--------+-----+
|Utilization (%)  |        0|    ~0|      ~0|       1|    0|
+-----------------+---------+------+--------+--------+-----+

+ Detail: 
    * Instance: 
    +-----------------------------------------------------------+------------------------------------------------+---------+----+-----+------+-----+
    |                          Instance                         |                     Module                     | BRAM_18K| DSP|  FF |  LUT | URAM|
    +-----------------------------------------------------------+------------------------------------------------+---------+----+-----+------+-----+
    |grp_fpn_conv3x3_4_Pipeline_FPN3_IC_FPN3_KH_FPN3_KW_fu_256  |fpn_conv3x3_4_Pipeline_FPN3_IC_FPN3_KH_FPN3_KW  |        0|   1|  959|  1614|    0|
    +-----------------------------------------------------------+------------------------------------------------+---------+----+-----+------+-----+
    |Total                                                      |                                                |        0|   1|  959|  1614|    0|
    +-----------------------------------------------------------+------------------------------------------------+---------+----+-----+------+-----+

    * DSP: 
    +------------------------------+-------------------------+-----------+
    |           Instance           |          Module         | Expression|
    +------------------------------+-------------------------+-----------+
    |mul_mul_8ns_11ns_19_4_1_U136  |mul_mul_8ns_11ns_19_4_1  |    i0 * i1|
    |mul_mul_8ns_11ns_19_4_1_U137  |mul_mul_8ns_11ns_19_4_1  |    i0 * i1|
    +------------------------------+-------------------------+-----------+

    * Memory: 
    N/A

    * FIFO: 
    N/A

    * Expression: 
    +----------------------------+----------+----+---+----+------------+------------+
    |        Variable Name       | Operation| DSP| FF| LUT| Bitwidth P0| Bitwidth P1|
    +----------------------------+----------+----+---+----+------------+------------+
    |add_ln436_1_fu_579_p2       |         +|   0|  0|  15|           8|           3|
    |add_ln436_fu_553_p2         |         +|   0|  0|  24|          17|           1|
    |add_ln437_1_fu_633_p2       |         +|   0|  0|  19|          12|           1|
    |add_ln437_fu_891_p2         |         +|   0|  0|  13|           6|           1|
    |add_ln438_fu_627_p2         |         +|   0|  0|  13|           6|           1|
    |add_ln447_3_fu_1001_p2      |         +|   0|  0|  19|          12|          12|
    |add_ln456_1_fu_541_p2       |         +|   0|  0|  26|          19|          19|
    |add_ln456_2_fu_1097_p2      |         +|   0|  0|  26|          19|          19|
    |add_ln456_fu_1121_p2        |         +|   0|  0|  26|          19|          19|
    |add_ln457_1_fu_1226_p2      |         +|   0|  0|  26|          19|          19|
    |add_ln457_fu_1216_p2        |         +|   0|  0|  23|          16|          16|
    |add_ln458_1_fu_1251_p2      |         +|   0|  0|  26|          19|          19|
    |add_ln458_fu_1241_p2        |         +|   0|  0|  23|          16|          16|
    |add_ln459_1_fu_1144_p2      |         +|   0|  0|  26|          19|          19|
    |add_ln459_fu_1134_p2        |         +|   0|  0|  20|          13|          13|
    |empty_41_fu_368_p2          |         +|   0|  0|  20|          13|          12|
    |empty_44_fu_402_p2          |         +|   0|  0|  20|          13|          12|
    |empty_45_fu_408_p2          |         +|   0|  0|  20|          13|          12|
    |empty_47_fu_424_p2          |         +|   0|  0|  20|          13|          12|
    |empty_48_fu_470_p2          |         +|   0|  0|  20|          13|          13|
    |empty_49_fu_514_p2          |         +|   0|  0|  20|          13|          13|
    |empty_50_fu_530_p2          |         +|   0|  0|  20|          13|          13|
    |p_mid1134_fu_719_p2         |         +|   0|  0|  20|          13|          12|
    |p_mid1144_fu_753_p2         |         +|   0|  0|  20|          13|          12|
    |p_mid1146_fu_759_p2         |         +|   0|  0|  20|          13|          12|
    |p_mid1150_fu_775_p2         |         +|   0|  0|  20|          13|          12|
    |p_mid1168_fu_855_p2         |         +|   0|  0|  20|          13|          13|
    |p_mid1194_fu_867_p2         |         +|   0|  0|  20|          13|           6|
    |p_mid1210_fu_879_p2         |         +|   0|  0|  20|          13|           7|
    |p_mid140_fu_968_p2          |         +|   0|  0|  14|           7|           2|
    |p_mid181_fu_921_p2          |         +|   0|  0|  20|          13|          13|
    |p_mid187_fu_944_p2          |         +|   0|  0|  20|          13|          13|
    |tmp1_fu_520_p2              |         +|   0|  0|  14|           7|           7|
    |tmp1_mid1_fu_934_p2         |         +|   0|  0|  14|           7|           7|
    |tmp2_fu_536_p2              |         +|   0|  0|  26|          19|          19|
    |tmp2_mid1_fu_1084_p2        |         +|   0|  0|  26|          19|          19|
    |tmp_fu_504_p2               |         +|   0|  0|  14|           7|           6|
    |tmp_mid1_fu_911_p2          |         +|   0|  0|  14|           7|           6|
    |empty_fu_351_p2             |         -|   0|  0|  24|          17|          17|
    |p_mid1128_fu_689_p2         |         -|   0|  0|  24|          17|          17|
    |and_ln436_fu_600_p2         |       and|   0|  0|   2|           1|           1|
    |icmp_ln436_fu_547_p2        |      icmp|   0|  0|  13|          17|          17|
    |icmp_ln437_fu_565_p2        |      icmp|   0|  0|  12|          12|          11|
    |icmp_ln438_fu_594_p2        |      icmp|   0|  0|  10|           6|           6|
    |icmp_ln446_2_fu_994_p2      |      icmp|   0|  0|  10|           7|           6|
    |empty_43_fu_392_p2          |        or|   0|  0|  10|          10|           3|
    |empty_46_fu_414_p2          |        or|   0|  0|  10|          10|           4|
    |or_ln436_fu_701_p2          |        or|   0|  0|  17|          17|           8|
    |or_ln437_fu_613_p2          |        or|   0|  0|   2|           1|           1|
    |p_mid1142_fu_743_p2         |        or|   0|  0|  10|          10|           3|
    |p_mid1148_fu_765_p2         |        or|   0|  0|  10|          10|           4|
    |select_ln436_10_fu_885_p3   |    select|   0|  0|  12|           1|          13|
    |select_ln436_11_fu_1041_p3  |    select|   0|  0|  18|           1|          19|
    |select_ln436_12_fu_1046_p3  |    select|   0|  0|  18|           1|          19|
    |select_ln436_13_fu_606_p3   |    select|   0|  0|   8|           1|           8|
    |select_ln436_1_fu_695_p3    |    select|   0|  0|  16|           1|          17|
    |select_ln436_2_fu_1017_p3   |    select|   0|  0|  18|           1|          19|
    |select_ln436_3_fu_791_p3    |    select|   0|  0|  10|           1|          11|
    |select_ln436_4_fu_812_p3    |    select|   0|  0|  10|           1|          11|
    |select_ln436_5_fu_833_p3    |    select|   0|  0|  10|           1|          11|
    |select_ln436_6_fu_849_p3    |    select|   0|  0|  10|           1|          11|
    |select_ln436_7_fu_861_p3    |    select|   0|  0|  12|           1|          13|
    |select_ln436_8_fu_1035_p3   |    select|   0|  0|  10|           1|           1|
    |select_ln436_9_fu_873_p3    |    select|   0|  0|  12|           1|          13|
    |select_ln436_fu_571_p3      |    select|   0|  0|   6|           1|           1|
    |select_ln437_1_fu_900_p3    |    select|   0|  0|   6|           1|           6|
    |select_ln437_2_fu_1073_p3   |    select|   0|  0|  10|           1|          11|
    |select_ln437_3_fu_927_p3    |    select|   0|  0|  12|           1|          13|
    |select_ln437_4_fu_950_p3    |    select|   0|  0|  12|           1|          13|
    |select_ln437_5_fu_1090_p3   |    select|   0|  0|  18|           1|          19|
    |select_ln437_6_fu_1103_p3   |    select|   0|  0|  18|           1|          19|
    |select_ln437_7_fu_639_p3    |    select|   0|  0|  11|           1|           1|
    |select_ln437_fu_619_p3      |    select|   0|  0|   6|           1|           1|
    |xor_ln436_fu_588_p2         |       xor|   0|  0|   2|           1|           2|
    +----------------------------+----------+----+---+----+------------+------------+
    |Total                       |          |   0|  0|1186|         659|         781|
    +----------------------------+----------+----+---+----+------------+------------+

    * Multiplexer: 
    +--------------------------+----+-----------+-----+-----------+
    |           Name           | LUT| Input Size| Bits| Total Bits|
    +--------------------------+----+-----------+-----+-----------+
    |ap_NS_fsm                 |  97|         19|    1|         19|
    |grp_fu_1605_ce            |   9|          2|    1|          2|
    |grp_fu_1609_ce            |   9|          2|    1|          2|
    |grp_fu_1613_ce            |   9|          2|    1|          2|
    |grp_fu_274_p0             |  20|          4|   32|        128|
    |grp_fu_274_p1             |  20|          4|   32|        128|
    |indvar_flatten230_fu_154  |   9|          2|   17|         34|
    |indvar_flatten93_fu_146   |   9|          2|   12|         24|
    |oc_fu_150                 |   9|          2|    8|         16|
    |oh_fu_142                 |   9|          2|    6|         12|
    |ow_fu_138                 |   9|          2|    6|         12|
    |p3_Addr_A_orig            |  14|          3|   32|         96|
    |p3_Addr_B_orig            |  14|          3|   32|         96|
    |p3_Din_A                  |  14|          3|   32|         96|
    |p3_Din_B                  |  14|          3|   32|         96|
    |p3_WEN_A                  |   9|          2|    4|          8|
    |p3_WEN_B                  |   9|          2|    4|          8|
    |reg_282                   |   9|          2|   32|         64|
    |w_meta_Addr_A_orig        |  14|          3|   32|         96|
    |w_meta_Addr_B_orig        |  14|          3|   32|         96|
    +--------------------------+----+-----------+-----+-----------+
    |Total                     | 320|         67|  349|       1035|
    +--------------------------+----+-----------+-----+-----------+

    * Register: 
    +------------------------------------------------------------------------+----+----+-----+-----------+
    |                                  Name                                  | FF | LUT| Bits| Const Bits|
    +------------------------------------------------------------------------+----+----+-----+-----------+
    |add1_reg_1595                                                           |  32|   0|   32|          0|
    |add_ln436_1_reg_1443                                                    |   8|   0|    8|          0|
    |add_ln437_reg_1500                                                      |   6|   0|    6|          0|
    |add_ln447_3_reg_1533                                                    |   9|   0|   12|          3|
    |add_ln456_1_reg_1413                                                    |  19|   0|   19|          0|
    |add_ln456_reg_1569                                                      |  19|   0|   19|          0|
    |add_ln458_1_reg_1600                                                    |  19|   0|   19|          0|
    |add_ln459_1_reg_1574                                                    |  19|   0|   19|          0|
    |and_ln436_reg_1457                                                      |   1|   0|    1|          0|
    |ap_CS_fsm                                                               |  18|   0|   18|          0|
    |empty_42_reg_1363                                                       |  19|   0|   19|          0|
    |empty_48_reg_1388                                                       |  10|   0|   13|          3|
    |empty_49_reg_1398                                                       |  13|   0|   13|          0|
    |empty_50_reg_1403                                                       |  13|   0|   13|          0|
    |empty_reg_1358                                                          |  11|   0|   17|          6|
    |grp_fpn_conv3x3_4_Pipeline_FPN3_IC_FPN3_KH_FPN3_KW_fu_256_ap_start_reg  |   1|   0|    1|          0|
    |icmp_ln437_reg_1421                                                     |   1|   0|    1|          0|
    |icmp_ln446_2_reg_1528                                                   |   1|   0|    1|          0|
    |indvar_flatten230_fu_154                                                |  17|   0|   17|          0|
    |indvar_flatten93_fu_146                                                 |  12|   0|   12|          0|
    |oc_fu_150                                                               |   8|   0|    8|          0|
    |oh_fu_142                                                               |   6|   0|    6|          0|
    |or_ln436_reg_1475                                                       |   9|   0|   17|          8|
    |ow_fu_138                                                               |   6|   0|    6|          0|
    |p_shl8_reg_1393                                                         |   6|   0|   11|          5|
    |reg_282                                                                 |  32|   0|   32|          0|
    |reg_287                                                                 |  32|   0|   32|          0|
    |select_ln436_5_reg_1490                                                 |  10|   0|   11|          1|
    |select_ln436_6_reg_1495                                                 |   9|   0|   11|          2|
    |select_ln436_reg_1437                                                   |   6|   0|    6|          0|
    |select_ln437_1_reg_1506                                                 |   6|   0|    6|          0|
    |select_ln437_3_reg_1511                                                 |  13|   0|   13|          0|
    |select_ln437_4_reg_1517                                                 |  13|   0|   13|          0|
    |select_ln437_reg_1467                                                   |   6|   0|    6|          0|
    |tmp2_reg_1408                                                           |  19|   0|   19|          0|
    |tmp_1_reg_1523                                                          |   9|   0|    9|          0|
    |tmp_4_reg_1368                                                          |  11|   0|   11|          0|
    |tmp_5_reg_1373                                                          |  10|   0|   11|          1|
    |tmp_6_reg_1378                                                          |  10|   0|   11|          1|
    |tmp_7_reg_1383                                                          |   9|   0|   11|          2|
    |w_meta_load_1_reg_1538                                                  |  32|   0|   32|          0|
    +------------------------------------------------------------------------+----+----+-----+-----------+
    |Total                                                                   | 510|   0|  542|         32|
    +------------------------------------------------------------------------+----+----+-----+-----------+



================================================================
== Interface
================================================================
* Summary: 
+---------------------+-----+-----+------------+---------------+--------------+
|      RTL Ports      | Dir | Bits|  Protocol  | Source Object |    C Type    |
+---------------------+-----+-----+------------+---------------+--------------+
|ap_clk               |   in|    1|  ap_ctrl_hs|  fpn_conv3x3.4|  return value|
|ap_rst               |   in|    1|  ap_ctrl_hs|  fpn_conv3x3.4|  return value|
|ap_start             |   in|    1|  ap_ctrl_hs|  fpn_conv3x3.4|  return value|
|ap_done              |  out|    1|  ap_ctrl_hs|  fpn_conv3x3.4|  return value|
|ap_idle              |  out|    1|  ap_ctrl_hs|  fpn_conv3x3.4|  return value|
|ap_ready             |  out|    1|  ap_ctrl_hs|  fpn_conv3x3.4|  return value|
|grp_fu_164_p_din0    |  out|   32|  ap_ctrl_hs|  fpn_conv3x3.4|  return value|
|grp_fu_164_p_din1    |  out|   32|  ap_ctrl_hs|  fpn_conv3x3.4|  return value|
|grp_fu_164_p_opcode  |  out|    2|  ap_ctrl_hs|  fpn_conv3x3.4|  return value|
|grp_fu_164_p_dout0   |   in|   32|  ap_ctrl_hs|  fpn_conv3x3.4|  return value|
|grp_fu_164_p_ce      |  out|    1|  ap_ctrl_hs|  fpn_conv3x3.4|  return value|
|grp_fu_168_p_din0    |  out|   32|  ap_ctrl_hs|  fpn_conv3x3.4|  return value|
|grp_fu_168_p_din1    |  out|   32|  ap_ctrl_hs|  fpn_conv3x3.4|  return value|
|grp_fu_168_p_dout0   |   in|   32|  ap_ctrl_hs|  fpn_conv3x3.4|  return value|
|grp_fu_168_p_ce      |  out|    1|  ap_ctrl_hs|  fpn_conv3x3.4|  return value|
|grp_fu_172_p_din0    |  out|   32|  ap_ctrl_hs|  fpn_conv3x3.4|  return value|
|grp_fu_172_p_dout0   |   in|   32|  ap_ctrl_hs|  fpn_conv3x3.4|  return value|
|grp_fu_172_p_ce      |  out|    1|  ap_ctrl_hs|  fpn_conv3x3.4|  return value|
|grp_fu_175_p_din0    |  out|   32|  ap_ctrl_hs|  fpn_conv3x3.4|  return value|
|grp_fu_175_p_din1    |  out|   32|  ap_ctrl_hs|  fpn_conv3x3.4|  return value|
|grp_fu_175_p_opcode  |  out|    2|  ap_ctrl_hs|  fpn_conv3x3.4|  return value|
|grp_fu_175_p_dout0   |   in|   32|  ap_ctrl_hs|  fpn_conv3x3.4|  return value|
|grp_fu_175_p_ce      |  out|    1|  ap_ctrl_hs|  fpn_conv3x3.4|  return value|
|grp_fu_179_p_din0    |  out|   32|  ap_ctrl_hs|  fpn_conv3x3.4|  return value|
|grp_fu_179_p_din1    |  out|   32|  ap_ctrl_hs|  fpn_conv3x3.4|  return value|
|grp_fu_179_p_opcode  |  out|    2|  ap_ctrl_hs|  fpn_conv3x3.4|  return value|
|grp_fu_179_p_dout0   |   in|   32|  ap_ctrl_hs|  fpn_conv3x3.4|  return value|
|grp_fu_179_p_ce      |  out|    1|  ap_ctrl_hs|  fpn_conv3x3.4|  return value|
|p3_Addr_A            |  out|   32|        bram|             p3|         array|
|p3_EN_A              |  out|    1|        bram|             p3|         array|
|p3_WEN_A             |  out|    4|        bram|             p3|         array|
|p3_Din_A             |  out|   32|        bram|             p3|         array|
|p3_Dout_A            |   in|   32|        bram|             p3|         array|
|p3_Addr_B            |  out|   32|        bram|             p3|         array|
|p3_EN_B              |  out|    1|        bram|             p3|         array|
|p3_WEN_B             |  out|    4|        bram|             p3|         array|
|p3_Din_B             |  out|   32|        bram|             p3|         array|
|p3_Dout_B            |   in|   32|        bram|             p3|         array|
|w_conv_Addr_A        |  out|   32|        bram|         w_conv|         array|
|w_conv_EN_A          |  out|    1|        bram|         w_conv|         array|
|w_conv_WEN_A         |  out|    1|        bram|         w_conv|         array|
|w_conv_Din_A         |  out|    8|        bram|         w_conv|         array|
|w_conv_Dout_A        |   in|    8|        bram|         w_conv|         array|
|w_conv_Addr_B        |  out|   32|        bram|         w_conv|         array|
|w_conv_EN_B          |  out|    1|        bram|         w_conv|         array|
|w_conv_WEN_B         |  out|    1|        bram|         w_conv|         array|
|w_conv_Din_B         |  out|    8|        bram|         w_conv|         array|
|w_conv_Dout_B        |   in|    8|        bram|         w_conv|         array|
|w_meta_Addr_A        |  out|   32|        bram|         w_meta|         array|
|w_meta_EN_A          |  out|    1|        bram|         w_meta|         array|
|w_meta_WEN_A         |  out|    4|        bram|         w_meta|         array|
|w_meta_Din_A         |  out|   32|        bram|         w_meta|         array|
|w_meta_Dout_A        |   in|   32|        bram|         w_meta|         array|
|w_meta_Addr_B        |  out|   32|        bram|         w_meta|         array|
|w_meta_EN_B          |  out|    1|        bram|         w_meta|         array|
|w_meta_WEN_B         |  out|    4|        bram|         w_meta|         array|
|w_meta_Din_B         |  out|   32|        bram|         w_meta|         array|
|w_meta_Dout_B        |   in|   32|        bram|         w_meta|         array|
|lat2_address0        |  out|   19|   ap_memory|           lat2|         array|
|lat2_ce0             |  out|    1|   ap_memory|           lat2|         array|
|lat2_q0              |   in|   32|   ap_memory|           lat2|         array|
+---------------------+-----+-----+------------+---------------+--------------+

