

================================================================
== Vitis HLS Report for 'fpn_p3p4p5_top'
================================================================
* Date:           Mon Jun  1 16:42:05 2026

* Version:        2022.2 (Build 3670227 on Oct 13 2022)
* Project:        fpn_192
* Solution:       solution1 (Vivado IP Flow Target)
* Product family: zynquplus
* Target device:  xczu9eg-ffvb1156-2-e


================================================================
== Performance Estimates
================================================================
+ Timing: 
    * Summary: 
    +--------+---------+----------+------------+
    |  Clock |  Target | Estimated| Uncertainty|
    +--------+---------+----------+------------+
    |ap_clk  |  5.00 ns|  3.824 ns|     1.35 ns|
    +--------+---------+----------+------------+

+ Latency: 
    * Summary: 
    +-----------+-----------+-----------+-----------+-----------+-----------+---------+
    |    Latency (cycles)   |   Latency (absolute)  |        Interval       | Pipeline|
    |    min    |    max    |    min    |    max    |    min    |    max    |   Type  |
    +-----------+-----------+-----------+-----------+-----------+-----------+---------+
    |  938979429|  938979429|  4.695 sec|  4.695 sec|  938979430|  938979430|       no|
    +-----------+-----------+-----------+-----------+-----------+-----------+---------+

    + Detail: 
        * Instance: 
        +------------------------------------------------------------------+-------------------------------------------------------+-----------+-----------+-----------+-----------+-----------+-----------+---------+
        |                                                                  |                                                       |    Latency (cycles)   |   Latency (absolute)  |        Interval       | Pipeline|
        |                             Instance                             |                         Module                        |    min    |    max    |    min    |    max    |    min    |    max    |   Type  |
        +------------------------------------------------------------------+-------------------------------------------------------+-----------+-----------+-----------+-----------+-----------+-----------+---------+
        |grp_conv1x1_plain_fu_68                                           |conv1x1_plain                                          |   15361105|   15361105|  76.806 ms|  76.806 ms|   15361105|   15361105|       no|
        |grp_conv1x1_plain_1_fu_80                                         |conv1x1_plain_1                                        |   12289105|   12289105|  61.446 ms|  61.446 ms|   12289105|   12289105|       no|
        |grp_conv1x1_plain_2_fu_92                                         |conv1x1_plain_2                                        |   36865201|   36865201|  0.184 sec|  0.184 sec|   36865201|   36865201|       no|
        |grp_fpn_p3p4p5_top_Pipeline_ADD_UP_C_ADD_UP_OH_ADD_UP_OW_fu_104   |fpn_p3p4p5_top_Pipeline_ADD_UP_C_ADD_UP_OH_ADD_UP_OW   |      76814|      76814|   0.384 ms|   0.384 ms|      76814|      76814|       no|
        |grp_fpn_p3p4p5_top_Pipeline_ADD_UP_C_ADD_UP_OH_ADD_UP_OW1_fu_112  |fpn_p3p4p5_top_Pipeline_ADD_UP_C_ADD_UP_OH_ADD_UP_OW1  |     307214|     307214|   1.536 ms|   1.536 ms|     307214|     307214|       no|
        |grp_fpn_conv3x3_fu_120                                            |fpn_conv3x3                                            |   41625601|   41625601|  0.208 sec|  0.208 sec|   41625601|   41625601|       no|
        |grp_fpn_conv3x3_3_fu_132                                          |fpn_conv3x3_3                                          |  166521602|  166521602|  0.833 sec|  0.833 sec|  166521602|  166521602|       no|
        |grp_fpn_p3p4p5_top_Pipeline_MP_C_MP_H_MP_W_fu_144                 |fpn_p3p4p5_top_Pipeline_MP_C_MP_H_MP_W                 |       4803|       4803|  24.015 us|  24.015 us|       4803|       4803|       no|
        |grp_fpn_conv3x3_4_fu_152                                          |fpn_conv3x3_4                                          |  666316804|  666316804|  3.332 sec|  3.332 sec|  666316804|  666316804|       no|
        +------------------------------------------------------------------+-------------------------------------------------------+-----------+-----------+-----------+-----------+-----------+-----------+---------+

        * Loop: 
        N/A



================================================================
== Utilization Estimates
================================================================
* Summary: 
+-----------------+---------+------+--------+--------+-----+
|       Name      | BRAM_18K|  DSP |   FF   |   LUT  | URAM|
+-----------------+---------+------+--------+--------+-----+
|DSP              |        -|     -|       -|       -|    -|
|Expression       |        -|     -|       0|       6|    -|
|FIFO             |        -|     -|       -|       -|    -|
|Instance         |        -|    22|    9893|   15927|    -|
|Memory           |      724|     -|       0|       0|    -|
|Multiplexer      |        -|     -|       -|    1065|    -|
|Register         |        -|     -|      21|       -|    -|
+-----------------+---------+------+--------+--------+-----+
|Total            |      724|    22|    9914|   16998|    0|
+-----------------+---------+------+--------+--------+-----+
|Available        |     1824|  2520|  548160|  274080|    0|
+-----------------+---------+------+--------+--------+-----+
|Utilization (%)  |       39|    ~0|       1|       6|    0|
+-----------------+---------+------+--------+--------+-----+

+ Detail: 
    * Instance: 
    +------------------------------------------------------------------+-------------------------------------------------------+---------+----+------+------+-----+
    |                             Instance                             |                         Module                        | BRAM_18K| DSP|  FF  |  LUT | URAM|
    +------------------------------------------------------------------+-------------------------------------------------------+---------+----+------+------+-----+
    |grp_conv1x1_plain_fu_68                                           |conv1x1_plain                                          |        0|   1|  1073|  1263|    0|
    |grp_conv1x1_plain_1_fu_80                                         |conv1x1_plain_1                                        |        0|   1|  1136|  1322|    0|
    |grp_conv1x1_plain_2_fu_92                                         |conv1x1_plain_2                                        |        0|   2|  1132|  1301|    0|
    |fadd_32ns_32ns_32_6_no_dsp_1_U147                                 |fadd_32ns_32ns_32_6_no_dsp_1                           |        0|   0|   278|   411|    0|
    |fadd_32ns_32ns_32_8_full_dsp_1_U150                               |fadd_32ns_32ns_32_8_full_dsp_1                         |        0|   2|   296|   239|    0|
    |fadd_32ns_32ns_32_8_full_dsp_1_U151                               |fadd_32ns_32ns_32_8_full_dsp_1                         |        0|   2|   296|   239|    0|
    |fmul_32ns_32ns_32_5_max_dsp_1_U148                                |fmul_32ns_32ns_32_5_max_dsp_1                          |        0|   3|   151|   145|    0|
    |grp_fpn_conv3x3_fu_120                                            |fpn_conv3x3                                            |        0|   1|  1406|  3030|    0|
    |grp_fpn_conv3x3_3_fu_132                                          |fpn_conv3x3_3                                          |        0|   1|  1434|  3026|    0|
    |grp_fpn_conv3x3_4_fu_152                                          |fpn_conv3x3_4                                          |        0|   3|  1469|  3120|    0|
    |grp_fpn_p3p4p5_top_Pipeline_ADD_UP_C_ADD_UP_OH_ADD_UP_OW_fu_104   |fpn_p3p4p5_top_Pipeline_ADD_UP_C_ADD_UP_OH_ADD_UP_OW   |        0|   2|   399|   464|    0|
    |grp_fpn_p3p4p5_top_Pipeline_ADD_UP_C_ADD_UP_OH_ADD_UP_OW1_fu_112  |fpn_p3p4p5_top_Pipeline_ADD_UP_C_ADD_UP_OH_ADD_UP_OW1  |        0|   4|   713|   742|    0|
    |grp_fpn_p3p4p5_top_Pipeline_MP_C_MP_H_MP_W_fu_144                 |fpn_p3p4p5_top_Pipeline_MP_C_MP_H_MP_W                 |        0|   0|   110|   625|    0|
    |sitofp_32s_32_6_no_dsp_1_U149                                     |sitofp_32s_32_6_no_dsp_1                               |        0|   0|     0|     0|    0|
    +------------------------------------------------------------------+-------------------------------------------------------+---------+----+------+------+-----+
    |Total                                                             |                                                       |        0|  22|  9893| 15927|    0|
    +------------------------------------------------------------------+-------------------------------------------------------+---------+----+------+------+-----+

    * DSP: 
    N/A

    * Memory: 
    +--------+------------------------+---------+---+----+-----+--------+-----+------+-------------+
    | Memory |         Module         | BRAM_18K| FF| LUT| URAM|  Words | Bits| Banks| W*Bits*Banks|
    +--------+------------------------+---------+---+----+-----+--------+-----+------+-------------+
    |lat2_U  |lat2_RAM_T2P_BRAM_1R1W  |      546|  0|   0|    0|  307200|   32|     1|      9830400|
    |lat3_U  |lat3_RAM_T2P_BRAM_1R1W  |      140|  0|   0|    0|   76800|   32|     1|      2457600|
    |lat4_U  |lat4_RAM_T2P_BRAM_1R1W  |       38|  0|   0|    0|   19200|   32|     1|       614400|
    +--------+------------------------+---------+---+----+-----+--------+-----+------+-------------+
    |Total   |                        |      724|  0|   0|    0|  403200|   96|     3|     12902400|
    +--------+------------------------+---------+---+----+-----+--------+-----+------+-------------+

    * FIFO: 
    N/A

    * Expression: 
    +----------------------------------+----------+----+---+----+------------+------------+
    |           Variable Name          | Operation| DSP| FF| LUT| Bitwidth P0| Bitwidth P1|
    +----------------------------------+----------+----+---+----+------------+------------+
    |ap_block_state10_on_subcall_done  |        or|   0|  0|   2|           1|           1|
    |ap_block_state6_on_subcall_done   |        or|   0|  0|   2|           1|           1|
    |ap_block_state8_on_subcall_done   |        or|   0|  0|   2|           1|           1|
    +----------------------------------+----------+----+---+----+------------+------------+
    |Total                             |          |   0|  0|   6|           3|           3|
    +----------------------------------+----------+----+---+----+------------+------------+

    * Multiplexer: 
    +---------------+----+-----------+-----+-----------+
    |      Name     | LUT| Input Size| Bits| Total Bits|
    +---------------+----+-----------+-----+-----------+
    |ap_NS_fsm      |  65|         13|    1|         13|
    |grp_fu_164_ce  |  37|          7|    1|          7|
    |grp_fu_164_p0  |  37|          7|   32|        224|
    |grp_fu_164_p1  |  37|          7|   32|        224|
    |grp_fu_168_ce  |  37|          7|    1|          7|
    |grp_fu_168_p0  |  37|          7|   32|        224|
    |grp_fu_168_p1  |  37|          7|   32|        224|
    |grp_fu_172_ce  |  37|          7|    1|          7|
    |grp_fu_172_p0  |  37|          7|   32|        224|
    |grp_fu_175_ce  |  26|          5|    1|          5|
    |grp_fu_175_p0  |  26|          5|   32|        160|
    |grp_fu_175_p1  |  26|          5|   32|        160|
    |grp_fu_179_ce  |  20|          4|    1|          4|
    |grp_fu_179_p0  |  20|          4|   32|        128|
    |grp_fu_179_p1  |  20|          4|   32|        128|
    |lat2_address0  |  20|          4|   19|         76|
    |lat2_ce0       |  20|          4|    1|          4|
    |lat2_ce1       |   9|          2|    1|          2|
    |lat2_d0        |  14|          3|   32|         96|
    |lat2_we0       |  14|          3|    1|          3|
    |lat3_address0  |  26|          5|   17|         85|
    |lat3_ce0       |  26|          5|    1|          5|
    |lat3_ce1       |   9|          2|    1|          2|
    |lat3_d0        |  14|          3|   32|         96|
    |lat3_we0       |  14|          3|    1|          3|
    |lat4_address0  |  20|          4|   15|         60|
    |lat4_ce0       |  20|          4|    1|          4|
    |lat4_we0       |   9|          2|    1|          2|
    |p5_Addr_A      |  14|          3|   32|         96|
    |p5_EN_A        |  14|          3|    1|          3|
    |p5_EN_B        |   9|          2|    1|          2|
    |p5_WEN_A       |   9|          2|    4|          8|
    |p5_WEN_B       |   9|          2|    4|          8|
    |w_conv_Addr_A  |  37|          7|   32|        224|
    |w_conv_Addr_B  |  37|          7|   32|        224|
    |w_conv_EN_A    |  37|          7|    1|          7|
    |w_conv_EN_B    |  37|          7|    1|          7|
    |w_meta_Addr_A  |  37|          7|   32|        224|
    |w_meta_Addr_B  |  37|          7|   32|        224|
    |w_meta_EN_A    |  37|          7|    1|          7|
    |w_meta_EN_B    |  37|          7|    1|          7|
    +---------------+----+-----------+-----+-----------+
    |Total          |1065|        208|  591|       3218|
    +---------------+----+-----------+-----+-----------+

    * Register: 
    +-------------------------------------------------------------------------------+----+----+-----+-----------+
    |                                      Name                                     | FF | LUT| Bits| Const Bits|
    +-------------------------------------------------------------------------------+----+----+-----+-----------+
    |ap_CS_fsm                                                                      |  12|   0|   12|          0|
    |grp_conv1x1_plain_1_fu_80_ap_start_reg                                         |   1|   0|    1|          0|
    |grp_conv1x1_plain_2_fu_92_ap_start_reg                                         |   1|   0|    1|          0|
    |grp_conv1x1_plain_fu_68_ap_start_reg                                           |   1|   0|    1|          0|
    |grp_fpn_conv3x3_3_fu_132_ap_start_reg                                          |   1|   0|    1|          0|
    |grp_fpn_conv3x3_4_fu_152_ap_start_reg                                          |   1|   0|    1|          0|
    |grp_fpn_conv3x3_fu_120_ap_start_reg                                            |   1|   0|    1|          0|
    |grp_fpn_p3p4p5_top_Pipeline_ADD_UP_C_ADD_UP_OH_ADD_UP_OW1_fu_112_ap_start_reg  |   1|   0|    1|          0|
    |grp_fpn_p3p4p5_top_Pipeline_ADD_UP_C_ADD_UP_OH_ADD_UP_OW_fu_104_ap_start_reg   |   1|   0|    1|          0|
    |grp_fpn_p3p4p5_top_Pipeline_MP_C_MP_H_MP_W_fu_144_ap_start_reg                 |   1|   0|    1|          0|
    +-------------------------------------------------------------------------------+----+----+-----+-----------+
    |Total                                                                          |  21|   0|   21|          0|
    +-------------------------------------------------------------------------------+----+----+-----+-----------+



================================================================
== Interface
================================================================
* Summary: 
+---------------+-----+-----+------------+----------------+--------------+
|   RTL Ports   | Dir | Bits|  Protocol  |  Source Object |    C Type    |
+---------------+-----+-----+------------+----------------+--------------+
|ap_clk         |   in|    1|  ap_ctrl_hs|  fpn_p3p4p5_top|  return value|
|ap_rst         |   in|    1|  ap_ctrl_hs|  fpn_p3p4p5_top|  return value|
|ap_start       |   in|    1|  ap_ctrl_hs|  fpn_p3p4p5_top|  return value|
|ap_done        |  out|    1|  ap_ctrl_hs|  fpn_p3p4p5_top|  return value|
|ap_idle        |  out|    1|  ap_ctrl_hs|  fpn_p3p4p5_top|  return value|
|ap_ready       |  out|    1|  ap_ctrl_hs|  fpn_p3p4p5_top|  return value|
|c4_Addr_A      |  out|   32|        bram|              c4|         array|
|c4_EN_A        |  out|    1|        bram|              c4|         array|
|c4_WEN_A       |  out|    4|        bram|              c4|         array|
|c4_Din_A       |  out|   32|        bram|              c4|         array|
|c4_Dout_A      |   in|   32|        bram|              c4|         array|
|c4_Clk_A       |  out|    1|        bram|              c4|         array|
|c4_Rst_A       |  out|    1|        bram|              c4|         array|
|c3_Addr_A      |  out|   32|        bram|              c3|         array|
|c3_EN_A        |  out|    1|        bram|              c3|         array|
|c3_WEN_A       |  out|    4|        bram|              c3|         array|
|c3_Din_A       |  out|   32|        bram|              c3|         array|
|c3_Dout_A      |   in|   32|        bram|              c3|         array|
|c3_Clk_A       |  out|    1|        bram|              c3|         array|
|c3_Rst_A       |  out|    1|        bram|              c3|         array|
|c2_Addr_A      |  out|   32|        bram|              c2|         array|
|c2_EN_A        |  out|    1|        bram|              c2|         array|
|c2_WEN_A       |  out|    4|        bram|              c2|         array|
|c2_Din_A       |  out|   32|        bram|              c2|         array|
|c2_Dout_A      |   in|   32|        bram|              c2|         array|
|c2_Clk_A       |  out|    1|        bram|              c2|         array|
|c2_Rst_A       |  out|    1|        bram|              c2|         array|
|w_conv_Addr_A  |  out|   32|        bram|          w_conv|         array|
|w_conv_EN_A    |  out|    1|        bram|          w_conv|         array|
|w_conv_WEN_A   |  out|    1|        bram|          w_conv|         array|
|w_conv_Din_A   |  out|    8|        bram|          w_conv|         array|
|w_conv_Dout_A  |   in|    8|        bram|          w_conv|         array|
|w_conv_Clk_A   |  out|    1|        bram|          w_conv|         array|
|w_conv_Rst_A   |  out|    1|        bram|          w_conv|         array|
|w_conv_Addr_B  |  out|   32|        bram|          w_conv|         array|
|w_conv_EN_B    |  out|    1|        bram|          w_conv|         array|
|w_conv_WEN_B   |  out|    1|        bram|          w_conv|         array|
|w_conv_Din_B   |  out|    8|        bram|          w_conv|         array|
|w_conv_Dout_B  |   in|    8|        bram|          w_conv|         array|
|w_conv_Clk_B   |  out|    1|        bram|          w_conv|         array|
|w_conv_Rst_B   |  out|    1|        bram|          w_conv|         array|
|w_meta_Addr_A  |  out|   32|        bram|          w_meta|         array|
|w_meta_EN_A    |  out|    1|        bram|          w_meta|         array|
|w_meta_WEN_A   |  out|    4|        bram|          w_meta|         array|
|w_meta_Din_A   |  out|   32|        bram|          w_meta|         array|
|w_meta_Dout_A  |   in|   32|        bram|          w_meta|         array|
|w_meta_Clk_A   |  out|    1|        bram|          w_meta|         array|
|w_meta_Rst_A   |  out|    1|        bram|          w_meta|         array|
|w_meta_Addr_B  |  out|   32|        bram|          w_meta|         array|
|w_meta_EN_B    |  out|    1|        bram|          w_meta|         array|
|w_meta_WEN_B   |  out|    4|        bram|          w_meta|         array|
|w_meta_Din_B   |  out|   32|        bram|          w_meta|         array|
|w_meta_Dout_B  |   in|   32|        bram|          w_meta|         array|
|w_meta_Clk_B   |  out|    1|        bram|          w_meta|         array|
|w_meta_Rst_B   |  out|    1|        bram|          w_meta|         array|
|p5_Addr_A      |  out|   32|        bram|              p5|         array|
|p5_EN_A        |  out|    1|        bram|              p5|         array|
|p5_WEN_A       |  out|    4|        bram|              p5|         array|
|p5_Din_A       |  out|   32|        bram|              p5|         array|
|p5_Dout_A      |   in|   32|        bram|              p5|         array|
|p5_Clk_A       |  out|    1|        bram|              p5|         array|
|p5_Rst_A       |  out|    1|        bram|              p5|         array|
|p5_Addr_B      |  out|   32|        bram|              p5|         array|
|p5_EN_B        |  out|    1|        bram|              p5|         array|
|p5_WEN_B       |  out|    4|        bram|              p5|         array|
|p5_Din_B       |  out|   32|        bram|              p5|         array|
|p5_Dout_B      |   in|   32|        bram|              p5|         array|
|p5_Clk_B       |  out|    1|        bram|              p5|         array|
|p5_Rst_B       |  out|    1|        bram|              p5|         array|
|p4_Addr_A      |  out|   32|        bram|              p4|         array|
|p4_EN_A        |  out|    1|        bram|              p4|         array|
|p4_WEN_A       |  out|    4|        bram|              p4|         array|
|p4_Din_A       |  out|   32|        bram|              p4|         array|
|p4_Dout_A      |   in|   32|        bram|              p4|         array|
|p4_Clk_A       |  out|    1|        bram|              p4|         array|
|p4_Rst_A       |  out|    1|        bram|              p4|         array|
|p4_Addr_B      |  out|   32|        bram|              p4|         array|
|p4_EN_B        |  out|    1|        bram|              p4|         array|
|p4_WEN_B       |  out|    4|        bram|              p4|         array|
|p4_Din_B       |  out|   32|        bram|              p4|         array|
|p4_Dout_B      |   in|   32|        bram|              p4|         array|
|p4_Clk_B       |  out|    1|        bram|              p4|         array|
|p4_Rst_B       |  out|    1|        bram|              p4|         array|
|p3_Addr_A      |  out|   32|        bram|              p3|         array|
|p3_EN_A        |  out|    1|        bram|              p3|         array|
|p3_WEN_A       |  out|    4|        bram|              p3|         array|
|p3_Din_A       |  out|   32|        bram|              p3|         array|
|p3_Dout_A      |   in|   32|        bram|              p3|         array|
|p3_Clk_A       |  out|    1|        bram|              p3|         array|
|p3_Rst_A       |  out|    1|        bram|              p3|         array|
|p3_Addr_B      |  out|   32|        bram|              p3|         array|
|p3_EN_B        |  out|    1|        bram|              p3|         array|
|p3_WEN_B       |  out|    4|        bram|              p3|         array|
|p3_Din_B       |  out|   32|        bram|              p3|         array|
|p3_Dout_B      |   in|   32|        bram|              p3|         array|
|p3_Clk_B       |  out|    1|        bram|              p3|         array|
|p3_Rst_B       |  out|    1|        bram|              p3|         array|
|p6_Addr_A      |  out|   32|        bram|              p6|         array|
|p6_EN_A        |  out|    1|        bram|              p6|         array|
|p6_WEN_A       |  out|    4|        bram|              p6|         array|
|p6_Din_A       |  out|   32|        bram|              p6|         array|
|p6_Dout_A      |   in|   32|        bram|              p6|         array|
|p6_Clk_A       |  out|    1|        bram|              p6|         array|
|p6_Rst_A       |  out|    1|        bram|              p6|         array|
+---------------+-----+-----+------------+----------------+--------------+

