

================================================================
== Vitis HLS Report for 'transformer_blk_s2_top_Pipeline_AR9'
================================================================
* Date:           Sun May 31 16:34:53 2026

* Version:        2022.2 (Build 3670227 on Oct 13 2022)
* Project:        s2_transformer_block
* Solution:       solution1 (Vivado IP Flow Target)
* Product family: zynquplus
* Target device:  xczu28dr-ffvg1517-2-e


================================================================
== Performance Estimates
================================================================
+ Timing: 
    * Summary: 
    +--------+---------+----------+------------+
    |  Clock |  Target | Estimated| Uncertainty|
    +--------+---------+----------+------------+
    |ap_clk  |  5.00 ns|  3.454 ns|     1.35 ns|
    +--------+---------+----------+------------+

+ Latency: 
    * Summary: 
    +---------+---------+-----------+-----------+-------+-------+---------+
    |  Latency (cycles) |   Latency (absolute)  |    Interval   | Pipeline|
    |   min   |   max   |    min    |    max    |  min  |  max  |   Type  |
    +---------+---------+-----------+-----------+-------+-------+---------+
    |    14411|    14411|  72.055 us|  72.055 us|  14411|  14411|       no|
    +---------+---------+-----------+-----------+-------+-------+---------+

    + Detail: 
        * Instance: 
        N/A

        * Loop: 
        +----------+---------+---------+----------+-----------+-----------+-------+----------+
        |          |  Latency (cycles) | Iteration|  Initiation Interval  |  Trip |          |
        | Loop Name|   min   |   max   |  Latency |  achieved |   target  | Count | Pipelined|
        +----------+---------+---------+----------+-----------+-----------+-------+----------+
        |- AR      |    14409|    14409|        11|          1|          1|  14400|       yes|
        +----------+---------+---------+----------+-----------+-----------+-------+----------+



================================================================
== Utilization Estimates
================================================================
* Summary: 
+-----------------+---------+------+--------+--------+-----+
|       Name      | BRAM_18K|  DSP |   FF   |   LUT  | URAM|
+-----------------+---------+------+--------+--------+-----+
|DSP              |        -|     -|       -|       -|    -|
|Expression       |        -|     -|       0|      35|    -|
|FIFO             |        -|     -|       -|       -|    -|
|Instance         |        -|     -|       0|      20|    -|
|Memory           |        -|     -|       -|       -|    -|
|Multiplexer      |        -|     -|       -|      36|    -|
|Register         |        -|     -|     501|     160|    -|
+-----------------+---------+------+--------+--------+-----+
|Total            |        0|     0|     501|     251|    0|
+-----------------+---------+------+--------+--------+-----+
|Available        |     2160|  4272|  850560|  425280|   80|
+-----------------+---------+------+--------+--------+-----+
|Utilization (%)  |        0|     0|      ~0|      ~0|    0|
+-----------------+---------+------+--------+--------+-----+

+ Detail: 
    * Instance: 
    +--------------------+---------------+---------+----+---+----+-----+
    |      Instance      |     Module    | BRAM_18K| DSP| FF| LUT| URAM|
    +--------------------+---------------+---------+----+---+----+-----+
    |mux_42_32_1_1_U895  |mux_42_32_1_1  |        0|   0|  0|  20|    0|
    +--------------------+---------------+---------+----+---+----+-----+
    |Total               |               |        0|   0|  0|  20|    0|
    +--------------------+---------------+---------+----+---+----+-----+

    * DSP: 
    N/A

    * Memory: 
    N/A

    * FIFO: 
    N/A

    * Expression: 
    +----------------------+----------+----+---+----+------------+------------+
    |     Variable Name    | Operation| DSP| FF| LUT| Bitwidth P0| Bitwidth P1|
    +----------------------+----------+----+---+----+------------+------------+
    |add_ln338_fu_159_p2   |         +|   0|  0|  21|          14|           1|
    |icmp_ln338_fu_153_p2  |      icmp|   0|  0|  12|          14|          12|
    |ap_enable_pp0         |       xor|   0|  0|   2|           1|           2|
    +----------------------+----------+----+---+----+------------+------------+
    |Total                 |          |   0|  0|  35|          29|          15|
    +----------------------+----------+----+---+----+------------+------------+

    * Multiplexer: 
    +-------------------------+----+-----------+-----+-----------+
    |           Name          | LUT| Input Size| Bits| Total Bits|
    +-------------------------+----+-----------+-----+-----------+
    |ap_done_int              |   9|          2|    1|          2|
    |ap_enable_reg_pp0_iter1  |   9|          2|    1|          2|
    |ap_sig_allocacmp_i_6     |   9|          2|   14|         28|
    |i_fu_56                  |   9|          2|   14|         28|
    +-------------------------+----+-----------+-----+-----------+
    |Total                    |  36|          8|   30|         60|
    +-------------------------+----+-----------+-----+-----------+

    * Register: 
    +---------------------------------------------------------------------------+----+----+-----+-----------+
    |                                    Name                                   | FF | LUT| Bits| Const Bits|
    +---------------------------------------------------------------------------+----+----+-----+-----------+
    |add_i5_i_reg_265                                                           |  32|   0|   32|          0|
    |ap_CS_fsm                                                                  |   1|   0|    1|          0|
    |ap_done_reg                                                                |   1|   0|    1|          0|
    |ap_enable_reg_pp0_iter1                                                    |   1|   0|    1|          0|
    |ap_enable_reg_pp0_iter10                                                   |   1|   0|    1|          0|
    |ap_enable_reg_pp0_iter2                                                    |   1|   0|    1|          0|
    |ap_enable_reg_pp0_iter3                                                    |   1|   0|    1|          0|
    |ap_enable_reg_pp0_iter4                                                    |   1|   0|    1|          0|
    |ap_enable_reg_pp0_iter5                                                    |   1|   0|    1|          0|
    |ap_enable_reg_pp0_iter6                                                    |   1|   0|    1|          0|
    |ap_enable_reg_pp0_iter7                                                    |   1|   0|    1|          0|
    |ap_enable_reg_pp0_iter8                                                    |   1|   0|    1|          0|
    |ap_enable_reg_pp0_iter9                                                    |   1|   0|    1|          0|
    |ap_loop_exit_ready_pp0_iter1_reg                                           |   1|   0|    1|          0|
    |ap_loop_exit_ready_pp0_iter2_reg                                           |   1|   0|    1|          0|
    |ap_loop_exit_ready_pp0_iter3_reg                                           |   1|   0|    1|          0|
    |ap_loop_exit_ready_pp0_iter4_reg                                           |   1|   0|    1|          0|
    |ap_loop_exit_ready_pp0_iter5_reg                                           |   1|   0|    1|          0|
    |ap_loop_exit_ready_pp0_iter6_reg                                           |   1|   0|    1|          0|
    |ap_loop_exit_ready_pp0_iter7_reg                                           |   1|   0|    1|          0|
    |ap_loop_exit_ready_pp0_iter8_reg                                           |   1|   0|    1|          0|
    |ap_loop_exit_ready_pp0_iter9_reg                                           |   1|   0|    1|          0|
    |attn_out_load_reg_260                                                      |  32|   0|   32|          0|
    |i_fu_56                                                                    |  14|   0|   14|          0|
    |tmp_112_reg_255                                                            |  32|   0|   32|          0|
    |transformer_blk_s2_top_float_const_float_float_const_x_buf_5_addr_reg_227  |  12|   0|   12|          0|
    |transformer_blk_s2_top_float_const_float_float_const_x_buf_6_addr_reg_233  |  12|   0|   12|          0|
    |transformer_blk_s2_top_float_const_float_float_const_x_buf_7_addr_reg_239  |  12|   0|   12|          0|
    |transformer_blk_s2_top_float_const_float_float_const_x_buf_addr_reg_221    |  12|   0|   12|          0|
    |trunc_ln340_reg_245                                                        |   2|   0|    2|          0|
    |transformer_blk_s2_top_float_const_float_float_const_x_buf_5_addr_reg_227  |  64|  32|   12|          0|
    |transformer_blk_s2_top_float_const_float_float_const_x_buf_6_addr_reg_233  |  64|  32|   12|          0|
    |transformer_blk_s2_top_float_const_float_float_const_x_buf_7_addr_reg_239  |  64|  32|   12|          0|
    |transformer_blk_s2_top_float_const_float_float_const_x_buf_addr_reg_221    |  64|  32|   12|          0|
    |trunc_ln340_reg_245                                                        |  64|  32|    2|          0|
    +---------------------------------------------------------------------------+----+----+-----+-----------+
    |Total                                                                      | 501| 160|  231|          0|
    +---------------------------------------------------------------------------+----+----+-----+-----------+



================================================================
== Interface
================================================================
* Summary: 
+-----------------------------------------------------------------------+-----+-----+------------+--------------------------------------------------------------+--------------+
|                               RTL Ports                               | Dir | Bits|  Protocol  |                         Source Object                        |    C Type    |
+-----------------------------------------------------------------------+-----+-----+------------+--------------------------------------------------------------+--------------+
|ap_clk                                                                 |   in|    1|  ap_ctrl_hs|                           transformer_blk_s2_top_Pipeline_AR9|  return value|
|ap_rst                                                                 |   in|    1|  ap_ctrl_hs|                           transformer_blk_s2_top_Pipeline_AR9|  return value|
|ap_start                                                               |   in|    1|  ap_ctrl_hs|                           transformer_blk_s2_top_Pipeline_AR9|  return value|
|ap_done                                                                |  out|    1|  ap_ctrl_hs|                           transformer_blk_s2_top_Pipeline_AR9|  return value|
|ap_idle                                                                |  out|    1|  ap_ctrl_hs|                           transformer_blk_s2_top_Pipeline_AR9|  return value|
|ap_ready                                                               |  out|    1|  ap_ctrl_hs|                           transformer_blk_s2_top_Pipeline_AR9|  return value|
|grp_fu_2377_p_din0                                                     |  out|   32|  ap_ctrl_hs|                           transformer_blk_s2_top_Pipeline_AR9|  return value|
|grp_fu_2377_p_din1                                                     |  out|   32|  ap_ctrl_hs|                           transformer_blk_s2_top_Pipeline_AR9|  return value|
|grp_fu_2377_p_opcode                                                   |  out|    1|  ap_ctrl_hs|                           transformer_blk_s2_top_Pipeline_AR9|  return value|
|grp_fu_2377_p_dout0                                                    |   in|   32|  ap_ctrl_hs|                           transformer_blk_s2_top_Pipeline_AR9|  return value|
|grp_fu_2377_p_ce                                                       |  out|    1|  ap_ctrl_hs|                           transformer_blk_s2_top_Pipeline_AR9|  return value|
|transformer_blk_s2_top_float_const_float_float_const_x_buf_address0    |  out|   12|   ap_memory|    transformer_blk_s2_top_float_const_float_float_const_x_buf|         array|
|transformer_blk_s2_top_float_const_float_float_const_x_buf_ce0         |  out|    1|   ap_memory|    transformer_blk_s2_top_float_const_float_float_const_x_buf|         array|
|transformer_blk_s2_top_float_const_float_float_const_x_buf_we0         |  out|    1|   ap_memory|    transformer_blk_s2_top_float_const_float_float_const_x_buf|         array|
|transformer_blk_s2_top_float_const_float_float_const_x_buf_d0          |  out|   32|   ap_memory|    transformer_blk_s2_top_float_const_float_float_const_x_buf|         array|
|transformer_blk_s2_top_float_const_float_float_const_x_buf_address1    |  out|   12|   ap_memory|    transformer_blk_s2_top_float_const_float_float_const_x_buf|         array|
|transformer_blk_s2_top_float_const_float_float_const_x_buf_ce1         |  out|    1|   ap_memory|    transformer_blk_s2_top_float_const_float_float_const_x_buf|         array|
|transformer_blk_s2_top_float_const_float_float_const_x_buf_q1          |   in|   32|   ap_memory|    transformer_blk_s2_top_float_const_float_float_const_x_buf|         array|
|transformer_blk_s2_top_float_const_float_float_const_x_buf_5_address0  |  out|   12|   ap_memory|  transformer_blk_s2_top_float_const_float_float_const_x_buf_5|         array|
|transformer_blk_s2_top_float_const_float_float_const_x_buf_5_ce0       |  out|    1|   ap_memory|  transformer_blk_s2_top_float_const_float_float_const_x_buf_5|         array|
|transformer_blk_s2_top_float_const_float_float_const_x_buf_5_we0       |  out|    1|   ap_memory|  transformer_blk_s2_top_float_const_float_float_const_x_buf_5|         array|
|transformer_blk_s2_top_float_const_float_float_const_x_buf_5_d0        |  out|   32|   ap_memory|  transformer_blk_s2_top_float_const_float_float_const_x_buf_5|         array|
|transformer_blk_s2_top_float_const_float_float_const_x_buf_5_address1  |  out|   12|   ap_memory|  transformer_blk_s2_top_float_const_float_float_const_x_buf_5|         array|
|transformer_blk_s2_top_float_const_float_float_const_x_buf_5_ce1       |  out|    1|   ap_memory|  transformer_blk_s2_top_float_const_float_float_const_x_buf_5|         array|
|transformer_blk_s2_top_float_const_float_float_const_x_buf_5_q1        |   in|   32|   ap_memory|  transformer_blk_s2_top_float_const_float_float_const_x_buf_5|         array|
|transformer_blk_s2_top_float_const_float_float_const_x_buf_6_address0  |  out|   12|   ap_memory|  transformer_blk_s2_top_float_const_float_float_const_x_buf_6|         array|
|transformer_blk_s2_top_float_const_float_float_const_x_buf_6_ce0       |  out|    1|   ap_memory|  transformer_blk_s2_top_float_const_float_float_const_x_buf_6|         array|
|transformer_blk_s2_top_float_const_float_float_const_x_buf_6_we0       |  out|    1|   ap_memory|  transformer_blk_s2_top_float_const_float_float_const_x_buf_6|         array|
|transformer_blk_s2_top_float_const_float_float_const_x_buf_6_d0        |  out|   32|   ap_memory|  transformer_blk_s2_top_float_const_float_float_const_x_buf_6|         array|
|transformer_blk_s2_top_float_const_float_float_const_x_buf_6_address1  |  out|   12|   ap_memory|  transformer_blk_s2_top_float_const_float_float_const_x_buf_6|         array|
|transformer_blk_s2_top_float_const_float_float_const_x_buf_6_ce1       |  out|    1|   ap_memory|  transformer_blk_s2_top_float_const_float_float_const_x_buf_6|         array|
|transformer_blk_s2_top_float_const_float_float_const_x_buf_6_q1        |   in|   32|   ap_memory|  transformer_blk_s2_top_float_const_float_float_const_x_buf_6|         array|
|transformer_blk_s2_top_float_const_float_float_const_x_buf_7_address0  |  out|   12|   ap_memory|  transformer_blk_s2_top_float_const_float_float_const_x_buf_7|         array|
|transformer_blk_s2_top_float_const_float_float_const_x_buf_7_ce0       |  out|    1|   ap_memory|  transformer_blk_s2_top_float_const_float_float_const_x_buf_7|         array|
|transformer_blk_s2_top_float_const_float_float_const_x_buf_7_we0       |  out|    1|   ap_memory|  transformer_blk_s2_top_float_const_float_float_const_x_buf_7|         array|
|transformer_blk_s2_top_float_const_float_float_const_x_buf_7_d0        |  out|   32|   ap_memory|  transformer_blk_s2_top_float_const_float_float_const_x_buf_7|         array|
|transformer_blk_s2_top_float_const_float_float_const_x_buf_7_address1  |  out|   12|   ap_memory|  transformer_blk_s2_top_float_const_float_float_const_x_buf_7|         array|
|transformer_blk_s2_top_float_const_float_float_const_x_buf_7_ce1       |  out|    1|   ap_memory|  transformer_blk_s2_top_float_const_float_float_const_x_buf_7|         array|
|transformer_blk_s2_top_float_const_float_float_const_x_buf_7_q1        |   in|   32|   ap_memory|  transformer_blk_s2_top_float_const_float_float_const_x_buf_7|         array|
|attn_out_address0                                                      |  out|   14|   ap_memory|                                                      attn_out|         array|
|attn_out_ce0                                                           |  out|    1|   ap_memory|                                                      attn_out|         array|
|attn_out_q0                                                            |   in|   32|   ap_memory|                                                      attn_out|         array|
+-----------------------------------------------------------------------+-----+-----+------------+--------------------------------------------------------------+--------------+

