

================================================================
== Vitis HLS Report for 'transformer_blk_s2_top_Pipeline_LN_MEAN'
================================================================
* Date:           Sun May 31 16:34:13 2026

* Version:        2022.2 (Build 3670227 on Oct 13 2022)
* Project:        s2_transformer_block
* Solution:       solution1 (Vivado IP Flow Target)
* Product family: zynquplus
* Target device:  xczu28dr-ffvg1517-2-e


================================================================
== Performance Estimates
================================================================
+ Timing: 
    * Summary: 
    +--------+---------+----------+------------+
    |  Clock |  Target | Estimated| Uncertainty|
    +--------+---------+----------+------------+
    |ap_clk  |  5.00 ns|  3.454 ns|     1.35 ns|
    +--------+---------+----------+------------+

+ Latency: 
    * Summary: 
    +---------+---------+----------+----------+-----+-----+---------+
    |  Latency (cycles) |  Latency (absolute) |  Interval | Pipeline|
    |   min   |   max   |    min   |    max   | min | max |   Type  |
    +---------+---------+----------+----------+-----+-----+---------+
    |       70|       70|  0.350 us|  0.350 us|   70|   70|       no|
    +---------+---------+----------+----------+-----+-----+---------+

    + Detail: 
        * Instance: 
        N/A

        * Loop: 
        +-----------+---------+---------+----------+-----------+-----------+------+----------+
        |           |  Latency (cycles) | Iteration|  Initiation Interval  | Trip |          |
        | Loop Name |   min   |   max   |  Latency |  achieved |   target  | Count| Pipelined|
        +-----------+---------+---------+----------+-----------+-----------+------+----------+
        |- LN_MEAN  |       68|       68|        34|          1|          1|    36|       yes|
        +-----------+---------+---------+----------+-----------+-----------+------+----------+



================================================================
== Utilization Estimates
================================================================
* Summary: 
+-----------------+---------+------+--------+--------+-----+
|       Name      | BRAM_18K|  DSP |   FF   |   LUT  | URAM|
+-----------------+---------+------+--------+--------+-----+
|DSP              |        -|     -|       -|       -|    -|
|Expression       |        -|     -|       0|      60|    -|
|FIFO             |        -|     -|       -|       -|    -|
|Instance         |        -|     -|       -|       -|    -|
|Memory           |        -|     -|       -|       -|    -|
|Multiplexer      |        -|     -|       -|      36|    -|
|Register         |        -|     -|    1660|      96|    -|
+-----------------+---------+------+--------+--------+-----+
|Total            |        0|     0|    1660|     192|    0|
+-----------------+---------+------+--------+--------+-----+
|Available        |     2160|  4272|  850560|  425280|   80|
+-----------------+---------+------+--------+--------+-----+
|Utilization (%)  |        0|     0|      ~0|      ~0|    0|
+-----------------+---------+------+--------+--------+-----+

+ Detail: 
    * Instance: 
    N/A

    * DSP: 
    N/A

    * Memory: 
    N/A

    * FIFO: 
    N/A

    * Expression: 
    +----------------------+----------+----+---+----+------------+------------+
    |     Variable Name    | Operation| DSP| FF| LUT| Bitwidth P0| Bitwidth P1|
    +----------------------+----------+----+---+----+------------+------------+
    |add_ln92_fu_677_p2    |         +|   0|  0|  13|           6|           1|
    |add_ln97_2_fu_687_p2  |         +|   0|  0|  16|           9|           9|
    |add_ln97_fu_697_p2    |         +|   0|  0|  19|          12|          12|
    |icmp_ln92_fu_671_p2   |      icmp|   0|  0|  10|           6|           6|
    |ap_enable_pp0         |       xor|   0|  0|   2|           1|           2|
    +----------------------+----------+----+---+----+------------+------------+
    |Total                 |          |   0|  0|  60|          34|          30|
    +----------------------+----------+----+---+----+------------+------------+

    * Multiplexer: 
    +-------------------------+----+-----------+-----+-----------+
    |           Name          | LUT| Input Size| Bits| Total Bits|
    +-------------------------+----+-----------+-----+-----------+
    |ap_done_int              |   9|          2|    1|          2|
    |ap_enable_reg_pp0_iter1  |   9|          2|    1|          2|
    |ap_sig_allocacmp_t_3     |   9|          2|    6|         12|
    |t_fu_182                 |   9|          2|    6|         12|
    +-------------------------+----+-----------+-----+-----------+
    |Total                    |  36|          8|   14|         28|
    +-------------------------+----+-----------+-----+-----------+

    * Register: 
    +----------------------------------------------------------------------------+----+----+-----+-----------+
    |                                    Name                                    | FF | LUT| Bits| Const Bits|
    +----------------------------------------------------------------------------+----+----+-----+-----------+
    |ap_CS_fsm                                                                   |   1|   0|    1|          0|
    |ap_done_reg                                                                 |   1|   0|    1|          0|
    |ap_enable_reg_pp0_iter1                                                     |   1|   0|    1|          0|
    |ap_enable_reg_pp0_iter10                                                    |   1|   0|    1|          0|
    |ap_enable_reg_pp0_iter11                                                    |   1|   0|    1|          0|
    |ap_enable_reg_pp0_iter12                                                    |   1|   0|    1|          0|
    |ap_enable_reg_pp0_iter13                                                    |   1|   0|    1|          0|
    |ap_enable_reg_pp0_iter14                                                    |   1|   0|    1|          0|
    |ap_enable_reg_pp0_iter15                                                    |   1|   0|    1|          0|
    |ap_enable_reg_pp0_iter16                                                    |   1|   0|    1|          0|
    |ap_enable_reg_pp0_iter17                                                    |   1|   0|    1|          0|
    |ap_enable_reg_pp0_iter18                                                    |   1|   0|    1|          0|
    |ap_enable_reg_pp0_iter19                                                    |   1|   0|    1|          0|
    |ap_enable_reg_pp0_iter2                                                     |   1|   0|    1|          0|
    |ap_enable_reg_pp0_iter20                                                    |   1|   0|    1|          0|
    |ap_enable_reg_pp0_iter21                                                    |   1|   0|    1|          0|
    |ap_enable_reg_pp0_iter22                                                    |   1|   0|    1|          0|
    |ap_enable_reg_pp0_iter23                                                    |   1|   0|    1|          0|
    |ap_enable_reg_pp0_iter24                                                    |   1|   0|    1|          0|
    |ap_enable_reg_pp0_iter25                                                    |   1|   0|    1|          0|
    |ap_enable_reg_pp0_iter26                                                    |   1|   0|    1|          0|
    |ap_enable_reg_pp0_iter27                                                    |   1|   0|    1|          0|
    |ap_enable_reg_pp0_iter28                                                    |   1|   0|    1|          0|
    |ap_enable_reg_pp0_iter29                                                    |   1|   0|    1|          0|
    |ap_enable_reg_pp0_iter3                                                     |   1|   0|    1|          0|
    |ap_enable_reg_pp0_iter30                                                    |   1|   0|    1|          0|
    |ap_enable_reg_pp0_iter31                                                    |   1|   0|    1|          0|
    |ap_enable_reg_pp0_iter32                                                    |   1|   0|    1|          0|
    |ap_enable_reg_pp0_iter33                                                    |   1|   0|    1|          0|
    |ap_enable_reg_pp0_iter4                                                     |   1|   0|    1|          0|
    |ap_enable_reg_pp0_iter5                                                     |   1|   0|    1|          0|
    |ap_enable_reg_pp0_iter6                                                     |   1|   0|    1|          0|
    |ap_enable_reg_pp0_iter7                                                     |   1|   0|    1|          0|
    |ap_enable_reg_pp0_iter8                                                     |   1|   0|    1|          0|
    |ap_enable_reg_pp0_iter9                                                     |   1|   0|    1|          0|
    |ap_loop_exit_ready_pp0_iter10_reg                                           |   1|   0|    1|          0|
    |ap_loop_exit_ready_pp0_iter11_reg                                           |   1|   0|    1|          0|
    |ap_loop_exit_ready_pp0_iter12_reg                                           |   1|   0|    1|          0|
    |ap_loop_exit_ready_pp0_iter13_reg                                           |   1|   0|    1|          0|
    |ap_loop_exit_ready_pp0_iter14_reg                                           |   1|   0|    1|          0|
    |ap_loop_exit_ready_pp0_iter15_reg                                           |   1|   0|    1|          0|
    |ap_loop_exit_ready_pp0_iter16_reg                                           |   1|   0|    1|          0|
    |ap_loop_exit_ready_pp0_iter17_reg                                           |   1|   0|    1|          0|
    |ap_loop_exit_ready_pp0_iter18_reg                                           |   1|   0|    1|          0|
    |ap_loop_exit_ready_pp0_iter19_reg                                           |   1|   0|    1|          0|
    |ap_loop_exit_ready_pp0_iter1_reg                                            |   1|   0|    1|          0|
    |ap_loop_exit_ready_pp0_iter20_reg                                           |   1|   0|    1|          0|
    |ap_loop_exit_ready_pp0_iter21_reg                                           |   1|   0|    1|          0|
    |ap_loop_exit_ready_pp0_iter22_reg                                           |   1|   0|    1|          0|
    |ap_loop_exit_ready_pp0_iter23_reg                                           |   1|   0|    1|          0|
    |ap_loop_exit_ready_pp0_iter24_reg                                           |   1|   0|    1|          0|
    |ap_loop_exit_ready_pp0_iter25_reg                                           |   1|   0|    1|          0|
    |ap_loop_exit_ready_pp0_iter26_reg                                           |   1|   0|    1|          0|
    |ap_loop_exit_ready_pp0_iter27_reg                                           |   1|   0|    1|          0|
    |ap_loop_exit_ready_pp0_iter28_reg                                           |   1|   0|    1|          0|
    |ap_loop_exit_ready_pp0_iter29_reg                                           |   1|   0|    1|          0|
    |ap_loop_exit_ready_pp0_iter2_reg                                            |   1|   0|    1|          0|
    |ap_loop_exit_ready_pp0_iter30_reg                                           |   1|   0|    1|          0|
    |ap_loop_exit_ready_pp0_iter31_reg                                           |   1|   0|    1|          0|
    |ap_loop_exit_ready_pp0_iter32_reg                                           |   1|   0|    1|          0|
    |ap_loop_exit_ready_pp0_iter3_reg                                            |   1|   0|    1|          0|
    |ap_loop_exit_ready_pp0_iter4_reg                                            |   1|   0|    1|          0|
    |ap_loop_exit_ready_pp0_iter5_reg                                            |   1|   0|    1|          0|
    |ap_loop_exit_ready_pp0_iter6_reg                                            |   1|   0|    1|          0|
    |ap_loop_exit_ready_pp0_iter7_reg                                            |   1|   0|    1|          0|
    |ap_loop_exit_ready_pp0_iter8_reg                                            |   1|   0|    1|          0|
    |ap_loop_exit_ready_pp0_iter9_reg                                            |   1|   0|    1|          0|
    |icmp_ln92_reg_1264                                                          |   1|   0|    1|          0|
    |mp_10_fu_226                                                                |  32|   0|   32|          0|
    |mp_11_fu_230                                                                |  32|   0|   32|          0|
    |mp_12_fu_234                                                                |  32|   0|   32|          0|
    |mp_13_fu_238                                                                |  32|   0|   32|          0|
    |mp_14_fu_242                                                                |  32|   0|   32|          0|
    |mp_15_fu_246                                                                |  32|   0|   32|          0|
    |mp_16_fu_250                                                                |  32|   0|   32|          0|
    |mp_17_fu_254                                                                |  32|   0|   32|          0|
    |mp_18_fu_258                                                                |  32|   0|   32|          0|
    |mp_19_fu_262                                                                |  32|   0|   32|          0|
    |mp_1_fu_190                                                                 |  32|   0|   32|          0|
    |mp_20_fu_266                                                                |  32|   0|   32|          0|
    |mp_21_fu_270                                                                |  32|   0|   32|          0|
    |mp_22_fu_274                                                                |  32|   0|   32|          0|
    |mp_23_fu_278                                                                |  32|   0|   32|          0|
    |mp_24_fu_282                                                                |  32|   0|   32|          0|
    |mp_25_fu_286                                                                |  32|   0|   32|          0|
    |mp_26_fu_290                                                                |  32|   0|   32|          0|
    |mp_27_fu_294                                                                |  32|   0|   32|          0|
    |mp_28_fu_298                                                                |  32|   0|   32|          0|
    |mp_29_fu_302                                                                |  32|   0|   32|          0|
    |mp_2_fu_194                                                                 |  32|   0|   32|          0|
    |mp_30_fu_306                                                                |  32|   0|   32|          0|
    |mp_31_fu_310                                                                |  32|   0|   32|          0|
    |mp_32_fu_314                                                                |  32|   0|   32|          0|
    |mp_33_fu_318                                                                |  32|   0|   32|          0|
    |mp_34_fu_322                                                                |  32|   0|   32|          0|
    |mp_35_fu_326                                                                |  32|   0|   32|          0|
    |mp_3_fu_198                                                                 |  32|   0|   32|          0|
    |mp_4_fu_202                                                                 |  32|   0|   32|          0|
    |mp_5_fu_206                                                                 |  32|   0|   32|          0|
    |mp_6_fu_210                                                                 |  32|   0|   32|          0|
    |mp_7_fu_214                                                                 |  32|   0|   32|          0|
    |mp_8_fu_218                                                                 |  32|   0|   32|          0|
    |mp_9_fu_222                                                                 |  32|   0|   32|          0|
    |mp_fu_186                                                                   |  32|   0|   32|          0|
    |t_3_reg_1260                                                                |   6|   0|    6|          0|
    |t_fu_182                                                                    |   6|   0|    6|          0|
    |tile_1_reg_1305                                                             |  32|   0|   32|          0|
    |tile_2_reg_1320                                                             |  32|   0|   32|          0|
    |tile_reg_1290                                                               |  32|   0|   32|          0|
    |transformer_blk_s2_top_float_const_float_float_const_x_buf_5_load_reg_1295  |  32|   0|   32|          0|
    |transformer_blk_s2_top_float_const_float_float_const_x_buf_6_load_reg_1310  |  32|   0|   32|          0|
    |transformer_blk_s2_top_float_const_float_float_const_x_buf_7_load_reg_1325  |  32|   0|   32|          0|
    |transformer_blk_s2_top_float_const_float_float_const_x_buf_load_reg_1280    |  32|   0|   32|          0|
    |zext_ln97_1_reg_1268                                                        |  12|   0|   64|         52|
    |icmp_ln92_reg_1264                                                          |  64|  32|    1|          0|
    |t_3_reg_1260                                                                |  64|  32|    6|          0|
    |zext_ln97_1_reg_1268                                                        |  64|  32|   64|         52|
    +----------------------------------------------------------------------------+----+----+-----+-----------+
    |Total                                                                       |1660|  96| 1591|        104|
    +----------------------------------------------------------------------------+----+----+-----+-----------+



================================================================
== Interface
================================================================
* Summary: 
+-----------------------------------------------------------------------+-----+-----+------------+--------------------------------------------------------------+--------------+
|                               RTL Ports                               | Dir | Bits|  Protocol  |                         Source Object                        |    C Type    |
+-----------------------------------------------------------------------+-----+-----+------------+--------------------------------------------------------------+--------------+
|ap_clk                                                                 |   in|    1|  ap_ctrl_hs|                       transformer_blk_s2_top_Pipeline_LN_MEAN|  return value|
|ap_rst                                                                 |   in|    1|  ap_ctrl_hs|                       transformer_blk_s2_top_Pipeline_LN_MEAN|  return value|
|ap_start                                                               |   in|    1|  ap_ctrl_hs|                       transformer_blk_s2_top_Pipeline_LN_MEAN|  return value|
|ap_done                                                                |  out|    1|  ap_ctrl_hs|                       transformer_blk_s2_top_Pipeline_LN_MEAN|  return value|
|ap_idle                                                                |  out|    1|  ap_ctrl_hs|                       transformer_blk_s2_top_Pipeline_LN_MEAN|  return value|
|ap_ready                                                               |  out|    1|  ap_ctrl_hs|                       transformer_blk_s2_top_Pipeline_LN_MEAN|  return value|
|grp_fu_2377_p_din0                                                     |  out|   32|  ap_ctrl_hs|                       transformer_blk_s2_top_Pipeline_LN_MEAN|  return value|
|grp_fu_2377_p_din1                                                     |  out|   32|  ap_ctrl_hs|                       transformer_blk_s2_top_Pipeline_LN_MEAN|  return value|
|grp_fu_2377_p_opcode                                                   |  out|    1|  ap_ctrl_hs|                       transformer_blk_s2_top_Pipeline_LN_MEAN|  return value|
|grp_fu_2377_p_dout0                                                    |   in|   32|  ap_ctrl_hs|                       transformer_blk_s2_top_Pipeline_LN_MEAN|  return value|
|grp_fu_2377_p_ce                                                       |  out|    1|  ap_ctrl_hs|                       transformer_blk_s2_top_Pipeline_LN_MEAN|  return value|
|grp_fu_4550_p_din0                                                     |  out|   32|  ap_ctrl_hs|                       transformer_blk_s2_top_Pipeline_LN_MEAN|  return value|
|grp_fu_4550_p_din1                                                     |  out|   32|  ap_ctrl_hs|                       transformer_blk_s2_top_Pipeline_LN_MEAN|  return value|
|grp_fu_4550_p_opcode                                                   |  out|    1|  ap_ctrl_hs|                       transformer_blk_s2_top_Pipeline_LN_MEAN|  return value|
|grp_fu_4550_p_dout0                                                    |   in|   32|  ap_ctrl_hs|                       transformer_blk_s2_top_Pipeline_LN_MEAN|  return value|
|grp_fu_4550_p_ce                                                       |  out|    1|  ap_ctrl_hs|                       transformer_blk_s2_top_Pipeline_LN_MEAN|  return value|
|grp_fu_4554_p_din0                                                     |  out|   32|  ap_ctrl_hs|                       transformer_blk_s2_top_Pipeline_LN_MEAN|  return value|
|grp_fu_4554_p_din1                                                     |  out|   32|  ap_ctrl_hs|                       transformer_blk_s2_top_Pipeline_LN_MEAN|  return value|
|grp_fu_4554_p_opcode                                                   |  out|    1|  ap_ctrl_hs|                       transformer_blk_s2_top_Pipeline_LN_MEAN|  return value|
|grp_fu_4554_p_dout0                                                    |   in|   32|  ap_ctrl_hs|                       transformer_blk_s2_top_Pipeline_LN_MEAN|  return value|
|grp_fu_4554_p_ce                                                       |  out|    1|  ap_ctrl_hs|                       transformer_blk_s2_top_Pipeline_LN_MEAN|  return value|
|grp_fu_4558_p_din0                                                     |  out|   32|  ap_ctrl_hs|                       transformer_blk_s2_top_Pipeline_LN_MEAN|  return value|
|grp_fu_4558_p_din1                                                     |  out|   32|  ap_ctrl_hs|                       transformer_blk_s2_top_Pipeline_LN_MEAN|  return value|
|grp_fu_4558_p_opcode                                                   |  out|    1|  ap_ctrl_hs|                       transformer_blk_s2_top_Pipeline_LN_MEAN|  return value|
|grp_fu_4558_p_dout0                                                    |   in|   32|  ap_ctrl_hs|                       transformer_blk_s2_top_Pipeline_LN_MEAN|  return value|
|grp_fu_4558_p_ce                                                       |  out|    1|  ap_ctrl_hs|                       transformer_blk_s2_top_Pipeline_LN_MEAN|  return value|
|p_shl1                                                                 |   in|    9|     ap_none|                                                        p_shl1|        scalar|
|p_shl                                                                  |   in|   12|     ap_none|                                                         p_shl|        scalar|
|mp_35_out                                                              |  out|   32|      ap_vld|                                                     mp_35_out|       pointer|
|mp_35_out_ap_vld                                                       |  out|    1|      ap_vld|                                                     mp_35_out|       pointer|
|mp_34_out                                                              |  out|   32|      ap_vld|                                                     mp_34_out|       pointer|
|mp_34_out_ap_vld                                                       |  out|    1|      ap_vld|                                                     mp_34_out|       pointer|
|mp_33_out                                                              |  out|   32|      ap_vld|                                                     mp_33_out|       pointer|
|mp_33_out_ap_vld                                                       |  out|    1|      ap_vld|                                                     mp_33_out|       pointer|
|mp_32_out                                                              |  out|   32|      ap_vld|                                                     mp_32_out|       pointer|
|mp_32_out_ap_vld                                                       |  out|    1|      ap_vld|                                                     mp_32_out|       pointer|
|mp_31_out                                                              |  out|   32|      ap_vld|                                                     mp_31_out|       pointer|
|mp_31_out_ap_vld                                                       |  out|    1|      ap_vld|                                                     mp_31_out|       pointer|
|mp_30_out                                                              |  out|   32|      ap_vld|                                                     mp_30_out|       pointer|
|mp_30_out_ap_vld                                                       |  out|    1|      ap_vld|                                                     mp_30_out|       pointer|
|mp_29_out                                                              |  out|   32|      ap_vld|                                                     mp_29_out|       pointer|
|mp_29_out_ap_vld                                                       |  out|    1|      ap_vld|                                                     mp_29_out|       pointer|
|mp_28_out                                                              |  out|   32|      ap_vld|                                                     mp_28_out|       pointer|
|mp_28_out_ap_vld                                                       |  out|    1|      ap_vld|                                                     mp_28_out|       pointer|
|mp_27_out                                                              |  out|   32|      ap_vld|                                                     mp_27_out|       pointer|
|mp_27_out_ap_vld                                                       |  out|    1|      ap_vld|                                                     mp_27_out|       pointer|
|mp_26_out                                                              |  out|   32|      ap_vld|                                                     mp_26_out|       pointer|
|mp_26_out_ap_vld                                                       |  out|    1|      ap_vld|                                                     mp_26_out|       pointer|
|mp_25_out                                                              |  out|   32|      ap_vld|                                                     mp_25_out|       pointer|
|mp_25_out_ap_vld                                                       |  out|    1|      ap_vld|                                                     mp_25_out|       pointer|
|mp_24_out                                                              |  out|   32|      ap_vld|                                                     mp_24_out|       pointer|
|mp_24_out_ap_vld                                                       |  out|    1|      ap_vld|                                                     mp_24_out|       pointer|
|mp_23_out                                                              |  out|   32|      ap_vld|                                                     mp_23_out|       pointer|
|mp_23_out_ap_vld                                                       |  out|    1|      ap_vld|                                                     mp_23_out|       pointer|
|mp_22_out                                                              |  out|   32|      ap_vld|                                                     mp_22_out|       pointer|
|mp_22_out_ap_vld                                                       |  out|    1|      ap_vld|                                                     mp_22_out|       pointer|
|mp_21_out                                                              |  out|   32|      ap_vld|                                                     mp_21_out|       pointer|
|mp_21_out_ap_vld                                                       |  out|    1|      ap_vld|                                                     mp_21_out|       pointer|
|mp_20_out                                                              |  out|   32|      ap_vld|                                                     mp_20_out|       pointer|
|mp_20_out_ap_vld                                                       |  out|    1|      ap_vld|                                                     mp_20_out|       pointer|
|mp_19_out                                                              |  out|   32|      ap_vld|                                                     mp_19_out|       pointer|
|mp_19_out_ap_vld                                                       |  out|    1|      ap_vld|                                                     mp_19_out|       pointer|
|mp_18_out                                                              |  out|   32|      ap_vld|                                                     mp_18_out|       pointer|
|mp_18_out_ap_vld                                                       |  out|    1|      ap_vld|                                                     mp_18_out|       pointer|
|mp_17_out                                                              |  out|   32|      ap_vld|                                                     mp_17_out|       pointer|
|mp_17_out_ap_vld                                                       |  out|    1|      ap_vld|                                                     mp_17_out|       pointer|
|mp_16_out                                                              |  out|   32|      ap_vld|                                                     mp_16_out|       pointer|
|mp_16_out_ap_vld                                                       |  out|    1|      ap_vld|                                                     mp_16_out|       pointer|
|mp_15_out                                                              |  out|   32|      ap_vld|                                                     mp_15_out|       pointer|
|mp_15_out_ap_vld                                                       |  out|    1|      ap_vld|                                                     mp_15_out|       pointer|
|mp_14_out                                                              |  out|   32|      ap_vld|                                                     mp_14_out|       pointer|
|mp_14_out_ap_vld                                                       |  out|    1|      ap_vld|                                                     mp_14_out|       pointer|
|mp_13_out                                                              |  out|   32|      ap_vld|                                                     mp_13_out|       pointer|
|mp_13_out_ap_vld                                                       |  out|    1|      ap_vld|                                                     mp_13_out|       pointer|
|mp_12_out                                                              |  out|   32|      ap_vld|                                                     mp_12_out|       pointer|
|mp_12_out_ap_vld                                                       |  out|    1|      ap_vld|                                                     mp_12_out|       pointer|
|mp_11_out                                                              |  out|   32|      ap_vld|                                                     mp_11_out|       pointer|
|mp_11_out_ap_vld                                                       |  out|    1|      ap_vld|                                                     mp_11_out|       pointer|
|mp_10_out                                                              |  out|   32|      ap_vld|                                                     mp_10_out|       pointer|
|mp_10_out_ap_vld                                                       |  out|    1|      ap_vld|                                                     mp_10_out|       pointer|
|mp_9_out                                                               |  out|   32|      ap_vld|                                                      mp_9_out|       pointer|
|mp_9_out_ap_vld                                                        |  out|    1|      ap_vld|                                                      mp_9_out|       pointer|
|mp_8_out                                                               |  out|   32|      ap_vld|                                                      mp_8_out|       pointer|
|mp_8_out_ap_vld                                                        |  out|    1|      ap_vld|                                                      mp_8_out|       pointer|
|mp_7_out                                                               |  out|   32|      ap_vld|                                                      mp_7_out|       pointer|
|mp_7_out_ap_vld                                                        |  out|    1|      ap_vld|                                                      mp_7_out|       pointer|
|mp_6_out                                                               |  out|   32|      ap_vld|                                                      mp_6_out|       pointer|
|mp_6_out_ap_vld                                                        |  out|    1|      ap_vld|                                                      mp_6_out|       pointer|
|mp_5_out                                                               |  out|   32|      ap_vld|                                                      mp_5_out|       pointer|
|mp_5_out_ap_vld                                                        |  out|    1|      ap_vld|                                                      mp_5_out|       pointer|
|mp_4_out                                                               |  out|   32|      ap_vld|                                                      mp_4_out|       pointer|
|mp_4_out_ap_vld                                                        |  out|    1|      ap_vld|                                                      mp_4_out|       pointer|
|mp_3_out                                                               |  out|   32|      ap_vld|                                                      mp_3_out|       pointer|
|mp_3_out_ap_vld                                                        |  out|    1|      ap_vld|                                                      mp_3_out|       pointer|
|mp_2_out                                                               |  out|   32|      ap_vld|                                                      mp_2_out|       pointer|
|mp_2_out_ap_vld                                                        |  out|    1|      ap_vld|                                                      mp_2_out|       pointer|
|mp_1_out                                                               |  out|   32|      ap_vld|                                                      mp_1_out|       pointer|
|mp_1_out_ap_vld                                                        |  out|    1|      ap_vld|                                                      mp_1_out|       pointer|
|mp_out                                                                 |  out|   32|      ap_vld|                                                        mp_out|       pointer|
|mp_out_ap_vld                                                          |  out|    1|      ap_vld|                                                        mp_out|       pointer|
|transformer_blk_s2_top_float_const_float_float_const_x_buf_address0    |  out|   12|   ap_memory|    transformer_blk_s2_top_float_const_float_float_const_x_buf|         array|
|transformer_blk_s2_top_float_const_float_float_const_x_buf_ce0         |  out|    1|   ap_memory|    transformer_blk_s2_top_float_const_float_float_const_x_buf|         array|
|transformer_blk_s2_top_float_const_float_float_const_x_buf_q0          |   in|   32|   ap_memory|    transformer_blk_s2_top_float_const_float_float_const_x_buf|         array|
|transformer_blk_s2_top_float_const_float_float_const_x_buf_5_address0  |  out|   12|   ap_memory|  transformer_blk_s2_top_float_const_float_float_const_x_buf_5|         array|
|transformer_blk_s2_top_float_const_float_float_const_x_buf_5_ce0       |  out|    1|   ap_memory|  transformer_blk_s2_top_float_const_float_float_const_x_buf_5|         array|
|transformer_blk_s2_top_float_const_float_float_const_x_buf_5_q0        |   in|   32|   ap_memory|  transformer_blk_s2_top_float_const_float_float_const_x_buf_5|         array|
|transformer_blk_s2_top_float_const_float_float_const_x_buf_6_address0  |  out|   12|   ap_memory|  transformer_blk_s2_top_float_const_float_float_const_x_buf_6|         array|
|transformer_blk_s2_top_float_const_float_float_const_x_buf_6_ce0       |  out|    1|   ap_memory|  transformer_blk_s2_top_float_const_float_float_const_x_buf_6|         array|
|transformer_blk_s2_top_float_const_float_float_const_x_buf_6_q0        |   in|   32|   ap_memory|  transformer_blk_s2_top_float_const_float_float_const_x_buf_6|         array|
|transformer_blk_s2_top_float_const_float_float_const_x_buf_7_address0  |  out|   12|   ap_memory|  transformer_blk_s2_top_float_const_float_float_const_x_buf_7|         array|
|transformer_blk_s2_top_float_const_float_float_const_x_buf_7_ce0       |  out|    1|   ap_memory|  transformer_blk_s2_top_float_const_float_float_const_x_buf_7|         array|
|transformer_blk_s2_top_float_const_float_float_const_x_buf_7_q0        |   in|   32|   ap_memory|  transformer_blk_s2_top_float_const_float_float_const_x_buf_7|         array|
+-----------------------------------------------------------------------+-----+-----+------------+--------------------------------------------------------------+--------------+

