

================================================================
== Vitis HLS Report for 'transformer_blk_s2_top_Pipeline_LF_S_LF_OD7'
================================================================
* Date:           Sun May 31 16:34:42 2026

* Version:        2022.2 (Build 3670227 on Oct 13 2022)
* Project:        s2_transformer_block
* Solution:       solution1 (Vivado IP Flow Target)
* Product family: zynquplus
* Target device:  xczu28dr-ffvg1517-2-e


================================================================
== Performance Estimates
================================================================
+ Timing: 
    * Summary: 
    +--------+---------+----------+------------+
    |  Clock |  Target | Estimated| Uncertainty|
    +--------+---------+----------+------------+
    |ap_clk  |  5.00 ns|  4.290 ns|     1.35 ns|
    +--------+---------+----------+------------+

+ Latency: 
    * Summary: 
    +---------+---------+-----------+-----------+---------+---------+---------+
    |  Latency (cycles) |   Latency (absolute)  |      Interval     | Pipeline|
    |   min   |   max   |    min    |    max    |   min   |   max   |   Type  |
    +---------+---------+-----------+-----------+---------+---------+---------+
    |  2103489|  2103489|  10.517 ms|  10.517 ms|  2103489|  2103489|       no|
    +---------+---------+-----------+-----------+---------+---------+---------+

    + Detail: 
        * Instance: 
        N/A

        * Loop: 
        +--------------+---------+---------+----------+-----------+-----------+-------+----------+
        |              |  Latency (cycles) | Iteration|  Initiation Interval  |  Trip |          |
        |   Loop Name  |   min   |   max   |  Latency |  achieved |   target  | Count | Pipelined|
        +--------------+---------+---------+----------+-----------+-----------+-------+----------+
        |- LF_S_LF_OD  |  2103487|  2103487|      1161|         73|          1|  28800|       yes|
        +--------------+---------+---------+----------+-----------+-----------+-------+----------+



================================================================
== Utilization Estimates
================================================================
* Summary: 
+-----------------+---------+------+--------+--------+-----+
|       Name      | BRAM_18K|  DSP |   FF   |   LUT  | URAM|
+-----------------+---------+------+--------+--------+-----+
|DSP              |        -|     -|       -|       -|    -|
|Expression       |        -|     -|       0|    4630|    -|
|FIFO             |        -|     -|       -|       -|    -|
|Instance         |        -|     -|       -|       -|    -|
|Memory           |        -|     -|       -|       -|    -|
|Multiplexer      |        -|     -|       -|    4414|    -|
|Register         |        -|     -|   17686|    4064|    -|
+-----------------+---------+------+--------+--------+-----+
|Total            |        0|     0|   17686|   13108|    0|
+-----------------+---------+------+--------+--------+-----+
|Available        |     2160|  4272|  850560|  425280|   80|
+-----------------+---------+------+--------+--------+-----+
|Utilization (%)  |        0|     0|       2|       3|    0|
+-----------------+---------+------+--------+--------+-----+

+ Detail: 
    * Instance: 
    N/A

    * DSP: 
    N/A

    * Memory: 
    N/A

    * FIFO: 
    N/A

    * Expression: 
    +---------------------------+----------+----+---+----+------------+------------+
    |       Variable Name       | Operation| DSP| FF| LUT| Bitwidth P0| Bitwidth P1|
    +---------------------------+----------+----+---+----+------------+------------+
    |add_ln162_258_fu_3413_p2   |         +|   0|  0|  19|          12|           3|
    |add_ln162_259_fu_3426_p2   |         +|   0|  0|  19|          12|           3|
    |add_ln162_260_fu_3479_p2   |         +|   0|  0|  19|          12|           3|
    |add_ln162_261_fu_3492_p2   |         +|   0|  0|  19|          12|           3|
    |add_ln162_262_fu_3555_p2   |         +|   0|  0|  19|          12|           4|
    |add_ln162_263_fu_3568_p2   |         +|   0|  0|  19|          12|           4|
    |add_ln162_264_fu_3631_p2   |         +|   0|  0|  19|          12|           4|
    |add_ln162_265_fu_3644_p2   |         +|   0|  0|  19|          12|           4|
    |add_ln162_266_fu_3707_p2   |         +|   0|  0|  19|          12|           4|
    |add_ln162_267_fu_3720_p2   |         +|   0|  0|  19|          12|           4|
    |add_ln162_268_fu_3783_p2   |         +|   0|  0|  19|          12|           4|
    |add_ln162_269_fu_3796_p2   |         +|   0|  0|  19|          12|           4|
    |add_ln162_270_fu_3859_p2   |         +|   0|  0|  19|          12|           5|
    |add_ln162_271_fu_3872_p2   |         +|   0|  0|  19|          12|           5|
    |add_ln162_272_fu_3940_p2   |         +|   0|  0|  19|          12|           5|
    |add_ln162_273_fu_3953_p2   |         +|   0|  0|  19|          12|           5|
    |add_ln162_274_fu_4016_p2   |         +|   0|  0|  19|          12|           5|
    |add_ln162_275_fu_4029_p2   |         +|   0|  0|  19|          12|           5|
    |add_ln162_276_fu_4092_p2   |         +|   0|  0|  19|          12|           5|
    |add_ln162_277_fu_4105_p2   |         +|   0|  0|  19|          12|           5|
    |add_ln162_278_fu_4168_p2   |         +|   0|  0|  19|          12|           5|
    |add_ln162_279_fu_4181_p2   |         +|   0|  0|  19|          12|           5|
    |add_ln162_280_fu_4244_p2   |         +|   0|  0|  19|          12|           5|
    |add_ln162_281_fu_4257_p2   |         +|   0|  0|  19|          12|           5|
    |add_ln162_282_fu_4320_p2   |         +|   0|  0|  19|          12|           5|
    |add_ln162_283_fu_4333_p2   |         +|   0|  0|  19|          12|           5|
    |add_ln162_284_fu_4396_p2   |         +|   0|  0|  19|          12|           5|
    |add_ln162_285_fu_4409_p2   |         +|   0|  0|  19|          12|           5|
    |add_ln162_286_fu_4472_p2   |         +|   0|  0|  19|          12|           6|
    |add_ln162_287_fu_4485_p2   |         +|   0|  0|  19|          12|           6|
    |add_ln162_288_fu_4548_p2   |         +|   0|  0|  19|          12|           6|
    |add_ln162_289_fu_4561_p2   |         +|   0|  0|  19|          12|           6|
    |add_ln162_9_fu_3130_p2     |         +|   0|  0|  22|          15|           1|
    |add_ln162_fu_3153_p2       |         +|   0|  0|  14|           7|           1|
    |add_ln163_fu_3296_p2       |         +|   0|  0|  16|           9|           1|
    |add_ln165_fu_3255_p2       |         +|   0|  0|  23|          16|          16|
    |add_ln170_289_fu_3203_p2   |         +|   0|  0|  19|          12|          12|
    |add_ln170_290_fu_3361_p2   |         +|   0|  0|  25|          18|          18|
    |add_ln170_291_fu_3371_p2   |         +|   0|  0|  26|          19|          19|
    |add_ln170_292_fu_3392_p2   |         +|   0|  0|  26|          19|          19|
    |add_ln170_293_fu_3439_p2   |         +|   0|  0|  26|          19|          19|
    |add_ln170_294_fu_3459_p2   |         +|   0|  0|  26|          19|          19|
    |add_ln170_295_fu_3515_p2   |         +|   0|  0|  26|          19|          19|
    |add_ln170_296_fu_3535_p2   |         +|   0|  0|  26|          19|          19|
    |add_ln170_297_fu_3591_p2   |         +|   0|  0|  26|          19|          19|
    |add_ln170_298_fu_3611_p2   |         +|   0|  0|  26|          19|          19|
    |add_ln170_299_fu_3667_p2   |         +|   0|  0|  26|          19|          19|
    |add_ln170_300_fu_3687_p2   |         +|   0|  0|  26|          19|          19|
    |add_ln170_301_fu_3743_p2   |         +|   0|  0|  26|          19|          19|
    |add_ln170_302_fu_3763_p2   |         +|   0|  0|  26|          19|          19|
    |add_ln170_303_fu_3819_p2   |         +|   0|  0|  26|          19|          19|
    |add_ln170_304_fu_3839_p2   |         +|   0|  0|  26|          19|          19|
    |add_ln170_305_fu_3900_p2   |         +|   0|  0|  26|          19|          19|
    |add_ln170_306_fu_3920_p2   |         +|   0|  0|  26|          19|          19|
    |add_ln170_307_fu_3976_p2   |         +|   0|  0|  26|          19|          19|
    |add_ln170_308_fu_3996_p2   |         +|   0|  0|  26|          19|          19|
    |add_ln170_309_fu_4052_p2   |         +|   0|  0|  26|          19|          19|
    |add_ln170_310_fu_4072_p2   |         +|   0|  0|  26|          19|          19|
    |add_ln170_311_fu_4128_p2   |         +|   0|  0|  26|          19|          19|
    |add_ln170_312_fu_4148_p2   |         +|   0|  0|  26|          19|          19|
    |add_ln170_313_fu_4204_p2   |         +|   0|  0|  26|          19|          19|
    |add_ln170_314_fu_4224_p2   |         +|   0|  0|  26|          19|          19|
    |add_ln170_315_fu_4280_p2   |         +|   0|  0|  26|          19|          19|
    |add_ln170_316_fu_4300_p2   |         +|   0|  0|  26|          19|          19|
    |add_ln170_317_fu_4356_p2   |         +|   0|  0|  26|          19|          19|
    |add_ln170_318_fu_4376_p2   |         +|   0|  0|  26|          19|          19|
    |add_ln170_319_fu_4432_p2   |         +|   0|  0|  26|          19|          19|
    |add_ln170_320_fu_4452_p2   |         +|   0|  0|  26|          19|          19|
    |add_ln170_321_fu_4508_p2   |         +|   0|  0|  26|          19|          19|
    |add_ln170_322_fu_4528_p2   |         +|   0|  0|  26|          19|          19|
    |add_ln170_323_fu_4584_p2   |         +|   0|  0|  26|          19|          19|
    |add_ln170_324_fu_4604_p2   |         +|   0|  0|  26|          19|          19|
    |add_ln170_325_fu_4634_p2   |         +|   0|  0|  26|          19|          19|
    |add_ln170_326_fu_4654_p2   |         +|   0|  0|  26|          19|          19|
    |add_ln170_327_fu_4684_p2   |         +|   0|  0|  26|          19|          19|
    |add_ln170_328_fu_4704_p2   |         +|   0|  0|  26|          19|          19|
    |add_ln170_329_fu_4734_p2   |         +|   0|  0|  26|          19|          19|
    |add_ln170_330_fu_4754_p2   |         +|   0|  0|  26|          19|          19|
    |add_ln170_331_fu_4784_p2   |         +|   0|  0|  26|          19|          19|
    |add_ln170_332_fu_4804_p2   |         +|   0|  0|  26|          19|          19|
    |add_ln170_333_fu_4834_p2   |         +|   0|  0|  26|          19|          19|
    |add_ln170_334_fu_4854_p2   |         +|   0|  0|  26|          19|          19|
    |add_ln170_335_fu_4884_p2   |         +|   0|  0|  26|          19|          19|
    |add_ln170_336_fu_4904_p2   |         +|   0|  0|  26|          19|          19|
    |add_ln170_337_fu_4934_p2   |         +|   0|  0|  26|          19|          19|
    |add_ln170_338_fu_4954_p2   |         +|   0|  0|  26|          19|          19|
    |add_ln170_339_fu_4984_p2   |         +|   0|  0|  26|          19|          19|
    |add_ln170_340_fu_5004_p2   |         +|   0|  0|  26|          19|          19|
    |add_ln170_341_fu_5034_p2   |         +|   0|  0|  26|          19|          19|
    |add_ln170_342_fu_5054_p2   |         +|   0|  0|  26|          19|          19|
    |add_ln170_343_fu_5084_p2   |         +|   0|  0|  26|          19|          19|
    |add_ln170_344_fu_5104_p2   |         +|   0|  0|  26|          19|          19|
    |add_ln170_345_fu_5134_p2   |         +|   0|  0|  26|          19|          19|
    |add_ln170_346_fu_5154_p2   |         +|   0|  0|  26|          19|          19|
    |add_ln170_347_fu_5184_p2   |         +|   0|  0|  26|          19|          19|
    |add_ln170_348_fu_5204_p2   |         +|   0|  0|  26|          19|          19|
    |add_ln170_349_fu_5234_p2   |         +|   0|  0|  26|          19|          19|
    |add_ln170_350_fu_5254_p2   |         +|   0|  0|  26|          19|          19|
    |add_ln170_351_fu_5284_p2   |         +|   0|  0|  26|          19|          19|
    |add_ln170_352_fu_5304_p2   |         +|   0|  0|  26|          19|          19|
    |add_ln170_353_fu_5334_p2   |         +|   0|  0|  26|          19|          19|
    |add_ln170_354_fu_5354_p2   |         +|   0|  0|  26|          19|          19|
    |add_ln170_355_fu_5384_p2   |         +|   0|  0|  26|          19|          19|
    |add_ln170_356_fu_5404_p2   |         +|   0|  0|  26|          19|          19|
    |add_ln170_357_fu_5434_p2   |         +|   0|  0|  26|          19|          19|
    |add_ln170_358_fu_5454_p2   |         +|   0|  0|  26|          19|          19|
    |add_ln170_359_fu_5484_p2   |         +|   0|  0|  26|          19|          19|
    |add_ln170_360_fu_5504_p2   |         +|   0|  0|  26|          19|          19|
    |add_ln170_361_fu_5534_p2   |         +|   0|  0|  26|          19|          19|
    |add_ln170_362_fu_5554_p2   |         +|   0|  0|  26|          19|          19|
    |add_ln170_363_fu_5584_p2   |         +|   0|  0|  26|          19|          19|
    |add_ln170_364_fu_5604_p2   |         +|   0|  0|  26|          19|          19|
    |add_ln170_365_fu_5634_p2   |         +|   0|  0|  26|          19|          19|
    |add_ln170_366_fu_5654_p2   |         +|   0|  0|  26|          19|          19|
    |add_ln170_367_fu_5684_p2   |         +|   0|  0|  26|          19|          19|
    |add_ln170_368_fu_5704_p2   |         +|   0|  0|  26|          19|          19|
    |add_ln170_369_fu_5734_p2   |         +|   0|  0|  26|          19|          19|
    |add_ln170_370_fu_5754_p2   |         +|   0|  0|  26|          19|          19|
    |add_ln170_371_fu_5784_p2   |         +|   0|  0|  26|          19|          19|
    |add_ln170_372_fu_5804_p2   |         +|   0|  0|  26|          19|          19|
    |add_ln170_373_fu_5834_p2   |         +|   0|  0|  26|          19|          19|
    |add_ln170_374_fu_5854_p2   |         +|   0|  0|  26|          19|          19|
    |add_ln170_375_fu_5884_p2   |         +|   0|  0|  26|          19|          19|
    |add_ln170_376_fu_5904_p2   |         +|   0|  0|  26|          19|          19|
    |add_ln170_377_fu_5934_p2   |         +|   0|  0|  26|          19|          19|
    |add_ln170_378_fu_5954_p2   |         +|   0|  0|  26|          19|          19|
    |add_ln170_379_fu_5984_p2   |         +|   0|  0|  26|          19|          19|
    |add_ln170_380_fu_6004_p2   |         +|   0|  0|  26|          19|          19|
    |add_ln170_381_fu_6034_p2   |         +|   0|  0|  26|          19|          19|
    |add_ln170_382_fu_6054_p2   |         +|   0|  0|  26|          19|          19|
    |add_ln170_383_fu_6084_p2   |         +|   0|  0|  26|          19|          19|
    |add_ln170_384_fu_6104_p2   |         +|   0|  0|  26|          19|          19|
    |add_ln170_385_fu_6134_p2   |         +|   0|  0|  26|          19|          19|
    |add_ln170_386_fu_6154_p2   |         +|   0|  0|  26|          19|          19|
    |add_ln170_387_fu_6184_p2   |         +|   0|  0|  26|          19|          19|
    |add_ln170_388_fu_6204_p2   |         +|   0|  0|  26|          19|          19|
    |add_ln170_389_fu_6234_p2   |         +|   0|  0|  26|          19|          19|
    |add_ln170_390_fu_6254_p2   |         +|   0|  0|  26|          19|          19|
    |add_ln170_391_fu_6284_p2   |         +|   0|  0|  26|          19|          19|
    |add_ln170_392_fu_6304_p2   |         +|   0|  0|  26|          19|          19|
    |add_ln170_393_fu_6334_p2   |         +|   0|  0|  26|          19|          19|
    |add_ln170_394_fu_6354_p2   |         +|   0|  0|  26|          19|          19|
    |add_ln170_395_fu_6384_p2   |         +|   0|  0|  26|          19|          19|
    |add_ln170_396_fu_6404_p2   |         +|   0|  0|  26|          19|          19|
    |add_ln170_397_fu_6434_p2   |         +|   0|  0|  26|          19|          19|
    |add_ln170_398_fu_6454_p2   |         +|   0|  0|  26|          19|          19|
    |add_ln170_399_fu_6484_p2   |         +|   0|  0|  26|          19|          19|
    |add_ln170_400_fu_6504_p2   |         +|   0|  0|  26|          19|          19|
    |add_ln170_401_fu_6534_p2   |         +|   0|  0|  26|          19|          19|
    |add_ln170_402_fu_6554_p2   |         +|   0|  0|  26|          19|          19|
    |add_ln170_403_fu_6584_p2   |         +|   0|  0|  26|          19|          19|
    |add_ln170_404_fu_6604_p2   |         +|   0|  0|  26|          19|          19|
    |add_ln170_405_fu_6634_p2   |         +|   0|  0|  26|          19|          19|
    |add_ln170_406_fu_6654_p2   |         +|   0|  0|  26|          19|          19|
    |add_ln170_407_fu_6684_p2   |         +|   0|  0|  26|          19|          19|
    |add_ln170_408_fu_6704_p2   |         +|   0|  0|  26|          19|          19|
    |add_ln170_409_fu_6734_p2   |         +|   0|  0|  26|          19|          19|
    |add_ln170_410_fu_6754_p2   |         +|   0|  0|  26|          19|          19|
    |add_ln170_411_fu_6784_p2   |         +|   0|  0|  26|          19|          19|
    |add_ln170_412_fu_6804_p2   |         +|   0|  0|  26|          19|          19|
    |add_ln170_413_fu_6834_p2   |         +|   0|  0|  26|          19|          19|
    |add_ln170_414_fu_6854_p2   |         +|   0|  0|  26|          19|          19|
    |add_ln170_415_fu_6884_p2   |         +|   0|  0|  26|          19|          19|
    |add_ln170_416_fu_6904_p2   |         +|   0|  0|  26|          19|          19|
    |add_ln170_417_fu_6934_p2   |         +|   0|  0|  26|          19|          19|
    |add_ln170_418_fu_6954_p2   |         +|   0|  0|  26|          19|          19|
    |add_ln170_419_fu_6984_p2   |         +|   0|  0|  26|          19|          19|
    |add_ln170_420_fu_7004_p2   |         +|   0|  0|  26|          19|          19|
    |add_ln170_421_fu_7034_p2   |         +|   0|  0|  26|          19|          19|
    |add_ln170_422_fu_7054_p2   |         +|   0|  0|  26|          19|          19|
    |add_ln170_423_fu_7084_p2   |         +|   0|  0|  26|          19|          19|
    |add_ln170_424_fu_7104_p2   |         +|   0|  0|  26|          19|          19|
    |add_ln170_425_fu_7134_p2   |         +|   0|  0|  26|          19|          19|
    |add_ln170_426_fu_7154_p2   |         +|   0|  0|  26|          19|          19|
    |add_ln170_427_fu_7184_p2   |         +|   0|  0|  26|          19|          19|
    |add_ln170_428_fu_7204_p2   |         +|   0|  0|  26|          19|          19|
    |add_ln170_429_fu_7234_p2   |         +|   0|  0|  26|          19|          19|
    |add_ln170_430_fu_7254_p2   |         +|   0|  0|  26|          19|          19|
    |add_ln170_431_fu_7284_p2   |         +|   0|  0|  26|          19|          19|
    |add_ln170_432_fu_7304_p2   |         +|   0|  0|  26|          19|          19|
    |add_ln170_433_fu_7334_p2   |         +|   0|  0|  26|          19|          19|
    |add_ln170_434_fu_7354_p2   |         +|   0|  0|  26|          19|          19|
    |add_ln170_fu_3118_p2       |         +|   0|  0|  19|          12|          12|
    |add_ln172_2_fu_3290_p2     |         +|   0|  0|  22|          15|          15|
    |add_ln172_fu_3280_p2       |         +|   0|  0|  19|          12|          12|
    |icmp_ln162_fu_3124_p2      |      icmp|   0|  0|  12|          15|          13|
    |icmp_ln163_fu_3139_p2      |      icmp|   0|  0|  11|           9|           9|
    |or_ln162_31_fu_3317_p2     |        or|   0|  0|  12|          12|           2|
    |or_ln162_32_fu_3330_p2     |        or|   0|  0|  12|          12|           2|
    |or_ln162_fu_3225_p2        |        or|   0|  0|  12|          12|           1|
    |select_ln162_3_fu_3159_p3  |    select|   0|  0|   7|           1|           7|
    |select_ln162_4_fu_3183_p3  |    select|   0|  0|  11|           1|          12|
    |select_ln162_5_fu_3209_p3  |    select|   0|  0|  11|           1|          12|
    |select_ln162_fu_3145_p3    |    select|   0|  0|   9|           1|           1|
    |ap_enable_pp0              |       xor|   0|  0|   2|           1|           2|
    +---------------------------+----------+----+---+----+------------+------------+
    |Total                      |          |   0|  0|4630|        3301|        3033|
    +---------------------------+----------+----+---+----+------------+------------+

    * Multiplexer: 
    +-------------------------------------------------------------------------+-----+-----------+-----+-----------+
    |                                   Name                                  | LUT | Input Size| Bits| Total Bits|
    +-------------------------------------------------------------------------+-----+-----------+-----+-----------+
    |ap_NS_fsm                                                                |  389|         74|    1|         74|
    |ap_done_int                                                              |    9|          2|    1|          2|
    |ap_enable_reg_pp0_iter0                                                  |    9|          2|    1|          2|
    |ap_enable_reg_pp0_iter1                                                  |    9|          2|    1|          2|
    |ap_enable_reg_pp0_iter15                                                 |    9|          2|    1|          2|
    |ap_loop_exit_ready_pp0_iter10_reg                                        |    9|          2|    1|          2|
    |ap_loop_exit_ready_pp0_iter11_reg                                        |    9|          2|    1|          2|
    |ap_loop_exit_ready_pp0_iter12_reg                                        |    9|          2|    1|          2|
    |ap_loop_exit_ready_pp0_iter13_reg                                        |    9|          2|    1|          2|
    |ap_loop_exit_ready_pp0_iter14_reg                                        |    9|          2|    1|          2|
    |ap_loop_exit_ready_pp0_iter1_reg                                         |    9|          2|    1|          2|
    |ap_loop_exit_ready_pp0_iter2_reg                                         |    9|          2|    1|          2|
    |ap_loop_exit_ready_pp0_iter3_reg                                         |    9|          2|    1|          2|
    |ap_loop_exit_ready_pp0_iter4_reg                                         |    9|          2|    1|          2|
    |ap_loop_exit_ready_pp0_iter5_reg                                         |    9|          2|    1|          2|
    |ap_loop_exit_ready_pp0_iter6_reg                                         |    9|          2|    1|          2|
    |ap_loop_exit_ready_pp0_iter7_reg                                         |    9|          2|    1|          2|
    |ap_loop_exit_ready_pp0_iter8_reg                                         |    9|          2|    1|          2|
    |ap_loop_exit_ready_pp0_iter9_reg                                         |    9|          2|    1|          2|
    |ap_sig_allocacmp_indvar_flatten1317_load                                 |    9|          2|   15|         30|
    |ap_sig_allocacmp_od_load                                                 |    9|          2|    9|         18|
    |ap_sig_allocacmp_s_26                                                    |    9|          2|    7|         14|
    |grp_fu_2834_p0                                                           |   54|         10|   32|        320|
    |grp_fu_2834_p1                                                           |  389|         74|   32|       2368|
    |grp_fu_2838_p0                                                           |   54|         10|   32|        320|
    |grp_fu_2838_p1                                                           |  366|         72|   32|       2304|
    |grp_fu_2842_p0                                                           |  262|         61|   32|       1952|
    |grp_fu_2842_p1                                                           |  377|         73|   32|       2336|
    |grp_fu_2846_p0                                                           |  262|         61|   32|       1952|
    |grp_fu_2846_p1                                                           |  377|         73|   32|       2336|
    |indvar_flatten1317_fu_460                                                |    9|          2|   15|         30|
    |od_fu_452                                                                |    9|          2|    9|         18|
    |reg_2870                                                                 |    9|          2|   32|         64|
    |reg_2876                                                                 |    9|          2|   32|         64|
    |reg_2882                                                                 |    9|          2|   32|         64|
    |reg_2888                                                                 |    9|          2|   32|         64|
    |reg_2918                                                                 |    9|          2|   32|         64|
    |reg_2924                                                                 |    9|          2|   32|         64|
    |reg_2930                                                                 |    9|          2|   32|         64|
    |reg_2936                                                                 |    9|          2|   32|         64|
    |reg_2942                                                                 |    9|          2|   32|         64|
    |reg_2947                                                                 |    9|          2|   32|         64|
    |reg_2972                                                                 |    9|          2|   32|         64|
    |reg_2978                                                                 |    9|          2|   32|         64|
    |reg_2984                                                                 |    9|          2|   32|         64|
    |reg_2990                                                                 |    9|          2|   32|         64|
    |s_fu_456                                                                 |    9|          2|    7|         14|
    |transformer_blk_s2_top_float_const_float_float_const_ln_buf_10_address0  |   97|         19|   12|        228|
    |transformer_blk_s2_top_float_const_float_float_const_ln_buf_10_address1  |   97|         19|   12|        228|
    |transformer_blk_s2_top_float_const_float_float_const_ln_buf_8_address0   |   97|         19|   12|        228|
    |transformer_blk_s2_top_float_const_float_float_const_ln_buf_8_address1   |   97|         19|   12|        228|
    |transformer_blk_s2_top_float_const_float_float_const_ln_buf_9_address0   |   97|         19|   12|        228|
    |transformer_blk_s2_top_float_const_float_float_const_ln_buf_9_address1   |   97|         19|   12|        228|
    |transformer_blk_s2_top_float_const_float_float_const_ln_buf_address0     |   97|         19|   12|        228|
    |transformer_blk_s2_top_float_const_float_float_const_ln_buf_address1     |   97|         19|   12|        228|
    |w_Addr_A_orig                                                            |  389|         74|   32|       2368|
    |w_Addr_B_orig                                                            |  377|         73|   32|       2336|
    +-------------------------------------------------------------------------+-----+-----------+-----+-----------+
    |Total                                                                    | 4414|        883|  945|      21546|
    +-------------------------------------------------------------------------+-----+-----------+-----+-----------+

    * Register: 
    +---------------------------------------------------------------------------------+-----+----+-----+-----------+
    |                                       Name                                      |  FF | LUT| Bits| Const Bits|
    +---------------------------------------------------------------------------------+-----+----+-----+-----------+
    |acc_385_reg_10988                                                                |   32|   0|   32|          0|
    |add_ln172_2_reg_7512                                                             |   15|   0|   15|          0|
    |ap_CS_fsm                                                                        |   73|   0|   73|          0|
    |ap_done_reg                                                                      |    1|   0|    1|          0|
    |ap_enable_reg_pp0_iter0_reg                                                      |    1|   0|    1|          0|
    |ap_enable_reg_pp0_iter1                                                          |    1|   0|    1|          0|
    |ap_enable_reg_pp0_iter10                                                         |    1|   0|    1|          0|
    |ap_enable_reg_pp0_iter11                                                         |    1|   0|    1|          0|
    |ap_enable_reg_pp0_iter12                                                         |    1|   0|    1|          0|
    |ap_enable_reg_pp0_iter13                                                         |    1|   0|    1|          0|
    |ap_enable_reg_pp0_iter14                                                         |    1|   0|    1|          0|
    |ap_enable_reg_pp0_iter15                                                         |    1|   0|    1|          0|
    |ap_enable_reg_pp0_iter2                                                          |    1|   0|    1|          0|
    |ap_enable_reg_pp0_iter3                                                          |    1|   0|    1|          0|
    |ap_enable_reg_pp0_iter4                                                          |    1|   0|    1|          0|
    |ap_enable_reg_pp0_iter5                                                          |    1|   0|    1|          0|
    |ap_enable_reg_pp0_iter6                                                          |    1|   0|    1|          0|
    |ap_enable_reg_pp0_iter7                                                          |    1|   0|    1|          0|
    |ap_enable_reg_pp0_iter8                                                          |    1|   0|    1|          0|
    |ap_enable_reg_pp0_iter9                                                          |    1|   0|    1|          0|
    |ap_loop_exit_ready_pp0_iter10_reg                                                |    1|   0|    1|          0|
    |ap_loop_exit_ready_pp0_iter11_reg                                                |    1|   0|    1|          0|
    |ap_loop_exit_ready_pp0_iter12_reg                                                |    1|   0|    1|          0|
    |ap_loop_exit_ready_pp0_iter13_reg                                                |    1|   0|    1|          0|
    |ap_loop_exit_ready_pp0_iter14_reg                                                |    1|   0|    1|          0|
    |ap_loop_exit_ready_pp0_iter1_reg                                                 |    1|   0|    1|          0|
    |ap_loop_exit_ready_pp0_iter2_reg                                                 |    1|   0|    1|          0|
    |ap_loop_exit_ready_pp0_iter3_reg                                                 |    1|   0|    1|          0|
    |ap_loop_exit_ready_pp0_iter4_reg                                                 |    1|   0|    1|          0|
    |ap_loop_exit_ready_pp0_iter5_reg                                                 |    1|   0|    1|          0|
    |ap_loop_exit_ready_pp0_iter6_reg                                                 |    1|   0|    1|          0|
    |ap_loop_exit_ready_pp0_iter7_reg                                                 |    1|   0|    1|          0|
    |ap_loop_exit_ready_pp0_iter8_reg                                                 |    1|   0|    1|          0|
    |ap_loop_exit_ready_pp0_iter9_reg                                                 |    1|   0|    1|          0|
    |icmp_ln162_reg_7419                                                              |    1|   0|    1|          0|
    |indvar_flatten1317_fu_460                                                        |   15|   0|   15|          0|
    |mul15_i44_i_100_reg_10433                                                        |   32|   0|   32|          0|
    |mul15_i44_i_101_reg_10458                                                        |   32|   0|   32|          0|
    |mul15_i44_i_102_reg_10463                                                        |   32|   0|   32|          0|
    |mul15_i44_i_103_reg_10488                                                        |   32|   0|   32|          0|
    |mul15_i44_i_104_reg_10493                                                        |   32|   0|   32|          0|
    |mul15_i44_i_105_reg_10518                                                        |   32|   0|   32|          0|
    |mul15_i44_i_106_reg_10523                                                        |   32|   0|   32|          0|
    |mul15_i44_i_107_reg_10548                                                        |   32|   0|   32|          0|
    |mul15_i44_i_108_reg_10553                                                        |   32|   0|   32|          0|
    |mul15_i44_i_109_reg_10578                                                        |   32|   0|   32|          0|
    |mul15_i44_i_10_reg_8703                                                          |   32|   0|   32|          0|
    |mul15_i44_i_10_reg_8703_pp0_iter1_reg                                            |   32|   0|   32|          0|
    |mul15_i44_i_110_reg_10583                                                        |   32|   0|   32|          0|
    |mul15_i44_i_111_reg_10608                                                        |   32|   0|   32|          0|
    |mul15_i44_i_112_reg_10613                                                        |   32|   0|   32|          0|
    |mul15_i44_i_113_reg_10638                                                        |   32|   0|   32|          0|
    |mul15_i44_i_114_reg_10643                                                        |   32|   0|   32|          0|
    |mul15_i44_i_115_reg_10668                                                        |   32|   0|   32|          0|
    |mul15_i44_i_116_reg_10673                                                        |   32|   0|   32|          0|
    |mul15_i44_i_117_reg_10698                                                        |   32|   0|   32|          0|
    |mul15_i44_i_118_reg_10703                                                        |   32|   0|   32|          0|
    |mul15_i44_i_119_reg_10728                                                        |   32|   0|   32|          0|
    |mul15_i44_i_11_reg_8798                                                          |   32|   0|   32|          0|
    |mul15_i44_i_11_reg_8798_pp0_iter1_reg                                            |   32|   0|   32|          0|
    |mul15_i44_i_120_reg_10733                                                        |   32|   0|   32|          0|
    |mul15_i44_i_121_reg_10758                                                        |   32|   0|   32|          0|
    |mul15_i44_i_122_reg_10763                                                        |   32|   0|   32|          0|
    |mul15_i44_i_123_reg_10788                                                        |   32|   0|   32|          0|
    |mul15_i44_i_124_reg_10793                                                        |   32|   0|   32|          0|
    |mul15_i44_i_125_reg_10818                                                        |   32|   0|   32|          0|
    |mul15_i44_i_126_reg_10823                                                        |   32|   0|   32|          0|
    |mul15_i44_i_127_reg_10848                                                        |   32|   0|   32|          0|
    |mul15_i44_i_128_reg_10853                                                        |   32|   0|   32|          0|
    |mul15_i44_i_129_reg_10878                                                        |   32|   0|   32|          0|
    |mul15_i44_i_12_reg_8803                                                          |   32|   0|   32|          0|
    |mul15_i44_i_12_reg_8803_pp0_iter1_reg                                            |   32|   0|   32|          0|
    |mul15_i44_i_130_reg_10883                                                        |   32|   0|   32|          0|
    |mul15_i44_i_131_reg_10908                                                        |   32|   0|   32|          0|
    |mul15_i44_i_132_reg_10913                                                        |   32|   0|   32|          0|
    |mul15_i44_i_133_reg_10928                                                        |   32|   0|   32|          0|
    |mul15_i44_i_134_reg_10933                                                        |   32|   0|   32|          0|
    |mul15_i44_i_135_reg_10948                                                        |   32|   0|   32|          0|
    |mul15_i44_i_136_reg_10953                                                        |   32|   0|   32|          0|
    |mul15_i44_i_137_reg_10958                                                        |   32|   0|   32|          0|
    |mul15_i44_i_138_reg_10963                                                        |   32|   0|   32|          0|
    |mul15_i44_i_139_reg_10968                                                        |   32|   0|   32|          0|
    |mul15_i44_i_13_reg_8898                                                          |   32|   0|   32|          0|
    |mul15_i44_i_13_reg_8898_pp0_iter1_reg                                            |   32|   0|   32|          0|
    |mul15_i44_i_140_reg_10973                                                        |   32|   0|   32|          0|
    |mul15_i44_i_141_reg_10978                                                        |   32|   0|   32|          0|
    |mul15_i44_i_142_reg_10983                                                        |   32|   0|   32|          0|
    |mul15_i44_i_14_reg_8903                                                          |   32|   0|   32|          0|
    |mul15_i44_i_14_reg_8903_pp0_iter1_reg                                            |   32|   0|   32|          0|
    |mul15_i44_i_15_reg_8998                                                          |   32|   0|   32|          0|
    |mul15_i44_i_15_reg_8998_pp0_iter1_reg                                            |   32|   0|   32|          0|
    |mul15_i44_i_16_reg_9003                                                          |   32|   0|   32|          0|
    |mul15_i44_i_16_reg_9003_pp0_iter1_reg                                            |   32|   0|   32|          0|
    |mul15_i44_i_17_reg_9098                                                          |   32|   0|   32|          0|
    |mul15_i44_i_17_reg_9098_pp0_iter1_reg                                            |   32|   0|   32|          0|
    |mul15_i44_i_18_reg_9103                                                          |   32|   0|   32|          0|
    |mul15_i44_i_19_reg_9198                                                          |   32|   0|   32|          0|
    |mul15_i44_i_1_reg_8198                                                           |   32|   0|   32|          0|
    |mul15_i44_i_20_reg_9203                                                          |   32|   0|   32|          0|
    |mul15_i44_i_21_reg_9258                                                          |   32|   0|   32|          0|
    |mul15_i44_i_22_reg_9263                                                          |   32|   0|   32|          0|
    |mul15_i44_i_23_reg_9288                                                          |   32|   0|   32|          0|
    |mul15_i44_i_24_reg_9293                                                          |   32|   0|   32|          0|
    |mul15_i44_i_25_reg_9318                                                          |   32|   0|   32|          0|
    |mul15_i44_i_26_reg_9323                                                          |   32|   0|   32|          0|
    |mul15_i44_i_27_reg_9348                                                          |   32|   0|   32|          0|
    |mul15_i44_i_28_reg_9353                                                          |   32|   0|   32|          0|
    |mul15_i44_i_29_reg_9378                                                          |   32|   0|   32|          0|
    |mul15_i44_i_2_reg_8298                                                           |   32|   0|   32|          0|
    |mul15_i44_i_30_reg_9383                                                          |   32|   0|   32|          0|
    |mul15_i44_i_31_reg_9408                                                          |   32|   0|   32|          0|
    |mul15_i44_i_32_reg_9413                                                          |   32|   0|   32|          0|
    |mul15_i44_i_33_reg_9438                                                          |   32|   0|   32|          0|
    |mul15_i44_i_34_reg_9443                                                          |   32|   0|   32|          0|
    |mul15_i44_i_35_reg_9468                                                          |   32|   0|   32|          0|
    |mul15_i44_i_36_reg_9473                                                          |   32|   0|   32|          0|
    |mul15_i44_i_37_reg_9498                                                          |   32|   0|   32|          0|
    |mul15_i44_i_38_reg_9503                                                          |   32|   0|   32|          0|
    |mul15_i44_i_39_reg_9528                                                          |   32|   0|   32|          0|
    |mul15_i44_i_3_reg_8303                                                           |   32|   0|   32|          0|
    |mul15_i44_i_40_reg_9533                                                          |   32|   0|   32|          0|
    |mul15_i44_i_41_reg_9558                                                          |   32|   0|   32|          0|
    |mul15_i44_i_42_reg_9563                                                          |   32|   0|   32|          0|
    |mul15_i44_i_43_reg_9588                                                          |   32|   0|   32|          0|
    |mul15_i44_i_44_reg_9593                                                          |   32|   0|   32|          0|
    |mul15_i44_i_45_reg_9618                                                          |   32|   0|   32|          0|
    |mul15_i44_i_46_reg_9623                                                          |   32|   0|   32|          0|
    |mul15_i44_i_47_reg_9648                                                          |   32|   0|   32|          0|
    |mul15_i44_i_48_reg_9653                                                          |   32|   0|   32|          0|
    |mul15_i44_i_49_reg_9678                                                          |   32|   0|   32|          0|
    |mul15_i44_i_4_reg_8398                                                           |   32|   0|   32|          0|
    |mul15_i44_i_50_reg_9683                                                          |   32|   0|   32|          0|
    |mul15_i44_i_51_reg_9708                                                          |   32|   0|   32|          0|
    |mul15_i44_i_52_reg_9713                                                          |   32|   0|   32|          0|
    |mul15_i44_i_53_reg_9738                                                          |   32|   0|   32|          0|
    |mul15_i44_i_54_reg_9743                                                          |   32|   0|   32|          0|
    |mul15_i44_i_55_reg_9768                                                          |   32|   0|   32|          0|
    |mul15_i44_i_56_reg_9773                                                          |   32|   0|   32|          0|
    |mul15_i44_i_57_reg_9798                                                          |   32|   0|   32|          0|
    |mul15_i44_i_58_reg_9803                                                          |   32|   0|   32|          0|
    |mul15_i44_i_59_reg_9828                                                          |   32|   0|   32|          0|
    |mul15_i44_i_5_reg_8403                                                           |   32|   0|   32|          0|
    |mul15_i44_i_60_reg_9833                                                          |   32|   0|   32|          0|
    |mul15_i44_i_61_reg_9858                                                          |   32|   0|   32|          0|
    |mul15_i44_i_62_reg_9863                                                          |   32|   0|   32|          0|
    |mul15_i44_i_63_reg_9888                                                          |   32|   0|   32|          0|
    |mul15_i44_i_64_reg_9893                                                          |   32|   0|   32|          0|
    |mul15_i44_i_65_reg_9918                                                          |   32|   0|   32|          0|
    |mul15_i44_i_66_reg_9923                                                          |   32|   0|   32|          0|
    |mul15_i44_i_67_reg_9948                                                          |   32|   0|   32|          0|
    |mul15_i44_i_68_reg_9953                                                          |   32|   0|   32|          0|
    |mul15_i44_i_69_reg_9978                                                          |   32|   0|   32|          0|
    |mul15_i44_i_6_reg_8498                                                           |   32|   0|   32|          0|
    |mul15_i44_i_70_reg_9983                                                          |   32|   0|   32|          0|
    |mul15_i44_i_71_reg_10008                                                         |   32|   0|   32|          0|
    |mul15_i44_i_72_reg_10013                                                         |   32|   0|   32|          0|
    |mul15_i44_i_73_reg_10038                                                         |   32|   0|   32|          0|
    |mul15_i44_i_74_reg_10043                                                         |   32|   0|   32|          0|
    |mul15_i44_i_75_reg_10068                                                         |   32|   0|   32|          0|
    |mul15_i44_i_76_reg_10073                                                         |   32|   0|   32|          0|
    |mul15_i44_i_77_reg_10098                                                         |   32|   0|   32|          0|
    |mul15_i44_i_78_reg_10103                                                         |   32|   0|   32|          0|
    |mul15_i44_i_79_reg_10128                                                         |   32|   0|   32|          0|
    |mul15_i44_i_7_reg_8503                                                           |   32|   0|   32|          0|
    |mul15_i44_i_80_reg_10133                                                         |   32|   0|   32|          0|
    |mul15_i44_i_81_reg_10158                                                         |   32|   0|   32|          0|
    |mul15_i44_i_82_reg_10163                                                         |   32|   0|   32|          0|
    |mul15_i44_i_83_reg_10188                                                         |   32|   0|   32|          0|
    |mul15_i44_i_84_reg_10193                                                         |   32|   0|   32|          0|
    |mul15_i44_i_85_reg_10218                                                         |   32|   0|   32|          0|
    |mul15_i44_i_86_reg_10223                                                         |   32|   0|   32|          0|
    |mul15_i44_i_87_reg_10248                                                         |   32|   0|   32|          0|
    |mul15_i44_i_88_reg_10253                                                         |   32|   0|   32|          0|
    |mul15_i44_i_89_reg_10278                                                         |   32|   0|   32|          0|
    |mul15_i44_i_8_reg_8598                                                           |   32|   0|   32|          0|
    |mul15_i44_i_90_reg_10283                                                         |   32|   0|   32|          0|
    |mul15_i44_i_91_reg_10308                                                         |   32|   0|   32|          0|
    |mul15_i44_i_92_reg_10313                                                         |   32|   0|   32|          0|
    |mul15_i44_i_93_reg_10338                                                         |   32|   0|   32|          0|
    |mul15_i44_i_94_reg_10343                                                         |   32|   0|   32|          0|
    |mul15_i44_i_95_reg_10368                                                         |   32|   0|   32|          0|
    |mul15_i44_i_96_reg_10373                                                         |   32|   0|   32|          0|
    |mul15_i44_i_97_reg_10398                                                         |   32|   0|   32|          0|
    |mul15_i44_i_98_reg_10403                                                         |   32|   0|   32|          0|
    |mul15_i44_i_99_reg_10428                                                         |   32|   0|   32|          0|
    |mul15_i44_i_9_reg_8603                                                           |   32|   0|   32|          0|
    |mul15_i44_i_reg_8193                                                             |   32|   0|   32|          0|
    |mul15_i44_i_s_reg_8698                                                           |   32|   0|   32|          0|
    |mul15_i44_i_s_reg_8698_pp0_iter1_reg                                             |   32|   0|   32|          0|
    |od_fu_452                                                                        |    9|   0|    9|          0|
    |reg_2850                                                                         |   32|   0|   32|          0|
    |reg_2855                                                                         |   32|   0|   32|          0|
    |reg_2860                                                                         |   32|   0|   32|          0|
    |reg_2865                                                                         |   32|   0|   32|          0|
    |reg_2870                                                                         |   32|   0|   32|          0|
    |reg_2876                                                                         |   32|   0|   32|          0|
    |reg_2882                                                                         |   32|   0|   32|          0|
    |reg_2888                                                                         |   32|   0|   32|          0|
    |reg_2894                                                                         |   32|   0|   32|          0|
    |reg_2898                                                                         |   32|   0|   32|          0|
    |reg_2903                                                                         |   32|   0|   32|          0|
    |reg_2908                                                                         |   32|   0|   32|          0|
    |reg_2913                                                                         |   32|   0|   32|          0|
    |reg_2918                                                                         |   32|   0|   32|          0|
    |reg_2924                                                                         |   32|   0|   32|          0|
    |reg_2930                                                                         |   32|   0|   32|          0|
    |reg_2936                                                                         |   32|   0|   32|          0|
    |reg_2942                                                                         |   32|   0|   32|          0|
    |reg_2947                                                                         |   32|   0|   32|          0|
    |reg_2952                                                                         |   32|   0|   32|          0|
    |reg_2957                                                                         |   32|   0|   32|          0|
    |reg_2962                                                                         |   32|   0|   32|          0|
    |reg_2967                                                                         |   32|   0|   32|          0|
    |reg_2972                                                                         |   32|   0|   32|          0|
    |reg_2978                                                                         |   32|   0|   32|          0|
    |reg_2984                                                                         |   32|   0|   32|          0|
    |reg_2990                                                                         |   32|   0|   32|          0|
    |reg_2996                                                                         |   32|   0|   32|          0|
    |reg_3001                                                                         |   32|   0|   32|          0|
    |reg_3006                                                                         |   32|   0|   32|          0|
    |reg_3011                                                                         |   32|   0|   32|          0|
    |reg_3016                                                                         |   32|   0|   32|          0|
    |reg_3021                                                                         |   32|   0|   32|          0|
    |reg_3026                                                                         |   32|   0|   32|          0|
    |reg_3031                                                                         |   32|   0|   32|          0|
    |reg_3036                                                                         |   32|   0|   32|          0|
    |reg_3041                                                                         |   32|   0|   32|          0|
    |reg_3046                                                                         |   32|   0|   32|          0|
    |reg_3051                                                                         |   32|   0|   32|          0|
    |reg_3056                                                                         |   32|   0|   32|          0|
    |reg_3061                                                                         |   32|   0|   32|          0|
    |reg_3066                                                                         |   32|   0|   32|          0|
    |reg_3071                                                                         |   32|   0|   32|          0|
    |s_fu_456                                                                         |    7|   0|    7|          0|
    |select_ln162_5_reg_7429                                                          |   10|   0|   12|          2|
    |select_ln162_reg_7423                                                            |    9|   0|    9|          0|
    |transformer_blk_s2_top_float_const_float_float_const_ln_buf_10_load_10_reg_8038  |   32|   0|   32|          0|
    |transformer_blk_s2_top_float_const_float_float_const_ln_buf_10_load_11_reg_8058  |   32|   0|   32|          0|
    |transformer_blk_s2_top_float_const_float_float_const_ln_buf_10_load_12_reg_8128  |   32|   0|   32|          0|
    |transformer_blk_s2_top_float_const_float_float_const_ln_buf_10_load_13_reg_8148  |   32|   0|   32|          0|
    |transformer_blk_s2_top_float_const_float_float_const_ln_buf_10_load_15_reg_8248  |   32|   0|   32|          0|
    |transformer_blk_s2_top_float_const_float_float_const_ln_buf_10_load_16_reg_8333  |   32|   0|   32|          0|
    |transformer_blk_s2_top_float_const_float_float_const_ln_buf_10_load_17_reg_8353  |   32|   0|   32|          0|
    |transformer_blk_s2_top_float_const_float_float_const_ln_buf_10_load_19_reg_8453  |   32|   0|   32|          0|
    |transformer_blk_s2_top_float_const_float_float_const_ln_buf_10_load_20_reg_8533  |   32|   0|   32|          0|
    |transformer_blk_s2_top_float_const_float_float_const_ln_buf_10_load_21_reg_8553  |   32|   0|   32|          0|
    |transformer_blk_s2_top_float_const_float_float_const_ln_buf_10_load_23_reg_8653  |   32|   0|   32|          0|
    |transformer_blk_s2_top_float_const_float_float_const_ln_buf_10_load_24_reg_8733  |   32|   0|   32|          0|
    |transformer_blk_s2_top_float_const_float_float_const_ln_buf_10_load_25_reg_8753  |   32|   0|   32|          0|
    |transformer_blk_s2_top_float_const_float_float_const_ln_buf_10_load_27_reg_8853  |   32|   0|   32|          0|
    |transformer_blk_s2_top_float_const_float_float_const_ln_buf_10_load_28_reg_8933  |   32|   0|   32|          0|
    |transformer_blk_s2_top_float_const_float_float_const_ln_buf_10_load_29_reg_8953  |   32|   0|   32|          0|
    |transformer_blk_s2_top_float_const_float_float_const_ln_buf_10_load_31_reg_9053  |   32|   0|   32|          0|
    |transformer_blk_s2_top_float_const_float_float_const_ln_buf_10_load_32_reg_9133  |   32|   0|   32|          0|
    |transformer_blk_s2_top_float_const_float_float_const_ln_buf_10_load_33_reg_9153  |   32|   0|   32|          0|
    |transformer_blk_s2_top_float_const_float_float_const_ln_buf_10_load_35_reg_9253  |   32|   0|   32|          0|
    |transformer_blk_s2_top_float_const_float_float_const_ln_buf_10_load_6_reg_7838   |   32|   0|   32|          0|
    |transformer_blk_s2_top_float_const_float_float_const_ln_buf_10_load_7_reg_7858   |   32|   0|   32|          0|
    |transformer_blk_s2_top_float_const_float_float_const_ln_buf_10_load_8_reg_7938   |   32|   0|   32|          0|
    |transformer_blk_s2_top_float_const_float_float_const_ln_buf_10_load_9_reg_7958   |   32|   0|   32|          0|
    |transformer_blk_s2_top_float_const_float_float_const_ln_buf_8_load_10_reg_8028   |   32|   0|   32|          0|
    |transformer_blk_s2_top_float_const_float_float_const_ln_buf_8_load_11_reg_8048   |   32|   0|   32|          0|
    |transformer_blk_s2_top_float_const_float_float_const_ln_buf_8_load_13_reg_8138   |   32|   0|   32|          0|
    |transformer_blk_s2_top_float_const_float_float_const_ln_buf_8_load_14_reg_8228   |   32|   0|   32|          0|
    |transformer_blk_s2_top_float_const_float_float_const_ln_buf_8_load_15_reg_8238   |   32|   0|   32|          0|
    |transformer_blk_s2_top_float_const_float_float_const_ln_buf_8_load_17_reg_8343   |   32|   0|   32|          0|
    |transformer_blk_s2_top_float_const_float_float_const_ln_buf_8_load_18_reg_8433   |   32|   0|   32|          0|
    |transformer_blk_s2_top_float_const_float_float_const_ln_buf_8_load_19_reg_8443   |   32|   0|   32|          0|
    |transformer_blk_s2_top_float_const_float_float_const_ln_buf_8_load_21_reg_8543   |   32|   0|   32|          0|
    |transformer_blk_s2_top_float_const_float_float_const_ln_buf_8_load_22_reg_8633   |   32|   0|   32|          0|
    |transformer_blk_s2_top_float_const_float_float_const_ln_buf_8_load_23_reg_8643   |   32|   0|   32|          0|
    |transformer_blk_s2_top_float_const_float_float_const_ln_buf_8_load_25_reg_8743   |   32|   0|   32|          0|
    |transformer_blk_s2_top_float_const_float_float_const_ln_buf_8_load_26_reg_8833   |   32|   0|   32|          0|
    |transformer_blk_s2_top_float_const_float_float_const_ln_buf_8_load_27_reg_8843   |   32|   0|   32|          0|
    |transformer_blk_s2_top_float_const_float_float_const_ln_buf_8_load_29_reg_8943   |   32|   0|   32|          0|
    |transformer_blk_s2_top_float_const_float_float_const_ln_buf_8_load_30_reg_9033   |   32|   0|   32|          0|
    |transformer_blk_s2_top_float_const_float_float_const_ln_buf_8_load_31_reg_9043   |   32|   0|   32|          0|
    |transformer_blk_s2_top_float_const_float_float_const_ln_buf_8_load_33_reg_9143   |   32|   0|   32|          0|
    |transformer_blk_s2_top_float_const_float_float_const_ln_buf_8_load_34_reg_9233   |   32|   0|   32|          0|
    |transformer_blk_s2_top_float_const_float_float_const_ln_buf_8_load_35_reg_9243   |   32|   0|   32|          0|
    |transformer_blk_s2_top_float_const_float_float_const_ln_buf_8_load_6_reg_7828    |   32|   0|   32|          0|
    |transformer_blk_s2_top_float_const_float_float_const_ln_buf_8_load_7_reg_7848    |   32|   0|   32|          0|
    |transformer_blk_s2_top_float_const_float_float_const_ln_buf_8_load_8_reg_7928    |   32|   0|   32|          0|
    |transformer_blk_s2_top_float_const_float_float_const_ln_buf_8_load_9_reg_7948    |   32|   0|   32|          0|
    |transformer_blk_s2_top_float_const_float_float_const_ln_buf_9_load_10_reg_8033   |   32|   0|   32|          0|
    |transformer_blk_s2_top_float_const_float_float_const_ln_buf_9_load_11_reg_8053   |   32|   0|   32|          0|
    |transformer_blk_s2_top_float_const_float_float_const_ln_buf_9_load_12_reg_8123   |   32|   0|   32|          0|
    |transformer_blk_s2_top_float_const_float_float_const_ln_buf_9_load_13_reg_8143   |   32|   0|   32|          0|
    |transformer_blk_s2_top_float_const_float_float_const_ln_buf_9_load_15_reg_8243   |   32|   0|   32|          0|
    |transformer_blk_s2_top_float_const_float_float_const_ln_buf_9_load_16_reg_8328   |   32|   0|   32|          0|
    |transformer_blk_s2_top_float_const_float_float_const_ln_buf_9_load_17_reg_8348   |   32|   0|   32|          0|
    |transformer_blk_s2_top_float_const_float_float_const_ln_buf_9_load_19_reg_8448   |   32|   0|   32|          0|
    |transformer_blk_s2_top_float_const_float_float_const_ln_buf_9_load_20_reg_8528   |   32|   0|   32|          0|
    |transformer_blk_s2_top_float_const_float_float_const_ln_buf_9_load_21_reg_8548   |   32|   0|   32|          0|
    |transformer_blk_s2_top_float_const_float_float_const_ln_buf_9_load_23_reg_8648   |   32|   0|   32|          0|
    |transformer_blk_s2_top_float_const_float_float_const_ln_buf_9_load_24_reg_8728   |   32|   0|   32|          0|
    |transformer_blk_s2_top_float_const_float_float_const_ln_buf_9_load_25_reg_8748   |   32|   0|   32|          0|
    |transformer_blk_s2_top_float_const_float_float_const_ln_buf_9_load_27_reg_8848   |   32|   0|   32|          0|
    |transformer_blk_s2_top_float_const_float_float_const_ln_buf_9_load_28_reg_8928   |   32|   0|   32|          0|
    |transformer_blk_s2_top_float_const_float_float_const_ln_buf_9_load_29_reg_8948   |   32|   0|   32|          0|
    |transformer_blk_s2_top_float_const_float_float_const_ln_buf_9_load_31_reg_9048   |   32|   0|   32|          0|
    |transformer_blk_s2_top_float_const_float_float_const_ln_buf_9_load_32_reg_9128   |   32|   0|   32|          0|
    |transformer_blk_s2_top_float_const_float_float_const_ln_buf_9_load_33_reg_9148   |   32|   0|   32|          0|
    |transformer_blk_s2_top_float_const_float_float_const_ln_buf_9_load_35_reg_9248   |   32|   0|   32|          0|
    |transformer_blk_s2_top_float_const_float_float_const_ln_buf_9_load_6_reg_7833    |   32|   0|   32|          0|
    |transformer_blk_s2_top_float_const_float_float_const_ln_buf_9_load_7_reg_7853    |   32|   0|   32|          0|
    |transformer_blk_s2_top_float_const_float_float_const_ln_buf_9_load_8_reg_7933    |   32|   0|   32|          0|
    |transformer_blk_s2_top_float_const_float_float_const_ln_buf_9_load_9_reg_7953    |   32|   0|   32|          0|
    |transformer_blk_s2_top_float_const_float_float_const_ln_buf_load_10_reg_8023     |   32|   0|   32|          0|
    |transformer_blk_s2_top_float_const_float_float_const_ln_buf_load_11_reg_8043     |   32|   0|   32|          0|
    |transformer_blk_s2_top_float_const_float_float_const_ln_buf_load_13_reg_8133     |   32|   0|   32|          0|
    |transformer_blk_s2_top_float_const_float_float_const_ln_buf_load_14_reg_8223     |   32|   0|   32|          0|
    |transformer_blk_s2_top_float_const_float_float_const_ln_buf_load_15_reg_8233     |   32|   0|   32|          0|
    |transformer_blk_s2_top_float_const_float_float_const_ln_buf_load_17_reg_8338     |   32|   0|   32|          0|
    |transformer_blk_s2_top_float_const_float_float_const_ln_buf_load_18_reg_8428     |   32|   0|   32|          0|
    |transformer_blk_s2_top_float_const_float_float_const_ln_buf_load_19_reg_8438     |   32|   0|   32|          0|
    |transformer_blk_s2_top_float_const_float_float_const_ln_buf_load_21_reg_8538     |   32|   0|   32|          0|
    |transformer_blk_s2_top_float_const_float_float_const_ln_buf_load_22_reg_8628     |   32|   0|   32|          0|
    |transformer_blk_s2_top_float_const_float_float_const_ln_buf_load_23_reg_8638     |   32|   0|   32|          0|
    |transformer_blk_s2_top_float_const_float_float_const_ln_buf_load_25_reg_8738     |   32|   0|   32|          0|
    |transformer_blk_s2_top_float_const_float_float_const_ln_buf_load_26_reg_8828     |   32|   0|   32|          0|
    |transformer_blk_s2_top_float_const_float_float_const_ln_buf_load_27_reg_8838     |   32|   0|   32|          0|
    |transformer_blk_s2_top_float_const_float_float_const_ln_buf_load_29_reg_8938     |   32|   0|   32|          0|
    |transformer_blk_s2_top_float_const_float_float_const_ln_buf_load_30_reg_9028     |   32|   0|   32|          0|
    |transformer_blk_s2_top_float_const_float_float_const_ln_buf_load_31_reg_9038     |   32|   0|   32|          0|
    |transformer_blk_s2_top_float_const_float_float_const_ln_buf_load_33_reg_9138     |   32|   0|   32|          0|
    |transformer_blk_s2_top_float_const_float_float_const_ln_buf_load_34_reg_9228     |   32|   0|   32|          0|
    |transformer_blk_s2_top_float_const_float_float_const_ln_buf_load_35_reg_9238     |   32|   0|   32|          0|
    |transformer_blk_s2_top_float_const_float_float_const_ln_buf_load_6_reg_7823      |   32|   0|   32|          0|
    |transformer_blk_s2_top_float_const_float_float_const_ln_buf_load_7_reg_7843      |   32|   0|   32|          0|
    |transformer_blk_s2_top_float_const_float_float_const_ln_buf_load_8_reg_7923      |   32|   0|   32|          0|
    |transformer_blk_s2_top_float_const_float_float_const_ln_buf_load_9_reg_7943      |   32|   0|   32|          0|
    |zext_ln170_292_reg_7557                                                          |   12|   0|   19|          7|
    |add_ln172_2_reg_7512                                                             |   64|  32|   15|          0|
    |icmp_ln162_reg_7419                                                              |   64|  32|    1|          0|
    |mul15_i44_i_100_reg_10433                                                        |   64|  32|   32|          0|
    |mul15_i44_i_101_reg_10458                                                        |   64|  32|   32|          0|
    |mul15_i44_i_102_reg_10463                                                        |   64|  32|   32|          0|
    |mul15_i44_i_103_reg_10488                                                        |   64|  32|   32|          0|
    |mul15_i44_i_104_reg_10493                                                        |   64|  32|   32|          0|
    |mul15_i44_i_105_reg_10518                                                        |   64|  32|   32|          0|
    |mul15_i44_i_106_reg_10523                                                        |   64|  32|   32|          0|
    |mul15_i44_i_107_reg_10548                                                        |   64|  32|   32|          0|
    |mul15_i44_i_108_reg_10553                                                        |   64|  32|   32|          0|
    |mul15_i44_i_109_reg_10578                                                        |   64|  32|   32|          0|
    |mul15_i44_i_110_reg_10583                                                        |   64|  32|   32|          0|
    |mul15_i44_i_111_reg_10608                                                        |   64|  32|   32|          0|
    |mul15_i44_i_112_reg_10613                                                        |   64|  32|   32|          0|
    |mul15_i44_i_113_reg_10638                                                        |   64|  32|   32|          0|
    |mul15_i44_i_114_reg_10643                                                        |   64|  32|   32|          0|
    |mul15_i44_i_115_reg_10668                                                        |   64|  32|   32|          0|
    |mul15_i44_i_116_reg_10673                                                        |   64|  32|   32|          0|
    |mul15_i44_i_117_reg_10698                                                        |   64|  32|   32|          0|
    |mul15_i44_i_118_reg_10703                                                        |   64|  32|   32|          0|
    |mul15_i44_i_119_reg_10728                                                        |   64|  32|   32|          0|
    |mul15_i44_i_120_reg_10733                                                        |   64|  32|   32|          0|
    |mul15_i44_i_121_reg_10758                                                        |   64|  32|   32|          0|
    |mul15_i44_i_122_reg_10763                                                        |   64|  32|   32|          0|
    |mul15_i44_i_123_reg_10788                                                        |   64|  32|   32|          0|
    |mul15_i44_i_124_reg_10793                                                        |   64|  32|   32|          0|
    |mul15_i44_i_125_reg_10818                                                        |   64|  32|   32|          0|
    |mul15_i44_i_126_reg_10823                                                        |   64|  32|   32|          0|
    |mul15_i44_i_127_reg_10848                                                        |   64|  32|   32|          0|
    |mul15_i44_i_128_reg_10853                                                        |   64|  32|   32|          0|
    |mul15_i44_i_129_reg_10878                                                        |   64|  32|   32|          0|
    |mul15_i44_i_130_reg_10883                                                        |   64|  32|   32|          0|
    |mul15_i44_i_131_reg_10908                                                        |   64|  32|   32|          0|
    |mul15_i44_i_132_reg_10913                                                        |   64|  32|   32|          0|
    |mul15_i44_i_133_reg_10928                                                        |   64|  32|   32|          0|
    |mul15_i44_i_134_reg_10933                                                        |   64|  32|   32|          0|
    |mul15_i44_i_135_reg_10948                                                        |   64|  32|   32|          0|
    |mul15_i44_i_136_reg_10953                                                        |   64|  32|   32|          0|
    |mul15_i44_i_137_reg_10958                                                        |   64|  32|   32|          0|
    |mul15_i44_i_138_reg_10963                                                        |   64|  32|   32|          0|
    |mul15_i44_i_139_reg_10968                                                        |   64|  32|   32|          0|
    |mul15_i44_i_140_reg_10973                                                        |   64|  32|   32|          0|
    |mul15_i44_i_141_reg_10978                                                        |   64|  32|   32|          0|
    |mul15_i44_i_142_reg_10983                                                        |   64|  32|   32|          0|
    |mul15_i44_i_18_reg_9103                                                          |   64|  32|   32|          0|
    |mul15_i44_i_19_reg_9198                                                          |   64|  32|   32|          0|
    |mul15_i44_i_20_reg_9203                                                          |   64|  32|   32|          0|
    |mul15_i44_i_21_reg_9258                                                          |   64|  32|   32|          0|
    |mul15_i44_i_22_reg_9263                                                          |   64|  32|   32|          0|
    |mul15_i44_i_23_reg_9288                                                          |   64|  32|   32|          0|
    |mul15_i44_i_24_reg_9293                                                          |   64|  32|   32|          0|
    |mul15_i44_i_25_reg_9318                                                          |   64|  32|   32|          0|
    |mul15_i44_i_26_reg_9323                                                          |   64|  32|   32|          0|
    |mul15_i44_i_27_reg_9348                                                          |   64|  32|   32|          0|
    |mul15_i44_i_28_reg_9353                                                          |   64|  32|   32|          0|
    |mul15_i44_i_29_reg_9378                                                          |   64|  32|   32|          0|
    |mul15_i44_i_30_reg_9383                                                          |   64|  32|   32|          0|
    |mul15_i44_i_31_reg_9408                                                          |   64|  32|   32|          0|
    |mul15_i44_i_32_reg_9413                                                          |   64|  32|   32|          0|
    |mul15_i44_i_33_reg_9438                                                          |   64|  32|   32|          0|
    |mul15_i44_i_34_reg_9443                                                          |   64|  32|   32|          0|
    |mul15_i44_i_35_reg_9468                                                          |   64|  32|   32|          0|
    |mul15_i44_i_36_reg_9473                                                          |   64|  32|   32|          0|
    |mul15_i44_i_37_reg_9498                                                          |   64|  32|   32|          0|
    |mul15_i44_i_38_reg_9503                                                          |   64|  32|   32|          0|
    |mul15_i44_i_39_reg_9528                                                          |   64|  32|   32|          0|
    |mul15_i44_i_40_reg_9533                                                          |   64|  32|   32|          0|
    |mul15_i44_i_41_reg_9558                                                          |   64|  32|   32|          0|
    |mul15_i44_i_42_reg_9563                                                          |   64|  32|   32|          0|
    |mul15_i44_i_43_reg_9588                                                          |   64|  32|   32|          0|
    |mul15_i44_i_44_reg_9593                                                          |   64|  32|   32|          0|
    |mul15_i44_i_45_reg_9618                                                          |   64|  32|   32|          0|
    |mul15_i44_i_46_reg_9623                                                          |   64|  32|   32|          0|
    |mul15_i44_i_47_reg_9648                                                          |   64|  32|   32|          0|
    |mul15_i44_i_48_reg_9653                                                          |   64|  32|   32|          0|
    |mul15_i44_i_49_reg_9678                                                          |   64|  32|   32|          0|
    |mul15_i44_i_50_reg_9683                                                          |   64|  32|   32|          0|
    |mul15_i44_i_51_reg_9708                                                          |   64|  32|   32|          0|
    |mul15_i44_i_52_reg_9713                                                          |   64|  32|   32|          0|
    |mul15_i44_i_53_reg_9738                                                          |   64|  32|   32|          0|
    |mul15_i44_i_54_reg_9743                                                          |   64|  32|   32|          0|
    |mul15_i44_i_55_reg_9768                                                          |   64|  32|   32|          0|
    |mul15_i44_i_56_reg_9773                                                          |   64|  32|   32|          0|
    |mul15_i44_i_57_reg_9798                                                          |   64|  32|   32|          0|
    |mul15_i44_i_58_reg_9803                                                          |   64|  32|   32|          0|
    |mul15_i44_i_59_reg_9828                                                          |   64|  32|   32|          0|
    |mul15_i44_i_60_reg_9833                                                          |   64|  32|   32|          0|
    |mul15_i44_i_61_reg_9858                                                          |   64|  32|   32|          0|
    |mul15_i44_i_62_reg_9863                                                          |   64|  32|   32|          0|
    |mul15_i44_i_63_reg_9888                                                          |   64|  32|   32|          0|
    |mul15_i44_i_64_reg_9893                                                          |   64|  32|   32|          0|
    |mul15_i44_i_65_reg_9918                                                          |   64|  32|   32|          0|
    |mul15_i44_i_66_reg_9923                                                          |   64|  32|   32|          0|
    |mul15_i44_i_67_reg_9948                                                          |   64|  32|   32|          0|
    |mul15_i44_i_68_reg_9953                                                          |   64|  32|   32|          0|
    |mul15_i44_i_69_reg_9978                                                          |   64|  32|   32|          0|
    |mul15_i44_i_70_reg_9983                                                          |   64|  32|   32|          0|
    |mul15_i44_i_71_reg_10008                                                         |   64|  32|   32|          0|
    |mul15_i44_i_72_reg_10013                                                         |   64|  32|   32|          0|
    |mul15_i44_i_73_reg_10038                                                         |   64|  32|   32|          0|
    |mul15_i44_i_74_reg_10043                                                         |   64|  32|   32|          0|
    |mul15_i44_i_75_reg_10068                                                         |   64|  32|   32|          0|
    |mul15_i44_i_76_reg_10073                                                         |   64|  32|   32|          0|
    |mul15_i44_i_77_reg_10098                                                         |   64|  32|   32|          0|
    |mul15_i44_i_78_reg_10103                                                         |   64|  32|   32|          0|
    |mul15_i44_i_79_reg_10128                                                         |   64|  32|   32|          0|
    |mul15_i44_i_80_reg_10133                                                         |   64|  32|   32|          0|
    |mul15_i44_i_81_reg_10158                                                         |   64|  32|   32|          0|
    |mul15_i44_i_82_reg_10163                                                         |   64|  32|   32|          0|
    |mul15_i44_i_83_reg_10188                                                         |   64|  32|   32|          0|
    |mul15_i44_i_84_reg_10193                                                         |   64|  32|   32|          0|
    |mul15_i44_i_85_reg_10218                                                         |   64|  32|   32|          0|
    |mul15_i44_i_86_reg_10223                                                         |   64|  32|   32|          0|
    |mul15_i44_i_87_reg_10248                                                         |   64|  32|   32|          0|
    |mul15_i44_i_88_reg_10253                                                         |   64|  32|   32|          0|
    |mul15_i44_i_89_reg_10278                                                         |   64|  32|   32|          0|
    |mul15_i44_i_90_reg_10283                                                         |   64|  32|   32|          0|
    |mul15_i44_i_91_reg_10308                                                         |   64|  32|   32|          0|
    |mul15_i44_i_92_reg_10313                                                         |   64|  32|   32|          0|
    |mul15_i44_i_93_reg_10338                                                         |   64|  32|   32|          0|
    |mul15_i44_i_94_reg_10343                                                         |   64|  32|   32|          0|
    |mul15_i44_i_95_reg_10368                                                         |   64|  32|   32|          0|
    |mul15_i44_i_96_reg_10373                                                         |   64|  32|   32|          0|
    |mul15_i44_i_97_reg_10398                                                         |   64|  32|   32|          0|
    |mul15_i44_i_98_reg_10403                                                         |   64|  32|   32|          0|
    |mul15_i44_i_99_reg_10428                                                         |   64|  32|   32|          0|
    +---------------------------------------------------------------------------------+-----+----+-----+-----------+
    |Total                                                                            |17686|4064|13583|          9|
    +---------------------------------------------------------------------------------+-----+----+-----+-----------+



================================================================
== Interface
================================================================
* Summary: 
+-------------------------------------------------------------------------+-----+-----+------------+----------------------------------------------------------------+--------------+
|                                RTL Ports                                | Dir | Bits|  Protocol  |                          Source Object                         |    C Type    |
+-------------------------------------------------------------------------+-----+-----+------------+----------------------------------------------------------------+--------------+
|ap_clk                                                                   |   in|    1|  ap_ctrl_hs|                     transformer_blk_s2_top_Pipeline_LF_S_LF_OD7|  return value|
|ap_rst                                                                   |   in|    1|  ap_ctrl_hs|                     transformer_blk_s2_top_Pipeline_LF_S_LF_OD7|  return value|
|ap_start                                                                 |   in|    1|  ap_ctrl_hs|                     transformer_blk_s2_top_Pipeline_LF_S_LF_OD7|  return value|
|ap_done                                                                  |  out|    1|  ap_ctrl_hs|                     transformer_blk_s2_top_Pipeline_LF_S_LF_OD7|  return value|
|ap_idle                                                                  |  out|    1|  ap_ctrl_hs|                     transformer_blk_s2_top_Pipeline_LF_S_LF_OD7|  return value|
|ap_ready                                                                 |  out|    1|  ap_ctrl_hs|                     transformer_blk_s2_top_Pipeline_LF_S_LF_OD7|  return value|
|grp_fu_2377_p_din0                                                       |  out|   32|  ap_ctrl_hs|                     transformer_blk_s2_top_Pipeline_LF_S_LF_OD7|  return value|
|grp_fu_2377_p_din1                                                       |  out|   32|  ap_ctrl_hs|                     transformer_blk_s2_top_Pipeline_LF_S_LF_OD7|  return value|
|grp_fu_2377_p_opcode                                                     |  out|    1|  ap_ctrl_hs|                     transformer_blk_s2_top_Pipeline_LF_S_LF_OD7|  return value|
|grp_fu_2377_p_dout0                                                      |   in|   32|  ap_ctrl_hs|                     transformer_blk_s2_top_Pipeline_LF_S_LF_OD7|  return value|
|grp_fu_2377_p_ce                                                         |  out|    1|  ap_ctrl_hs|                     transformer_blk_s2_top_Pipeline_LF_S_LF_OD7|  return value|
|grp_fu_4550_p_din0                                                       |  out|   32|  ap_ctrl_hs|                     transformer_blk_s2_top_Pipeline_LF_S_LF_OD7|  return value|
|grp_fu_4550_p_din1                                                       |  out|   32|  ap_ctrl_hs|                     transformer_blk_s2_top_Pipeline_LF_S_LF_OD7|  return value|
|grp_fu_4550_p_opcode                                                     |  out|    1|  ap_ctrl_hs|                     transformer_blk_s2_top_Pipeline_LF_S_LF_OD7|  return value|
|grp_fu_4550_p_dout0                                                      |   in|   32|  ap_ctrl_hs|                     transformer_blk_s2_top_Pipeline_LF_S_LF_OD7|  return value|
|grp_fu_4550_p_ce                                                         |  out|    1|  ap_ctrl_hs|                     transformer_blk_s2_top_Pipeline_LF_S_LF_OD7|  return value|
|grp_fu_4578_p_din0                                                       |  out|   32|  ap_ctrl_hs|                     transformer_blk_s2_top_Pipeline_LF_S_LF_OD7|  return value|
|grp_fu_4578_p_din1                                                       |  out|   32|  ap_ctrl_hs|                     transformer_blk_s2_top_Pipeline_LF_S_LF_OD7|  return value|
|grp_fu_4578_p_dout0                                                      |   in|   32|  ap_ctrl_hs|                     transformer_blk_s2_top_Pipeline_LF_S_LF_OD7|  return value|
|grp_fu_4578_p_ce                                                         |  out|    1|  ap_ctrl_hs|                     transformer_blk_s2_top_Pipeline_LF_S_LF_OD7|  return value|
|grp_fu_4582_p_din0                                                       |  out|   32|  ap_ctrl_hs|                     transformer_blk_s2_top_Pipeline_LF_S_LF_OD7|  return value|
|grp_fu_4582_p_din1                                                       |  out|   32|  ap_ctrl_hs|                     transformer_blk_s2_top_Pipeline_LF_S_LF_OD7|  return value|
|grp_fu_4582_p_dout0                                                      |   in|   32|  ap_ctrl_hs|                     transformer_blk_s2_top_Pipeline_LF_S_LF_OD7|  return value|
|grp_fu_4582_p_ce                                                         |  out|    1|  ap_ctrl_hs|                     transformer_blk_s2_top_Pipeline_LF_S_LF_OD7|  return value|
|w_Addr_A                                                                 |  out|   32|        bram|                                                               w|         array|
|w_EN_A                                                                   |  out|    1|        bram|                                                               w|         array|
|w_WEN_A                                                                  |  out|    4|        bram|                                                               w|         array|
|w_Din_A                                                                  |  out|   32|        bram|                                                               w|         array|
|w_Dout_A                                                                 |   in|   32|        bram|                                                               w|         array|
|w_Addr_B                                                                 |  out|   32|        bram|                                                               w|         array|
|w_EN_B                                                                   |  out|    1|        bram|                                                               w|         array|
|w_WEN_B                                                                  |  out|    4|        bram|                                                               w|         array|
|w_Din_B                                                                  |  out|   32|        bram|                                                               w|         array|
|w_Dout_B                                                                 |   in|   32|        bram|                                                               w|         array|
|transformer_blk_s2_top_float_const_float_float_const_ln_buf_address0     |  out|   12|   ap_memory|     transformer_blk_s2_top_float_const_float_float_const_ln_buf|         array|
|transformer_blk_s2_top_float_const_float_float_const_ln_buf_ce0          |  out|    1|   ap_memory|     transformer_blk_s2_top_float_const_float_float_const_ln_buf|         array|
|transformer_blk_s2_top_float_const_float_float_const_ln_buf_q0           |   in|   32|   ap_memory|     transformer_blk_s2_top_float_const_float_float_const_ln_buf|         array|
|transformer_blk_s2_top_float_const_float_float_const_ln_buf_address1     |  out|   12|   ap_memory|     transformer_blk_s2_top_float_const_float_float_const_ln_buf|         array|
|transformer_blk_s2_top_float_const_float_float_const_ln_buf_ce1          |  out|    1|   ap_memory|     transformer_blk_s2_top_float_const_float_float_const_ln_buf|         array|
|transformer_blk_s2_top_float_const_float_float_const_ln_buf_q1           |   in|   32|   ap_memory|     transformer_blk_s2_top_float_const_float_float_const_ln_buf|         array|
|transformer_blk_s2_top_float_const_float_float_const_ln_buf_8_address0   |  out|   12|   ap_memory|   transformer_blk_s2_top_float_const_float_float_const_ln_buf_8|         array|
|transformer_blk_s2_top_float_const_float_float_const_ln_buf_8_ce0        |  out|    1|   ap_memory|   transformer_blk_s2_top_float_const_float_float_const_ln_buf_8|         array|
|transformer_blk_s2_top_float_const_float_float_const_ln_buf_8_q0         |   in|   32|   ap_memory|   transformer_blk_s2_top_float_const_float_float_const_ln_buf_8|         array|
|transformer_blk_s2_top_float_const_float_float_const_ln_buf_8_address1   |  out|   12|   ap_memory|   transformer_blk_s2_top_float_const_float_float_const_ln_buf_8|         array|
|transformer_blk_s2_top_float_const_float_float_const_ln_buf_8_ce1        |  out|    1|   ap_memory|   transformer_blk_s2_top_float_const_float_float_const_ln_buf_8|         array|
|transformer_blk_s2_top_float_const_float_float_const_ln_buf_8_q1         |   in|   32|   ap_memory|   transformer_blk_s2_top_float_const_float_float_const_ln_buf_8|         array|
|transformer_blk_s2_top_float_const_float_float_const_ln_buf_9_address0   |  out|   12|   ap_memory|   transformer_blk_s2_top_float_const_float_float_const_ln_buf_9|         array|
|transformer_blk_s2_top_float_const_float_float_const_ln_buf_9_ce0        |  out|    1|   ap_memory|   transformer_blk_s2_top_float_const_float_float_const_ln_buf_9|         array|
|transformer_blk_s2_top_float_const_float_float_const_ln_buf_9_q0         |   in|   32|   ap_memory|   transformer_blk_s2_top_float_const_float_float_const_ln_buf_9|         array|
|transformer_blk_s2_top_float_const_float_float_const_ln_buf_9_address1   |  out|   12|   ap_memory|   transformer_blk_s2_top_float_const_float_float_const_ln_buf_9|         array|
|transformer_blk_s2_top_float_const_float_float_const_ln_buf_9_ce1        |  out|    1|   ap_memory|   transformer_blk_s2_top_float_const_float_float_const_ln_buf_9|         array|
|transformer_blk_s2_top_float_const_float_float_const_ln_buf_9_q1         |   in|   32|   ap_memory|   transformer_blk_s2_top_float_const_float_float_const_ln_buf_9|         array|
|transformer_blk_s2_top_float_const_float_float_const_ln_buf_10_address0  |  out|   12|   ap_memory|  transformer_blk_s2_top_float_const_float_float_const_ln_buf_10|         array|
|transformer_blk_s2_top_float_const_float_float_const_ln_buf_10_ce0       |  out|    1|   ap_memory|  transformer_blk_s2_top_float_const_float_float_const_ln_buf_10|         array|
|transformer_blk_s2_top_float_const_float_float_const_ln_buf_10_q0        |   in|   32|   ap_memory|  transformer_blk_s2_top_float_const_float_float_const_ln_buf_10|         array|
|transformer_blk_s2_top_float_const_float_float_const_ln_buf_10_address1  |  out|   12|   ap_memory|  transformer_blk_s2_top_float_const_float_float_const_ln_buf_10|         array|
|transformer_blk_s2_top_float_const_float_float_const_ln_buf_10_ce1       |  out|    1|   ap_memory|  transformer_blk_s2_top_float_const_float_float_const_ln_buf_10|         array|
|transformer_blk_s2_top_float_const_float_float_const_ln_buf_10_q1        |   in|   32|   ap_memory|  transformer_blk_s2_top_float_const_float_float_const_ln_buf_10|         array|
|mlp_buf_address0                                                         |  out|   15|   ap_memory|                                                         mlp_buf|         array|
|mlp_buf_ce0                                                              |  out|    1|   ap_memory|                                                         mlp_buf|         array|
|mlp_buf_we0                                                              |  out|    1|   ap_memory|                                                         mlp_buf|         array|
|mlp_buf_d0                                                               |  out|   32|   ap_memory|                                                         mlp_buf|         array|
+-------------------------------------------------------------------------+-----+-----+------------+----------------------------------------------------------------+--------------+

