

================================================================
== Vitis HLS Report for 'transformer_blk_s2_top_Pipeline_MLP_ACT'
================================================================
* Date:           Sun May 31 19:29:42 2026

* Version:        2022.2 (Build 3670227 on Oct 13 2022)
* Project:        s2_transformer_block
* Solution:       solution1 (Vivado IP Flow Target)
* Product family: zynquplus
* Target device:  xczu28dr-ffvg1517-2-e


================================================================
== Performance Estimates
================================================================
+ Timing: 
    * Summary: 
    +--------+---------+----------+------------+
    |  Clock |  Target | Estimated| Uncertainty|
    +--------+---------+----------+------------+
    |ap_clk  |  5.00 ns|  3.625 ns|     1.35 ns|
    +--------+---------+----------+------------+

+ Latency: 
    * Summary: 
    +---------+---------+----------+----------+--------+--------+---------+
    |  Latency (cycles) |  Latency (absolute) |     Interval    | Pipeline|
    |   min   |   max   |    min   |    max   |   min  |   max  |   Type  |
    +---------+---------+----------+----------+--------+--------+---------+
    |   115221|   115221|  0.576 ms|  0.576 ms|  115221|  115221|       no|
    +---------+---------+----------+----------+--------+--------+---------+

    + Detail: 
        * Instance: 
        N/A

        * Loop: 
        +-----------+---------+---------+----------+-----------+-----------+--------+----------+
        |           |  Latency (cycles) | Iteration|  Initiation Interval  |  Trip  |          |
        | Loop Name |   min   |   max   |  Latency |  achieved |   target  |  Count | Pipelined|
        +-----------+---------+---------+----------+-----------+-----------+--------+----------+
        |- MLP_ACT  |   115219|   115219|        21|          1|          1|  115200|       yes|
        +-----------+---------+---------+----------+-----------+-----------+--------+----------+



================================================================
== Utilization Estimates
================================================================
* Summary: 
+-----------------+---------+------+--------+--------+-----+
|       Name      | BRAM_18K|  DSP |   FF   |   LUT  | URAM|
+-----------------+---------+------+--------+--------+-----+
|DSP              |        -|     -|       -|       -|    -|
|Expression       |        -|     -|       0|     136|    -|
|FIFO             |        -|     -|       -|       -|    -|
|Instance         |        -|     -|       -|       -|    -|
|Memory           |        -|     -|       -|       -|    -|
|Multiplexer      |        -|     -|       -|      36|    -|
|Register         |        -|     -|     334|      64|    -|
+-----------------+---------+------+--------+--------+-----+
|Total            |        0|     0|     334|     236|    0|
+-----------------+---------+------+--------+--------+-----+
|Available        |     2160|  4272|  850560|  425280|   80|
+-----------------+---------+------+--------+--------+-----+
|Utilization (%)  |        0|     0|      ~0|      ~0|    0|
+-----------------+---------+------+--------+--------+-----+

+ Detail: 
    * Instance: 
    N/A

    * DSP: 
    N/A

    * Memory: 
    N/A

    * FIFO: 
    N/A

    * Expression: 
    +-----------------------+----------+----+---+----+------------+------------+
    |     Variable Name     | Operation| DSP| FF| LUT| Bitwidth P0| Bitwidth P1|
    +-----------------------+----------+----+---+----+------------+------------+
    |add_ln71_fu_115_p2     |         +|   0|  0|  24|          17|           1|
    |and_ln52_fu_166_p2     |       and|   0|  0|   2|           1|           1|
    |and_ln53_fu_172_p2     |       and|   0|  0|   2|           1|           1|
    |icmp_ln52_1_fu_154_p2  |      icmp|   0|  0|  16|          23|           1|
    |icmp_ln52_fu_148_p2    |      icmp|   0|  0|  11|           8|           2|
    |icmp_ln71_fu_109_p2    |      icmp|   0|  0|  13|          17|          15|
    |or_ln52_1_fu_183_p2    |        or|   0|  0|   2|           1|           1|
    |or_ln52_fu_160_p2      |        or|   0|  0|   2|           1|           1|
    |select_ln52_fu_176_p3  |    select|   0|  0|  30|           1|           1|
    |sig_fu_188_p3          |    select|   0|  0|  32|           1|          32|
    |ap_enable_pp0          |       xor|   0|  0|   2|           1|           2|
    +-----------------------+----------+----+---+----+------------+------------+
    |Total                  |          |   0|  0| 136|          72|          58|
    +-----------------------+----------+----+---+----+------------+------------+

    * Multiplexer: 
    +-------------------------+----+-----------+-----+-----------+
    |           Name          | LUT| Input Size| Bits| Total Bits|
    +-------------------------+----+-----------+-----+-----------+
    |ap_done_int              |   9|          2|    1|          2|
    |ap_enable_reg_pp0_iter1  |   9|          2|    1|          2|
    |ap_sig_allocacmp_i_1     |   9|          2|   17|         34|
    |i_fu_56                  |   9|          2|   17|         34|
    +-------------------------+----+-----------+-----+-----------+
    |Total                    |  36|          8|   36|         72|
    +-------------------------+----+-----------+-----+-----------+

    * Register: 
    +-----------------------------------+----+----+-----+-----------+
    |                Name               | FF | LUT| Bits| Const Bits|
    +-----------------------------------+----+----+-----+-----------+
    |add_i19_i_reg_243                  |  32|   0|   32|          0|
    |and_ln52_reg_232                   |   1|   0|    1|          0|
    |ap_CS_fsm                          |   1|   0|    1|          0|
    |ap_done_reg                        |   1|   0|    1|          0|
    |ap_enable_reg_pp0_iter1            |   1|   0|    1|          0|
    |ap_enable_reg_pp0_iter10           |   1|   0|    1|          0|
    |ap_enable_reg_pp0_iter11           |   1|   0|    1|          0|
    |ap_enable_reg_pp0_iter12           |   1|   0|    1|          0|
    |ap_enable_reg_pp0_iter13           |   1|   0|    1|          0|
    |ap_enable_reg_pp0_iter14           |   1|   0|    1|          0|
    |ap_enable_reg_pp0_iter15           |   1|   0|    1|          0|
    |ap_enable_reg_pp0_iter16           |   1|   0|    1|          0|
    |ap_enable_reg_pp0_iter17           |   1|   0|    1|          0|
    |ap_enable_reg_pp0_iter18           |   1|   0|    1|          0|
    |ap_enable_reg_pp0_iter19           |   1|   0|    1|          0|
    |ap_enable_reg_pp0_iter2            |   1|   0|    1|          0|
    |ap_enable_reg_pp0_iter20           |   1|   0|    1|          0|
    |ap_enable_reg_pp0_iter3            |   1|   0|    1|          0|
    |ap_enable_reg_pp0_iter4            |   1|   0|    1|          0|
    |ap_enable_reg_pp0_iter5            |   1|   0|    1|          0|
    |ap_enable_reg_pp0_iter6            |   1|   0|    1|          0|
    |ap_enable_reg_pp0_iter7            |   1|   0|    1|          0|
    |ap_enable_reg_pp0_iter8            |   1|   0|    1|          0|
    |ap_enable_reg_pp0_iter9            |   1|   0|    1|          0|
    |ap_loop_exit_ready_pp0_iter10_reg  |   1|   0|    1|          0|
    |ap_loop_exit_ready_pp0_iter11_reg  |   1|   0|    1|          0|
    |ap_loop_exit_ready_pp0_iter12_reg  |   1|   0|    1|          0|
    |ap_loop_exit_ready_pp0_iter13_reg  |   1|   0|    1|          0|
    |ap_loop_exit_ready_pp0_iter14_reg  |   1|   0|    1|          0|
    |ap_loop_exit_ready_pp0_iter15_reg  |   1|   0|    1|          0|
    |ap_loop_exit_ready_pp0_iter16_reg  |   1|   0|    1|          0|
    |ap_loop_exit_ready_pp0_iter17_reg  |   1|   0|    1|          0|
    |ap_loop_exit_ready_pp0_iter18_reg  |   1|   0|    1|          0|
    |ap_loop_exit_ready_pp0_iter19_reg  |   1|   0|    1|          0|
    |ap_loop_exit_ready_pp0_iter1_reg   |   1|   0|    1|          0|
    |ap_loop_exit_ready_pp0_iter2_reg   |   1|   0|    1|          0|
    |ap_loop_exit_ready_pp0_iter3_reg   |   1|   0|    1|          0|
    |ap_loop_exit_ready_pp0_iter4_reg   |   1|   0|    1|          0|
    |ap_loop_exit_ready_pp0_iter5_reg   |   1|   0|    1|          0|
    |ap_loop_exit_ready_pp0_iter6_reg   |   1|   0|    1|          0|
    |ap_loop_exit_ready_pp0_iter7_reg   |   1|   0|    1|          0|
    |ap_loop_exit_ready_pp0_iter8_reg   |   1|   0|    1|          0|
    |ap_loop_exit_ready_pp0_iter9_reg   |   1|   0|    1|          0|
    |i_fu_56                            |  17|   0|   17|          0|
    |mlp_buf_addr_reg_207               |  17|   0|   17|          0|
    |mlp_buf_load_reg_213               |  32|   0|   32|          0|
    |mul6_i_i_reg_253                   |  32|   0|   32|          0|
    |mul_i18_i_reg_222                  |  32|   0|   32|          0|
    |or_ln52_reg_227                    |   1|   0|    1|          0|
    |tmp_2_reg_238                      |   1|   0|    1|          0|
    |mlp_buf_addr_reg_207               |  64|  32|   17|          0|
    |mlp_buf_load_reg_213               |  64|  32|   32|          0|
    +-----------------------------------+----+----+-----+-----------+
    |Total                              | 334|  64|  255|          0|
    +-----------------------------------+----+----+-----+-----------+



================================================================
== Interface
================================================================
* Summary: 
+----------------------+-----+-----+------------+-----------------------------------------+--------------+
|       RTL Ports      | Dir | Bits|  Protocol  |              Source Object              |    C Type    |
+----------------------+-----+-----+------------+-----------------------------------------+--------------+
|ap_clk                |   in|    1|  ap_ctrl_hs|  transformer_blk_s2_top_Pipeline_MLP_ACT|  return value|
|ap_rst                |   in|    1|  ap_ctrl_hs|  transformer_blk_s2_top_Pipeline_MLP_ACT|  return value|
|ap_start              |   in|    1|  ap_ctrl_hs|  transformer_blk_s2_top_Pipeline_MLP_ACT|  return value|
|ap_done               |  out|    1|  ap_ctrl_hs|  transformer_blk_s2_top_Pipeline_MLP_ACT|  return value|
|ap_idle               |  out|    1|  ap_ctrl_hs|  transformer_blk_s2_top_Pipeline_MLP_ACT|  return value|
|ap_ready              |  out|    1|  ap_ctrl_hs|  transformer_blk_s2_top_Pipeline_MLP_ACT|  return value|
|grp_fu_1888_p_din0    |  out|   32|  ap_ctrl_hs|  transformer_blk_s2_top_Pipeline_MLP_ACT|  return value|
|grp_fu_1888_p_din1    |  out|   32|  ap_ctrl_hs|  transformer_blk_s2_top_Pipeline_MLP_ACT|  return value|
|grp_fu_1888_p_opcode  |  out|    1|  ap_ctrl_hs|  transformer_blk_s2_top_Pipeline_MLP_ACT|  return value|
|grp_fu_1888_p_dout0   |   in|   32|  ap_ctrl_hs|  transformer_blk_s2_top_Pipeline_MLP_ACT|  return value|
|grp_fu_1888_p_ce      |  out|    1|  ap_ctrl_hs|  transformer_blk_s2_top_Pipeline_MLP_ACT|  return value|
|grp_fu_4152_p_din0    |  out|   32|  ap_ctrl_hs|  transformer_blk_s2_top_Pipeline_MLP_ACT|  return value|
|grp_fu_4152_p_din1    |  out|   32|  ap_ctrl_hs|  transformer_blk_s2_top_Pipeline_MLP_ACT|  return value|
|grp_fu_4152_p_dout0   |   in|   32|  ap_ctrl_hs|  transformer_blk_s2_top_Pipeline_MLP_ACT|  return value|
|grp_fu_4152_p_ce      |  out|    1|  ap_ctrl_hs|  transformer_blk_s2_top_Pipeline_MLP_ACT|  return value|
|grp_fu_4156_p_din0    |  out|   32|  ap_ctrl_hs|  transformer_blk_s2_top_Pipeline_MLP_ACT|  return value|
|grp_fu_4156_p_din1    |  out|   32|  ap_ctrl_hs|  transformer_blk_s2_top_Pipeline_MLP_ACT|  return value|
|grp_fu_4156_p_dout0   |   in|   32|  ap_ctrl_hs|  transformer_blk_s2_top_Pipeline_MLP_ACT|  return value|
|grp_fu_4156_p_ce      |  out|    1|  ap_ctrl_hs|  transformer_blk_s2_top_Pipeline_MLP_ACT|  return value|
|grp_fu_4280_p_din0    |  out|   32|  ap_ctrl_hs|  transformer_blk_s2_top_Pipeline_MLP_ACT|  return value|
|grp_fu_4280_p_din1    |  out|   32|  ap_ctrl_hs|  transformer_blk_s2_top_Pipeline_MLP_ACT|  return value|
|grp_fu_4280_p_opcode  |  out|    5|  ap_ctrl_hs|  transformer_blk_s2_top_Pipeline_MLP_ACT|  return value|
|grp_fu_4280_p_dout0   |   in|    1|  ap_ctrl_hs|  transformer_blk_s2_top_Pipeline_MLP_ACT|  return value|
|grp_fu_4280_p_ce      |  out|    1|  ap_ctrl_hs|  transformer_blk_s2_top_Pipeline_MLP_ACT|  return value|
|grp_fu_4284_p_din0    |  out|   32|  ap_ctrl_hs|  transformer_blk_s2_top_Pipeline_MLP_ACT|  return value|
|grp_fu_4284_p_din1    |  out|   32|  ap_ctrl_hs|  transformer_blk_s2_top_Pipeline_MLP_ACT|  return value|
|grp_fu_4284_p_opcode  |  out|    5|  ap_ctrl_hs|  transformer_blk_s2_top_Pipeline_MLP_ACT|  return value|
|grp_fu_4284_p_dout0   |   in|    1|  ap_ctrl_hs|  transformer_blk_s2_top_Pipeline_MLP_ACT|  return value|
|grp_fu_4284_p_ce      |  out|    1|  ap_ctrl_hs|  transformer_blk_s2_top_Pipeline_MLP_ACT|  return value|
|mlp_buf_address0      |  out|   17|   ap_memory|                                  mlp_buf|         array|
|mlp_buf_ce0           |  out|    1|   ap_memory|                                  mlp_buf|         array|
|mlp_buf_we0           |  out|    1|   ap_memory|                                  mlp_buf|         array|
|mlp_buf_d0            |  out|   32|   ap_memory|                                  mlp_buf|         array|
|mlp_buf_address1      |  out|   17|   ap_memory|                                  mlp_buf|         array|
|mlp_buf_ce1           |  out|    1|   ap_memory|                                  mlp_buf|         array|
|mlp_buf_q1            |   in|   32|   ap_memory|                                  mlp_buf|         array|
+----------------------+-----+-----+------------+-----------------------------------------+--------------+

