

================================================================
== Vitis HLS Report for 'fpn_conv3x3_1'
================================================================
* Date:           Mon Jun  1 16:00:38 2026

* Version:        2022.2 (Build 3670227 on Oct 13 2022)
* Project:        fpn_192
* Solution:       solution1 (Vivado IP Flow Target)
* Product family: zynquplus
* Target device:  xczu9eg-ffvb1156-2-e


================================================================
== Performance Estimates
================================================================
+ Timing: 
    * Summary: 
    +--------+---------+----------+------------+
    |  Clock |  Target | Estimated| Uncertainty|
    +--------+---------+----------+------------+
    |ap_clk  |  5.00 ns|  3.824 ns|     1.35 ns|
    +--------+---------+----------+------------+

+ Latency: 
    * Summary: 
    +-----------+-----------+-----------+-----------+-----------+-----------+---------+
    |    Latency (cycles)   |   Latency (absolute)  |        Interval       | Pipeline|
    |    min    |    max    |    min    |    max    |    min    |    max    |   Type  |
    +-----------+-----------+-----------+-----------+-----------+-----------+---------+
    |  665702401|  665702401|  3.329 sec|  3.329 sec|  665702401|  665702401|       no|
    +-----------+-----------+-----------+-----------+-----------+-----------+---------+

    + Detail: 
        * Instance: 
        +-----------------------------------------------------------+------------------------------------------------+---------+---------+-----------+-----------+------+------+---------+
        |                                                           |                                                |  Latency (cycles) |   Latency (absolute)  |   Interval  | Pipeline|
        |                          Instance                         |                     Module                     |   min   |   max   |    min    |    max    |  min |  max |   Type  |
        +-----------------------------------------------------------+------------------------------------------------+---------+---------+-----------+-----------+------+------+---------+
        |grp_fpn_conv3x3_1_Pipeline_FPN3_IC_FPN3_KH_FPN3_KW_fu_154  |fpn_conv3x3_1_Pipeline_FPN3_IC_FPN3_KH_FPN3_KW  |     8656|     8656|  43.280 us|  43.280 us|  8656|  8656|       no|
        +-----------------------------------------------------------+------------------------------------------------+---------+---------+-----------+-----------+------+------+---------+

        * Loop: 
        +---------------------------+-----------+-----------+----------+-----------+-----------+-------+----------+
        |                           |    Latency (cycles)   | Iteration|  Initiation Interval  |  Trip |          |
        |         Loop Name         |    min    |    max    |  Latency |  achieved |   target  | Count | Pipelined|
        +---------------------------+-----------+-----------+----------+-----------+-----------+-------+----------+
        |- FPN3_OC_FPN3_OH_FPN3_OW  |  665702400|  665702400|      8668|          -|          -|  76800|        no|
        +---------------------------+-----------+-----------+----------+-----------+-----------+-------+----------+



================================================================
== Utilization Estimates
================================================================
* Summary: 
+-----------------+---------+------+--------+--------+-----+
|       Name      | BRAM_18K|  DSP |   FF   |   LUT  | URAM|
+-----------------+---------+------+--------+--------+-----+
|DSP              |        -|     -|       -|       -|    -|
|Expression       |        -|     -|       0|     453|    -|
|FIFO             |        -|     -|       -|       -|    -|
|Instance         |        -|     1|     414|     919|    -|
|Memory           |        -|     -|       -|       -|    -|
|Multiplexer      |        -|     -|       -|     146|    -|
|Register         |        -|     -|     239|       -|    -|
+-----------------+---------+------+--------+--------+-----+
|Total            |        0|     1|     653|    1518|    0|
+-----------------+---------+------+--------+--------+-----+
|Available        |     1824|  2520|  548160|  274080|    0|
+-----------------+---------+------+--------+--------+-----+
|Utilization (%)  |        0|    ~0|      ~0|      ~0|    0|
+-----------------+---------+------+--------+--------+-----+

+ Detail: 
    * Instance: 
    +-----------------------------------------------------------+------------------------------------------------+---------+----+-----+-----+-----+
    |                          Instance                         |                     Module                     | BRAM_18K| DSP|  FF | LUT | URAM|
    +-----------------------------------------------------------+------------------------------------------------+---------+----+-----+-----+-----+
    |grp_fpn_conv3x3_1_Pipeline_FPN3_IC_FPN3_KH_FPN3_KW_fu_154  |fpn_conv3x3_1_Pipeline_FPN3_IC_FPN3_KH_FPN3_KW  |        0|   1|  414|  795|    0|
    |mul_8ns_10ns_17_1_1_U82                                    |mul_8ns_10ns_17_1_1                             |        0|   0|    0|   62|    0|
    |mul_8ns_10ns_17_1_1_U83                                    |mul_8ns_10ns_17_1_1                             |        0|   0|    0|   62|    0|
    +-----------------------------------------------------------+------------------------------------------------+---------+----+-----+-----+-----+
    |Total                                                      |                                                |        0|   1|  414|  919|    0|
    +-----------------------------------------------------------+------------------------------------------------+---------+----+-----+-----+-----+

    * DSP: 
    N/A

    * Memory: 
    N/A

    * FIFO: 
    N/A

    * Expression: 
    +--------------------------+----------+----+---+----+------------+------------+
    |       Variable Name      | Operation| DSP| FF| LUT| Bitwidth P0| Bitwidth P1|
    +--------------------------+----------+----+---+----+------------+------------+
    |add_ln424_1_fu_343_p2     |         +|   0|  0|  15|           8|           1|
    |add_ln424_fu_317_p2       |         +|   0|  0|  24|          17|           1|
    |add_ln425_1_fu_447_p2     |         +|   0|  0|  17|          10|           1|
    |add_ln425_fu_500_p2       |         +|   0|  0|  12|           5|           1|
    |add_ln426_fu_631_p2       |         +|   0|  0|  12|           5|           1|
    |add_ln435_3_fu_614_p2     |         +|   0|  0|  17|          10|          10|
    |add_ln441_1_fu_305_p2     |         +|   0|  0|  17|          17|          17|
    |add_ln441_2_fu_548_p2     |         +|   0|  0|  17|          17|          17|
    |add_ln441_fu_625_p2       |         +|   0|  0|  24|          17|          17|
    |empty_37_fu_253_p2        |         +|   0|  0|  19|          12|          12|
    |p_mid131_fu_574_p2        |         +|   0|  0|  13|           6|           2|
    |p_mid189_fu_403_p2        |         +|   0|  0|  19|          12|          12|
    |tmp_fu_299_p2             |         +|   0|  0|  17|          17|          17|
    |tmp_mid1_fu_542_p2        |         +|   0|  0|  17|          17|          17|
    |empty_fu_235_p2           |         -|   0|  0|  24|          17|          17|
    |p_mid185_fu_377_p2        |         -|   0|  0|  24|          17|          17|
    |and_ln424_fu_495_p2       |       and|   0|  0|   2|           1|           1|
    |icmp_ln424_fu_311_p2      |      icmp|   0|  0|  13|          17|          17|
    |icmp_ln425_fu_329_p2      |      icmp|   0|  0|  11|          10|           9|
    |icmp_ln426_fu_433_p2      |      icmp|   0|  0|   9|           5|           5|
    |notlhs_mid151_fu_600_p2   |      icmp|   0|  0|   9|           5|           1|
    |notrhs_mid153_fu_607_p2   |      icmp|   0|  0|  10|           6|           5|
    |or_ln425_fu_505_p2        |        or|   0|  0|   2|           1|           1|
    |select_ln424_1_fu_383_p3  |    select|   0|  0|  16|           1|          17|
    |select_ln424_2_fu_476_p3  |    select|   0|  0|  16|           1|          17|
    |select_ln424_3_fu_425_p3  |    select|   0|  0|  10|           1|          10|
    |select_ln424_4_fu_485_p3  |    select|   0|  0|  16|           1|          17|
    |select_ln424_5_fu_439_p3  |    select|   0|  0|   8|           1|           8|
    |select_ln424_fu_335_p3    |    select|   0|  0|   5|           1|           1|
    |select_ln425_1_fu_554_p3  |    select|   0|  0|  16|           1|          17|
    |select_ln425_2_fu_562_p3  |    select|   0|  0|   5|           1|           5|
    |select_ln425_3_fu_453_p3  |    select|   0|  0|  10|           1|           1|
    |select_ln425_fu_510_p3    |    select|   0|  0|   5|           1|           1|
    |xor_ln424_fu_490_p2       |       xor|   0|  0|   2|           1|           2|
    +--------------------------+----------+----+---+----+------------+------------+
    |Total                     |          |   0|  0| 453|         260|         295|
    +--------------------------+----------+----+---+----+------------+------------+

    * Multiplexer: 
    +--------------------------+----+-----------+-----+-----------+
    |           Name           | LUT| Input Size| Bits| Total Bits|
    +--------------------------+----+-----------+-----+-----------+
    |ap_NS_fsm                 |  65|         14|    1|         14|
    |grp_fu_808_ce             |   9|          2|    1|          2|
    |grp_fu_812_ce             |   9|          2|    1|          2|
    |grp_fu_816_ce             |   9|          2|    1|          2|
    |indvar_flatten115_fu_120  |   9|          2|   17|         34|
    |indvar_flatten68_fu_112   |   9|          2|   10|         20|
    |oc_fu_116                 |   9|          2|    8|         16|
    |oh_fu_108                 |   9|          2|    5|         10|
    |ow_fu_104                 |   9|          2|    5|         10|
    |p4_WEN_A                  |   9|          2|    4|          8|
    +--------------------------+----+-----------+-----+-----------+
    |Total                     | 146|         32|   53|        118|
    +--------------------------+----+-----------+-----+-----------+

    * Register: 
    +------------------------------------------------------------------------+----+----+-----+-----------+
    |                                  Name                                  | FF | LUT| Bits| Const Bits|
    +------------------------------------------------------------------------+----+----+-----+-----------+
    |add_ln435_3_reg_780                                                     |   8|   0|   10|          2|
    |add_ln441_1_reg_709                                                     |  17|   0|   17|          0|
    |add_ln441_reg_785                                                       |  17|   0|   17|          0|
    |add_reg_803                                                             |  32|   0|   32|          0|
    |ap_CS_fsm                                                               |  13|   0|   13|          0|
    |empty_38_reg_704                                                        |  17|   0|   17|          0|
    |grp_fpn_conv3x3_1_Pipeline_FPN3_IC_FPN3_KH_FPN3_KW_fu_154_ap_start_reg  |   1|   0|    1|          0|
    |icmp_ln425_reg_720                                                      |   1|   0|    1|          0|
    |icmp_ln426_reg_750                                                      |   1|   0|    1|          0|
    |indvar_flatten115_fu_120                                                |  17|   0|   17|          0|
    |indvar_flatten68_fu_112                                                 |  10|   0|   10|          0|
    |notlhs_mid151_reg_770                                                   |   1|   0|    1|          0|
    |notrhs_mid153_reg_775                                                   |   1|   0|    1|          0|
    |oc_fu_116                                                               |   8|   0|    8|          0|
    |oh_fu_108                                                               |   5|   0|    5|          0|
    |ow_fu_104                                                               |   5|   0|    5|          0|
    |p_mid191_reg_739                                                        |  17|   0|   17|          0|
    |select_ln424_1_reg_734                                                  |  11|   0|   17|          6|
    |select_ln424_3_reg_745                                                  |  10|   0|   10|          0|
    |select_ln424_reg_728                                                    |   5|   0|    5|          0|
    |select_ln425_2_reg_765                                                  |   5|   0|    5|          0|
    |select_ln425_reg_760                                                    |   5|   0|    5|          0|
    |w_meta_load_reg_790                                                     |  32|   0|   32|          0|
    +------------------------------------------------------------------------+----+----+-----+-----------+
    |Total                                                                   | 239|   0|  247|          8|
    +------------------------------------------------------------------------+----+----+-----+-----------+



================================================================
== Interface
================================================================
* Summary: 
+---------------------+-----+-----+------------+---------------+--------------+
|      RTL Ports      | Dir | Bits|  Protocol  | Source Object |    C Type    |
+---------------------+-----+-----+------------+---------------+--------------+
|ap_clk               |   in|    1|  ap_ctrl_hs|  fpn_conv3x3.1|  return value|
|ap_rst               |   in|    1|  ap_ctrl_hs|  fpn_conv3x3.1|  return value|
|ap_start             |   in|    1|  ap_ctrl_hs|  fpn_conv3x3.1|  return value|
|ap_done              |  out|    1|  ap_ctrl_hs|  fpn_conv3x3.1|  return value|
|ap_idle              |  out|    1|  ap_ctrl_hs|  fpn_conv3x3.1|  return value|
|ap_ready             |  out|    1|  ap_ctrl_hs|  fpn_conv3x3.1|  return value|
|grp_fu_491_p_din0    |  out|   32|  ap_ctrl_hs|  fpn_conv3x3.1|  return value|
|grp_fu_491_p_din1    |  out|   32|  ap_ctrl_hs|  fpn_conv3x3.1|  return value|
|grp_fu_491_p_opcode  |  out|    2|  ap_ctrl_hs|  fpn_conv3x3.1|  return value|
|grp_fu_491_p_dout0   |   in|   32|  ap_ctrl_hs|  fpn_conv3x3.1|  return value|
|grp_fu_491_p_ce      |  out|    1|  ap_ctrl_hs|  fpn_conv3x3.1|  return value|
|grp_fu_480_p_din0    |  out|   32|  ap_ctrl_hs|  fpn_conv3x3.1|  return value|
|grp_fu_480_p_din1    |  out|   32|  ap_ctrl_hs|  fpn_conv3x3.1|  return value|
|grp_fu_480_p_opcode  |  out|    2|  ap_ctrl_hs|  fpn_conv3x3.1|  return value|
|grp_fu_480_p_dout0   |   in|   32|  ap_ctrl_hs|  fpn_conv3x3.1|  return value|
|grp_fu_480_p_ce      |  out|    1|  ap_ctrl_hs|  fpn_conv3x3.1|  return value|
|grp_fu_484_p_din0    |  out|   32|  ap_ctrl_hs|  fpn_conv3x3.1|  return value|
|grp_fu_484_p_din1    |  out|   32|  ap_ctrl_hs|  fpn_conv3x3.1|  return value|
|grp_fu_484_p_dout0   |   in|   32|  ap_ctrl_hs|  fpn_conv3x3.1|  return value|
|grp_fu_484_p_ce      |  out|    1|  ap_ctrl_hs|  fpn_conv3x3.1|  return value|
|grp_fu_488_p_din0    |  out|   32|  ap_ctrl_hs|  fpn_conv3x3.1|  return value|
|grp_fu_488_p_dout0   |   in|   32|  ap_ctrl_hs|  fpn_conv3x3.1|  return value|
|grp_fu_488_p_ce      |  out|    1|  ap_ctrl_hs|  fpn_conv3x3.1|  return value|
|p4_Addr_A            |  out|   32|        bram|             p4|         array|
|p4_EN_A              |  out|    1|        bram|             p4|         array|
|p4_WEN_A             |  out|    4|        bram|             p4|         array|
|p4_Din_A             |  out|   32|        bram|             p4|         array|
|p4_Dout_A            |   in|   32|        bram|             p4|         array|
|w_conv_Addr_A        |  out|   32|        bram|         w_conv|         array|
|w_conv_EN_A          |  out|    1|        bram|         w_conv|         array|
|w_conv_WEN_A         |  out|    1|        bram|         w_conv|         array|
|w_conv_Din_A         |  out|    8|        bram|         w_conv|         array|
|w_conv_Dout_A        |   in|    8|        bram|         w_conv|         array|
|w_meta_Addr_A        |  out|   32|        bram|         w_meta|         array|
|w_meta_EN_A          |  out|    1|        bram|         w_meta|         array|
|w_meta_WEN_A         |  out|    4|        bram|         w_meta|         array|
|w_meta_Din_A         |  out|   32|        bram|         w_meta|         array|
|w_meta_Dout_A        |   in|   32|        bram|         w_meta|         array|
|lat3_address0        |  out|   17|   ap_memory|           lat3|         array|
|lat3_ce0             |  out|    1|   ap_memory|           lat3|         array|
|lat3_q0              |   in|   32|   ap_memory|           lat3|         array|
+---------------------+-----+-----+------------+---------------+--------------+

