

================================================================
== Vitis HLS Report for 'fpn_conv3x3'
================================================================
* Date:           Mon Jun  1 16:00:37 2026

* Version:        2022.2 (Build 3670227 on Oct 13 2022)
* Project:        fpn_192
* Solution:       solution1 (Vivado IP Flow Target)
* Product family: zynquplus
* Target device:  xczu9eg-ffvb1156-2-e


================================================================
== Performance Estimates
================================================================
+ Timing: 
    * Summary: 
    +--------+---------+----------+------------+
    |  Clock |  Target | Estimated| Uncertainty|
    +--------+---------+----------+------------+
    |ap_clk  |  5.00 ns|  3.824 ns|     1.35 ns|
    +--------+---------+----------+------------+

+ Latency: 
    * Summary: 
    +-----------+-----------+-----------+-----------+-----------+-----------+---------+
    |    Latency (cycles)   |   Latency (absolute)  |        Interval       | Pipeline|
    |    min    |    max    |    min    |    max    |    min    |    max    |   Type  |
    +-----------+-----------+-----------+-----------+-----------+-----------+---------+
    |  166425601|  166425601|  0.832 sec|  0.832 sec|  166425601|  166425601|       no|
    +-----------+-----------+-----------+-----------+-----------+-----------+---------+

    + Detail: 
        * Instance: 
        +---------------------------------------------------------+----------------------------------------------+---------+---------+-----------+-----------+------+------+---------+
        |                                                         |                                              |  Latency (cycles) |   Latency (absolute)  |   Interval  | Pipeline|
        |                         Instance                        |                    Module                    |   min   |   max   |    min    |    max    |  min |  max |   Type  |
        +---------------------------------------------------------+----------------------------------------------+---------+---------+-----------+-----------+------+------+---------+
        |grp_fpn_conv3x3_Pipeline_FPN3_IC_FPN3_KH_FPN3_KW_fu_152  |fpn_conv3x3_Pipeline_FPN3_IC_FPN3_KH_FPN3_KW  |     8656|     8656|  43.280 us|  43.280 us|  8656|  8656|       no|
        +---------------------------------------------------------+----------------------------------------------+---------+---------+-----------+-----------+------+------+---------+

        * Loop: 
        +---------------------------+-----------+-----------+----------+-----------+-----------+-------+----------+
        |                           |    Latency (cycles)   | Iteration|  Initiation Interval  |  Trip |          |
        |         Loop Name         |    min    |    max    |  Latency |  achieved |   target  | Count | Pipelined|
        +---------------------------+-----------+-----------+----------+-----------+-----------+-------+----------+
        |- FPN3_OC_FPN3_OH_FPN3_OW  |  166425600|  166425600|      8668|          -|          -|  19200|        no|
        +---------------------------+-----------+-----------+----------+-----------+-----------+-------+----------+



================================================================
== Utilization Estimates
================================================================
* Summary: 
+-----------------+---------+------+--------+--------+-----+
|       Name      | BRAM_18K|  DSP |   FF   |   LUT  | URAM|
+-----------------+---------+------+--------+--------+-----+
|DSP              |        -|     -|       -|       -|    -|
|Expression       |        -|     -|       0|     430|    -|
|FIFO             |        -|     -|       -|       -|    -|
|Instance         |        -|     1|     405|     860|    -|
|Memory           |        -|     -|       -|       -|    -|
|Multiplexer      |        -|     -|       -|     146|    -|
|Register         |        -|     -|     225|       -|    -|
+-----------------+---------+------+--------+--------+-----+
|Total            |        0|     1|     630|    1436|    0|
+-----------------+---------+------+--------+--------+-----+
|Available        |     1824|  2520|  548160|  274080|    0|
+-----------------+---------+------+--------+--------+-----+
|Utilization (%)  |        0|    ~0|      ~0|      ~0|    0|
+-----------------+---------+------+--------+--------+-----+

+ Detail: 
    * Instance: 
    +---------------------------------------------------------+----------------------------------------------+---------+----+-----+-----+-----+
    |                         Instance                        |                    Module                    | BRAM_18K| DSP|  FF | LUT | URAM|
    +---------------------------------------------------------+----------------------------------------------+---------+----+-----+-----+-----+
    |grp_fpn_conv3x3_Pipeline_FPN3_IC_FPN3_KH_FPN3_KW_fu_152  |fpn_conv3x3_Pipeline_FPN3_IC_FPN3_KH_FPN3_KW  |        0|   1|  405|  780|    0|
    |mul_8ns_8ns_15_1_1_U61                                   |mul_8ns_8ns_15_1_1                            |        0|   0|    0|   40|    0|
    |mul_8ns_8ns_15_1_1_U62                                   |mul_8ns_8ns_15_1_1                            |        0|   0|    0|   40|    0|
    +---------------------------------------------------------+----------------------------------------------+---------+----+-----+-----+-----+
    |Total                                                    |                                              |        0|   1|  405|  860|    0|
    +---------------------------------------------------------+----------------------------------------------+---------+----+-----+-----+-----+

    * DSP: 
    N/A

    * Memory: 
    N/A

    * FIFO: 
    N/A

    * Expression: 
    +---------------------------+----------+----+---+----+------------+------------+
    |       Variable Name       | Operation| DSP| FF| LUT| Bitwidth P0| Bitwidth P1|
    +---------------------------+----------+----+---+----+------------+------------+
    |add_ln424_2_fu_341_p2      |         +|   0|  0|  15|           8|           1|
    |add_ln424_fu_315_p2        |         +|   0|  0|  22|          15|           1|
    |add_ln425_2_fu_361_p2      |         +|   0|  0|  15|           8|           1|
    |add_ln425_fu_494_p2        |         +|   0|  0|  12|           4|           1|
    |add_ln426_fu_625_p2        |         +|   0|  0|  12|           4|           1|
    |add_ln435_fu_608_p2        |         +|   0|  0|  15|           8|           8|
    |add_ln441_2_fu_303_p2      |         +|   0|  0|  16|          15|          15|
    |add_ln441_3_fu_542_p2      |         +|   0|  0|  16|          15|          15|
    |add_ln441_fu_619_p2        |         +|   0|  0|  22|          15|          15|
    |empty_40_fu_251_p2         |         +|   0|  0|  19|          12|          11|
    |p_mid131_fu_568_p2         |         +|   0|  0|  12|           5|           2|
    |p_mid189_fu_439_p2         |         +|   0|  0|  19|          12|          11|
    |tmp_fu_297_p2              |         +|   0|  0|  16|          15|          15|
    |tmp_mid1_fu_536_p2         |         +|   0|  0|  16|          15|          15|
    |empty_fu_233_p2            |         -|   0|  0|  24|          17|          17|
    |p_mid185_fu_415_p2         |         -|   0|  0|  24|          17|          17|
    |and_ln424_fu_489_p2        |       and|   0|  0|   2|           1|           1|
    |icmp_ln424_fu_309_p2       |      icmp|   0|  0|  12|          15|          15|
    |icmp_ln425_fu_327_p2       |      icmp|   0|  0|  11|           8|           7|
    |icmp_ln426_fu_347_p2       |      icmp|   0|  0|   9|           4|           4|
    |notlhs_mid151_fu_594_p2    |      icmp|   0|  0|   9|           4|           1|
    |notrhs_mid153_fu_601_p2    |      icmp|   0|  0|   9|           5|           4|
    |or_ln425_fu_499_p2         |        or|   0|  0|   2|           1|           1|
    |select_ln424_10_fu_353_p3  |    select|   0|  0|   8|           1|           8|
    |select_ln424_6_fu_421_p3   |    select|   0|  0|  16|           1|          17|
    |select_ln424_7_fu_451_p3   |    select|   0|  0|  15|           1|          15|
    |select_ln424_8_fu_467_p3   |    select|   0|  0|  10|           1|          10|
    |select_ln424_9_fu_478_p3   |    select|   0|  0|  15|           1|          15|
    |select_ln424_fu_333_p3     |    select|   0|  0|   4|           1|           1|
    |select_ln425_4_fu_548_p3   |    select|   0|  0|  15|           1|          15|
    |select_ln425_5_fu_556_p3   |    select|   0|  0|   4|           1|           4|
    |select_ln425_6_fu_367_p3   |    select|   0|  0|   8|           1|           1|
    |select_ln425_fu_504_p3     |    select|   0|  0|   4|           1|           1|
    |xor_ln424_fu_484_p2        |       xor|   0|  0|   2|           1|           2|
    +---------------------------+----------+----+---+----+------------+------------+
    |Total                      |          |   0|  0| 430|         234|         268|
    +---------------------------+----------+----+---+----+------------+------------+

    * Multiplexer: 
    +--------------------------+----+-----------+-----+-----------+
    |           Name           | LUT| Input Size| Bits| Total Bits|
    +--------------------------+----+-----------+-----+-----------+
    |ap_NS_fsm                 |  65|         14|    1|         14|
    |grp_fu_811_ce             |   9|          2|    1|          2|
    |grp_fu_815_ce             |   9|          2|    1|          2|
    |grp_fu_819_ce             |   9|          2|    1|          2|
    |indvar_flatten115_fu_118  |   9|          2|   15|         30|
    |indvar_flatten68_fu_110   |   9|          2|    8|         16|
    |oc_fu_114                 |   9|          2|    8|         16|
    |oh_fu_106                 |   9|          2|    4|          8|
    |ow_fu_102                 |   9|          2|    4|          8|
    |p5_WEN_A                  |   9|          2|    4|          8|
    +--------------------------+----+-----------+-----+-----------+
    |Total                     | 146|         32|   47|        106|
    +--------------------------+----+-----------+-----+-----------+

    * Register: 
    +----------------------------------------------------------------------+----+----+-----+-----------+
    |                                 Name                                 | FF | LUT| Bits| Const Bits|
    +----------------------------------------------------------------------+----+----+-----+-----------+
    |add_ln424_2_reg_740                                                   |   8|   0|    8|          0|
    |add_ln435_reg_783                                                     |   7|   0|    8|          1|
    |add_ln441_2_reg_713                                                   |  15|   0|   15|          0|
    |add_ln441_reg_788                                                     |  15|   0|   15|          0|
    |add_reg_806                                                           |  32|   0|   32|          0|
    |ap_CS_fsm                                                             |  13|   0|   13|          0|
    |empty_41_reg_703                                                      |  15|   0|   15|          0|
    |empty_reg_698                                                         |  11|   0|   17|          6|
    |grp_fpn_conv3x3_Pipeline_FPN3_IC_FPN3_KH_FPN3_KW_fu_152_ap_start_reg  |   1|   0|    1|          0|
    |icmp_ln425_reg_724                                                    |   1|   0|    1|          0|
    |icmp_ln426_reg_748                                                    |   1|   0|    1|          0|
    |indvar_flatten115_fu_118                                              |  15|   0|   15|          0|
    |indvar_flatten68_fu_110                                               |   8|   0|    8|          0|
    |notlhs_mid151_reg_773                                                 |   1|   0|    1|          0|
    |notrhs_mid153_reg_778                                                 |   1|   0|    1|          0|
    |oc_fu_114                                                             |   8|   0|    8|          0|
    |oh_fu_106                                                             |   4|   0|    4|          0|
    |ow_fu_102                                                             |   4|   0|    4|          0|
    |select_ln424_6_reg_753                                                |  11|   0|   17|          6|
    |select_ln424_reg_734                                                  |   4|   0|    4|          0|
    |select_ln425_5_reg_768                                                |   4|   0|    4|          0|
    |select_ln425_reg_763                                                  |   4|   0|    4|          0|
    |tmp_6_reg_708                                                         |  10|   0|   10|          0|
    |w_meta_load_reg_793                                                   |  32|   0|   32|          0|
    +----------------------------------------------------------------------+----+----+-----+-----------+
    |Total                                                                 | 225|   0|  238|         13|
    +----------------------------------------------------------------------+----+----+-----+-----------+



================================================================
== Interface
================================================================
* Summary: 
+---------------------+-----+-----+------------+--------------+--------------+
|      RTL Ports      | Dir | Bits|  Protocol  | Source Object|    C Type    |
+---------------------+-----+-----+------------+--------------+--------------+
|ap_clk               |   in|    1|  ap_ctrl_hs|   fpn_conv3x3|  return value|
|ap_rst               |   in|    1|  ap_ctrl_hs|   fpn_conv3x3|  return value|
|ap_start             |   in|    1|  ap_ctrl_hs|   fpn_conv3x3|  return value|
|ap_done              |  out|    1|  ap_ctrl_hs|   fpn_conv3x3|  return value|
|ap_idle              |  out|    1|  ap_ctrl_hs|   fpn_conv3x3|  return value|
|ap_ready             |  out|    1|  ap_ctrl_hs|   fpn_conv3x3|  return value|
|grp_fu_491_p_din0    |  out|   32|  ap_ctrl_hs|   fpn_conv3x3|  return value|
|grp_fu_491_p_din1    |  out|   32|  ap_ctrl_hs|   fpn_conv3x3|  return value|
|grp_fu_491_p_opcode  |  out|    2|  ap_ctrl_hs|   fpn_conv3x3|  return value|
|grp_fu_491_p_dout0   |   in|   32|  ap_ctrl_hs|   fpn_conv3x3|  return value|
|grp_fu_491_p_ce      |  out|    1|  ap_ctrl_hs|   fpn_conv3x3|  return value|
|grp_fu_480_p_din0    |  out|   32|  ap_ctrl_hs|   fpn_conv3x3|  return value|
|grp_fu_480_p_din1    |  out|   32|  ap_ctrl_hs|   fpn_conv3x3|  return value|
|grp_fu_480_p_opcode  |  out|    2|  ap_ctrl_hs|   fpn_conv3x3|  return value|
|grp_fu_480_p_dout0   |   in|   32|  ap_ctrl_hs|   fpn_conv3x3|  return value|
|grp_fu_480_p_ce      |  out|    1|  ap_ctrl_hs|   fpn_conv3x3|  return value|
|grp_fu_484_p_din0    |  out|   32|  ap_ctrl_hs|   fpn_conv3x3|  return value|
|grp_fu_484_p_din1    |  out|   32|  ap_ctrl_hs|   fpn_conv3x3|  return value|
|grp_fu_484_p_dout0   |   in|   32|  ap_ctrl_hs|   fpn_conv3x3|  return value|
|grp_fu_484_p_ce      |  out|    1|  ap_ctrl_hs|   fpn_conv3x3|  return value|
|grp_fu_488_p_din0    |  out|   32|  ap_ctrl_hs|   fpn_conv3x3|  return value|
|grp_fu_488_p_dout0   |   in|   32|  ap_ctrl_hs|   fpn_conv3x3|  return value|
|grp_fu_488_p_ce      |  out|    1|  ap_ctrl_hs|   fpn_conv3x3|  return value|
|p5_Addr_A            |  out|   32|        bram|            p5|         array|
|p5_EN_A              |  out|    1|        bram|            p5|         array|
|p5_WEN_A             |  out|    4|        bram|            p5|         array|
|p5_Din_A             |  out|   32|        bram|            p5|         array|
|p5_Dout_A            |   in|   32|        bram|            p5|         array|
|w_conv_Addr_A        |  out|   32|        bram|        w_conv|         array|
|w_conv_EN_A          |  out|    1|        bram|        w_conv|         array|
|w_conv_WEN_A         |  out|    1|        bram|        w_conv|         array|
|w_conv_Din_A         |  out|    8|        bram|        w_conv|         array|
|w_conv_Dout_A        |   in|    8|        bram|        w_conv|         array|
|w_meta_Addr_A        |  out|   32|        bram|        w_meta|         array|
|w_meta_EN_A          |  out|    1|        bram|        w_meta|         array|
|w_meta_WEN_A         |  out|    4|        bram|        w_meta|         array|
|w_meta_Din_A         |  out|   32|        bram|        w_meta|         array|
|w_meta_Dout_A        |   in|   32|        bram|        w_meta|         array|
|lat4_address0        |  out|   15|   ap_memory|          lat4|         array|
|lat4_ce0             |  out|    1|   ap_memory|          lat4|         array|
|lat4_q0              |   in|   32|   ap_memory|          lat4|         array|
+---------------------+-----+-----+------------+--------------+--------------+

