

================================================================
== Vitis HLS Report for 'fpn_p4p5_top_Pipeline_C1P_HW_C1P_IC1'
================================================================
* Date:           Mon Jun  1 16:00:36 2026

* Version:        2022.2 (Build 3670227 on Oct 13 2022)
* Project:        fpn_192
* Solution:       solution1 (Vivado IP Flow Target)
* Product family: zynquplus
* Target device:  xczu9eg-ffvb1156-2-e


================================================================
== Performance Estimates
================================================================
+ Timing: 
    * Summary: 
    +--------+---------+----------+------------+
    |  Clock |  Target | Estimated| Uncertainty|
    +--------+---------+----------+------------+
    |ap_clk  |  5.00 ns|  3.397 ns|     1.35 ns|
    +--------+---------+----------+------------+

+ Latency: 
    * Summary: 
    +---------+---------+----------+----------+--------+--------+---------+
    |  Latency (cycles) |  Latency (absolute) |     Interval    | Pipeline|
    |   min   |   max   |    min   |    max   |   min  |   max  |   Type  |
    +---------+---------+----------+----------+--------+--------+---------+
    |   256016|   256016|  1.280 ms|  1.280 ms|  256016|  256016|       no|
    +---------+---------+----------+----------+--------+--------+---------+

    + Detail: 
        * Instance: 
        N/A

        * Loop: 
        +-----------------+---------+---------+----------+-----------+-----------+-------+----------+
        |                 |  Latency (cycles) | Iteration|  Initiation Interval  |  Trip |          |
        |    Loop Name    |   min   |   max   |  Latency |  achieved |   target  | Count | Pipelined|
        +-----------------+---------+---------+----------+-----------+-----------+-------+----------+
        |- C1P_HW_C1P_IC  |   256014|   256014|        20|          5|          1|  51200|       yes|
        +-----------------+---------+---------+----------+-----------+-----------+-------+----------+



================================================================
== Utilization Estimates
================================================================
* Summary: 
+-----------------+---------+------+--------+--------+-----+
|       Name      | BRAM_18K|  DSP |   FF   |   LUT  | URAM|
+-----------------+---------+------+--------+--------+-----+
|DSP              |        -|     1|       -|       -|    -|
|Expression       |        -|     -|       0|     189|    -|
|FIFO             |        -|     -|       -|       -|    -|
|Instance         |        -|     -|       -|       -|    -|
|Memory           |        -|     -|       -|       -|    -|
|Multiplexer      |        -|     -|       -|     121|    -|
|Register         |        -|     -|     417|      96|    -|
+-----------------+---------+------+--------+--------+-----+
|Total            |        0|     1|     417|     406|    0|
+-----------------+---------+------+--------+--------+-----+
|Available        |     1824|  2520|  548160|  274080|    0|
+-----------------+---------+------+--------+--------+-----+
|Utilization (%)  |        0|    ~0|      ~0|      ~0|    0|
+-----------------+---------+------+--------+--------+-----+

+ Detail: 
    * Instance: 
    N/A

    * DSP: 
    +-----------------------------------+-------------------------------+--------------+
    |              Instance             |             Module            |  Expression  |
    +-----------------------------------+-------------------------------+--------------+
    |mac_muladd_8ns_9ns_9ns_16_4_1_U14  |mac_muladd_8ns_9ns_9ns_16_4_1  |  i0 * i1 + i2|
    +-----------------------------------+-------------------------------+--------------+

    * Memory: 
    N/A

    * FIFO: 
    N/A

    * Expression: 
    +--------------------------+----------+----+---+----+------------+------------+
    |       Variable Name      | Operation| DSP| FF| LUT| Bitwidth P0| Bitwidth P1|
    +--------------------------+----------+----+---+----+------------+------------+
    |add_ln395_1_fu_270_p2     |         +|   0|  0|  16|           9|           1|
    |add_ln395_fu_191_p2       |         +|   0|  0|  23|          16|           1|
    |add_ln397_fu_245_p2       |         +|   0|  0|  15|           8|           1|
    |add_ln399_1_fu_234_p2     |         +|   0|  0|  25|          18|          18|
    |add_ln401_fu_322_p2       |         +|   0|  0|  24|          17|          17|
    |icmp_ln395_fu_185_p2      |      icmp|   0|  0|  13|          16|          15|
    |icmp_ln397_1_fu_251_p2    |      icmp|   0|  0|  11|           8|           9|
    |icmp_ln397_fu_200_p2      |      icmp|   0|  0|  11|           8|           9|
    |select_ln395_1_fu_307_p3  |    select|   0|  0|  32|           1|          32|
    |select_ln395_2_fu_276_p3  |    select|   0|  0|   9|           1|           9|
    |select_ln395_fu_206_p3    |    select|   0|  0|   8|           1|           1|
    |ap_enable_pp0             |       xor|   0|  0|   2|           1|           2|
    +--------------------------+----------+----+---+----+------------+------------+
    |Total                     |          |   0|  0| 189|         104|         115|
    +--------------------------+----------+----+---+----+------------+------------+

    * Multiplexer: 
    +----------------------------------------+----+-----------+-----+-----------+
    |                  Name                  | LUT| Input Size| Bits| Total Bits|
    +----------------------------------------+----+-----------+-----+-----------+
    |acc_fu_74                               |   9|          2|   32|         64|
    |ap_NS_fsm                               |  31|          6|    1|          6|
    |ap_done_int                             |   9|          2|    1|          2|
    |ap_enable_reg_pp0_iter0                 |   9|          2|    1|          2|
    |ap_enable_reg_pp0_iter1                 |   9|          2|    1|          2|
    |ap_sig_allocacmp_acc_load               |   9|          2|   32|         64|
    |ap_sig_allocacmp_ic_load                |   9|          2|    8|         16|
    |ap_sig_allocacmp_indvar_flatten10_load  |   9|          2|   16|         32|
    |hw_fu_82                                |   9|          2|    9|         18|
    |ic_fu_78                                |   9|          2|    8|         16|
    |indvar_flatten10_fu_86                  |   9|          2|   16|         32|
    +----------------------------------------+----+-----------+-----+-----------+
    |Total                                   | 121|         26|  125|        254|
    +----------------------------------------+----+-----------+-----+-----------+

    * Register: 
    +----------------------------------+----+----+-----+-----------+
    |               Name               | FF | LUT| Bits| Const Bits|
    +----------------------------------+----+----+-----+-----------+
    |acc_2_reg_453                     |  32|   0|   32|          0|
    |acc_fu_74                         |  32|   0|   32|          0|
    |ap_CS_fsm                         |   5|   0|    5|          0|
    |ap_done_reg                       |   1|   0|    1|          0|
    |ap_enable_reg_pp0_iter0_reg       |   1|   0|    1|          0|
    |ap_enable_reg_pp0_iter1           |   1|   0|    1|          0|
    |ap_enable_reg_pp0_iter2           |   1|   0|    1|          0|
    |ap_enable_reg_pp0_iter3           |   1|   0|    1|          0|
    |ap_loop_exit_ready_pp0_iter1_reg  |   1|   0|    1|          0|
    |ap_loop_exit_ready_pp0_iter2_reg  |   1|   0|    1|          0|
    |c3_load_reg_428                   |  32|   0|   32|          0|
    |conv_i1_reg_433                   |  32|   0|   32|          0|
    |hw_fu_82                          |   9|   0|    9|          0|
    |ic_fu_78                          |   8|   0|    8|          0|
    |icmp_ln395_reg_379                |   1|   0|    1|          0|
    |icmp_ln397_1_reg_399              |   1|   0|    1|          0|
    |icmp_ln397_reg_383                |   1|   0|    1|          0|
    |indvar_flatten10_fu_86            |  16|   0|   16|          0|
    |mul17_i1_reg_443                  |  32|   0|   32|          0|
    |select_ln395_2_reg_408            |   9|   0|    9|          0|
    |w_conv_load_reg_403               |   8|   0|    8|          0|
    |icmp_ln397_1_reg_399              |  64|  32|    1|          0|
    |icmp_ln397_reg_383                |  64|  32|    1|          0|
    |select_ln395_2_reg_408            |  64|  32|    9|          0|
    +----------------------------------+----+----+-----+-----------+
    |Total                             | 417|  96|  236|          0|
    +----------------------------------+----+----+-----+-----------+



================================================================
== Interface
================================================================
* Summary: 
+---------------------+-----+-----+------------+--------------------------------------+--------------+
|      RTL Ports      | Dir | Bits|  Protocol  |             Source Object            |    C Type    |
+---------------------+-----+-----+------------+--------------------------------------+--------------+
|ap_clk               |   in|    1|  ap_ctrl_hs|  fpn_p4p5_top_Pipeline_C1P_HW_C1P_IC1|  return value|
|ap_rst               |   in|    1|  ap_ctrl_hs|  fpn_p4p5_top_Pipeline_C1P_HW_C1P_IC1|  return value|
|ap_start             |   in|    1|  ap_ctrl_hs|  fpn_p4p5_top_Pipeline_C1P_HW_C1P_IC1|  return value|
|ap_done              |  out|    1|  ap_ctrl_hs|  fpn_p4p5_top_Pipeline_C1P_HW_C1P_IC1|  return value|
|ap_idle              |  out|    1|  ap_ctrl_hs|  fpn_p4p5_top_Pipeline_C1P_HW_C1P_IC1|  return value|
|ap_ready             |  out|    1|  ap_ctrl_hs|  fpn_p4p5_top_Pipeline_C1P_HW_C1P_IC1|  return value|
|grp_fu_480_p_din0    |  out|   32|  ap_ctrl_hs|  fpn_p4p5_top_Pipeline_C1P_HW_C1P_IC1|  return value|
|grp_fu_480_p_din1    |  out|   32|  ap_ctrl_hs|  fpn_p4p5_top_Pipeline_C1P_HW_C1P_IC1|  return value|
|grp_fu_480_p_opcode  |  out|    2|  ap_ctrl_hs|  fpn_p4p5_top_Pipeline_C1P_HW_C1P_IC1|  return value|
|grp_fu_480_p_dout0   |   in|   32|  ap_ctrl_hs|  fpn_p4p5_top_Pipeline_C1P_HW_C1P_IC1|  return value|
|grp_fu_480_p_ce      |  out|    1|  ap_ctrl_hs|  fpn_p4p5_top_Pipeline_C1P_HW_C1P_IC1|  return value|
|grp_fu_484_p_din0    |  out|   32|  ap_ctrl_hs|  fpn_p4p5_top_Pipeline_C1P_HW_C1P_IC1|  return value|
|grp_fu_484_p_din1    |  out|   32|  ap_ctrl_hs|  fpn_p4p5_top_Pipeline_C1P_HW_C1P_IC1|  return value|
|grp_fu_484_p_dout0   |   in|   32|  ap_ctrl_hs|  fpn_p4p5_top_Pipeline_C1P_HW_C1P_IC1|  return value|
|grp_fu_484_p_ce      |  out|    1|  ap_ctrl_hs|  fpn_p4p5_top_Pipeline_C1P_HW_C1P_IC1|  return value|
|grp_fu_488_p_din0    |  out|   32|  ap_ctrl_hs|  fpn_p4p5_top_Pipeline_C1P_HW_C1P_IC1|  return value|
|grp_fu_488_p_dout0   |   in|   32|  ap_ctrl_hs|  fpn_p4p5_top_Pipeline_C1P_HW_C1P_IC1|  return value|
|grp_fu_488_p_ce      |  out|    1|  ap_ctrl_hs|  fpn_p4p5_top_Pipeline_C1P_HW_C1P_IC1|  return value|
|acc_1                |   in|   32|     ap_none|                                 acc_1|        scalar|
|c3_Addr_A            |  out|   32|        bram|                                    c3|         array|
|c3_EN_A              |  out|    1|        bram|                                    c3|         array|
|c3_WEN_A             |  out|    4|        bram|                                    c3|         array|
|c3_Din_A             |  out|   32|        bram|                                    c3|         array|
|c3_Dout_A            |   in|   32|        bram|                                    c3|         array|
|p_cast18             |   in|   15|     ap_none|                              p_cast18|        scalar|
|w_conv_Addr_A        |  out|   32|        bram|                                w_conv|         array|
|w_conv_EN_A          |  out|    1|        bram|                                w_conv|         array|
|w_conv_WEN_A         |  out|    1|        bram|                                w_conv|         array|
|w_conv_Din_A         |  out|    8|        bram|                                w_conv|         array|
|w_conv_Dout_A        |   in|    8|        bram|                                w_conv|         array|
|phi_mul141           |   in|   17|     ap_none|                            phi_mul141|        scalar|
|lat3_address0        |  out|   17|   ap_memory|                                  lat3|         array|
|lat3_ce0             |  out|    1|   ap_memory|                                  lat3|         array|
|lat3_we0             |  out|    1|   ap_memory|                                  lat3|         array|
|lat3_d0              |  out|   32|   ap_memory|                                  lat3|         array|
+---------------------+-----+-----+------------+--------------------------------------+--------------+

