

================================================================
== Vitis HLS Report for 'fpn_conv3x3_Pipeline_FPN3_IC_FPN3_KH_FPN3_KW'
================================================================
* Date:           Mon Jun  1 16:00:37 2026

* Version:        2022.2 (Build 3670227 on Oct 13 2022)
* Project:        fpn_192
* Solution:       solution1 (Vivado IP Flow Target)
* Product family: zynquplus
* Target device:  xczu9eg-ffvb1156-2-e


================================================================
== Performance Estimates
================================================================
+ Timing: 
    * Summary: 
    +--------+---------+----------+------------+
    |  Clock |  Target | Estimated| Uncertainty|
    +--------+---------+----------+------------+
    |ap_clk  |  5.00 ns|  3.824 ns|     1.35 ns|
    +--------+---------+----------+------------+

+ Latency: 
    * Summary: 
    +---------+---------+-----------+-----------+------+------+---------+
    |  Latency (cycles) |   Latency (absolute)  |   Interval  | Pipeline|
    |   min   |   max   |    min    |    max    |  min |  max |   Type  |
    +---------+---------+-----------+-----------+------+------+---------+
    |     8656|     8656|  43.280 us|  43.280 us|  8656|  8656|       no|
    +---------+---------+-----------+-----------+------+------+---------+

    + Detail: 
        * Instance: 
        N/A

        * Loop: 
        +---------------------------+---------+---------+----------+-----------+-----------+------+----------+
        |                           |  Latency (cycles) | Iteration|  Initiation Interval  | Trip |          |
        |         Loop Name         |   min   |   max   |  Latency |  achieved |   target  | Count| Pipelined|
        +---------------------------+---------+---------+----------+-----------+-----------+------+----------+
        |- FPN3_IC_FPN3_KH_FPN3_KW  |     8654|     8654|        20|          5|          1|  1728|       yes|
        +---------------------------+---------+---------+----------+-----------+-----------+------+----------+



================================================================
== Utilization Estimates
================================================================
* Summary: 
+-----------------+---------+------+--------+--------+-----+
|       Name      | BRAM_18K|  DSP |   FF   |   LUT  | URAM|
+-----------------+---------+------+--------+--------+-----+
|DSP              |        -|     1|       -|       -|    -|
|Expression       |        -|     -|       0|     550|    -|
|FIFO             |        -|     -|       -|       -|    -|
|Instance         |        -|     -|       -|       -|    -|
|Memory           |        -|     -|       -|       -|    -|
|Multiplexer      |        -|     -|       -|     166|    -|
|Register         |        -|     -|     405|      64|    -|
+-----------------+---------+------+--------+--------+-----+
|Total            |        0|     1|     405|     780|    0|
+-----------------+---------+------+--------+--------+-----+
|Available        |     1824|  2520|  548160|  274080|    0|
+-----------------+---------+------+--------+--------+-----+
|Utilization (%)  |        0|    ~0|      ~0|      ~0|    0|
+-----------------+---------+------+--------+--------+-----+

+ Detail: 
    * Instance: 
    N/A

    * DSP: 
    +----------------------------------+------------------------------+--------------+
    |             Instance             |            Module            |  Expression  |
    +----------------------------------+------------------------------+--------------+
    |mac_muladd_8ns_7ns_5s_15_4_1_U50  |mac_muladd_8ns_7ns_5s_15_4_1  |  i0 * i1 + i2|
    +----------------------------------+------------------------------+--------------+

    * Memory: 
    N/A

    * FIFO: 
    N/A

    * Expression: 
    +--------------------------+----------+----+---+----+------------+------------+
    |       Variable Name      | Operation| DSP| FF| LUT| Bitwidth P0| Bitwidth P1|
    +--------------------------+----------+----+---+----+------------+------------+
    |add_ln428_1_fu_325_p2     |         +|   0|  0|  15|           8|           1|
    |add_ln428_fu_299_p2       |         +|   0|  0|  18|          11|           1|
    |add_ln429_1_fu_407_p2     |         +|   0|  0|  12|           4|           1|
    |add_ln429_fu_371_p2       |         +|   0|  0|   9|           2|           1|
    |add_ln430_fu_536_p2       |         +|   0|  0|   9|           2|           1|
    |add_ln433_1_fu_642_p2     |         +|   0|  0|  12|           5|           5|
    |add_ln433_fu_633_p2       |         +|   0|  0|   9|           2|           2|
    |add_ln435_1_fu_687_p2     |         +|   0|  0|  15|           8|           8|
    |add_ln435_2_fu_717_p2     |         +|   0|  0|  15|           8|           8|
    |add_ln435_fu_734_p2       |         +|   0|  0|  22|          15|          15|
    |add_ln436_1_fu_467_p2     |         +|   0|  0|  27|          20|          20|
    |add_ln436_2_fu_525_p2     |         +|   0|  0|  27|          20|          20|
    |add_ln436_3_fu_515_p2     |         +|   0|  0|  25|          18|          18|
    |add_ln436_fu_451_p2       |         +|   0|  0|  27|          20|          20|
    |empty_29_fu_550_p2        |         +|   0|  0|  12|           4|           4|
    |empty_30_fu_559_p2        |         +|   0|  0|  12|           5|           2|
    |empty_fu_265_p2           |         +|   0|  0|  24|          17|          17|
    |p_mid121_fu_347_p2        |         +|   0|  0|  24|          17|          17|
    |p_mid14_fu_601_p2         |         +|   0|  0|  12|           5|           2|
    |p_mid1_fu_592_p2          |         +|   0|  0|  12|           4|           4|
    |empty_31_fu_287_p2        |         -|   0|  0|  12|           5|           5|
    |p_mid16_fu_393_p2         |         -|   0|  0|  12|           5|           5|
    |and_ln428_fu_365_p2       |       and|   0|  0|   2|           1|           1|
    |and_ln434_1_fu_657_p2     |       and|   0|  0|   2|           1|           1|
    |and_ln434_fu_663_p2       |       and|   0|  0|   2|           1|           1|
    |icmp_ln428_fu_293_p2      |      icmp|   0|  0|  11|          11|          10|
    |icmp_ln429_fu_311_p2      |      icmp|   0|  0|   9|           4|           4|
    |icmp_ln430_fu_359_p2      |      icmp|   0|  0|   8|           2|           2|
    |icmp_ln434_fu_651_p2      |      icmp|   0|  0|   9|           5|           4|
    |notlhs_fu_565_p2          |      icmp|   0|  0|   9|           4|           1|
    |notlhs_mid1_fu_607_p2     |      icmp|   0|  0|   9|           4|           1|
    |notrhs_fu_571_p2          |      icmp|   0|  0|   9|           5|           4|
    |notrhs_mid1_fu_620_p2     |      icmp|   0|  0|   9|           5|           4|
    |or_ln429_fu_486_p2        |        or|   0|  0|   2|           1|           1|
    |acc_fu_752_p3             |    select|   0|  0|  32|           1|          32|
    |select_ln428_1_fu_335_p3  |    select|   0|  0|   8|           1|           8|
    |select_ln428_2_fu_473_p3  |    select|   0|  0|  19|           1|          20|
    |select_ln428_3_fu_480_p3  |    select|   0|  0|   5|           1|           1|
    |select_ln428_4_fu_577_p3  |    select|   0|  0|   2|           1|           1|
    |select_ln428_5_fu_583_p3  |    select|   0|  0|   2|           1|           1|
    |select_ln428_6_fu_693_p3  |    select|   0|  0|   8|           1|           8|
    |select_ln428_fu_317_p3    |    select|   0|  0|   2|           1|           1|
    |select_ln429_1_fu_497_p3  |    select|   0|  0|   5|           1|           5|
    |select_ln429_2_fu_613_p3  |    select|   0|  0|   2|           1|           1|
    |select_ln429_3_fu_626_p3  |    select|   0|  0|   2|           1|           1|
    |select_ln429_4_fu_723_p3  |    select|   0|  0|   8|           1|           8|
    |select_ln429_5_fu_399_p3  |    select|   0|  0|   2|           1|           2|
    |select_ln429_6_fu_413_p3  |    select|   0|  0|   4|           1|           1|
    |select_ln429_fu_490_p3    |    select|   0|  0|   2|           1|           1|
    |ap_enable_pp0             |       xor|   0|  0|   2|           1|           2|
    |xor_ln428_fu_353_p2       |       xor|   0|  0|   2|           1|           2|
    +--------------------------+----------+----+---+----+------------+------------+
    |Total                     |          |   0|  0| 550|         266|         306|
    +--------------------------+----------+----+---+----+------------+------------+

    * Multiplexer: 
    +----------------------------------------+----+-----------+-----+-----------+
    |                  Name                  | LUT| Input Size| Bits| Total Bits|
    +----------------------------------------+----+-----------+-----+-----------+
    |acc_4_fu_114                            |   9|          2|   32|         64|
    |ap_NS_fsm                               |  31|          6|    1|          6|
    |ap_done_int                             |   9|          2|    1|          2|
    |ap_enable_reg_pp0_iter0                 |   9|          2|    1|          2|
    |ap_enable_reg_pp0_iter1                 |   9|          2|    1|          2|
    |ap_sig_allocacmp_acc_4_load_1           |   9|          2|   32|         64|
    |ap_sig_allocacmp_ic_1                   |   9|          2|    8|         16|
    |ap_sig_allocacmp_indvar_flatten61_load  |   9|          2|   11|         22|
    |ap_sig_allocacmp_indvar_flatten_load    |   9|          2|    4|          8|
    |ap_sig_allocacmp_kh_1                   |   9|          2|    2|          4|
    |ap_sig_allocacmp_kw_load                |   9|          2|    2|          4|
    |ic_fu_130                               |   9|          2|    8|         16|
    |indvar_flatten61_fu_134                 |   9|          2|   11|         22|
    |indvar_flatten_fu_126                   |   9|          2|    4|          8|
    |kh_fu_122                               |   9|          2|    2|          4|
    |kw_fu_118                               |   9|          2|    2|          4|
    +----------------------------------------+----+-----------+-----+-----------+
    |Total                                   | 166|         36|  122|        248|
    +----------------------------------------+----+-----------+-----+-----------+

    * Register: 
    +----------------------------------+----+----+-----+-----------+
    |               Name               | FF | LUT| Bits| Const Bits|
    +----------------------------------+----+----+-----+-----------+
    |acc_4_fu_114                      |  32|   0|   32|          0|
    |acc_4_load_1_reg_972              |  32|   0|   32|          0|
    |add_ln429_reg_900                 |   2|   0|    2|          0|
    |and_ln428_reg_891                 |   1|   0|    1|          0|
    |and_ln434_reg_937                 |   1|   0|    1|          0|
    |ap_CS_fsm                         |   5|   0|    5|          0|
    |ap_done_reg                       |   1|   0|    1|          0|
    |ap_enable_reg_pp0_iter0_reg       |   1|   0|    1|          0|
    |ap_enable_reg_pp0_iter1           |   1|   0|    1|          0|
    |ap_enable_reg_pp0_iter2           |   1|   0|    1|          0|
    |ap_enable_reg_pp0_iter3           |   1|   0|    1|          0|
    |ap_loop_exit_ready_pp0_iter1_reg  |   1|   0|    1|          0|
    |ap_loop_exit_ready_pp0_iter2_reg  |   1|   0|    1|          0|
    |conv_reg_962                      |  32|   0|   32|          0|
    |empty_30_reg_920                  |   5|   0|    5|          0|
    |empty_31_reg_856                  |   5|   0|    5|          0|
    |empty_reg_850                     |  17|   0|   17|          0|
    |ic_fu_130                         |   8|   0|    8|          0|
    |icmp_ln428_reg_861                |   1|   0|    1|          0|
    |icmp_ln429_reg_870                |   1|   0|    1|          0|
    |indvar_flatten61_fu_134           |  11|   0|   11|          0|
    |indvar_flatten_fu_126             |   4|   0|    4|          0|
    |kh_1_reg_845                      |   2|   0|    2|          0|
    |kh_fu_122                         |   2|   0|    2|          0|
    |kw_fu_118                         |   2|   0|    2|          0|
    |kw_load_reg_865                   |   2|   0|    2|          0|
    |lat4_load_reg_957                 |  32|   0|   32|          0|
    |mul_reg_967                       |  32|   0|   32|          0|
    |p_mid121_reg_885                  |  17|   0|   17|          0|
    |p_mid14_reg_926                   |   5|   0|    5|          0|
    |p_mid16_reg_905                   |   5|   0|    5|          0|
    |select_ln429_reg_910              |   2|   0|    2|          0|
    |w_conv_load_reg_942               |   8|   0|    8|          0|
    |zext_ln426_cast_reg_840           |   4|   0|    5|          1|
    |and_ln434_reg_937                 |  64|  32|    1|          0|
    |icmp_ln428_reg_861                |  64|  32|    1|          0|
    +----------------------------------+----+----+-----+-----------+
    |Total                             | 405|  64|  280|          1|
    +----------------------------------+----+----+-----+-----------+



================================================================
== Interface
================================================================
* Summary: 
+---------------------+-----+-----+------------+----------------------------------------------+--------------+
|      RTL Ports      | Dir | Bits|  Protocol  |                 Source Object                |    C Type    |
+---------------------+-----+-----+------------+----------------------------------------------+--------------+
|ap_clk               |   in|    1|  ap_ctrl_hs|  fpn_conv3x3_Pipeline_FPN3_IC_FPN3_KH_FPN3_KW|  return value|
|ap_rst               |   in|    1|  ap_ctrl_hs|  fpn_conv3x3_Pipeline_FPN3_IC_FPN3_KH_FPN3_KW|  return value|
|ap_start             |   in|    1|  ap_ctrl_hs|  fpn_conv3x3_Pipeline_FPN3_IC_FPN3_KH_FPN3_KW|  return value|
|ap_done              |  out|    1|  ap_ctrl_hs|  fpn_conv3x3_Pipeline_FPN3_IC_FPN3_KH_FPN3_KW|  return value|
|ap_idle              |  out|    1|  ap_ctrl_hs|  fpn_conv3x3_Pipeline_FPN3_IC_FPN3_KH_FPN3_KW|  return value|
|ap_ready             |  out|    1|  ap_ctrl_hs|  fpn_conv3x3_Pipeline_FPN3_IC_FPN3_KH_FPN3_KW|  return value|
|grp_fu_811_p_din0    |  out|   32|  ap_ctrl_hs|  fpn_conv3x3_Pipeline_FPN3_IC_FPN3_KH_FPN3_KW|  return value|
|grp_fu_811_p_din1    |  out|   32|  ap_ctrl_hs|  fpn_conv3x3_Pipeline_FPN3_IC_FPN3_KH_FPN3_KW|  return value|
|grp_fu_811_p_opcode  |  out|    2|  ap_ctrl_hs|  fpn_conv3x3_Pipeline_FPN3_IC_FPN3_KH_FPN3_KW|  return value|
|grp_fu_811_p_dout0   |   in|   32|  ap_ctrl_hs|  fpn_conv3x3_Pipeline_FPN3_IC_FPN3_KH_FPN3_KW|  return value|
|grp_fu_811_p_ce      |  out|    1|  ap_ctrl_hs|  fpn_conv3x3_Pipeline_FPN3_IC_FPN3_KH_FPN3_KW|  return value|
|grp_fu_815_p_din0    |  out|   32|  ap_ctrl_hs|  fpn_conv3x3_Pipeline_FPN3_IC_FPN3_KH_FPN3_KW|  return value|
|grp_fu_815_p_din1    |  out|   32|  ap_ctrl_hs|  fpn_conv3x3_Pipeline_FPN3_IC_FPN3_KH_FPN3_KW|  return value|
|grp_fu_815_p_dout0   |   in|   32|  ap_ctrl_hs|  fpn_conv3x3_Pipeline_FPN3_IC_FPN3_KH_FPN3_KW|  return value|
|grp_fu_815_p_ce      |  out|    1|  ap_ctrl_hs|  fpn_conv3x3_Pipeline_FPN3_IC_FPN3_KH_FPN3_KW|  return value|
|grp_fu_819_p_din0    |  out|   32|  ap_ctrl_hs|  fpn_conv3x3_Pipeline_FPN3_IC_FPN3_KH_FPN3_KW|  return value|
|grp_fu_819_p_dout0   |   in|   32|  ap_ctrl_hs|  fpn_conv3x3_Pipeline_FPN3_IC_FPN3_KH_FPN3_KW|  return value|
|grp_fu_819_p_ce      |  out|    1|  ap_ctrl_hs|  fpn_conv3x3_Pipeline_FPN3_IC_FPN3_KH_FPN3_KW|  return value|
|select_ln424_6       |   in|   17|     ap_none|                                select_ln424_6|        scalar|
|select_ln425_5       |   in|    4|     ap_none|                                select_ln425_5|        scalar|
|notlhs_mid151        |   in|    1|     ap_none|                                 notlhs_mid151|        scalar|
|notrhs_mid153        |   in|    1|     ap_none|                                 notrhs_mid153|        scalar|
|add_ln435_5          |   in|    8|     ap_none|                                   add_ln435_5|        scalar|
|zext_ln426           |   in|    4|     ap_none|                                    zext_ln426|        scalar|
|w_conv_Addr_A        |  out|   32|        bram|                                        w_conv|         array|
|w_conv_EN_A          |  out|    1|        bram|                                        w_conv|         array|
|w_conv_WEN_A         |  out|    1|        bram|                                        w_conv|         array|
|w_conv_Din_A         |  out|    8|        bram|                                        w_conv|         array|
|w_conv_Dout_A        |   in|    8|        bram|                                        w_conv|         array|
|acc_8_out            |  out|   32|      ap_vld|                                     acc_8_out|       pointer|
|acc_8_out_ap_vld     |  out|    1|      ap_vld|                                     acc_8_out|       pointer|
|lat4_address0        |  out|   15|   ap_memory|                                          lat4|         array|
|lat4_ce0             |  out|    1|   ap_memory|                                          lat4|         array|
|lat4_q0              |   in|   32|   ap_memory|                                          lat4|         array|
+---------------------+-----+-----+------------+----------------------------------------------+--------------+

