

================================================================
== Vitis HLS Report for 'fpn_p4p5_top'
================================================================
* Date:           Mon Jun  1 16:00:38 2026

* Version:        2022.2 (Build 3670227 on Oct 13 2022)
* Project:        fpn_192
* Solution:       solution1 (Vivado IP Flow Target)
* Product family: zynquplus
* Target device:  xczu9eg-ffvb1156-2-e


================================================================
== Performance Estimates
================================================================
+ Timing: 
    * Summary: 
    +--------+---------+----------+------------+
    |  Clock |  Target | Estimated| Uncertainty|
    +--------+---------+----------+------------+
    |ap_clk  |  5.00 ns|  3.824 ns|     1.35 ns|
    +--------+---------+----------+------------+

+ Latency: 
    * Summary: 
    +-----------+-----------+-----------+-----------+-----------+-----------+---------+
    |    Latency (cycles)   |   Latency (absolute)  |        Interval       | Pipeline|
    |    min    |    max    |    min    |    max    |    min    |    max    |   Type  |
    +-----------+-----------+-----------+-----------+-----------+-----------+---------+
    |  942765922|  942765922|  4.714 sec|  4.714 sec|  942765923|  942765923|       no|
    +-----------+-----------+-----------+-----------+-----------+-----------+---------+

    + Detail: 
        * Instance: 
        +-------------------------------------------------+--------------------------------------+-----------+-----------+-----------+-----------+-----------+-----------+---------+
        |                                                 |                                      |    Latency (cycles)   |   Latency (absolute)  |        Interval       | Pipeline|
        |                     Instance                    |                Module                |    min    |    max    |    min    |    max    |    min    |    max    |   Type  |
        +-------------------------------------------------+--------------------------------------+-----------+-----------+-----------+-----------+-----------+-----------+---------+
        |grp_fpn_p4p5_top_Pipeline_C1P_HW_C1P_IC_fu_147   |fpn_p4p5_top_Pipeline_C1P_HW_C1P_IC   |     320017|     320017|   1.600 ms|   1.600 ms|     320017|     320017|       no|
        |grp_fpn_p4p5_top_Pipeline_UP_C_UP_H_UP_W_fu_161  |fpn_p4p5_top_Pipeline_UP_C_UP_H_UP_W  |      38425|      38425|   0.192 ms|   0.192 ms|      38425|      38425|       no|
        |grp_fpn_p4p5_top_Pipeline_C1P_HW_C1P_IC1_fu_173  |fpn_p4p5_top_Pipeline_C1P_HW_C1P_IC1  |     256016|     256016|   1.280 ms|   1.280 ms|     256016|     256016|       no|
        |grp_fpn_p4p5_top_Pipeline_EAI_fu_186             |fpn_p4p5_top_Pipeline_EAI             |      76811|      76811|   0.384 ms|   0.384 ms|      76811|      76811|       no|
        |grp_fpn_conv3x3_fu_198                           |fpn_conv3x3                           |  166425601|  166425601|  0.832 sec|  0.832 sec|  166425601|  166425601|       no|
        |grp_fpn_conv3x3_1_fu_210                         |fpn_conv3x3_1                         |  665702401|  665702401|  3.329 sec|  3.329 sec|  665702401|  665702401|       no|
        |grp_fpn_p4p5_top_Pipeline_MP_C_MP_H_MP_W_fu_222  |fpn_p4p5_top_Pipeline_MP_C_MP_H_MP_W  |       4803|       4803|  24.015 us|  24.015 us|       4803|       4803|       no|
        +-------------------------------------------------+--------------------------------------+-----------+-----------+-----------+-----------+-----------+-----------+---------+

        * Loop: 
        +----------+----------+----------+----------+-----------+-----------+------+----------+
        |          |   Latency (cycles)  | Iteration|  Initiation Interval  | Trip |          |
        | Loop Name|    min   |    max   |  Latency |  achieved |   target  | Count| Pipelined|
        +----------+----------+----------+----------+-----------+-----------+------+----------+
        |- C1P_OC  |  61443840|  61443840|    320020|          -|          -|   192|        no|
        |- C1P_OC  |  49155648|  49155648|    256019|          -|          -|   192|        no|
        +----------+----------+----------+----------+-----------+-----------+------+----------+



================================================================
== Utilization Estimates
================================================================
* Summary: 
+-----------------+---------+------+--------+--------+-----+
|       Name      | BRAM_18K|  DSP |   FF   |   LUT  | URAM|
+-----------------+---------+------+--------+--------+-----+
|DSP              |        -|     -|       -|       -|    -|
|Expression       |        -|     -|       0|     120|    -|
|FIFO             |        -|     -|       -|       -|    -|
|Instance         |        -|    16|    7274|    9063|    -|
|Memory           |      328|     -|       0|       0|    -|
|Multiplexer      |        -|     -|       -|     779|    -|
|Register         |        -|     -|     203|       -|    -|
+-----------------+---------+------+--------+--------+-----+
|Total            |      328|    16|    7477|    9962|    0|
+-----------------+---------+------+--------+--------+-----+
|Available        |     1824|  2520|  548160|  274080|    0|
+-----------------+---------+------+--------+--------+-----+
|Utilization (%)  |       17|    ~0|       1|       3|    0|
+-----------------+---------+------+--------+--------+-----+

+ Detail: 
    * Instance: 
    +-------------------------------------------------+--------------------------------------+---------+----+------+------+-----+
    |                     Instance                    |                Module                | BRAM_18K| DSP|  FF  |  LUT | URAM|
    +-------------------------------------------------+--------------------------------------+---------+----+------+------+-----+
    |fadd_32ns_32ns_32_6_no_dsp_1_U93                 |fadd_32ns_32ns_32_6_no_dsp_1          |        0|   0|   278|   411|    0|
    |fadd_32ns_32ns_32_8_full_dsp_1_U96               |fadd_32ns_32ns_32_8_full_dsp_1        |        0|   2|   296|   239|    0|
    |fmul_32ns_32ns_32_5_max_dsp_1_U94                |fmul_32ns_32ns_32_5_max_dsp_1         |        0|   3|   151|   145|    0|
    |grp_fpn_conv3x3_fu_198                           |fpn_conv3x3                           |        0|   1|   630|  1436|    0|
    |grp_fpn_conv3x3_1_fu_210                         |fpn_conv3x3_1                         |        0|   1|   653|  1518|    0|
    |grp_fpn_p4p5_top_Pipeline_C1P_HW_C1P_IC_fu_147   |fpn_p4p5_top_Pipeline_C1P_HW_C1P_IC   |        0|   1|   498|   493|    0|
    |grp_fpn_p4p5_top_Pipeline_C1P_HW_C1P_IC1_fu_173  |fpn_p4p5_top_Pipeline_C1P_HW_C1P_IC1  |        0|   1|   417|   406|    0|
    |grp_fpn_p4p5_top_Pipeline_EAI_fu_186             |fpn_p4p5_top_Pipeline_EAI             |        0|   2|   563|   472|    0|
    |grp_fpn_p4p5_top_Pipeline_MP_C_MP_H_MP_W_fu_222  |fpn_p4p5_top_Pipeline_MP_C_MP_H_MP_W  |        0|   0|   110|   625|    0|
    |grp_fpn_p4p5_top_Pipeline_UP_C_UP_H_UP_W_fu_161  |fpn_p4p5_top_Pipeline_UP_C_UP_H_UP_W  |        0|   5|  3678|  3318|    0|
    |sitofp_32s_32_6_no_dsp_1_U95                     |sitofp_32s_32_6_no_dsp_1              |        0|   0|     0|     0|    0|
    +-------------------------------------------------+--------------------------------------+---------+----+------+------+-----+
    |Total                                            |                                      |        0|  16|  7274|  9063|    0|
    +-------------------------------------------------+--------------------------------------+---------+----+------+------+-----+

    * DSP: 
    N/A

    * Memory: 
    +------------------------------------------------------------------------------+----------------------------------------------------------------------------------+---------+---+----+-----+-------+-----+------+-------------+
    |                                    Memory                                    |                                      Module                                      | BRAM_18K| FF| LUT| URAM| Words | Bits| Banks| W*Bits*Banks|
    +------------------------------------------------------------------------------+----------------------------------------------------------------------------------+---------+---+----+-----+-------+-----+------+-------------+
    |fpn_p4p5_top_float_const_float_const_signed_char_const_float_const_float_2_U  |fpn_p4p5_top_float_const_float_const_signed_char_const_float_const_float_2_RAbkb  |       50|  0|   0|    0|  25600|   32|     1|       819200|
    |fpn_p4p5_top_float_const_float_const_signed_char_const_float_const_float_1_U  |fpn_p4p5_top_float_const_float_const_signed_char_const_float_const_float_2_RAbkb  |       50|  0|   0|    0|  25600|   32|     1|       819200|
    |fpn_p4p5_top_float_const_float_const_signed_char_const_float_const_float_U    |fpn_p4p5_top_float_const_float_const_signed_char_const_float_const_float_2_RAbkb  |       50|  0|   0|    0|  25600|   32|     1|       819200|
    |lat3_U                                                                        |lat3_RAM_T2P_BRAM_1R1W                                                            |      140|  0|   0|    0|  76800|   32|     1|      2457600|
    |lat4_U                                                                        |lat4_RAM_T2P_BRAM_1R1W                                                            |       38|  0|   0|    0|  19200|   32|     1|       614400|
    +------------------------------------------------------------------------------+----------------------------------------------------------------------------------+---------+---+----+-----+-------+-----+------+-------------+
    |Total                                                                         |                                                                                  |      328|  0|   0|    0| 172800|  160|     5|      5529600|
    +------------------------------------------------------------------------------+----------------------------------------------------------------------------------+---------+---+----+-----+-------+-----+------+-------------+

    * FIFO: 
    N/A

    * Expression: 
    +----------------------------------+----------+----+---+----+------------+------------+
    |           Variable Name          | Operation| DSP| FF| LUT| Bitwidth P0| Bitwidth P1|
    +----------------------------------+----------+----+---+----+------------+------------+
    |add_ln394_1_fu_328_p2             |         +|   0|  0|  15|           8|           1|
    |add_ln394_2_fu_246_p2             |         +|   0|  0|  22|          15|           7|
    |add_ln394_3_fu_316_p2             |         +|   0|  0|  24|          17|           9|
    |add_ln394_fu_258_p2               |         +|   0|  0|  15|           8|           1|
    |empty_28_fu_346_p2                |         +|   0|  0|  18|          11|          10|
    |icmp_ln394_1_fu_322_p2            |      icmp|   0|  0|  11|           8|           8|
    |icmp_ln394_fu_252_p2              |      icmp|   0|  0|  11|           8|           8|
    |ap_block_state10_on_subcall_done  |        or|   0|  0|   2|           1|           1|
    |ap_block_state12_on_subcall_done  |        or|   0|  0|   2|           1|           1|
    +----------------------------------+----------+----+---+----+------------+------------+
    |Total                             |          |   0|  0| 120|          77|          46|
    +----------------------------------+----------+----+---+----+------------+------------+

    * Multiplexer: 
    +-------------------------------------------------------------------------------------+----+-----------+-----+-----------+
    |                                         Name                                        | LUT| Input Size| Bits| Total Bits|
    +-------------------------------------------------------------------------------------+----+-----------+-----+-----------+
    |ap_NS_fsm                                                                            |  65|         13|    1|         13|
    |fpn_p4p5_top_float_const_float_const_signed_char_const_float_const_float_1_address0  |  14|          3|   15|         45|
    |fpn_p4p5_top_float_const_float_const_signed_char_const_float_const_float_1_ce0       |  14|          3|    1|          3|
    |fpn_p4p5_top_float_const_float_const_signed_char_const_float_const_float_1_ce1       |   9|          2|    1|          2|
    |fpn_p4p5_top_float_const_float_const_signed_char_const_float_const_float_1_we0       |   9|          2|    1|          2|
    |fpn_p4p5_top_float_const_float_const_signed_char_const_float_const_float_1_we1       |   9|          2|    1|          2|
    |fpn_p4p5_top_float_const_float_const_signed_char_const_float_const_float_2_address0  |  14|          3|   15|         45|
    |fpn_p4p5_top_float_const_float_const_signed_char_const_float_const_float_2_ce0       |  14|          3|    1|          3|
    |fpn_p4p5_top_float_const_float_const_signed_char_const_float_const_float_2_ce1       |   9|          2|    1|          2|
    |fpn_p4p5_top_float_const_float_const_signed_char_const_float_const_float_2_we0       |   9|          2|    1|          2|
    |fpn_p4p5_top_float_const_float_const_signed_char_const_float_const_float_2_we1       |   9|          2|    1|          2|
    |fpn_p4p5_top_float_const_float_const_signed_char_const_float_const_float_address0    |  14|          3|   15|         45|
    |fpn_p4p5_top_float_const_float_const_signed_char_const_float_const_float_ce0         |  14|          3|    1|          3|
    |fpn_p4p5_top_float_const_float_const_signed_char_const_float_const_float_ce1         |   9|          2|    1|          2|
    |fpn_p4p5_top_float_const_float_const_signed_char_const_float_const_float_we0         |   9|          2|    1|          2|
    |fpn_p4p5_top_float_const_float_const_signed_char_const_float_const_float_we1         |   9|          2|    1|          2|
    |grp_fu_480_ce                                                                        |  26|          5|    1|          5|
    |grp_fu_480_p0                                                                        |  26|          5|   32|        160|
    |grp_fu_480_p1                                                                        |  26|          5|   32|        160|
    |grp_fu_484_ce                                                                        |  26|          5|    1|          5|
    |grp_fu_484_p0                                                                        |  26|          5|   32|        160|
    |grp_fu_484_p1                                                                        |  26|          5|   32|        160|
    |grp_fu_488_ce                                                                        |  26|          5|    1|          5|
    |grp_fu_488_p0                                                                        |  26|          5|   32|        160|
    |grp_fu_491_ce                                                                        |  14|          3|    1|          3|
    |grp_fu_491_p0                                                                        |  14|          3|   32|         96|
    |grp_fu_491_p1                                                                        |  14|          3|   32|         96|
    |lat3_address0                                                                        |  20|          4|   17|         68|
    |lat3_ce0                                                                             |  20|          4|    1|          4|
    |lat3_ce1                                                                             |   9|          2|    1|          2|
    |lat3_d0                                                                              |  14|          3|   32|         96|
    |lat3_we0                                                                             |  14|          3|    1|          3|
    |lat4_address0                                                                        |  20|          4|   15|         60|
    |lat4_ce0                                                                             |  20|          4|    1|          4|
    |lat4_we0                                                                             |   9|          2|    1|          2|
    |oc_1_fu_122                                                                          |   9|          2|    8|         16|
    |oc_fu_114                                                                            |   9|          2|    8|         16|
    |p5_Addr_A                                                                            |  14|          3|   32|         96|
    |p5_EN_A                                                                              |  14|          3|    1|          3|
    |p5_WEN_A                                                                             |   9|          2|    4|          8|
    |phi_mul141_fu_118                                                                    |   9|          2|   17|         34|
    |phi_mul_fu_110                                                                       |   9|          2|   15|         30|
    |w_conv_Addr_A                                                                        |  26|          5|   32|        160|
    |w_conv_EN_A                                                                          |  26|          5|    1|          5|
    |w_meta_Addr_A                                                                        |  14|          3|   32|         96|
    |w_meta_Addr_A_orig                                                                   |  14|          3|   32|         96|
    |w_meta_EN_A                                                                          |  20|          4|    1|          4|
    +-------------------------------------------------------------------------------------+----+-----------+-----+-----------+
    |Total                                                                                | 779|        160|  538|       1988|
    +-------------------------------------------------------------------------------------+----+-----------+-----+-----------+

    * Register: 
    +--------------------------------------------------------------+----+----+-----+-----------+
    |                             Name                             | FF | LUT| Bits| Const Bits|
    +--------------------------------------------------------------+----+----+-----+-----------+
    |acc_1_reg_475                                                 |  32|   0|   32|          0|
    |acc_reg_447                                                   |  32|   0|   32|          0|
    |ap_CS_fsm                                                     |  12|   0|   12|          0|
    |grp_fpn_conv3x3_1_fu_210_ap_start_reg                         |   1|   0|    1|          0|
    |grp_fpn_conv3x3_fu_198_ap_start_reg                           |   1|   0|    1|          0|
    |grp_fpn_p4p5_top_Pipeline_C1P_HW_C1P_IC1_fu_173_ap_start_reg  |   1|   0|    1|          0|
    |grp_fpn_p4p5_top_Pipeline_C1P_HW_C1P_IC_fu_147_ap_start_reg   |   1|   0|    1|          0|
    |grp_fpn_p4p5_top_Pipeline_EAI_fu_186_ap_start_reg             |   1|   0|    1|          0|
    |grp_fpn_p4p5_top_Pipeline_MP_C_MP_H_MP_W_fu_222_ap_start_reg  |   1|   0|    1|          0|
    |grp_fpn_p4p5_top_Pipeline_UP_C_UP_H_UP_W_fu_161_ap_start_reg  |   1|   0|    1|          0|
    |oc_1_fu_122                                                   |   8|   0|    8|          0|
    |oc_2_reg_409                                                  |   8|   0|    8|          0|
    |oc_3_reg_457                                                  |   8|   0|    8|          0|
    |oc_fu_114                                                     |   8|   0|    8|          0|
    |p_shl1_reg_442                                                |   8|   0|   15|          7|
    |p_shl_reg_437                                                 |   8|   0|   17|          9|
    |phi_mul141_fu_118                                             |  17|   0|   17|          0|
    |phi_mul141_load_reg_452                                       |  17|   0|   17|          0|
    |phi_mul_fu_110                                                |  15|   0|   15|          0|
    |phi_mul_load_reg_404                                          |  15|   0|   15|          0|
    |tmp_1_reg_470                                                 |   8|   0|   15|          7|
    +--------------------------------------------------------------+----+----+-----+-----------+
    |Total                                                         | 203|   0|  226|         23|
    +--------------------------------------------------------------+----+----+-----+-----------+



================================================================
== Interface
================================================================
* Summary: 
+---------------+-----+-----+------------+--------------+--------------+
|   RTL Ports   | Dir | Bits|  Protocol  | Source Object|    C Type    |
+---------------+-----+-----+------------+--------------+--------------+
|ap_clk         |   in|    1|  ap_ctrl_hs|  fpn_p4p5_top|  return value|
|ap_rst         |   in|    1|  ap_ctrl_hs|  fpn_p4p5_top|  return value|
|ap_start       |   in|    1|  ap_ctrl_hs|  fpn_p4p5_top|  return value|
|ap_done        |  out|    1|  ap_ctrl_hs|  fpn_p4p5_top|  return value|
|ap_idle        |  out|    1|  ap_ctrl_hs|  fpn_p4p5_top|  return value|
|ap_ready       |  out|    1|  ap_ctrl_hs|  fpn_p4p5_top|  return value|
|c4_Addr_A      |  out|   32|        bram|            c4|         array|
|c4_EN_A        |  out|    1|        bram|            c4|         array|
|c4_WEN_A       |  out|    4|        bram|            c4|         array|
|c4_Din_A       |  out|   32|        bram|            c4|         array|
|c4_Dout_A      |   in|   32|        bram|            c4|         array|
|c4_Clk_A       |  out|    1|        bram|            c4|         array|
|c4_Rst_A       |  out|    1|        bram|            c4|         array|
|c3_Addr_A      |  out|   32|        bram|            c3|         array|
|c3_EN_A        |  out|    1|        bram|            c3|         array|
|c3_WEN_A       |  out|    4|        bram|            c3|         array|
|c3_Din_A       |  out|   32|        bram|            c3|         array|
|c3_Dout_A      |   in|   32|        bram|            c3|         array|
|c3_Clk_A       |  out|    1|        bram|            c3|         array|
|c3_Rst_A       |  out|    1|        bram|            c3|         array|
|w_conv_Addr_A  |  out|   32|        bram|        w_conv|         array|
|w_conv_EN_A    |  out|    1|        bram|        w_conv|         array|
|w_conv_WEN_A   |  out|    1|        bram|        w_conv|         array|
|w_conv_Din_A   |  out|    8|        bram|        w_conv|         array|
|w_conv_Dout_A  |   in|    8|        bram|        w_conv|         array|
|w_conv_Clk_A   |  out|    1|        bram|        w_conv|         array|
|w_conv_Rst_A   |  out|    1|        bram|        w_conv|         array|
|w_meta_Addr_A  |  out|   32|        bram|        w_meta|         array|
|w_meta_EN_A    |  out|    1|        bram|        w_meta|         array|
|w_meta_WEN_A   |  out|    4|        bram|        w_meta|         array|
|w_meta_Din_A   |  out|   32|        bram|        w_meta|         array|
|w_meta_Dout_A  |   in|   32|        bram|        w_meta|         array|
|w_meta_Clk_A   |  out|    1|        bram|        w_meta|         array|
|w_meta_Rst_A   |  out|    1|        bram|        w_meta|         array|
|p5_Addr_A      |  out|   32|        bram|            p5|         array|
|p5_EN_A        |  out|    1|        bram|            p5|         array|
|p5_WEN_A       |  out|    4|        bram|            p5|         array|
|p5_Din_A       |  out|   32|        bram|            p5|         array|
|p5_Dout_A      |   in|   32|        bram|            p5|         array|
|p5_Clk_A       |  out|    1|        bram|            p5|         array|
|p5_Rst_A       |  out|    1|        bram|            p5|         array|
|p4_Addr_A      |  out|   32|        bram|            p4|         array|
|p4_EN_A        |  out|    1|        bram|            p4|         array|
|p4_WEN_A       |  out|    4|        bram|            p4|         array|
|p4_Din_A       |  out|   32|        bram|            p4|         array|
|p4_Dout_A      |   in|   32|        bram|            p4|         array|
|p4_Clk_A       |  out|    1|        bram|            p4|         array|
|p4_Rst_A       |  out|    1|        bram|            p4|         array|
|p6_Addr_A      |  out|   32|        bram|            p6|         array|
|p6_EN_A        |  out|    1|        bram|            p6|         array|
|p6_WEN_A       |  out|    4|        bram|            p6|         array|
|p6_Din_A       |  out|   32|        bram|            p6|         array|
|p6_Dout_A      |   in|   32|        bram|            p6|         array|
|p6_Clk_A       |  out|    1|        bram|            p6|         array|
|p6_Rst_A       |  out|    1|        bram|            p6|         array|
+---------------+-----+-----+------------+--------------+--------------+

