

================================================================
== Synthesis Summary Report of 'nms_top'
================================================================
+ General Information: 
    * Date:           Tue Jun  2 14:29:21 2026
    * Version:        2022.2 (Build 3670227 on Oct 13 2022)
    * Project:        nms
    * Solution:       solution1 (Vivado IP Flow Target)
    * Product family: zynquplus
    * Target device:  xczu9eg-ffvb1156-2-e
    

+ Performance & Resource Estimates: 
    
    PS: '+' for module; 'o' for loop; '*' for dataflow
    +------------------------------------+--------+-------+----------+-----------+----------+----------+------+----------+---------+----------+------------+------------+-----+
    |               Modules              |  Issue |       | Latency  |  Latency  | Iteration|          | Trip |          |         |          |            |            |     |
    |               & Loops              |  Type  | Slack | (cycles) |    (ns)   |  Latency | Interval | Count| Pipelined|  BRAM   |    DSP   |     FF     |     LUT    | URAM|
    +------------------------------------+--------+-------+----------+-----------+----------+----------+------+----------+---------+----------+------------+------------+-----+
    |+ nms_top                           |  Timing|  -2.53|         -|          -|         -|         -|     -|        no|  41 (2%)|  14 (~0%)|   6759 (1%)|  12843 (4%)|    -|
    | + score_filter                     |  Timing|  -2.53|         -|          -|         -|         -|     -|        no|        -|  11 (~0%)|  4069 (~0%)|   4248 (1%)|    -|
    |  o SF_H                            |       -|   3.65|         -|          -|         -|         -|     -|        no|        -|         -|           -|           -|    -|
    |   o SF_W                           |       -|   3.65|         -|          -|         -|         -|     -|        no|        -|         -|           -|           -|    -|
    |    o SF_RI                         |       -|   3.65|         -|          -|         -|         -|     -|        no|        -|         -|           -|           -|    -|
    |     o SF_SI                        |       -|   3.65|         -|          -|       137|         -|     -|        no|        -|         -|           -|           -|    -|
    |      + score_filter_Pipeline_SF_C  |  Timing|  -2.53|       104|    642.616|         -|       104|     -|        no|        -|   8 (~0%)|  1907 (~0%)|  2663 (~0%)|    -|
    |       o SF_C                       |      II|   3.65|       102|    630.258|        70|        11|     4|       yes|        -|         -|           -|           -|    -|
    | + nms_top_Pipeline_SORT_INIT       |       -|   1.98|         -|          -|         -|         -|     -|        no|        -|         -|    14 (~0%)|    66 (~0%)|    -|
    |  o SORT_INIT                       |       -|   3.65|         -|          -|         1|         1|     -|       yes|        -|         -|           -|           -|    -|
    | + nms_greedy                       |  Timing|  -2.47|  43009004|  2.634e+08|         -|  43009004|     -|        no|        -|         -|  1486 (~0%)|  2210 (~0%)|    -|
    |  + nms_greedy_Pipeline_SUPP_INIT   |       -|   1.98|      1002|  5.010e+03|         -|      1002|     -|        no|        -|         -|    12 (~0%)|    64 (~0%)|    -|
    |   o SUPP_INIT                      |       -|   3.65|      1000|  5.000e+03|         1|         1|  1000|       yes|        -|         -|           -|           -|    -|
    |  o NMS_I                           |       -|   3.65|  43008000|  2.634e+08|     43008|         -|  1000|        no|        -|         -|           -|           -|    -|
    |   + nms_greedy_Pipeline_NMS_J      |  Timing|  -2.47|     43002|  2.633e+05|         -|     43002|     -|        no|        -|         -|   752 (~0%)|  1417 (~0%)|    -|
    |    o NMS_J                         |      II|   3.65|     43000|  2.633e+05|        44|        43|  1000|       yes|        -|         -|           -|           -|    -|
    | + nms_top_Pipeline_OUT             |       -|   1.18|         -|          -|         -|         -|     -|        no|        -|         -|    26 (~0%)|    81 (~0%)|    -|
    |  o OUT                             |       -|   3.65|         -|          -|         3|         1|     -|       yes|        -|         -|           -|           -|    -|
    | o SORT_I                           |       -|   3.65|   4012000|  2.479e+07|      4012|         -|  1000|        no|        -|         -|           -|           -|    -|
    |  + nms_top_Pipeline_SORT_J         |       -|   0.15|      4006|  2.003e+04|         -|      4006|     -|        no|        -|         -|   220 (~0%)|   321 (~0%)|    -|
    |   o SORT_J                         |      II|   3.65|      4003|  2.002e+04|         5|         4|  1000|       yes|        -|         -|           -|           -|    -|
    +------------------------------------+--------+-------+----------+-----------+----------+----------+------+----------+---------+----------+------------+------------+-----+


================================================================
== HW Interfaces
================================================================
* BRAM
+--------------------+------------+---------------+
| Interface          | Data Width | Address Width |
+--------------------+------------+---------------+
| cls_logits_0_PORTA | 32         | 32            |
| cls_logits_1_PORTA | 32         | 32            |
| cls_logits_2_PORTA | 32         | 32            |
| cls_logits_3_PORTA | 32         | 32            |
| detections_PORTA   | 256        | 32            |
| reg_deltas_0_PORTA | 32         | 32            |
| reg_deltas_0_PORTB | 32         | 32            |
| reg_deltas_1_PORTA | 32         | 32            |
| reg_deltas_1_PORTB | 32         | 32            |
| reg_deltas_2_PORTA | 32         | 32            |
| reg_deltas_2_PORTB | 32         | 32            |
| reg_deltas_3_PORTA | 32         | 32            |
| reg_deltas_3_PORTB | 32         | 32            |
+--------------------+------------+---------------+

* Other Ports
+-----------+--------+----------+
| Interface | Mode   | Bitwidth |
+-----------+--------+----------+
| num_dets  | ap_vld | 32       |
+-----------+--------+----------+

* TOP LEVEL CONTROL
+-----------+------------+-----------------------------------+
| Interface | Type       | Ports                             |
+-----------+------------+-----------------------------------+
| ap_clk    | clock      | ap_clk                            |
| ap_rst    | reset      | ap_rst                            |
| ap_ctrl   | ap_ctrl_hs | ap_done ap_idle ap_ready ap_start |
+-----------+------------+-----------------------------------+


================================================================
== SW I/O Information
================================================================
* Top Function Arguments
+------------+-----------+---------------+
| Argument   | Direction | Datatype      |
+------------+-----------+---------------+
| cls_logits | in        | float const * |
| reg_deltas | in        | float const * |
| detections | out       | pointer       |
| num_dets   | out       | int*          |
+------------+-----------+---------------+

* SW-to-HW Mapping
+------------+--------------------+-----------+
| Argument   | HW Interface       | HW Type   |
+------------+--------------------+-----------+
| cls_logits | cls_logits_0_PORTA | interface |
| cls_logits | cls_logits_1_PORTA | interface |
| cls_logits | cls_logits_2_PORTA | interface |
| cls_logits | cls_logits_3_PORTA | interface |
| reg_deltas | reg_deltas_0_PORTA | interface |
| reg_deltas | reg_deltas_0_PORTB | interface |
| reg_deltas | reg_deltas_1_PORTA | interface |
| reg_deltas | reg_deltas_1_PORTB | interface |
| reg_deltas | reg_deltas_2_PORTA | interface |
| reg_deltas | reg_deltas_2_PORTB | interface |
| reg_deltas | reg_deltas_3_PORTA | interface |
| reg_deltas | reg_deltas_3_PORTB | interface |
| detections | detections_PORTA   | interface |
| num_dets   | num_dets           | port      |
| num_dets   | num_dets_ap_vld    | port      |
+------------+--------------------+-----------+


================================================================
== M_AXI Burst Information
================================================================
 Note: All burst requests might be further partitioned into multiple requests during RTL generation based on max_read_burst_length or max_write_burst_length settings.

  No burst in design

================================================================
== Bind Op Report
================================================================
+-------------------------------------------------+-----+--------+-------------+-------+---------+---------+
| Name                                            | DSP | Pragma | Variable    | Op    | Impl    | Latency |
+-------------------------------------------------+-----+--------+-------------+-------+---------+---------+
| + nms_top                                       | 14  |        |             |       |         |         |
|   add_ln164_fu_321_p2                           | -   |        | add_ln164   | add   | fabric  | 0       |
|   add_ln164_2_fu_358_p2                         | -   |        | add_ln164_2 | add   | fabric  | 0       |
|   add_ln170_fu_387_p2                           | -   |        | add_ln170   | add   | fabric  | 0       |
|   add_ln176_fu_431_p2                           | -   |        | add_ln176   | add   | fabric  | 0       |
|   add_ln164_1_fu_442_p2                         | -   |        | add_ln164_1 | add   | fabric  | 0       |
|  + score_filter                                 | 11  |        |             |       |         |         |
|    add_ln90_fu_448_p2                           | -   |        | add_ln90    | add   | fabric  | 0       |
|    faddfsub_32ns_32ns_32_8_full_dsp_1_U50       | 2   |        | add1        | fadd  | fulldsp | 7       |
|    add_ln91_fu_504_p2                           | -   |        | add_ln91    | add   | fabric  | 0       |
|    faddfsub_32ns_32ns_32_8_full_dsp_1_U50       | 2   |        | add         | fadd  | fulldsp | 7       |
|    tmp11_fu_519_p2                              | -   |        | tmp11       | add   | fabric  | 0       |
|    empty_30_fu_541_p2                           | -   |        | empty_30    | add   | fabric  | 0       |
|    add_ln109_1_fu_532_p2                        | -   |        | add_ln109_1 | add   | fabric  | 0       |
|    add_ln95_fu_557_p2                           | -   |        | add_ln95    | add   | fabric  | 0       |
|    sub_ln97_fu_579_p2                           | -   |        | sub_ln97    | sub   | fabric  | 0       |
|    add_ln96_fu_613_p2                           | -   |        | add_ln96    | add   | fabric  | 0       |
|    fsqrt_32ns_32ns_32_16_no_dsp_1_U54           | -   |        | tmp         | fsqrt | fabric  | 15      |
|    fdiv_32ns_32ns_32_16_no_dsp_1_U52            | -   |        | aw          | fdiv  | fabric  | 15      |
|    empty_33_fu_627_p2                           | -   |        | empty_33    | add   | fabric  | 0       |
|    mul_mul_12s_9ns_12_4_1_U57                   | 1   |        | mul52       | mul   | dsp48   | 3       |
|    add53_fu_643_p2                              | -   |        | add53       | add   | fabric  | 0       |
|   + score_filter_Pipeline_SF_C                  | 8   |        |             |       |         |         |
|     add_ln103_fu_583_p2                         | -   |        | add_ln103   | add   | fabric  | 0       |
|     ama_addmuladd_12ns_12ns_7ns_12ns_12_1_1_U11 | 1   |        | add_ln107   | add   | dsp48   | 0       |
|     ama_addmuladd_12ns_12ns_7ns_12ns_12_1_1_U11 | 1   |        | mul_ln109   | mul   | dsp48   | 0       |
|     grp_fu_1313_p3                              | -   |        | add_ln109_2 | add   | fabric  | 0       |
|     ama_addmuladd_12ns_12ns_7ns_12ns_12_1_1_U11 | 1   |        | add_ln109   | add   | dsp48   | 0       |
|     fexp_32ns_32ns_32_13_full_dsp_1_U5          | 7   |        | tmp_6       | fexp  | fulldsp | 12      |
|     fexp_32ns_32ns_32_13_full_dsp_1_U5          | 7   |        | tmp_7       | fexp  | fulldsp | 12      |
|     num_cand_2_fu_799_p2                        | -   |        | num_cand_2  | add   | fabric  | 0       |
|  + nms_top_Pipeline_SORT_INIT                   | 0   |        |             |       |         |         |
|    add_ln159_fu_78_p2                           | -   |        | add_ln159   | add   | fabric  | 0       |
|  + nms_greedy                                   | 0   |        |             |       |         |         |
|    add_ln207_fu_292_p2                          | -   |        | add_ln207   | add   | fabric  | 0       |
|    num_keep_2_fu_311_p2                         | -   |        | num_keep_2  | add   | fabric  | 0       |
|    grp_fu_240_p2                                | -   |        | add_ln222   | add   | fabric  | 0       |
|    grp_fu_240_p2                                | -   |        | add_ln207_1 | add   | fabric  | 0       |
|   + nms_greedy_Pipeline_SUPP_INIT               | 0   |        |             |       |         |         |
|     add_ln200_fu_84_p2                          | -   |        | add_ln200   | add   | fabric  | 0       |
|   + nms_greedy_Pipeline_NMS_J                   | 0   |        |             |       |         |         |
|     fsub_32ns_32ns_32_6_no_dsp_1_U88            | -   |        | sub22_i     | fsub  | fabric  | 5       |
|     add_ln222_fu_449_p2                         | -   |        | add_ln222   | add   | fabric  | 0       |
|  + nms_top_Pipeline_SORT_J                      | 0   |        |             |       |         |         |
|    k_2_fu_248_p2                                | -   |        | k_2         | add   | fabric  | 0       |
|    add_ln173_fu_374_p2                          | -   |        | add_ln173   | add   | fabric  | 0       |
|    add_ln174_fu_360_p2                          | -   |        | add_ln174   | add   | fabric  | 0       |
|  + nms_top_Pipeline_OUT                         | 0   |        |             |       |         |         |
|    add_ln298_fu_188_p2                          | -   |        | add_ln298   | add   | fabric  | 0       |
+-------------------------------------------------+-----+--------+-------------+-------+---------+---------+


================================================================
== Bind Storage Report
================================================================
+----------------------------------------------------------------+------+------+--------+------------------------------------------------------------+---------+--------+---------+
| Name                                                           | BRAM | URAM | Pragma | Variable                                                   | Storage | Impl   | Latency |
+----------------------------------------------------------------+------+------+--------+------------------------------------------------------------+---------+--------+---------+
| + nms_top                                                      | 41   | 0    |        |                                                            |         |        |         |
|   nms_top_float_const_float_const_Detection_int_cand_boxes_U   | 8    | -    |        | nms_top_float_const_float_const_Detection_int_cand_boxes   | ram_1p  | auto   | 1       |
|   nms_top_float_const_float_const_Detection_int_cand_boxes_1_U | 8    | -    |        | nms_top_float_const_float_const_Detection_int_cand_boxes_1 | ram_1p  | auto   | 1       |
|   nms_top_float_const_float_const_Detection_int_cand_boxes_2_U | 8    | -    |        | nms_top_float_const_float_const_Detection_int_cand_boxes_2 | ram_1p  | auto   | 1       |
|   nms_top_float_const_float_const_Detection_int_cand_boxes_3_U | 8    | -    |        | nms_top_float_const_float_const_Detection_int_cand_boxes_3 | ram_1p  | auto   | 1       |
|   cand_scores_U                                                | -    | -    | pragma | cand_scores                                                | ram_2p  | lutram | 1       |
|   cand_cls_U                                                   | 8    | -    | pragma | cand_cls                                                   | ram_t2p | bram   | 1       |
|   cand_areas_U                                                 | -    | -    | pragma | cand_areas                                                 | ram_2p  | lutram | 1       |
|   cand_order_U                                                 | -    | -    | pragma | cand_order                                                 | ram_2p  | lutram | 1       |
|   keep_idx_U                                                   | 1    | -    | pragma | keep_idx                                                   | ram_t2p | bram   | 1       |
|  + nms_greedy                                                  | 0    | 0    |        |                                                            |         |        |         |
|    suppressed_U                                                | -    | -    | pragma | suppressed                                                 | ram_2p  | lutram | 1       |
+----------------------------------------------------------------+------+------+--------+------------------------------------------------------------+---------+--------+---------+


================================================================
== Pragma Report
================================================================
* Valid Pragma Syntax
+-----------------+----------------------------------------------+-----------------------------------------------+
| Type            | Options                                      | Location                                      |
+-----------------+----------------------------------------------+-----------------------------------------------+
| inline          |                                              | nms/fpga_utils.h:14 in sigmoid                |
| inline          |                                              | nms/nms_top.cpp:60 in iou_exceeds             |
| pipeline        | II=1                                         | nms/nms_top.cpp:104 in score_filter           |
| loop_tripcount  | min=4 max=4 avg=4                            | nms/nms_top.cpp:105 in score_filter           |
| pipeline        | II=1                                         | nms/nms_top.cpp:160 in sort_scores            |
| loop_tripcount  | min=0 max=1000 avg=500                       | nms/nms_top.cpp:165 in sort_scores            |
| loop_tripcount  | min=0 max=1000 avg=250                       | nms/nms_top.cpp:171 in sort_scores            |
| bind_storage    | variable=suppressed type=RAM_2P impl=LUTRAM  | nms/nms_top.cpp:198 in nms_greedy, suppressed |
| pipeline        | II=1                                         | nms/nms_top.cpp:201 in nms_greedy             |
| loop_tripcount  | min=0 max=1000 avg=100                       | nms/nms_top.cpp:208 in nms_greedy             |
| loop_tripcount  | min=0 max=1000 avg=100                       | nms/nms_top.cpp:223 in nms_greedy             |
| pipeline        | II=1                                         | nms/nms_top.cpp:224 in nms_greedy             |
| interface       | bram port=cls_logits                         | nms/nms_top.cpp:250 in nms_top, cls_logits    |
| interface       | bram port=reg_deltas                         | nms/nms_top.cpp:251 in nms_top, reg_deltas    |
| interface       | bram port=detections                         | nms/nms_top.cpp:252 in nms_top, detections    |
| interface       | ap_vld port=num_dets                         | nms/nms_top.cpp:253 in nms_top, num_dets      |
| interface       | ap_ctrl_hs port=return                       | nms/nms_top.cpp:254 in nms_top, return        |
| array_partition | variable=cls_logits cyclic factor=4 dim=1    | nms/nms_top.cpp:257 in nms_top, cls_logits    |
| array_partition | variable=reg_deltas cyclic factor=4 dim=1    | nms/nms_top.cpp:258 in nms_top, reg_deltas    |
| array_partition | variable=cand_boxes cyclic factor=4 dim=1    | nms/nms_top.cpp:270 in nms_top, cand_boxes    |
| bind_storage    | variable=cand_scores type=RAM_2P impl=LUTRAM | nms/nms_top.cpp:273 in nms_top, cand_scores   |
| bind_storage    | variable=cand_order type=RAM_2P impl=LUTRAM  | nms/nms_top.cpp:274 in nms_top, cand_order    |
| bind_storage    | variable=cand_areas type=RAM_2P impl=LUTRAM  | nms/nms_top.cpp:277 in nms_top, cand_areas    |
| bind_storage    | variable=cand_cls type=RAM_T2P impl=BRAM     | nms/nms_top.cpp:280 in nms_top, cand_cls      |
| bind_storage    | variable=keep_idx type=RAM_T2P impl=BRAM     | nms/nms_top.cpp:281 in nms_top, keep_idx      |
| pipeline        | II=1                                         | nms/nms_top.cpp:299 in nms_top                |
+-----------------+----------------------------------------------+-----------------------------------------------+


