

================================================================
== Vitis HLS Report for 'nms_top_Pipeline_OUT'
================================================================
* Date:           Tue Jun  2 14:29:20 2026

* Version:        2022.2 (Build 3670227 on Oct 13 2022)
* Project:        nms
* Solution:       solution1 (Vivado IP Flow Target)
* Product family: zynquplus
* Target device:  xczu9eg-ffvb1156-2-e


================================================================
== Performance Estimates
================================================================
+ Timing: 
    * Summary: 
    +--------+---------+----------+------------+
    |  Clock |  Target | Estimated| Uncertainty|
    +--------+---------+----------+------------+
    |ap_clk  |  5.00 ns|  2.474 ns|     1.35 ns|
    +--------+---------+----------+------------+

+ Latency: 
    * Summary: 
    +---------+---------+----------+----------+-----+-----+---------+
    |  Latency (cycles) |  Latency (absolute) |  Interval | Pipeline|
    |   min   |   max   |    min   |    max   | min | max |   Type  |
    +---------+---------+----------+----------+-----+-----+---------+
    |        ?|        ?|         ?|         ?|    ?|    ?|       no|
    +---------+---------+----------+----------+-----+-----+---------+

    + Detail: 
        * Instance: 
        N/A

        * Loop: 
        +----------+---------+---------+----------+-----------+-----------+------+----------+
        |          |  Latency (cycles) | Iteration|  Initiation Interval  | Trip |          |
        | Loop Name|   min   |   max   |  Latency |  achieved |   target  | Count| Pipelined|
        +----------+---------+---------+----------+-----------+-----------+------+----------+
        |- OUT     |        ?|        ?|         3|          1|          1|     ?|       yes|
        +----------+---------+---------+----------+-----------+-----------+------+----------+



================================================================
== Utilization Estimates
================================================================
* Summary: 
+-----------------+---------+------+--------+--------+-----+
|       Name      | BRAM_18K|  DSP |   FF   |   LUT  | URAM|
+-----------------+---------+------+--------+--------+-----+
|DSP              |        -|     -|       -|       -|    -|
|Expression       |        -|     -|       0|      36|    -|
|FIFO             |        -|     -|       -|       -|    -|
|Instance         |        -|     -|       -|       -|    -|
|Memory           |        -|     -|       -|       -|    -|
|Multiplexer      |        -|     -|       -|      45|    -|
|Register         |        -|     -|      26|       -|    -|
+-----------------+---------+------+--------+--------+-----+
|Total            |        0|     0|      26|      81|    0|
+-----------------+---------+------+--------+--------+-----+
|Available        |     1824|  2520|  548160|  274080|    0|
+-----------------+---------+------+--------+--------+-----+
|Utilization (%)  |        0|     0|      ~0|      ~0|    0|
+-----------------+---------+------+--------+--------+-----+

+ Detail: 
    * Instance: 
    N/A

    * DSP: 
    N/A

    * Memory: 
    N/A

    * FIFO: 
    N/A

    * Expression: 
    +----------------------+----------+----+---+----+------------+------------+
    |     Variable Name    | Operation| DSP| FF| LUT| Bitwidth P0| Bitwidth P1|
    +----------------------+----------+----+---+----+------------+------------+
    |add_ln298_fu_188_p2   |         +|   0|  0|  14|           7|           1|
    |icmp_ln298_fu_182_p2  |      icmp|   0|  0|  20|          32|          32|
    |ap_enable_pp0         |       xor|   0|  0|   2|           1|           2|
    +----------------------+----------+----+---+----+------------+------------+
    |Total                 |          |   0|  0|  36|          40|          35|
    +----------------------+----------+----+---+----+------------+------------+

    * Multiplexer: 
    +-------------------------+----+-----------+-----+-----------+
    |           Name          | LUT| Input Size| Bits| Total Bits|
    +-------------------------+----+-----------+-----+-----------+
    |ap_done_int              |   9|          2|    1|          2|
    |ap_enable_reg_pp0_iter1  |   9|          2|    1|          2|
    |ap_sig_allocacmp_k_1     |   9|          2|    7|         14|
    |detections_WEN_A         |   9|          2|   32|         64|
    |k_fu_56                  |   9|          2|    7|         14|
    +-------------------------+----+-----------+-----+-----------+
    |Total                    |  45|         10|   48|         96|
    +-------------------------+----+-----------+-----+-----------+

    * Register: 
    +----------------------------------+---+----+-----+-----------+
    |               Name               | FF| LUT| Bits| Const Bits|
    +----------------------------------+---+----+-----+-----------+
    |ap_CS_fsm                         |  1|   0|    1|          0|
    |ap_done_reg                       |  1|   0|    1|          0|
    |ap_enable_reg_pp0_iter1           |  1|   0|    1|          0|
    |ap_enable_reg_pp0_iter2           |  1|   0|    1|          0|
    |ap_loop_exit_ready_pp0_iter1_reg  |  1|   0|    1|          0|
    |k_fu_56                           |  7|   0|    7|          0|
    |zext_ln298_reg_262                |  7|   0|   64|         57|
    |zext_ln298_reg_262_pp0_iter1_reg  |  7|   0|   64|         57|
    +----------------------------------+---+----+-----+-----------+
    |Total                             | 26|   0|  140|        114|
    +----------------------------------+---+----+-----+-----------+



================================================================
== Interface
================================================================
* Summary: 
+---------------------------------------------------------------------+-----+-----+------------+------------------------------------------------------------+--------------+
|                              RTL Ports                              | Dir | Bits|  Protocol  |                        Source Object                       |    C Type    |
+---------------------------------------------------------------------+-----+-----+------------+------------------------------------------------------------+--------------+
|ap_clk                                                               |   in|    1|  ap_ctrl_hs|                                        nms_top_Pipeline_OUT|  return value|
|ap_rst                                                               |   in|    1|  ap_ctrl_hs|                                        nms_top_Pipeline_OUT|  return value|
|ap_start                                                             |   in|    1|  ap_ctrl_hs|                                        nms_top_Pipeline_OUT|  return value|
|ap_done                                                              |  out|    1|  ap_ctrl_hs|                                        nms_top_Pipeline_OUT|  return value|
|ap_idle                                                              |  out|    1|  ap_ctrl_hs|                                        nms_top_Pipeline_OUT|  return value|
|ap_ready                                                             |  out|    1|  ap_ctrl_hs|                                        nms_top_Pipeline_OUT|  return value|
|total                                                                |   in|   32|     ap_none|                                                       total|        scalar|
|detections_Addr_A                                                    |  out|   32|        bram|                                                  detections|         array|
|detections_EN_A                                                      |  out|    1|        bram|                                                  detections|         array|
|detections_WEN_A                                                     |  out|   32|        bram|                                                  detections|         array|
|detections_Din_A                                                     |  out|  256|        bram|                                                  detections|         array|
|detections_Dout_A                                                    |   in|  256|        bram|                                                  detections|         array|
|keep_idx_address0                                                    |  out|    7|   ap_memory|                                                    keep_idx|         array|
|keep_idx_ce0                                                         |  out|    1|   ap_memory|                                                    keep_idx|         array|
|keep_idx_q0                                                          |   in|   12|   ap_memory|                                                    keep_idx|         array|
|nms_top_float_const_float_const_Detection_int_cand_boxes_address0    |  out|   12|   ap_memory|    nms_top_float_const_float_const_Detection_int_cand_boxes|         array|
|nms_top_float_const_float_const_Detection_int_cand_boxes_ce0         |  out|    1|   ap_memory|    nms_top_float_const_float_const_Detection_int_cand_boxes|         array|
|nms_top_float_const_float_const_Detection_int_cand_boxes_q0          |   in|   32|   ap_memory|    nms_top_float_const_float_const_Detection_int_cand_boxes|         array|
|nms_top_float_const_float_const_Detection_int_cand_boxes_1_address0  |  out|   12|   ap_memory|  nms_top_float_const_float_const_Detection_int_cand_boxes_1|         array|
|nms_top_float_const_float_const_Detection_int_cand_boxes_1_ce0       |  out|    1|   ap_memory|  nms_top_float_const_float_const_Detection_int_cand_boxes_1|         array|
|nms_top_float_const_float_const_Detection_int_cand_boxes_1_q0        |   in|   32|   ap_memory|  nms_top_float_const_float_const_Detection_int_cand_boxes_1|         array|
|nms_top_float_const_float_const_Detection_int_cand_boxes_2_address0  |  out|   12|   ap_memory|  nms_top_float_const_float_const_Detection_int_cand_boxes_2|         array|
|nms_top_float_const_float_const_Detection_int_cand_boxes_2_ce0       |  out|    1|   ap_memory|  nms_top_float_const_float_const_Detection_int_cand_boxes_2|         array|
|nms_top_float_const_float_const_Detection_int_cand_boxes_2_q0        |   in|   32|   ap_memory|  nms_top_float_const_float_const_Detection_int_cand_boxes_2|         array|
|nms_top_float_const_float_const_Detection_int_cand_boxes_3_address0  |  out|   12|   ap_memory|  nms_top_float_const_float_const_Detection_int_cand_boxes_3|         array|
|nms_top_float_const_float_const_Detection_int_cand_boxes_3_ce0       |  out|    1|   ap_memory|  nms_top_float_const_float_const_Detection_int_cand_boxes_3|         array|
|nms_top_float_const_float_const_Detection_int_cand_boxes_3_q0        |   in|   32|   ap_memory|  nms_top_float_const_float_const_Detection_int_cand_boxes_3|         array|
|cand_scores_address0                                                 |  out|   12|   ap_memory|                                                 cand_scores|         array|
|cand_scores_ce0                                                      |  out|    1|   ap_memory|                                                 cand_scores|         array|
|cand_scores_q0                                                       |   in|   32|   ap_memory|                                                 cand_scores|         array|
|cand_cls_address0                                                    |  out|   12|   ap_memory|                                                    cand_cls|         array|
|cand_cls_ce0                                                         |  out|    1|   ap_memory|                                                    cand_cls|         array|
|cand_cls_q0                                                          |   in|   32|   ap_memory|                                                    cand_cls|         array|
+---------------------------------------------------------------------+-----+-----+------------+------------------------------------------------------------+--------------+

