

================================================================
== Vitis HLS Report for 'nms_greedy_Pipeline_NMS_J'
================================================================
* Date:           Tue Jun  2 14:29:20 2026

* Version:        2022.2 (Build 3670227 on Oct 13 2022)
* Project:        nms
* Solution:       solution1 (Vivado IP Flow Target)
* Product family: zynquplus
* Target device:  xczu9eg-ffvb1156-2-e


================================================================
== Performance Estimates
================================================================
+ Timing: 
    * Summary: 
    +--------+---------+----------+------------+
    |  Clock |  Target | Estimated| Uncertainty|
    +--------+---------+----------+------------+
    |ap_clk  |  5.00 ns|  6.124 ns|     1.35 ns|
    +--------+---------+----------+------------+

+ Latency: 
    * Summary: 
    +---------+---------+-----------+----------+-----+-------+---------+
    |  Latency (cycles) |  Latency (absolute)  |   Interval  | Pipeline|
    |   min   |   max   |    min    |    max   | min |  max  |   Type  |
    +---------+---------+-----------+----------+-----+-------+---------+
    |        2|    43002|  12.248 ns|  0.263 ms|    2|  43002|       no|
    +---------+---------+-----------+----------+-----+-------+---------+

    + Detail: 
        * Instance: 
        N/A

        * Loop: 
        +----------+---------+---------+----------+-----------+-----------+----------+----------+
        |          |  Latency (cycles) | Iteration|  Initiation Interval  |   Trip   |          |
        | Loop Name|   min   |   max   |  Latency |  achieved |   target  |   Count  | Pipelined|
        +----------+---------+---------+----------+-----------+-----------+----------+----------+
        |- NMS_J   |        0|    43000|        44|         43|          1|  0 ~ 1000|       yes|
        +----------+---------+---------+----------+-----------+-----------+----------+----------+



================================================================
== Utilization Estimates
================================================================
* Summary: 
+-----------------+---------+------+--------+--------+-----+
|       Name      | BRAM_18K|  DSP |   FF   |   LUT  | URAM|
+-----------------+---------+------+--------+--------+-----+
|DSP              |        -|     -|       -|       -|    -|
|Expression       |        -|     -|       0|     465|    -|
|FIFO             |        -|     -|       -|       -|    -|
|Instance         |        -|     0|     278|     411|    -|
|Memory           |        -|     -|       -|       -|    -|
|Multiplexer      |        -|     -|       -|     541|    -|
|Register         |        -|     -|     474|       -|    -|
+-----------------+---------+------+--------+--------+-----+
|Total            |        0|     0|     752|    1417|    0|
+-----------------+---------+------+--------+--------+-----+
|Available        |     1824|  2520|  548160|  274080|    0|
+-----------------+---------+------+--------+--------+-----+
|Utilization (%)  |        0|     0|      ~0|      ~0|    0|
+-----------------+---------+------+--------+--------+-----+

+ Detail: 
    * Instance: 
    +----------------------------------+------------------------------+---------+----+-----+-----+-----+
    |             Instance             |            Module            | BRAM_18K| DSP|  FF | LUT | URAM|
    +----------------------------------+------------------------------+---------+----+-----+-----+-----+
    |fcmp_32ns_32ns_1_2_no_dsp_1_U91   |fcmp_32ns_32ns_1_2_no_dsp_1   |        0|   0|    0|    0|    0|
    |fsub_32ns_32ns_32_6_no_dsp_1_U88  |fsub_32ns_32ns_32_6_no_dsp_1  |        0|   0|  278|  411|    0|
    +----------------------------------+------------------------------+---------+----+-----+-----+-----+
    |Total                             |                              |        0|   0|  278|  411|    0|
    +----------------------------------+------------------------------+---------+----+-----+-----+-----+

    * DSP: 
    N/A

    * Memory: 
    N/A

    * FIFO: 
    N/A

    * Expression: 
    +-----------------------+----------+----+---+----+------------+------------+
    |     Variable Name     | Operation| DSP| FF| LUT| Bitwidth P0| Bitwidth P1|
    +-----------------------+----------+----+---+----+------------+------------+
    |add_ln222_fu_449_p2    |         +|   0|  0|  71|          64|           1|
    |and_ln61_1_fu_575_p2   |       and|   0|  0|   2|           1|           1|
    |and_ln61_fu_569_p2     |       and|   0|  0|   2|           1|           1|
    |and_ln62_1_fu_704_p2   |       and|   0|  0|   2|           1|           1|
    |and_ln62_fu_698_p2     |       and|   0|  0|   2|           1|           1|
    |and_ln63_1_fu_637_p2   |       and|   0|  0|   2|           1|           1|
    |and_ln63_fu_631_p2     |       and|   0|  0|   2|           1|           1|
    |and_ln64_1_fu_771_p2   |       and|   0|  0|   2|           1|           1|
    |and_ln64_fu_765_p2     |       and|   0|  0|   2|           1|           1|
    |and_ln65_fu_834_p2     |       and|   0|  0|   2|           1|           1|
    |and_ln66_fu_875_p2     |       and|   0|  0|   2|           1|           1|
    |and_ln71_1_fu_954_p2   |       and|   0|  0|   2|           1|           1|
    |and_ln71_fu_948_p2     |       and|   0|  0|   2|           1|           1|
    |icmp_ln222_fu_444_p2   |      icmp|   0|  0|  20|          32|          32|
    |icmp_ln227_fu_465_p2   |      icmp|   0|  0|  20|          32|          32|
    |icmp_ln61_2_fu_551_p2  |      icmp|   0|  0|  11|           8|           2|
    |icmp_ln61_3_fu_557_p2  |      icmp|   0|  0|  16|          23|           1|
    |icmp_ln61_fu_479_p2    |      icmp|   0|  0|  11|           8|           2|
    |icmp_ln62_2_fu_680_p2  |      icmp|   0|  0|  11|           8|           2|
    |icmp_ln62_3_fu_686_p2  |      icmp|   0|  0|  16|          23|           1|
    |icmp_ln62_fu_494_p2    |      icmp|   0|  0|  11|           8|           2|
    |icmp_ln63_2_fu_613_p2  |      icmp|   0|  0|  11|           8|           2|
    |icmp_ln63_3_fu_619_p2  |      icmp|   0|  0|  16|          23|           1|
    |icmp_ln63_fu_509_p2    |      icmp|   0|  0|  11|           8|           2|
    |icmp_ln64_2_fu_747_p2  |      icmp|   0|  0|  11|           8|           2|
    |icmp_ln64_3_fu_753_p2  |      icmp|   0|  0|  16|          23|           1|
    |icmp_ln64_fu_524_p2    |      icmp|   0|  0|  11|           8|           2|
    |icmp_ln65_1_fu_822_p2  |      icmp|   0|  0|  16|          23|           1|
    |icmp_ln65_fu_816_p2    |      icmp|   0|  0|  11|           8|           2|
    |icmp_ln66_1_fu_863_p2  |      icmp|   0|  0|  16|          23|           1|
    |icmp_ln66_fu_857_p2    |      icmp|   0|  0|  11|           8|           2|
    |icmp_ln71_1_fu_922_p2  |      icmp|   0|  0|  16|          23|           1|
    |icmp_ln71_2_fu_932_p2  |      icmp|   0|  0|  11|           8|           2|
    |icmp_ln71_3_fu_937_p2  |      icmp|   0|  0|  16|          23|           1|
    |icmp_ln71_fu_916_p2    |      icmp|   0|  0|  11|           8|           2|
    |or_ln61_1_fu_563_p2    |        or|   0|  0|   2|           1|           1|
    |or_ln61_fu_547_p2      |        or|   0|  0|   2|           1|           1|
    |or_ln62_1_fu_692_p2    |        or|   0|  0|   2|           1|           1|
    |or_ln62_fu_676_p2      |        or|   0|  0|   2|           1|           1|
    |or_ln63_1_fu_625_p2    |        or|   0|  0|   2|           1|           1|
    |or_ln63_fu_609_p2      |        or|   0|  0|   2|           1|           1|
    |or_ln64_1_fu_759_p2    |        or|   0|  0|   2|           1|           1|
    |or_ln64_fu_743_p2      |        or|   0|  0|   2|           1|           1|
    |or_ln65_fu_828_p2      |        or|   0|  0|   2|           1|           1|
    |or_ln66_fu_869_p2      |        or|   0|  0|   2|           1|           1|
    |or_ln71_1_fu_942_p2    |        or|   0|  0|   2|           1|           1|
    |or_ln71_fu_928_p2      |        or|   0|  0|   2|           1|           1|
    |select_ln61_fu_581_p3  |    select|   0|  0|  11|           1|          12|
    |select_ln62_fu_710_p3  |    select|   0|  0|  11|           1|          12|
    |select_ln63_fu_643_p3  |    select|   0|  0|  11|           1|          12|
    |select_ln64_fu_777_p3  |    select|   0|  0|  11|           1|          12|
    |ap_enable_pp0          |       xor|   0|  0|   2|           1|           2|
    +-----------------------+----------+----+---+----+------------+------------+
    |Total                  |          |   0|  0| 465|         437|         171|
    +-----------------------+----------+----+---+----+------------+------------+

    * Multiplexer: 
    +---------------------------------------------------------------------+-----+-----------+-----+-----------+
    |                                 Name                                | LUT | Input Size| Bits| Total Bits|
    +---------------------------------------------------------------------+-----+-----------+-----+-----------+
    |ap_NS_fsm                                                            |  202|         44|    1|         44|
    |ap_done_int                                                          |    9|          2|    1|          2|
    |ap_enable_reg_pp0_iter0                                              |    9|          2|    1|          2|
    |ap_enable_reg_pp0_iter0_reg                                          |    9|          2|    1|          2|
    |ap_enable_reg_pp0_iter1                                              |    9|          2|    1|          2|
    |cand_order_address0                                                  |   20|          4|   12|         48|
    |cand_order_address1                                                  |   14|          3|   12|         36|
    |grp_fu_378_opcode                                                    |   14|          3|    2|          6|
    |grp_fu_378_p0                                                        |   31|          6|   32|        192|
    |grp_fu_378_p1                                                        |   31|          6|   32|        192|
    |grp_fu_389_p0                                                        |   14|          3|   32|         96|
    |grp_fu_389_p1                                                        |   20|          4|   32|        128|
    |grp_fu_397_opcode                                                    |   14|          3|    5|         15|
    |grp_fu_397_p0                                                        |   26|          5|   32|        160|
    |grp_fu_397_p1                                                        |   26|          5|   32|        160|
    |grp_fu_402_p0                                                        |   14|          3|   32|         96|
    |grp_fu_402_p1                                                        |   14|          3|   32|         96|
    |j_fu_108                                                             |    9|          2|   64|        128|
    |nms_top_float_const_float_const_Detection_int_cand_boxes_1_address0  |   14|          3|   12|         36|
    |nms_top_float_const_float_const_Detection_int_cand_boxes_2_address0  |   14|          3|   12|         36|
    |nms_top_float_const_float_const_Detection_int_cand_boxes_3_address0  |   14|          3|   12|         36|
    |nms_top_float_const_float_const_Detection_int_cand_boxes_address0    |   14|          3|   12|         36|
    +---------------------------------------------------------------------+-----+-----------+-----+-----------+
    |Total                                                                |  541|        114|  404|       1549|
    +---------------------------------------------------------------------+-----+-----------+-----+-----------+

    * Register: 
    +--------------------------------------------------------------------------+----+----+-----+-----------+
    |                                   Name                                   | FF | LUT| Bits| Const Bits|
    +--------------------------------------------------------------------------+----+----+-----+-----------+
    |and_ln65_reg_1223                                                         |   1|   0|    1|          0|
    |and_ln66_reg_1234                                                         |   1|   0|    1|          0|
    |ap_CS_fsm                                                                 |  43|   0|   43|          0|
    |ap_done_reg                                                               |   1|   0|    1|          0|
    |ap_enable_reg_pp0_iter0_reg                                               |   1|   0|    1|          0|
    |ap_enable_reg_pp0_iter1                                                   |   1|   0|    1|          0|
    |icmp_ln222_reg_1058                                                       |   1|   0|    1|          0|
    |icmp_ln227_reg_1091                                                       |   1|   0|    1|          0|
    |icmp_ln61_reg_1115                                                        |   1|   0|    1|          0|
    |icmp_ln62_reg_1120                                                        |   1|   0|    1|          0|
    |icmp_ln63_reg_1125                                                        |   1|   0|    1|          0|
    |icmp_ln64_reg_1130                                                        |   1|   0|    1|          0|
    |icmp_ln71_1_reg_1265                                                      |   1|   0|    1|          0|
    |icmp_ln71_reg_1260                                                        |   1|   0|    1|          0|
    |ih_reg_1227                                                               |  32|   0|   32|          0|
    |inter_reg_1238                                                            |  32|   0|   32|          0|
    |j_fu_108                                                                  |  64|   0|   64|          0|
    |nms_top_float_const_float_const_Detection_int_cand_boxes_1_load_reg_1142  |  32|   0|   32|          0|
    |nms_top_float_const_float_const_Detection_int_cand_boxes_2_load_reg_1149  |  32|   0|   32|          0|
    |nms_top_float_const_float_const_Detection_int_cand_boxes_3_load_reg_1156  |  32|   0|   32|          0|
    |nms_top_float_const_float_const_Detection_int_cand_boxes_load_reg_1135    |  32|   0|   32|          0|
    |reg_410                                                                   |  32|   0|   32|          0|
    |suppressed_addr_reg_1076                                                  |  10|   0|   10|          0|
    |suppressed_load_reg_1082                                                  |   1|   0|    1|          0|
    |tmp_34_reg_1250                                                           |   8|   0|    8|          0|
    |trunc_ln222_reg_1050                                                      |  12|   0|   12|          0|
    |trunc_ln71_1_reg_1255                                                     |  23|   0|   23|          0|
    |y1_reg_1213                                                               |  32|   0|   32|          0|
    |y2_reg_1218                                                               |  32|   0|   32|          0|
    |zext_ln226_reg_1067                                                       |  12|   0|   64|         52|
    +--------------------------------------------------------------------------+----+----+-----+-----------+
    |Total                                                                     | 474|   0|  526|         52|
    +--------------------------------------------------------------------------+----+----+-----+-----------+



================================================================
== Interface
================================================================
* Summary: 
+---------------------------------------------------------------------+-----+-----+------------+------------------------------------------------------------+--------------+
|                              RTL Ports                              | Dir | Bits|  Protocol  |                        Source Object                       |    C Type    |
+---------------------------------------------------------------------+-----+-----+------------+------------------------------------------------------------+--------------+
|ap_clk                                                               |   in|    1|  ap_ctrl_hs|                                   nms_greedy_Pipeline_NMS_J|  return value|
|ap_rst                                                               |   in|    1|  ap_ctrl_hs|                                   nms_greedy_Pipeline_NMS_J|  return value|
|ap_start                                                             |   in|    1|  ap_ctrl_hs|                                   nms_greedy_Pipeline_NMS_J|  return value|
|ap_done                                                              |  out|    1|  ap_ctrl_hs|                                   nms_greedy_Pipeline_NMS_J|  return value|
|ap_idle                                                              |  out|    1|  ap_ctrl_hs|                                   nms_greedy_Pipeline_NMS_J|  return value|
|ap_ready                                                             |  out|    1|  ap_ctrl_hs|                                   nms_greedy_Pipeline_NMS_J|  return value|
|grp_fu_622_p_din0                                                    |  out|   32|  ap_ctrl_hs|                                   nms_greedy_Pipeline_NMS_J|  return value|
|grp_fu_622_p_din1                                                    |  out|   32|  ap_ctrl_hs|                                   nms_greedy_Pipeline_NMS_J|  return value|
|grp_fu_622_p_opcode                                                  |  out|    2|  ap_ctrl_hs|                                   nms_greedy_Pipeline_NMS_J|  return value|
|grp_fu_622_p_dout0                                                   |   in|   32|  ap_ctrl_hs|                                   nms_greedy_Pipeline_NMS_J|  return value|
|grp_fu_622_p_ce                                                      |  out|    1|  ap_ctrl_hs|                                   nms_greedy_Pipeline_NMS_J|  return value|
|grp_fu_626_p_din0                                                    |  out|   32|  ap_ctrl_hs|                                   nms_greedy_Pipeline_NMS_J|  return value|
|grp_fu_626_p_din1                                                    |  out|   32|  ap_ctrl_hs|                                   nms_greedy_Pipeline_NMS_J|  return value|
|grp_fu_626_p_dout0                                                   |   in|   32|  ap_ctrl_hs|                                   nms_greedy_Pipeline_NMS_J|  return value|
|grp_fu_626_p_ce                                                      |  out|    1|  ap_ctrl_hs|                                   nms_greedy_Pipeline_NMS_J|  return value|
|grp_fu_630_p_din0                                                    |  out|   32|  ap_ctrl_hs|                                   nms_greedy_Pipeline_NMS_J|  return value|
|grp_fu_630_p_din1                                                    |  out|   32|  ap_ctrl_hs|                                   nms_greedy_Pipeline_NMS_J|  return value|
|grp_fu_630_p_opcode                                                  |  out|    5|  ap_ctrl_hs|                                   nms_greedy_Pipeline_NMS_J|  return value|
|grp_fu_630_p_dout0                                                   |   in|    1|  ap_ctrl_hs|                                   nms_greedy_Pipeline_NMS_J|  return value|
|grp_fu_630_p_ce                                                      |  out|    1|  ap_ctrl_hs|                                   nms_greedy_Pipeline_NMS_J|  return value|
|sext_ln207                                                           |   in|   32|     ap_none|                                                  sext_ln207|        scalar|
|select_ln222                                                         |   in|   32|     ap_none|                                                select_ln222|        scalar|
|cls_i                                                                |   in|   32|     ap_none|                                                       cls_i|        scalar|
|bitcast_ln61                                                         |   in|   31|     ap_none|                                                bitcast_ln61|        scalar|
|icmp_ln61_1                                                          |   in|    1|     ap_none|                                                 icmp_ln61_1|        scalar|
|ax1                                                                  |   in|   32|     ap_none|                                                         ax1|        scalar|
|i_2                                                                  |   in|   12|     ap_none|                                                         i_2|        scalar|
|bitcast_ln62                                                         |   in|   31|     ap_none|                                                bitcast_ln62|        scalar|
|icmp_ln62_1                                                          |   in|    1|     ap_none|                                                 icmp_ln62_1|        scalar|
|ay1                                                                  |   in|   32|     ap_none|                                                         ay1|        scalar|
|bitcast_ln63                                                         |   in|   31|     ap_none|                                                bitcast_ln63|        scalar|
|icmp_ln63_1                                                          |   in|    1|     ap_none|                                                 icmp_ln63_1|        scalar|
|ax2                                                                  |   in|   32|     ap_none|                                                         ax2|        scalar|
|bitcast_ln64                                                         |   in|   31|     ap_none|                                                bitcast_ln64|        scalar|
|icmp_ln64_1                                                          |   in|    1|     ap_none|                                                 icmp_ln64_1|        scalar|
|ay2                                                                  |   in|   32|     ap_none|                                                         ay2|        scalar|
|area_i                                                               |   in|   32|     ap_none|                                                      area_i|        scalar|
|cand_order_address0                                                  |  out|   12|   ap_memory|                                                  cand_order|         array|
|cand_order_ce0                                                       |  out|    1|   ap_memory|                                                  cand_order|         array|
|cand_order_q0                                                        |   in|   12|   ap_memory|                                                  cand_order|         array|
|cand_order_address1                                                  |  out|   12|   ap_memory|                                                  cand_order|         array|
|cand_order_ce1                                                       |  out|    1|   ap_memory|                                                  cand_order|         array|
|cand_order_q1                                                        |   in|   12|   ap_memory|                                                  cand_order|         array|
|suppressed_address0                                                  |  out|   10|   ap_memory|                                                  suppressed|         array|
|suppressed_ce0                                                       |  out|    1|   ap_memory|                                                  suppressed|         array|
|suppressed_q0                                                        |   in|    1|   ap_memory|                                                  suppressed|         array|
|suppressed_address1                                                  |  out|   10|   ap_memory|                                                  suppressed|         array|
|suppressed_ce1                                                       |  out|    1|   ap_memory|                                                  suppressed|         array|
|suppressed_we1                                                       |  out|    1|   ap_memory|                                                  suppressed|         array|
|suppressed_d1                                                        |  out|    1|   ap_memory|                                                  suppressed|         array|
|cand_cls_address0                                                    |  out|   12|   ap_memory|                                                    cand_cls|         array|
|cand_cls_ce0                                                         |  out|    1|   ap_memory|                                                    cand_cls|         array|
|cand_cls_q0                                                          |   in|   32|   ap_memory|                                                    cand_cls|         array|
|nms_top_float_const_float_const_Detection_int_cand_boxes_address0    |  out|   12|   ap_memory|    nms_top_float_const_float_const_Detection_int_cand_boxes|         array|
|nms_top_float_const_float_const_Detection_int_cand_boxes_ce0         |  out|    1|   ap_memory|    nms_top_float_const_float_const_Detection_int_cand_boxes|         array|
|nms_top_float_const_float_const_Detection_int_cand_boxes_q0          |   in|   32|   ap_memory|    nms_top_float_const_float_const_Detection_int_cand_boxes|         array|
|nms_top_float_const_float_const_Detection_int_cand_boxes_1_address0  |  out|   12|   ap_memory|  nms_top_float_const_float_const_Detection_int_cand_boxes_1|         array|
|nms_top_float_const_float_const_Detection_int_cand_boxes_1_ce0       |  out|    1|   ap_memory|  nms_top_float_const_float_const_Detection_int_cand_boxes_1|         array|
|nms_top_float_const_float_const_Detection_int_cand_boxes_1_q0        |   in|   32|   ap_memory|  nms_top_float_const_float_const_Detection_int_cand_boxes_1|         array|
|nms_top_float_const_float_const_Detection_int_cand_boxes_2_address0  |  out|   12|   ap_memory|  nms_top_float_const_float_const_Detection_int_cand_boxes_2|         array|
|nms_top_float_const_float_const_Detection_int_cand_boxes_2_ce0       |  out|    1|   ap_memory|  nms_top_float_const_float_const_Detection_int_cand_boxes_2|         array|
|nms_top_float_const_float_const_Detection_int_cand_boxes_2_q0        |   in|   32|   ap_memory|  nms_top_float_const_float_const_Detection_int_cand_boxes_2|         array|
|nms_top_float_const_float_const_Detection_int_cand_boxes_3_address0  |  out|   12|   ap_memory|  nms_top_float_const_float_const_Detection_int_cand_boxes_3|         array|
|nms_top_float_const_float_const_Detection_int_cand_boxes_3_ce0       |  out|    1|   ap_memory|  nms_top_float_const_float_const_Detection_int_cand_boxes_3|         array|
|nms_top_float_const_float_const_Detection_int_cand_boxes_3_q0        |   in|   32|   ap_memory|  nms_top_float_const_float_const_Detection_int_cand_boxes_3|         array|
+---------------------------------------------------------------------+-----+-----+------------+------------------------------------------------------------+--------------+

