

================================================================
== Vitis HLS Report for 'nms_greedy_Pipeline_SUPP_INIT'
================================================================
* Date:           Tue Jun  2 14:29:20 2026

* Version:        2022.2 (Build 3670227 on Oct 13 2022)
* Project:        nms
* Solution:       solution1 (Vivado IP Flow Target)
* Product family: zynquplus
* Target device:  xczu9eg-ffvb1156-2-e


================================================================
== Performance Estimates
================================================================
+ Timing: 
    * Summary: 
    +--------+---------+----------+------------+
    |  Clock |  Target | Estimated| Uncertainty|
    +--------+---------+----------+------------+
    |ap_clk  |  5.00 ns|  1.668 ns|     1.35 ns|
    +--------+---------+----------+------------+

+ Latency: 
    * Summary: 
    +---------+---------+-----------+----------+-----+------+---------+
    |  Latency (cycles) |  Latency (absolute)  |  Interval  | Pipeline|
    |   min   |   max   |    min    |    max   | min |  max |   Type  |
    +---------+---------+-----------+----------+-----+------+---------+
    |        2|     1002|  10.000 ns|  5.010 us|    2|  1002|       no|
    +---------+---------+-----------+----------+-----+------+---------+

    + Detail: 
        * Instance: 
        N/A

        * Loop: 
        +-------------+---------+---------+----------+-----------+-----------+----------+----------+
        |             |  Latency (cycles) | Iteration|  Initiation Interval  |   Trip   |          |
        |  Loop Name  |   min   |   max   |  Latency |  achieved |   target  |   Count  | Pipelined|
        +-------------+---------+---------+----------+-----------+-----------+----------+----------+
        |- SUPP_INIT  |        0|     1000|         1|          1|          1|  0 ~ 1000|       yes|
        +-------------+---------+---------+----------+-----------+-----------+----------+----------+



================================================================
== Utilization Estimates
================================================================
* Summary: 
+-----------------+---------+------+--------+--------+-----+
|       Name      | BRAM_18K|  DSP |   FF   |   LUT  | URAM|
+-----------------+---------+------+--------+--------+-----+
|DSP              |        -|     -|       -|       -|    -|
|Expression       |        -|     -|       0|      37|    -|
|FIFO             |        -|     -|       -|       -|    -|
|Instance         |        -|     -|       -|       -|    -|
|Memory           |        -|     -|       -|       -|    -|
|Multiplexer      |        -|     -|       -|      27|    -|
|Register         |        -|     -|      12|       -|    -|
+-----------------+---------+------+--------+--------+-----+
|Total            |        0|     0|      12|      64|    0|
+-----------------+---------+------+--------+--------+-----+
|Available        |     1824|  2520|  548160|  274080|    0|
+-----------------+---------+------+--------+--------+-----+
|Utilization (%)  |        0|     0|      ~0|      ~0|    0|
+-----------------+---------+------+--------+--------+-----+

+ Detail: 
    * Instance: 
    N/A

    * DSP: 
    N/A

    * Memory: 
    N/A

    * FIFO: 
    N/A

    * Expression: 
    +---------------------+----------+----+---+----+------------+------------+
    |    Variable Name    | Operation| DSP| FF| LUT| Bitwidth P0| Bitwidth P1|
    +---------------------+----------+----+---+----+------------+------------+
    |add_ln200_fu_84_p2   |         +|   0|  0|  17|          10|           1|
    |icmp_ln200_fu_78_p2  |      icmp|   0|  0|  20|          32|          32|
    +---------------------+----------+----+---+----+------------+------------+
    |Total                |          |   0|  0|  37|          42|          33|
    +---------------------+----------+----+---+----+------------+------------+

    * Multiplexer: 
    +----------------------+----+-----------+-----+-----------+
    |         Name         | LUT| Input Size| Bits| Total Bits|
    +----------------------+----+-----------+-----+-----------+
    |ap_done_int           |   9|          2|    1|          2|
    |ap_sig_allocacmp_i_2  |   9|          2|   10|         20|
    |i_fu_38               |   9|          2|   10|         20|
    +----------------------+----+-----------+-----+-----------+
    |Total                 |  27|          6|   21|         42|
    +----------------------+----+-----------+-----+-----------+

    * Register: 
    +-------------+----+----+-----+-----------+
    |     Name    | FF | LUT| Bits| Const Bits|
    +-------------+----+----+-----+-----------+
    |ap_CS_fsm    |   1|   0|    1|          0|
    |ap_done_reg  |   1|   0|    1|          0|
    |i_fu_38      |  10|   0|   10|          0|
    +-------------+----+----+-----+-----------+
    |Total        |  12|   0|   12|          0|
    +-------------+----+----+-----+-----------+



================================================================
== Interface
================================================================
* Summary: 
+---------------------+-----+-----+------------+-------------------------------+--------------+
|      RTL Ports      | Dir | Bits|  Protocol  |         Source Object         |    C Type    |
+---------------------+-----+-----+------------+-------------------------------+--------------+
|ap_clk               |   in|    1|  ap_ctrl_hs|  nms_greedy_Pipeline_SUPP_INIT|  return value|
|ap_rst               |   in|    1|  ap_ctrl_hs|  nms_greedy_Pipeline_SUPP_INIT|  return value|
|ap_start             |   in|    1|  ap_ctrl_hs|  nms_greedy_Pipeline_SUPP_INIT|  return value|
|ap_done              |  out|    1|  ap_ctrl_hs|  nms_greedy_Pipeline_SUPP_INIT|  return value|
|ap_idle              |  out|    1|  ap_ctrl_hs|  nms_greedy_Pipeline_SUPP_INIT|  return value|
|ap_ready             |  out|    1|  ap_ctrl_hs|  nms_greedy_Pipeline_SUPP_INIT|  return value|
|N                    |   in|   32|     ap_none|                              N|        scalar|
|suppressed_address1  |  out|   10|   ap_memory|                     suppressed|         array|
|suppressed_ce1       |  out|    1|   ap_memory|                     suppressed|         array|
|suppressed_we1       |  out|    1|   ap_memory|                     suppressed|         array|
|suppressed_d1        |  out|    1|   ap_memory|                     suppressed|         array|
+---------------------+-----+-----+------------+-------------------------------+--------------+

