

================================================================
== Vitis HLS Report for 'score_filter_Pipeline_SF_C'
================================================================
* Date:           Tue Jun  2 14:29:18 2026

* Version:        2022.2 (Build 3670227 on Oct 13 2022)
* Project:        nms
* Solution:       solution1 (Vivado IP Flow Target)
* Product family: zynquplus
* Target device:  xczu9eg-ffvb1156-2-e


================================================================
== Performance Estimates
================================================================
+ Timing: 
    * Summary: 
    +--------+---------+----------+------------+
    |  Clock |  Target | Estimated| Uncertainty|
    +--------+---------+----------+------------+
    |ap_clk  |  5.00 ns|  6.179 ns|     1.35 ns|
    +--------+---------+----------+------------+

+ Latency: 
    * Summary: 
    +---------+---------+----------+----------+-----+-----+---------+
    |  Latency (cycles) |  Latency (absolute) |  Interval | Pipeline|
    |   min   |   max   |    min   |    max   | min | max |   Type  |
    +---------+---------+----------+----------+-----+-----+---------+
    |      104|      104|  0.643 us|  0.643 us|  104|  104|       no|
    +---------+---------+----------+----------+-----+-----+---------+

    + Detail: 
        * Instance: 
        N/A

        * Loop: 
        +----------+---------+---------+----------+-----------+-----------+------+----------+
        |          |  Latency (cycles) | Iteration|  Initiation Interval  | Trip |          |
        | Loop Name|   min   |   max   |  Latency |  achieved |   target  | Count| Pipelined|
        +----------+---------+---------+----------+-----------+-----------+------+----------+
        |- SF_C    |      102|      102|        70|         11|          1|     4|       yes|
        +----------+---------+---------+----------+-----------+-----------+------+----------+



================================================================
== Utilization Estimates
================================================================
* Summary: 
+-----------------+---------+------+--------+--------+-----+
|       Name      | BRAM_18K|  DSP |   FF   |   LUT  | URAM|
+-----------------+---------+------+--------+--------+-----+
|DSP              |        -|     1|       -|       -|    -|
|Expression       |        -|     -|       0|     951|    -|
|FIFO             |        -|     -|       -|       -|    -|
|Instance         |        -|     7|     381|    1039|    -|
|Memory           |        -|     -|       -|       -|    -|
|Multiplexer      |        -|     -|       -|     449|    -|
|Register         |        -|     -|    1526|     224|    -|
+-----------------+---------+------+--------+--------+-----+
|Total            |        0|     8|    1907|    2663|    0|
+-----------------+---------+------+--------+--------+-----+
|Available        |     1824|  2520|  548160|  274080|    0|
+-----------------+---------+------+--------+--------+-----+
|Utilization (%)  |        0|    ~0|      ~0|      ~0|    0|
+-----------------+---------+------+--------+--------+-----+

+ Detail: 
    * Instance: 
    +------------------------------------+---------------------------------+---------+----+-----+-----+-----+
    |              Instance              |              Module             | BRAM_18K| DSP|  FF | LUT | URAM|
    +------------------------------------+---------------------------------+---------+----+-----+-----+-----+
    |fexp_32ns_32ns_32_13_full_dsp_1_U5  |fexp_32ns_32ns_32_13_full_dsp_1  |        0|   7|  381|  939|    0|
    |mux_42_32_1_1_U6                    |mux_42_32_1_1                    |        0|   0|    0|   20|    0|
    |mux_42_32_1_1_U7                    |mux_42_32_1_1                    |        0|   0|    0|   20|    0|
    |mux_42_32_1_1_U8                    |mux_42_32_1_1                    |        0|   0|    0|   20|    0|
    |mux_42_32_1_1_U9                    |mux_42_32_1_1                    |        0|   0|    0|   20|    0|
    |mux_42_32_1_1_U10                   |mux_42_32_1_1                    |        0|   0|    0|   20|    0|
    +------------------------------------+---------------------------------+---------+----+-----+-----+-----+
    |Total                               |                                 |        0|   7|  381| 1039|    0|
    +------------------------------------+---------------------------------+---------+----+-----+-----+-----+

    * DSP: 
    +---------------------------------------------+-----------------------------------------+---------------------+
    |                   Instance                  |                  Module                 |      Expression     |
    +---------------------------------------------+-----------------------------------------+---------------------+
    |ama_addmuladd_12ns_12ns_7ns_12ns_12_1_1_U11  |ama_addmuladd_12ns_12ns_7ns_12ns_12_1_1  |  i0 + (i1 + i2) * i3|
    +---------------------------------------------+-----------------------------------------+---------------------+

    * Memory: 
    N/A

    * FIFO: 
    N/A

    * Expression: 
    +---------------------------------------------------------------+----------+----+---+----+------------+------------+
    |                         Variable Name                         | Operation| DSP| FF| LUT| Bitwidth P0| Bitwidth P1|
    +---------------------------------------------------------------+----------+----+---+----+------------+------------+
    |add_ln103_fu_583_p2                                            |         +|   0|  0|  71|          64|           1|
    |grp_fu_1313_p3                                                 |         +|   0|  0|  19|          12|          12|
    |num_cand_2_fu_799_p2                                           |         +|   0|  0|  39|          32|           1|
    |and_ln103_fu_577_p2                                            |       and|   0|  0|   2|           1|           1|
    |and_ln111_fu_764_p2                                            |       and|   0|  0|   2|           1|           1|
    |and_ln118_fu_853_p2                                            |       and|   0|  0|   2|           1|           1|
    |and_ln119_fu_959_p2                                            |       and|   0|  0|   2|           1|           1|
    |and_ln120_fu_911_p2                                            |       and|   0|  0|   2|           1|           1|
    |and_ln121_fu_1007_p2                                           |       and|   0|  0|   2|           1|           1|
    |and_ln16_fu_685_p2                                             |       and|   0|  0|   2|           1|           1|
    |and_ln17_1_fu_700_p2                                           |       and|   0|  0|   2|           1|           1|
    |and_ln17_fu_689_p2                                             |       and|   0|  0|   2|           1|           1|
    |and_ln18_1_fu_1163_p2                                          |       and|   0|  0|   2|           1|           1|
    |and_ln18_2_fu_1220_p2                                          |       and|   0|  0|   2|           1|           1|
    |and_ln18_3_fu_1279_p2                                          |       and|   0|  0|   2|           1|           1|
    |and_ln18_fu_1076_p2                                            |       and|   0|  0|   2|           1|           1|
    |and_ln25_1_fu_1145_p2                                          |       and|   0|  0|   2|           1|           1|
    |and_ln25_fu_1058_p2                                            |       and|   0|  0|   2|           1|           1|
    |icmp_ln1019_1_fu_1052_p2                                       |      icmp|   0|  0|  16|          23|           1|
    |icmp_ln1019_2_fu_1064_p2                                       |      icmp|   0|  0|  11|           8|           2|
    |icmp_ln1019_3_fu_1133_p2                                       |      icmp|   0|  0|  11|           8|           1|
    |icmp_ln1019_4_fu_1139_p2                                       |      icmp|   0|  0|  16|          23|           1|
    |icmp_ln1019_5_fu_1151_p2                                       |      icmp|   0|  0|  11|           8|           2|
    |icmp_ln1019_6_fu_1208_p2                                       |      icmp|   0|  0|  11|           8|           2|
    |icmp_ln1019_7_fu_1267_p2                                       |      icmp|   0|  0|  11|           8|           2|
    |icmp_ln1019_fu_1046_p2                                         |      icmp|   0|  0|  11|           8|           1|
    |icmp_ln1023_1_fu_1273_p2                                       |      icmp|   0|  0|  16|          23|           1|
    |icmp_ln1023_fu_1214_p2                                         |      icmp|   0|  0|  16|          23|           1|
    |icmp_ln103_1_fu_571_p2                                         |      icmp|   0|  0|  20|          32|          12|
    |icmp_ln103_fu_565_p2                                           |      icmp|   0|  0|  28|          62|           1|
    |icmp_ln111_1_fu_752_p2                                         |      icmp|   0|  0|  16|          23|           1|
    |icmp_ln111_fu_746_p2                                           |      icmp|   0|  0|  11|           8|           2|
    |icmp_ln118_1_fu_841_p2                                         |      icmp|   0|  0|  16|          23|           1|
    |icmp_ln118_fu_835_p2                                           |      icmp|   0|  0|  11|           8|           2|
    |icmp_ln119_1_fu_947_p2                                         |      icmp|   0|  0|  16|          23|           1|
    |icmp_ln119_fu_941_p2                                           |      icmp|   0|  0|  11|           8|           2|
    |icmp_ln120_1_fu_899_p2                                         |      icmp|   0|  0|  16|          23|           1|
    |icmp_ln120_fu_893_p2                                           |      icmp|   0|  0|  11|           8|           2|
    |icmp_ln121_1_fu_995_p2                                         |      icmp|   0|  0|  16|          23|           1|
    |icmp_ln121_fu_989_p2                                           |      icmp|   0|  0|  11|           8|           2|
    |icmp_ln16_1_fu_673_p2                                          |      icmp|   0|  0|  16|          23|           1|
    |icmp_ln16_fu_667_p2                                            |      icmp|   0|  0|  11|           8|           2|
    |ymaggreater_2_fu_1226_p2                                       |      icmp|   0|  0|  20|          32|          31|
    |ymaggreater_3_fu_1285_p2                                       |      icmp|   0|  0|  20|          32|          31|
    |or_ln111_fu_758_p2                                             |        or|   0|  0|   2|           1|           1|
    |or_ln118_fu_847_p2                                             |        or|   0|  0|   2|           1|           1|
    |or_ln119_fu_953_p2                                             |        or|   0|  0|   2|           1|           1|
    |or_ln120_fu_905_p2                                             |        or|   0|  0|   2|           1|           1|
    |or_ln121_fu_1001_p2                                            |        or|   0|  0|   2|           1|           1|
    |or_ln16_fu_679_p2                                              |        or|   0|  0|   2|           1|           1|
    |or_ln17_fu_713_p2                                              |        or|   0|  0|   2|           1|           1|
    |or_ln18_1_fu_1088_p2                                           |        or|   0|  0|   2|           1|           1|
    |or_ln18_2_fu_1169_p2                                           |        or|   0|  0|   2|           1|           1|
    |or_ln18_3_fu_1175_p2                                           |        or|   0|  0|   2|           1|           1|
    |or_ln18_fu_1082_p2                                             |        or|   0|  0|   2|           1|           1|
    |dh_1_fu_917_p3                                                 |    select|   0|  0|  32|           1|          31|
    |dh_2_fu_1013_p3                                                |    select|   0|  0|  32|           1|          31|
    |dw_1_fu_859_p3                                                 |    select|   0|  0|  32|           1|          31|
    |dw_2_fu_965_p3                                                 |    select|   0|  0|  32|           1|          31|
    |nms_top_float_const_float_const_Detection_int_cand_boxes_1_d0  |    select|   0|  0|  32|           1|           1|
    |nms_top_float_const_float_const_Detection_int_cand_boxes_2_d0  |    select|   0|  0|  32|           1|          31|
    |nms_top_float_const_float_const_Detection_int_cand_boxes_3_d0  |    select|   0|  0|  32|           1|          31|
    |nms_top_float_const_float_const_Detection_int_cand_boxes_d0    |    select|   0|  0|  32|           1|           1|
    |res_4_fu_1291_p3                                               |    select|   0|  0|  32|           1|          32|
    |res_fu_1232_p3                                                 |    select|   0|  0|  32|           1|          32|
    |s_fu_717_p3                                                    |    select|   0|  0|  32|           1|          32|
    |select_ln17_fu_706_p3                                          |    select|   0|  0|  30|           1|          30|
    |ap_enable_pp0                                                  |       xor|   0|  0|   2|           1|           2|
    |xor_ln1023_1_fu_1157_p2                                        |       xor|   0|  0|   2|           1|           2|
    |xor_ln1023_fu_1070_p2                                          |       xor|   0|  0|   2|           1|           2|
    |xor_ln16_fu_694_p2                                             |       xor|   0|  0|   2|           2|           1|
    +---------------------------------------------------------------+----------+----+---+----+------------+------------+
    |Total                                                          |          |   0|  0| 951|         635|         468|
    +---------------------------------------------------------------+----------+----+---+----+------------+------------+

    * Multiplexer: 
    +----------------------------------+----+-----------+-----+-----------+
    |               Name               | LUT| Input Size| Bits| Total Bits|
    +----------------------------------+----+-----------+-----+-----------+
    |ap_NS_fsm                         |  65|         12|    1|         12|
    |ap_done_int                       |   9|          2|    1|          2|
    |ap_enable_reg_pp0_iter0           |   9|          2|    1|          2|
    |ap_enable_reg_pp0_iter1           |   9|          2|    1|          2|
    |ap_enable_reg_pp0_iter6           |   9|          2|    1|          2|
    |ap_loop_exit_ready_pp0_iter1_reg  |   9|          2|    1|          2|
    |ap_loop_exit_ready_pp0_iter2_reg  |   9|          2|    1|          2|
    |ap_loop_exit_ready_pp0_iter3_reg  |   9|          2|    1|          2|
    |ap_loop_exit_ready_pp0_iter4_reg  |   9|          2|    1|          2|
    |ap_loop_exit_ready_pp0_iter5_reg  |   9|          2|    1|          2|
    |ap_sig_allocacmp_num_cand_1       |   9|          2|   32|         64|
    |c_fu_182                          |   9|          2|   64|        128|
    |grp_fu_508_opcode                 |  14|          3|    2|          6|
    |grp_fu_508_p0                     |  37|          7|   32|        224|
    |grp_fu_508_p1                     |  37|          7|   32|        224|
    |grp_fu_512_p0                     |  49|          9|   32|        288|
    |grp_fu_512_p1                     |  31|          6|   32|        192|
    |grp_fu_520_opcode                 |  20|          4|    5|         20|
    |grp_fu_520_p0                     |  43|          8|   32|        256|
    |grp_fu_520_p1                     |  31|          6|   32|        192|
    |grp_fu_529_p1                     |  14|          3|   32|         96|
    |num_cand_fu_186                   |   9|          2|   32|         64|
    +----------------------------------+----+-----------+-----+-----------+
    |Total                             | 449|         89|  369|       1784|
    +----------------------------------+----+-----------+-----+-----------+

    * Register: 
    +----------------------------------+----+----+-----+-----------+
    |               Name               | FF | LUT| Bits| Const Bits|
    +----------------------------------+----+----+-----+-----------+
    |and_ln103_reg_1482                |   1|   0|    1|          0|
    |and_ln111_reg_1552                |   1|   0|    1|          0|
    |and_ln16_reg_1524                 |   1|   0|    1|          0|
    |and_ln17_1_reg_1529               |   1|   0|    1|          0|
    |ap_CS_fsm                         |  11|   0|   11|          0|
    |ap_done_reg                       |   1|   0|    1|          0|
    |ap_enable_reg_pp0_iter0_reg       |   1|   0|    1|          0|
    |ap_enable_reg_pp0_iter1           |   1|   0|    1|          0|
    |ap_enable_reg_pp0_iter2           |   1|   0|    1|          0|
    |ap_enable_reg_pp0_iter3           |   1|   0|    1|          0|
    |ap_enable_reg_pp0_iter4           |   1|   0|    1|          0|
    |ap_enable_reg_pp0_iter5           |   1|   0|    1|          0|
    |ap_enable_reg_pp0_iter6           |   1|   0|    1|          0|
    |ap_loop_exit_ready_pp0_iter1_reg  |   1|   0|    1|          0|
    |ap_loop_exit_ready_pp0_iter2_reg  |   1|   0|    1|          0|
    |ap_loop_exit_ready_pp0_iter3_reg  |   1|   0|    1|          0|
    |ap_loop_exit_ready_pp0_iter4_reg  |   1|   0|    1|          0|
    |ap_loop_exit_ready_pp0_iter5_reg  |   1|   0|    1|          0|
    |c_1_reg_1469                      |  64|   0|   64|          0|
    |c_fu_182                          |  64|   0|   64|          0|
    |dh_1_reg_1592                     |  32|   0|   32|          0|
    |dh_2_reg_1609                     |  32|   0|   32|          0|
    |dh_reg_1585                       |  32|   0|   32|          0|
    |dw_1_reg_1578                     |  32|   0|   32|          0|
    |dw_2_reg_1604                     |  32|   0|   32|          0|
    |dw_reg_1561                       |  32|   0|   32|          0|
    |dy_reg_1573                       |  32|   0|   32|          0|
    |mul2_reg_1614                     |  32|   0|   32|          0|
    |mul5_reg_1649                     |  32|   0|   32|          0|
    |mul6_reg_1654                     |  32|   0|   32|          0|
    |mul_reg_1599                      |  32|   0|   32|          0|
    |num_cand_1_reg_1474               |  32|   0|   32|          0|
    |num_cand_fu_186                   |  32|   0|   32|          0|
    |or_ln16_reg_1513                  |   1|   0|    1|          0|
    |pred_cx_reg_1619                  |  32|   0|   32|          0|
    |pred_cy_reg_1624                  |  32|   0|   32|          0|
    |pred_h_reg_1644                   |  32|   0|   32|          0|
    |pred_w_reg_1639                   |  32|   0|   32|          0|
    |reg_534                           |  32|   0|   32|          0|
    |res_6_reg_1659                    |  32|   0|   32|          0|
    |res_7_reg_1671                    |  32|   0|   32|          0|
    |res_8_reg_1676                    |  32|   0|   32|          0|
    |res_9_reg_1681                    |  32|   0|   32|          0|
    |s_reg_1540                        |  32|   0|   32|          0|
    |sub1_reg_1686                     |  32|   0|   32|          0|
    |tmp_4_reg_1519                    |   1|   0|    1|          0|
    |tmp_6_reg_1629                    |  32|   0|   32|          0|
    |tmp_7_reg_1634                    |  32|   0|   32|          0|
    |trunc_ln103_reg_1547              |  12|   0|   12|          0|
    |x_assign_reg_1506                 |  32|   0|   32|          0|
    |zext_ln134_reg_1664               |  12|   0|   64|         52|
    |zext_ln138_reg_1568               |  32|   0|   64|         32|
    |and_ln103_reg_1482                |  64|  32|    1|          0|
    |and_ln111_reg_1552                |  64|  32|    1|          0|
    |num_cand_1_reg_1474               |  64|  32|   32|          0|
    |pred_cx_reg_1619                  |  64|  32|   32|          0|
    |pred_cy_reg_1624                  |  64|  32|   32|          0|
    |trunc_ln103_reg_1547              |  64|  32|   12|          0|
    |zext_ln138_reg_1568               |  64|  32|   64|         32|
    +----------------------------------+----+----+-----+-----------+
    |Total                             |1526| 224| 1336|        116|
    +----------------------------------+----+----+-----+-----------+



================================================================
== Interface
================================================================
* Summary: 
+---------------------------------------------------------------------+-----+-----+------------+------------------------------------------------------------+--------------+
|                              RTL Ports                              | Dir | Bits|  Protocol  |                        Source Object                       |    C Type    |
+---------------------------------------------------------------------+-----+-----+------------+------------------------------------------------------------+--------------+
|ap_clk                                                               |   in|    1|  ap_ctrl_hs|                                  score_filter_Pipeline_SF_C|  return value|
|ap_rst                                                               |   in|    1|  ap_ctrl_hs|                                  score_filter_Pipeline_SF_C|  return value|
|ap_start                                                             |   in|    1|  ap_ctrl_hs|                                  score_filter_Pipeline_SF_C|  return value|
|ap_done                                                              |  out|    1|  ap_ctrl_hs|                                  score_filter_Pipeline_SF_C|  return value|
|ap_idle                                                              |  out|    1|  ap_ctrl_hs|                                  score_filter_Pipeline_SF_C|  return value|
|ap_ready                                                             |  out|    1|  ap_ctrl_hs|                                  score_filter_Pipeline_SF_C|  return value|
|grp_fu_1232_p_din0                                                   |  out|   32|  ap_ctrl_hs|                                  score_filter_Pipeline_SF_C|  return value|
|grp_fu_1232_p_din1                                                   |  out|   32|  ap_ctrl_hs|                                  score_filter_Pipeline_SF_C|  return value|
|grp_fu_1232_p_opcode                                                 |  out|    1|  ap_ctrl_hs|                                  score_filter_Pipeline_SF_C|  return value|
|grp_fu_1232_p_dout0                                                  |   in|   32|  ap_ctrl_hs|                                  score_filter_Pipeline_SF_C|  return value|
|grp_fu_1232_p_ce                                                     |  out|    1|  ap_ctrl_hs|                                  score_filter_Pipeline_SF_C|  return value|
|grp_fu_381_p_din0                                                    |  out|   32|  ap_ctrl_hs|                                  score_filter_Pipeline_SF_C|  return value|
|grp_fu_381_p_din1                                                    |  out|   32|  ap_ctrl_hs|                                  score_filter_Pipeline_SF_C|  return value|
|grp_fu_381_p_opcode                                                  |  out|    2|  ap_ctrl_hs|                                  score_filter_Pipeline_SF_C|  return value|
|grp_fu_381_p_dout0                                                   |   in|   32|  ap_ctrl_hs|                                  score_filter_Pipeline_SF_C|  return value|
|grp_fu_381_p_ce                                                      |  out|    1|  ap_ctrl_hs|                                  score_filter_Pipeline_SF_C|  return value|
|grp_fu_386_p_din0                                                    |  out|   32|  ap_ctrl_hs|                                  score_filter_Pipeline_SF_C|  return value|
|grp_fu_386_p_din1                                                    |  out|   32|  ap_ctrl_hs|                                  score_filter_Pipeline_SF_C|  return value|
|grp_fu_386_p_dout0                                                   |   in|   32|  ap_ctrl_hs|                                  score_filter_Pipeline_SF_C|  return value|
|grp_fu_386_p_ce                                                      |  out|    1|  ap_ctrl_hs|                                  score_filter_Pipeline_SF_C|  return value|
|grp_fu_1236_p_din0                                                   |  out|   32|  ap_ctrl_hs|                                  score_filter_Pipeline_SF_C|  return value|
|grp_fu_1236_p_din1                                                   |  out|   32|  ap_ctrl_hs|                                  score_filter_Pipeline_SF_C|  return value|
|grp_fu_1236_p_opcode                                                 |  out|    5|  ap_ctrl_hs|                                  score_filter_Pipeline_SF_C|  return value|
|grp_fu_1236_p_dout0                                                  |   in|    1|  ap_ctrl_hs|                                  score_filter_Pipeline_SF_C|  return value|
|grp_fu_1236_p_ce                                                     |  out|    1|  ap_ctrl_hs|                                  score_filter_Pipeline_SF_C|  return value|
|num_cand_3                                                           |   in|   32|     ap_none|                                                  num_cand_3|        scalar|
|mul1                                                                 |   in|   12|     ap_none|                                                        mul1|        scalar|
|p_shl                                                                |   in|   12|     ap_none|                                                       p_shl|        scalar|
|tmp11                                                                |   in|   12|     ap_none|                                                       tmp11|        scalar|
|cls_logits_0_Addr_A                                                  |  out|   32|        bram|                                                cls_logits_0|         array|
|cls_logits_0_EN_A                                                    |  out|    1|        bram|                                                cls_logits_0|         array|
|cls_logits_0_WEN_A                                                   |  out|    4|        bram|                                                cls_logits_0|         array|
|cls_logits_0_Din_A                                                   |  out|   32|        bram|                                                cls_logits_0|         array|
|cls_logits_0_Dout_A                                                  |   in|   32|        bram|                                                cls_logits_0|         array|
|cls_logits_1_Addr_A                                                  |  out|   32|        bram|                                                cls_logits_1|         array|
|cls_logits_1_EN_A                                                    |  out|    1|        bram|                                                cls_logits_1|         array|
|cls_logits_1_WEN_A                                                   |  out|    4|        bram|                                                cls_logits_1|         array|
|cls_logits_1_Din_A                                                   |  out|   32|        bram|                                                cls_logits_1|         array|
|cls_logits_1_Dout_A                                                  |   in|   32|        bram|                                                cls_logits_1|         array|
|cls_logits_2_Addr_A                                                  |  out|   32|        bram|                                                cls_logits_2|         array|
|cls_logits_2_EN_A                                                    |  out|    1|        bram|                                                cls_logits_2|         array|
|cls_logits_2_WEN_A                                                   |  out|    4|        bram|                                                cls_logits_2|         array|
|cls_logits_2_Din_A                                                   |  out|   32|        bram|                                                cls_logits_2|         array|
|cls_logits_2_Dout_A                                                  |   in|   32|        bram|                                                cls_logits_2|         array|
|cls_logits_3_Addr_A                                                  |  out|   32|        bram|                                                cls_logits_3|         array|
|cls_logits_3_EN_A                                                    |  out|    1|        bram|                                                cls_logits_3|         array|
|cls_logits_3_WEN_A                                                   |  out|    4|        bram|                                                cls_logits_3|         array|
|cls_logits_3_Din_A                                                   |  out|   32|        bram|                                                cls_logits_3|         array|
|cls_logits_3_Dout_A                                                  |   in|   32|        bram|                                                cls_logits_3|         array|
|add_ln109_1                                                          |   in|    2|     ap_none|                                                 add_ln109_1|        scalar|
|bitcast_ln112                                                        |   in|   32|     ap_none|                                               bitcast_ln112|        scalar|
|bitcast_ln112_1                                                      |   in|   32|     ap_none|                                             bitcast_ln112_1|        scalar|
|bitcast_ln112_2                                                      |   in|   32|     ap_none|                                             bitcast_ln112_2|        scalar|
|bitcast_ln112_3                                                      |   in|   32|     ap_none|                                             bitcast_ln112_3|        scalar|
|add53_cast                                                           |   in|    2|     ap_none|                                                  add53_cast|        scalar|
|bitcast_ln113                                                        |   in|   32|     ap_none|                                               bitcast_ln113|        scalar|
|bitcast_ln113_1                                                      |   in|   32|     ap_none|                                             bitcast_ln113_1|        scalar|
|bitcast_ln113_2                                                      |   in|   32|     ap_none|                                             bitcast_ln113_2|        scalar|
|bitcast_ln113_3                                                      |   in|   32|     ap_none|                                             bitcast_ln113_3|        scalar|
|tmp_20                                                               |   in|    2|     ap_none|                                                      tmp_20|        scalar|
|bitcast_ln114                                                        |   in|   32|     ap_none|                                               bitcast_ln114|        scalar|
|bitcast_ln114_1                                                      |   in|   32|     ap_none|                                             bitcast_ln114_1|        scalar|
|bitcast_ln114_2                                                      |   in|   32|     ap_none|                                             bitcast_ln114_2|        scalar|
|bitcast_ln114_3                                                      |   in|   32|     ap_none|                                             bitcast_ln114_3|        scalar|
|bitcast_ln115                                                        |   in|   32|     ap_none|                                               bitcast_ln115|        scalar|
|bitcast_ln115_1                                                      |   in|   32|     ap_none|                                             bitcast_ln115_1|        scalar|
|bitcast_ln115_2                                                      |   in|   32|     ap_none|                                             bitcast_ln115_2|        scalar|
|bitcast_ln115_3                                                      |   in|   32|     ap_none|                                             bitcast_ln115_3|        scalar|
|aw                                                                   |   in|   32|     ap_none|                                                          aw|        scalar|
|cx                                                                   |   in|   32|     ap_none|                                                          cx|        scalar|
|ah                                                                   |   in|   32|     ap_none|                                                          ah|        scalar|
|cy                                                                   |   in|   32|     ap_none|                                                          cy|        scalar|
|num_cand_4_out                                                       |  out|   32|      ap_vld|                                              num_cand_4_out|       pointer|
|num_cand_4_out_ap_vld                                                |  out|    1|      ap_vld|                                              num_cand_4_out|       pointer|
|nms_top_float_const_float_const_Detection_int_cand_boxes_address0    |  out|   12|   ap_memory|    nms_top_float_const_float_const_Detection_int_cand_boxes|         array|
|nms_top_float_const_float_const_Detection_int_cand_boxes_ce0         |  out|    1|   ap_memory|    nms_top_float_const_float_const_Detection_int_cand_boxes|         array|
|nms_top_float_const_float_const_Detection_int_cand_boxes_we0         |  out|    1|   ap_memory|    nms_top_float_const_float_const_Detection_int_cand_boxes|         array|
|nms_top_float_const_float_const_Detection_int_cand_boxes_d0          |  out|   32|   ap_memory|    nms_top_float_const_float_const_Detection_int_cand_boxes|         array|
|nms_top_float_const_float_const_Detection_int_cand_boxes_1_address0  |  out|   12|   ap_memory|  nms_top_float_const_float_const_Detection_int_cand_boxes_1|         array|
|nms_top_float_const_float_const_Detection_int_cand_boxes_1_ce0       |  out|    1|   ap_memory|  nms_top_float_const_float_const_Detection_int_cand_boxes_1|         array|
|nms_top_float_const_float_const_Detection_int_cand_boxes_1_we0       |  out|    1|   ap_memory|  nms_top_float_const_float_const_Detection_int_cand_boxes_1|         array|
|nms_top_float_const_float_const_Detection_int_cand_boxes_1_d0        |  out|   32|   ap_memory|  nms_top_float_const_float_const_Detection_int_cand_boxes_1|         array|
|nms_top_float_const_float_const_Detection_int_cand_boxes_2_address0  |  out|   12|   ap_memory|  nms_top_float_const_float_const_Detection_int_cand_boxes_2|         array|
|nms_top_float_const_float_const_Detection_int_cand_boxes_2_ce0       |  out|    1|   ap_memory|  nms_top_float_const_float_const_Detection_int_cand_boxes_2|         array|
|nms_top_float_const_float_const_Detection_int_cand_boxes_2_we0       |  out|    1|   ap_memory|  nms_top_float_const_float_const_Detection_int_cand_boxes_2|         array|
|nms_top_float_const_float_const_Detection_int_cand_boxes_2_d0        |  out|   32|   ap_memory|  nms_top_float_const_float_const_Detection_int_cand_boxes_2|         array|
|nms_top_float_const_float_const_Detection_int_cand_boxes_3_address0  |  out|   12|   ap_memory|  nms_top_float_const_float_const_Detection_int_cand_boxes_3|         array|
|nms_top_float_const_float_const_Detection_int_cand_boxes_3_ce0       |  out|    1|   ap_memory|  nms_top_float_const_float_const_Detection_int_cand_boxes_3|         array|
|nms_top_float_const_float_const_Detection_int_cand_boxes_3_we0       |  out|    1|   ap_memory|  nms_top_float_const_float_const_Detection_int_cand_boxes_3|         array|
|nms_top_float_const_float_const_Detection_int_cand_boxes_3_d0        |  out|   32|   ap_memory|  nms_top_float_const_float_const_Detection_int_cand_boxes_3|         array|
|cand_scores_address1                                                 |  out|   12|   ap_memory|                                                 cand_scores|         array|
|cand_scores_ce1                                                      |  out|    1|   ap_memory|                                                 cand_scores|         array|
|cand_scores_we1                                                      |  out|    1|   ap_memory|                                                 cand_scores|         array|
|cand_scores_d1                                                       |  out|   32|   ap_memory|                                                 cand_scores|         array|
|cand_cls_address0                                                    |  out|   12|   ap_memory|                                                    cand_cls|         array|
|cand_cls_ce0                                                         |  out|    1|   ap_memory|                                                    cand_cls|         array|
|cand_cls_we0                                                         |  out|    1|   ap_memory|                                                    cand_cls|         array|
|cand_cls_d0                                                          |  out|   32|   ap_memory|                                                    cand_cls|         array|
|cand_areas_address1                                                  |  out|   12|   ap_memory|                                                  cand_areas|         array|
|cand_areas_ce1                                                       |  out|    1|   ap_memory|                                                  cand_areas|         array|
|cand_areas_we1                                                       |  out|    1|   ap_memory|                                                  cand_areas|         array|
|cand_areas_d1                                                        |  out|   32|   ap_memory|                                                  cand_areas|         array|
+---------------------------------------------------------------------+-----+-----+------------+------------------------------------------------------------+--------------+

