

================================================================
== Vitis HLS Report for 'score_filter'
================================================================
* Date:           Tue Jun  2 14:29:19 2026

* Version:        2022.2 (Build 3670227 on Oct 13 2022)
* Project:        nms
* Solution:       solution1 (Vivado IP Flow Target)
* Product family: zynquplus
* Target device:  xczu9eg-ffvb1156-2-e


================================================================
== Performance Estimates
================================================================
+ Timing: 
    * Summary: 
    +--------+---------+----------+------------+
    |  Clock |  Target | Estimated| Uncertainty|
    +--------+---------+----------+------------+
    |ap_clk  |  5.00 ns|  6.179 ns|     1.35 ns|
    +--------+---------+----------+------------+

+ Latency: 
    * Summary: 
    +---------+---------+----------+----------+-----+-----+---------+
    |  Latency (cycles) |  Latency (absolute) |  Interval | Pipeline|
    |   min   |   max   |    min   |    max   | min | max |   Type  |
    +---------+---------+----------+----------+-----+-----+---------+
    |        ?|        ?|         ?|         ?|    ?|    ?|       no|
    +---------+---------+----------+----------+-----+-----+---------+

    + Detail: 
        * Instance: 
        +---------------------------------------+----------------------------+---------+---------+----------+----------+-----+-----+---------+
        |                                       |                            |  Latency (cycles) |  Latency (absolute) |  Interval | Pipeline|
        |                Instance               |           Module           |   min   |   max   |    min   |    max   | min | max |   Type  |
        +---------------------------------------+----------------------------+---------+---------+----------+----------+-----+-----+---------+
        |grp_score_filter_Pipeline_SF_C_fu_327  |score_filter_Pipeline_SF_C  |      104|      104|  0.643 us|  0.643 us|  104|  104|       no|
        +---------------------------------------+----------------------------+---------+---------+----------+----------+-----+-----+---------+

        * Loop: 
        +--------------+---------+---------+----------+-----------+-----------+------+----------+
        |              |  Latency (cycles) | Iteration|  Initiation Interval  | Trip |          |
        |   Loop Name  |   min   |   max   |  Latency |  achieved |   target  | Count| Pipelined|
        +--------------+---------+---------+----------+-----------+-----------+------+----------+
        |- SF_H        |        ?|        ?|         ?|          -|          -|     ?|        no|
        | + SF_W       |        ?|        ?|         ?|          -|          -|     ?|        no|
        |  ++ SF_RI    |        ?|        ?|         ?|          -|          -|     ?|        no|
        |   +++ SF_SI  |        ?|        ?|       137|          -|          -|     ?|        no|
        +--------------+---------+---------+----------+-----------+-----------+------+----------+



================================================================
== Utilization Estimates
================================================================
* Summary: 
+-----------------+---------+------+--------+--------+-----+
|       Name      | BRAM_18K|  DSP |   FF   |   LUT  | URAM|
+-----------------+---------+------+--------+--------+-----+
|DSP              |        -|     1|       -|       -|    -|
|Expression       |        -|     -|       0|     634|    -|
|FIFO             |        -|     -|       -|       -|    -|
|Instance         |        -|    10|    2203|    2930|    -|
|Memory           |        -|     -|       -|       -|    -|
|Multiplexer      |        -|     -|       -|     684|    -|
|Register         |        -|     -|    1866|       -|    -|
+-----------------+---------+------+--------+--------+-----+
|Total            |        0|    11|    4069|    4248|    0|
+-----------------+---------+------+--------+--------+-----+
|Available        |     1824|  2520|  548160|  274080|    0|
+-----------------+---------+------+--------+--------+-----+
|Utilization (%)  |        0|    ~0|      ~0|       1|    0|
+-----------------+---------+------+--------+--------+-----+

+ Detail: 
    * Instance: 
    +----------------------------------------+------------------------------------+---------+----+------+------+-----+
    |                Instance                |               Module               | BRAM_18K| DSP|  FF  |  LUT | URAM|
    +----------------------------------------+------------------------------------+---------+----+------+------+-----+
    |faddfsub_32ns_32ns_32_8_full_dsp_1_U50  |faddfsub_32ns_32ns_32_8_full_dsp_1  |        0|   2|   296|   239|    0|
    |fdiv_32ns_32ns_32_16_no_dsp_1_U52       |fdiv_32ns_32ns_32_16_no_dsp_1       |        0|   0|     0|     0|    0|
    |fsqrt_32ns_32ns_32_16_no_dsp_1_U54      |fsqrt_32ns_32ns_32_16_no_dsp_1      |        0|   0|     0|     0|    0|
    |mux_32_32_1_1_U55                       |mux_32_32_1_1                       |        0|   0|     0|    14|    0|
    |mux_32_32_1_1_U56                       |mux_32_32_1_1                       |        0|   0|     0|    14|    0|
    |grp_score_filter_Pipeline_SF_C_fu_327   |score_filter_Pipeline_SF_C          |        0|   8|  1907|  2663|    0|
    |sitofp_32ns_32_6_no_dsp_1_U53           |sitofp_32ns_32_6_no_dsp_1           |        0|   0|     0|     0|    0|
    +----------------------------------------+------------------------------------+---------+----+------+------+-----+
    |Total                                   |                                    |        0|  10|  2203|  2930|    0|
    +----------------------------------------+------------------------------------+---------+----+------+------+-----+

    * DSP: 
    +----------------------------+------------------------+-----------+
    |          Instance          |         Module         | Expression|
    +----------------------------+------------------------+-----------+
    |mul_mul_12s_9ns_12_4_1_U57  |mul_mul_12s_9ns_12_4_1  |    i0 * i1|
    +----------------------------+------------------------+-----------+

    * Memory: 
    N/A

    * FIFO: 
    N/A

    * Expression: 
    +-----------------------+----------+----+---+----+------------+------------+
    |     Variable Name     | Operation| DSP| FF| LUT| Bitwidth P0| Bitwidth P1|
    +-----------------------+----------+----+---+----+------------+------------+
    |add53_fu_643_p2        |         +|   0|  0|  19|          12|          12|
    |add60_fu_670_p2        |         +|   0|  0|  17|          12|          12|
    |add67_fu_698_p2        |         +|   0|  0|  17|          12|          12|
    |add74_fu_718_p2        |         +|   0|  0|  17|          12|          12|
    |add_ln109_1_fu_532_p2  |         +|   0|  0|   9|           2|           2|
    |add_ln90_fu_448_p2     |         +|   0|  0|  71|          64|           1|
    |add_ln91_fu_504_p2     |         +|   0|  0|  71|          64|           1|
    |add_ln95_fu_557_p2     |         +|   0|  0|  71|          64|           1|
    |add_ln96_fu_613_p2     |         +|   0|  0|  71|          64|           1|
    |empty_30_fu_541_p2     |         +|   0|  0|  19|          12|          12|
    |empty_33_fu_627_p2     |         +|   0|  0|  19|          12|          12|
    |tmp11_fu_519_p2        |         +|   0|  0|  19|          12|          12|
    |tmp12_fu_665_p2        |         +|   0|  0|  17|          12|           7|
    |tmp13_fu_693_p2        |         +|   0|  0|  17|          12|           8|
    |tmp14_fu_713_p2        |         +|   0|  0|  17|          12|           9|
    |sub_ln97_fu_579_p2     |         -|   0|  0|  19|          12|          12|
    |and_ln90_fu_442_p2     |       and|   0|  0|   2|           1|           1|
    |and_ln91_fu_498_p2     |       and|   0|  0|   2|           1|           1|
    |and_ln95_fu_551_p2     |       and|   0|  0|   2|           1|           1|
    |and_ln96_fu_607_p2     |       and|   0|  0|   2|           1|           1|
    |grp_fu_407_p2          |      icmp|   0|  0|  20|          32|          12|
    |icmp_ln90_fu_436_p2    |      icmp|   0|  0|  29|          64|           4|
    |icmp_ln91_fu_492_p2    |      icmp|   0|  0|  29|          64|           4|
    |icmp_ln95_fu_545_p2    |      icmp|   0|  0|  29|          64|           2|
    |icmp_ln96_fu_601_p2    |      icmp|   0|  0|  29|          64|           2|
    +-----------------------+----------+----+---+----+------------+------------+
    |Total                  |          |   0|  0| 634|         682|         154|
    +-----------------------+----------+----+---+----+------------+------------+

    * Multiplexer: 
    +--------------------------+-----+-----------+-----+-----------+
    |           Name           | LUT | Input Size| Bits| Total Bits|
    +--------------------------+-----+-----------+-----+-----------+
    |ap_NS_fsm                 |  389|         74|    1|         74|
    |grp_fu_1232_ce            |    9|          2|    1|          2|
    |grp_fu_1236_ce            |    9|          2|    1|          2|
    |grp_fu_381_ce             |    9|          2|    1|          2|
    |grp_fu_381_opcode         |   14|          3|    2|          6|
    |grp_fu_381_p0             |   14|          3|   32|         96|
    |grp_fu_381_p1             |   14|          3|   32|         96|
    |grp_fu_386_ce             |    9|          2|    1|          2|
    |grp_fu_386_p0             |   26|          5|   32|        160|
    |grp_fu_386_p1             |   20|          4|   32|        128|
    |grp_fu_396_p0             |   14|          3|   32|         96|
    |h_fu_122                  |    9|          2|   64|        128|
    |num_cand_fu_126           |    9|          2|   32|         64|
    |reg_deltas_0_Addr_A_orig  |   14|          3|   32|         96|
    |reg_deltas_0_Addr_B_orig  |   14|          3|   32|         96|
    |reg_deltas_1_Addr_A_orig  |   14|          3|   32|         96|
    |reg_deltas_1_Addr_B_orig  |   14|          3|   32|         96|
    |reg_deltas_2_Addr_A_orig  |   14|          3|   32|         96|
    |reg_deltas_2_Addr_B_orig  |   14|          3|   32|         96|
    |reg_deltas_3_Addr_A_orig  |   14|          3|   32|         96|
    |reg_deltas_3_Addr_B_orig  |   14|          3|   32|         96|
    |ri_reg_305                |    9|          2|   64|        128|
    |si_reg_316                |    9|          2|   64|        128|
    |w_reg_294                 |    9|          2|   64|        128|
    +--------------------------+-----+-----------+-----+-----------+
    |Total                     |  684|        137|  711|       2008|
    +--------------------------+-----+-----------+-----+-----------+

    * Register: 
    +----------------------------------------------------+----+----+-----+-----------+
    |                        Name                        | FF | LUT| Bits| Const Bits|
    +----------------------------------------------------+----+----+-----+-----------+
    |add_ln109_1_reg_925                                 |   2|   0|    2|          0|
    |add_ln90_reg_855                                    |  64|   0|   64|          0|
    |add_ln91_reg_904                                    |  64|   0|   64|          0|
    |add_ln95_reg_946                                    |  64|   0|   64|          0|
    |add_ln96_reg_969                                    |  64|   0|   64|          0|
    |ah_reg_1002                                         |  32|   0|   32|          0|
    |anc_scale_reg_990                                   |  32|   0|   32|          0|
    |ap_CS_fsm                                           |  73|   0|   73|          0|
    |aw_reg_1142                                         |  32|   0|   32|          0|
    |bitcast_ln112_1_reg_1157                            |  32|   0|   32|          0|
    |bitcast_ln112_2_reg_1162                            |  32|   0|   32|          0|
    |bitcast_ln112_3_reg_1167                            |  32|   0|   32|          0|
    |bitcast_ln112_reg_1152                              |  32|   0|   32|          0|
    |bitcast_ln113_1_reg_1177                            |  32|   0|   32|          0|
    |bitcast_ln113_2_reg_1182                            |  32|   0|   32|          0|
    |bitcast_ln113_3_reg_1187                            |  32|   0|   32|          0|
    |bitcast_ln113_reg_1172                              |  32|   0|   32|          0|
    |bitcast_ln114_1_reg_1197                            |  32|   0|   32|          0|
    |bitcast_ln114_2_reg_1202                            |  32|   0|   32|          0|
    |bitcast_ln114_3_reg_1207                            |  32|   0|   32|          0|
    |bitcast_ln114_reg_1192                              |  32|   0|   32|          0|
    |bitcast_ln115_1_reg_1217                            |  32|   0|   32|          0|
    |bitcast_ln115_2_reg_1222                            |  32|   0|   32|          0|
    |bitcast_ln115_3_reg_1227                            |  32|   0|   32|          0|
    |bitcast_ln115_reg_1212                              |  32|   0|   32|          0|
    |cx_reg_930                                          |  32|   0|   32|          0|
    |cy_reg_880                                          |  32|   0|   32|          0|
    |empty_27_reg_865                                    |   9|   0|    9|          0|
    |empty_28_reg_870                                    |  11|   0|   11|          0|
    |empty_29_reg_920                                    |   2|   0|    2|          0|
    |empty_30_reg_935                                    |  12|   0|   12|          0|
    |empty_33_reg_979                                    |  12|   0|   12|          0|
    |empty_34_reg_1147                                   |  10|   0|   12|          2|
    |empty_35_reg_1017                                   |   2|   0|    2|          0|
    |grp_score_filter_Pipeline_SF_C_fu_327_ap_start_reg  |   1|   0|    1|          0|
    |h_fu_122                                            |  64|   0|   64|          0|
    |num_cand_6_reg_961                                  |  32|   0|   32|          0|
    |num_cand_fu_126                                     |  32|   0|   32|          0|
    |p_shl1_reg_891                                      |  11|   0|   12|          1|
    |p_shl_reg_885                                       |   9|   0|   12|          3|
    |ratio_reg_956                                       |  32|   0|   32|          0|
    |reg_413                                             |  32|   0|   32|          0|
    |reg_418                                             |  32|   0|   32|          0|
    |reg_deltas_0_load_1_reg_1082                        |  32|   0|   32|          0|
    |reg_deltas_0_load_reg_1062                          |  32|   0|   32|          0|
    |reg_deltas_1_load_1_reg_1087                        |  32|   0|   32|          0|
    |reg_deltas_1_load_reg_1067                          |  32|   0|   32|          0|
    |reg_deltas_2_load_1_reg_1092                        |  32|   0|   32|          0|
    |reg_deltas_2_load_reg_1072                          |  32|   0|   32|          0|
    |reg_deltas_3_load_1_reg_1097                        |  32|   0|   32|          0|
    |reg_deltas_3_load_reg_1077                          |  32|   0|   32|          0|
    |ri_reg_305                                          |  64|   0|   64|          0|
    |si_reg_316                                          |  64|   0|   64|          0|
    |sub_ln97_reg_951                                    |  12|   0|   12|          0|
    |tmp11_reg_914                                       |  12|   0|   12|          0|
    |tmp_16_reg_1007                                     |  10|   0|   10|          0|
    |tmp_17_reg_1012                                     |  10|   0|   10|          0|
    |tmp_2_reg_985                                       |  32|   0|   32|          0|
    |tmp_reg_996                                         |  32|   0|   32|          0|
    |trunc_ln109_2_reg_896                               |   1|   0|    2|          1|
    |trunc_ln109_reg_875                                 |   1|   0|    1|          0|
    |trunc_ln98_reg_974                                  |   2|   0|    2|          0|
    |w_reg_294                                           |  64|   0|   64|          0|
    +----------------------------------------------------+----+----+-----+-----------+
    |Total                                               |1866|   0| 1873|          7|
    +----------------------------------------------------+----+----+-----+-----------+



================================================================
== Interface
================================================================
* Summary: 
+---------------------------------------------------------------------+-----+-----+------------+------------------------------------------------------------+--------------+
|                              RTL Ports                              | Dir | Bits|  Protocol  |                        Source Object                       |    C Type    |
+---------------------------------------------------------------------+-----+-----+------------+------------------------------------------------------------+--------------+
|ap_clk                                                               |   in|    1|  ap_ctrl_hs|                                                score_filter|  return value|
|ap_rst                                                               |   in|    1|  ap_ctrl_hs|                                                score_filter|  return value|
|ap_start                                                             |   in|    1|  ap_ctrl_hs|                                                score_filter|  return value|
|ap_done                                                              |  out|    1|  ap_ctrl_hs|                                                score_filter|  return value|
|ap_idle                                                              |  out|    1|  ap_ctrl_hs|                                                score_filter|  return value|
|ap_ready                                                             |  out|    1|  ap_ctrl_hs|                                                score_filter|  return value|
|ap_return                                                            |  out|   32|  ap_ctrl_hs|                                                score_filter|  return value|
|grp_fu_601_p_din0                                                    |  out|   32|  ap_ctrl_hs|                                                score_filter|  return value|
|grp_fu_601_p_din1                                                    |  out|   32|  ap_ctrl_hs|                                                score_filter|  return value|
|grp_fu_601_p_opcode                                                  |  out|    1|  ap_ctrl_hs|                                                score_filter|  return value|
|grp_fu_601_p_dout0                                                   |   in|   32|  ap_ctrl_hs|                                                score_filter|  return value|
|grp_fu_601_p_ce                                                      |  out|    1|  ap_ctrl_hs|                                                score_filter|  return value|
|grp_fu_605_p_din0                                                    |  out|   32|  ap_ctrl_hs|                                                score_filter|  return value|
|grp_fu_605_p_din1                                                    |  out|   32|  ap_ctrl_hs|                                                score_filter|  return value|
|grp_fu_605_p_opcode                                                  |  out|    5|  ap_ctrl_hs|                                                score_filter|  return value|
|grp_fu_605_p_dout0                                                   |   in|    1|  ap_ctrl_hs|                                                score_filter|  return value|
|grp_fu_605_p_ce                                                      |  out|    1|  ap_ctrl_hs|                                                score_filter|  return value|
|grp_fu_609_p_din0                                                    |  out|   32|  ap_ctrl_hs|                                                score_filter|  return value|
|grp_fu_609_p_din1                                                    |  out|   32|  ap_ctrl_hs|                                                score_filter|  return value|
|grp_fu_609_p_dout0                                                   |   in|   32|  ap_ctrl_hs|                                                score_filter|  return value|
|grp_fu_609_p_ce                                                      |  out|    1|  ap_ctrl_hs|                                                score_filter|  return value|
|cls_logits_0_Addr_A                                                  |  out|   32|        bram|                                                cls_logits_0|         array|
|cls_logits_0_EN_A                                                    |  out|    1|        bram|                                                cls_logits_0|         array|
|cls_logits_0_WEN_A                                                   |  out|    4|        bram|                                                cls_logits_0|         array|
|cls_logits_0_Din_A                                                   |  out|   32|        bram|                                                cls_logits_0|         array|
|cls_logits_0_Dout_A                                                  |   in|   32|        bram|                                                cls_logits_0|         array|
|cls_logits_1_Addr_A                                                  |  out|   32|        bram|                                                cls_logits_1|         array|
|cls_logits_1_EN_A                                                    |  out|    1|        bram|                                                cls_logits_1|         array|
|cls_logits_1_WEN_A                                                   |  out|    4|        bram|                                                cls_logits_1|         array|
|cls_logits_1_Din_A                                                   |  out|   32|        bram|                                                cls_logits_1|         array|
|cls_logits_1_Dout_A                                                  |   in|   32|        bram|                                                cls_logits_1|         array|
|cls_logits_2_Addr_A                                                  |  out|   32|        bram|                                                cls_logits_2|         array|
|cls_logits_2_EN_A                                                    |  out|    1|        bram|                                                cls_logits_2|         array|
|cls_logits_2_WEN_A                                                   |  out|    4|        bram|                                                cls_logits_2|         array|
|cls_logits_2_Din_A                                                   |  out|   32|        bram|                                                cls_logits_2|         array|
|cls_logits_2_Dout_A                                                  |   in|   32|        bram|                                                cls_logits_2|         array|
|cls_logits_3_Addr_A                                                  |  out|   32|        bram|                                                cls_logits_3|         array|
|cls_logits_3_EN_A                                                    |  out|    1|        bram|                                                cls_logits_3|         array|
|cls_logits_3_WEN_A                                                   |  out|    4|        bram|                                                cls_logits_3|         array|
|cls_logits_3_Din_A                                                   |  out|   32|        bram|                                                cls_logits_3|         array|
|cls_logits_3_Dout_A                                                  |   in|   32|        bram|                                                cls_logits_3|         array|
|reg_deltas_0_Addr_A                                                  |  out|   32|        bram|                                                reg_deltas_0|         array|
|reg_deltas_0_EN_A                                                    |  out|    1|        bram|                                                reg_deltas_0|         array|
|reg_deltas_0_WEN_A                                                   |  out|    4|        bram|                                                reg_deltas_0|         array|
|reg_deltas_0_Din_A                                                   |  out|   32|        bram|                                                reg_deltas_0|         array|
|reg_deltas_0_Dout_A                                                  |   in|   32|        bram|                                                reg_deltas_0|         array|
|reg_deltas_0_Addr_B                                                  |  out|   32|        bram|                                                reg_deltas_0|         array|
|reg_deltas_0_EN_B                                                    |  out|    1|        bram|                                                reg_deltas_0|         array|
|reg_deltas_0_WEN_B                                                   |  out|    4|        bram|                                                reg_deltas_0|         array|
|reg_deltas_0_Din_B                                                   |  out|   32|        bram|                                                reg_deltas_0|         array|
|reg_deltas_0_Dout_B                                                  |   in|   32|        bram|                                                reg_deltas_0|         array|
|reg_deltas_1_Addr_A                                                  |  out|   32|        bram|                                                reg_deltas_1|         array|
|reg_deltas_1_EN_A                                                    |  out|    1|        bram|                                                reg_deltas_1|         array|
|reg_deltas_1_WEN_A                                                   |  out|    4|        bram|                                                reg_deltas_1|         array|
|reg_deltas_1_Din_A                                                   |  out|   32|        bram|                                                reg_deltas_1|         array|
|reg_deltas_1_Dout_A                                                  |   in|   32|        bram|                                                reg_deltas_1|         array|
|reg_deltas_1_Addr_B                                                  |  out|   32|        bram|                                                reg_deltas_1|         array|
|reg_deltas_1_EN_B                                                    |  out|    1|        bram|                                                reg_deltas_1|         array|
|reg_deltas_1_WEN_B                                                   |  out|    4|        bram|                                                reg_deltas_1|         array|
|reg_deltas_1_Din_B                                                   |  out|   32|        bram|                                                reg_deltas_1|         array|
|reg_deltas_1_Dout_B                                                  |   in|   32|        bram|                                                reg_deltas_1|         array|
|reg_deltas_2_Addr_A                                                  |  out|   32|        bram|                                                reg_deltas_2|         array|
|reg_deltas_2_EN_A                                                    |  out|    1|        bram|                                                reg_deltas_2|         array|
|reg_deltas_2_WEN_A                                                   |  out|    4|        bram|                                                reg_deltas_2|         array|
|reg_deltas_2_Din_A                                                   |  out|   32|        bram|                                                reg_deltas_2|         array|
|reg_deltas_2_Dout_A                                                  |   in|   32|        bram|                                                reg_deltas_2|         array|
|reg_deltas_2_Addr_B                                                  |  out|   32|        bram|                                                reg_deltas_2|         array|
|reg_deltas_2_EN_B                                                    |  out|    1|        bram|                                                reg_deltas_2|         array|
|reg_deltas_2_WEN_B                                                   |  out|    4|        bram|                                                reg_deltas_2|         array|
|reg_deltas_2_Din_B                                                   |  out|   32|        bram|                                                reg_deltas_2|         array|
|reg_deltas_2_Dout_B                                                  |   in|   32|        bram|                                                reg_deltas_2|         array|
|reg_deltas_3_Addr_A                                                  |  out|   32|        bram|                                                reg_deltas_3|         array|
|reg_deltas_3_EN_A                                                    |  out|    1|        bram|                                                reg_deltas_3|         array|
|reg_deltas_3_WEN_A                                                   |  out|    4|        bram|                                                reg_deltas_3|         array|
|reg_deltas_3_Din_A                                                   |  out|   32|        bram|                                                reg_deltas_3|         array|
|reg_deltas_3_Dout_A                                                  |   in|   32|        bram|                                                reg_deltas_3|         array|
|reg_deltas_3_Addr_B                                                  |  out|   32|        bram|                                                reg_deltas_3|         array|
|reg_deltas_3_EN_B                                                    |  out|    1|        bram|                                                reg_deltas_3|         array|
|reg_deltas_3_WEN_B                                                   |  out|    4|        bram|                                                reg_deltas_3|         array|
|reg_deltas_3_Din_B                                                   |  out|   32|        bram|                                                reg_deltas_3|         array|
|reg_deltas_3_Dout_B                                                  |   in|   32|        bram|                                                reg_deltas_3|         array|
|nms_top_float_const_float_const_Detection_int_cand_boxes_address0    |  out|   12|   ap_memory|    nms_top_float_const_float_const_Detection_int_cand_boxes|         array|
|nms_top_float_const_float_const_Detection_int_cand_boxes_ce0         |  out|    1|   ap_memory|    nms_top_float_const_float_const_Detection_int_cand_boxes|         array|
|nms_top_float_const_float_const_Detection_int_cand_boxes_we0         |  out|    1|   ap_memory|    nms_top_float_const_float_const_Detection_int_cand_boxes|         array|
|nms_top_float_const_float_const_Detection_int_cand_boxes_d0          |  out|   32|   ap_memory|    nms_top_float_const_float_const_Detection_int_cand_boxes|         array|
|nms_top_float_const_float_const_Detection_int_cand_boxes_1_address0  |  out|   12|   ap_memory|  nms_top_float_const_float_const_Detection_int_cand_boxes_1|         array|
|nms_top_float_const_float_const_Detection_int_cand_boxes_1_ce0       |  out|    1|   ap_memory|  nms_top_float_const_float_const_Detection_int_cand_boxes_1|         array|
|nms_top_float_const_float_const_Detection_int_cand_boxes_1_we0       |  out|    1|   ap_memory|  nms_top_float_const_float_const_Detection_int_cand_boxes_1|         array|
|nms_top_float_const_float_const_Detection_int_cand_boxes_1_d0        |  out|   32|   ap_memory|  nms_top_float_const_float_const_Detection_int_cand_boxes_1|         array|
|nms_top_float_const_float_const_Detection_int_cand_boxes_2_address0  |  out|   12|   ap_memory|  nms_top_float_const_float_const_Detection_int_cand_boxes_2|         array|
|nms_top_float_const_float_const_Detection_int_cand_boxes_2_ce0       |  out|    1|   ap_memory|  nms_top_float_const_float_const_Detection_int_cand_boxes_2|         array|
|nms_top_float_const_float_const_Detection_int_cand_boxes_2_we0       |  out|    1|   ap_memory|  nms_top_float_const_float_const_Detection_int_cand_boxes_2|         array|
|nms_top_float_const_float_const_Detection_int_cand_boxes_2_d0        |  out|   32|   ap_memory|  nms_top_float_const_float_const_Detection_int_cand_boxes_2|         array|
|nms_top_float_const_float_const_Detection_int_cand_boxes_3_address0  |  out|   12|   ap_memory|  nms_top_float_const_float_const_Detection_int_cand_boxes_3|         array|
|nms_top_float_const_float_const_Detection_int_cand_boxes_3_ce0       |  out|    1|   ap_memory|  nms_top_float_const_float_const_Detection_int_cand_boxes_3|         array|
|nms_top_float_const_float_const_Detection_int_cand_boxes_3_we0       |  out|    1|   ap_memory|  nms_top_float_const_float_const_Detection_int_cand_boxes_3|         array|
|nms_top_float_const_float_const_Detection_int_cand_boxes_3_d0        |  out|   32|   ap_memory|  nms_top_float_const_float_const_Detection_int_cand_boxes_3|         array|
|cand_scores_address1                                                 |  out|   12|   ap_memory|                                                 cand_scores|         array|
|cand_scores_ce1                                                      |  out|    1|   ap_memory|                                                 cand_scores|         array|
|cand_scores_we1                                                      |  out|    1|   ap_memory|                                                 cand_scores|         array|
|cand_scores_d1                                                       |  out|   32|   ap_memory|                                                 cand_scores|         array|
|cand_cls_address0                                                    |  out|   12|   ap_memory|                                                    cand_cls|         array|
|cand_cls_ce0                                                         |  out|    1|   ap_memory|                                                    cand_cls|         array|
|cand_cls_we0                                                         |  out|    1|   ap_memory|                                                    cand_cls|         array|
|cand_cls_d0                                                          |  out|   32|   ap_memory|                                                    cand_cls|         array|
|cand_areas_address1                                                  |  out|   12|   ap_memory|                                                  cand_areas|         array|
|cand_areas_ce1                                                       |  out|    1|   ap_memory|                                                  cand_areas|         array|
|cand_areas_we1                                                       |  out|    1|   ap_memory|                                                  cand_areas|         array|
|cand_areas_d1                                                        |  out|   32|   ap_memory|                                                  cand_areas|         array|
+---------------------------------------------------------------------+-----+-----+------------+------------------------------------------------------------+--------------+

