

================================================================
== Vitis HLS Report for 'mbconv_20_top_Pipeline_BC'
================================================================
* Date:           Sun May 31 17:03:51 2026

* Version:        2022.2 (Build 3670227 on Oct 13 2022)
* Project:        mbconv_20
* Solution:       solution1 (Vivado IP Flow Target)
* Product family: zynquplus
* Target device:  xczu28dr-ffvg1517-2-e


================================================================
== Performance Estimates
================================================================
+ Timing: 
    * Summary: 
    +--------+---------+----------+------------+
    |  Clock |  Target | Estimated| Uncertainty|
    +--------+---------+----------+------------+
    |ap_clk  |  5.00 ns|  2.963 ns|     1.35 ns|
    +--------+---------+----------+------------+

+ Latency: 
    * Summary: 
    +---------+---------+----------+----------+-------+-------+---------+
    |  Latency (cycles) |  Latency (absolute) |    Interval   | Pipeline|
    |   min   |   max   |    min   |    max   |  min  |  max  |   Type  |
    +---------+---------+----------+----------+-------+-------+---------+
    |    51202|    51202|  0.256 ms|  0.256 ms|  51202|  51202|       no|
    +---------+---------+----------+----------+-------+-------+---------+

    + Detail: 
        * Instance: 
        N/A

        * Loop: 
        +----------+---------+---------+----------+-----------+-----------+-------+----------+
        |          |  Latency (cycles) | Iteration|  Initiation Interval  |  Trip |          |
        | Loop Name|   min   |   max   |  Latency |  achieved |   target  | Count | Pipelined|
        +----------+---------+---------+----------+-----------+-----------+-------+----------+
        |- BC      |    51200|    51200|         2|          1|          1|  51200|       yes|
        +----------+---------+---------+----------+-----------+-----------+-------+----------+



================================================================
== Utilization Estimates
================================================================
* Summary: 
+-----------------+---------+------+--------+--------+-----+
|       Name      | BRAM_18K|  DSP |   FF   |   LUT  | URAM|
+-----------------+---------+------+--------+--------+-----+
|DSP              |        -|     -|       -|       -|    -|
|Expression       |        -|     -|       0|      38|    -|
|FIFO             |        -|     -|       -|       -|    -|
|Instance         |        -|     -|       0|      65|    -|
|Memory           |        -|     -|       -|       -|    -|
|Multiplexer      |        -|     -|       -|      36|    -|
|Register         |        -|     -|      35|       -|    -|
+-----------------+---------+------+--------+--------+-----+
|Total            |        0|     0|      35|     139|    0|
+-----------------+---------+------+--------+--------+-----+
|Available        |     2160|  4272|  850560|  425280|   80|
+-----------------+---------+------+--------+--------+-----+
|Utilization (%)  |        0|     0|      ~0|      ~0|    0|
+-----------------+---------+------+--------+--------+-----+

+ Detail: 
    * Instance: 
    +-------------------+----------------+---------+----+---+----+-----+
    |      Instance     |     Module     | BRAM_18K| DSP| FF| LUT| URAM|
    +-------------------+----------------+---------+----+---+----+-----+
    |mux_164_32_1_1_U1  |mux_164_32_1_1  |        0|   0|  0|  65|    0|
    +-------------------+----------------+---------+----+---+----+-----+
    |Total              |                |        0|   0|  0|  65|    0|
    +-------------------+----------------+---------+----+---+----+-----+

    * DSP: 
    N/A

    * Memory: 
    N/A

    * FIFO: 
    N/A

    * Expression: 
    +----------------------+----------+----+---+----+------------+------------+
    |     Variable Name    | Operation| DSP| FF| LUT| Bitwidth P0| Bitwidth P1|
    +----------------------+----------+----+---+----+------------+------------+
    |add_ln543_fu_319_p2   |         +|   0|  0|  23|          16|           1|
    |icmp_ln543_fu_313_p2  |      icmp|   0|  0|  13|          16|          15|
    |ap_enable_pp0         |       xor|   0|  0|   2|           1|           2|
    +----------------------+----------+----+---+----+------------+------------+
    |Total                 |          |   0|  0|  38|          33|          18|
    +----------------------+----------+----+---+----+------------+------------+

    * Multiplexer: 
    +-------------------------+----+-----------+-----+-----------+
    |           Name          | LUT| Input Size| Bits| Total Bits|
    +-------------------------+----+-----------+-----+-----------+
    |ap_done_int              |   9|          2|    1|          2|
    |ap_enable_reg_pp0_iter1  |   9|          2|    1|          2|
    |ap_sig_allocacmp_i_2     |   9|          2|   16|         32|
    |i_fu_80                  |   9|          2|   16|         32|
    +-------------------------+----+-----------+-----+-----------+
    |Total                    |  36|          8|   34|         68|
    +-------------------------+----+-----------+-----+-----------+

    * Register: 
    +-------------------------+----+----+-----+-----------+
    |           Name          | FF | LUT| Bits| Const Bits|
    +-------------------------+----+----+-----+-----------+
    |ap_CS_fsm                |   1|   0|    1|          0|
    |ap_done_reg              |   1|   0|    1|          0|
    |ap_enable_reg_pp0_iter1  |   1|   0|    1|          0|
    |i_2_reg_477              |  16|   0|   16|          0|
    |i_fu_80                  |  16|   0|   16|          0|
    +-------------------------+----+----+-----+-----------+
    |Total                    |  35|   0|   35|          0|
    +-------------------------+----+----+-----+-----------+



================================================================
== Interface
================================================================
* Summary: 
+------------------+-----+-----+------------+---------------------------+--------------+
|     RTL Ports    | Dir | Bits|  Protocol  |       Source Object       |    C Type    |
+------------------+-----+-----+------------+---------------------------+--------------+
|ap_clk            |   in|    1|  ap_ctrl_hs|  mbconv_20_top_Pipeline_BC|  return value|
|ap_rst            |   in|    1|  ap_ctrl_hs|  mbconv_20_top_Pipeline_BC|  return value|
|ap_start          |   in|    1|  ap_ctrl_hs|  mbconv_20_top_Pipeline_BC|  return value|
|ap_done           |  out|    1|  ap_ctrl_hs|  mbconv_20_top_Pipeline_BC|  return value|
|ap_idle           |  out|    1|  ap_ctrl_hs|  mbconv_20_top_Pipeline_BC|  return value|
|ap_ready          |  out|    1|  ap_ctrl_hs|  mbconv_20_top_Pipeline_BC|  return value|
|in_0_Addr_A       |  out|   32|        bram|                       in_0|         array|
|in_0_EN_A         |  out|    1|        bram|                       in_0|         array|
|in_0_WEN_A        |  out|    4|        bram|                       in_0|         array|
|in_0_Din_A        |  out|   32|        bram|                       in_0|         array|
|in_0_Dout_A       |   in|   32|        bram|                       in_0|         array|
|in_1_Addr_A       |  out|   32|        bram|                       in_1|         array|
|in_1_EN_A         |  out|    1|        bram|                       in_1|         array|
|in_1_WEN_A        |  out|    4|        bram|                       in_1|         array|
|in_1_Din_A        |  out|   32|        bram|                       in_1|         array|
|in_1_Dout_A       |   in|   32|        bram|                       in_1|         array|
|in_2_Addr_A       |  out|   32|        bram|                       in_2|         array|
|in_2_EN_A         |  out|    1|        bram|                       in_2|         array|
|in_2_WEN_A        |  out|    4|        bram|                       in_2|         array|
|in_2_Din_A        |  out|   32|        bram|                       in_2|         array|
|in_2_Dout_A       |   in|   32|        bram|                       in_2|         array|
|in_3_Addr_A       |  out|   32|        bram|                       in_3|         array|
|in_3_EN_A         |  out|    1|        bram|                       in_3|         array|
|in_3_WEN_A        |  out|    4|        bram|                       in_3|         array|
|in_3_Din_A        |  out|   32|        bram|                       in_3|         array|
|in_3_Dout_A       |   in|   32|        bram|                       in_3|         array|
|in_4_Addr_A       |  out|   32|        bram|                       in_4|         array|
|in_4_EN_A         |  out|    1|        bram|                       in_4|         array|
|in_4_WEN_A        |  out|    4|        bram|                       in_4|         array|
|in_4_Din_A        |  out|   32|        bram|                       in_4|         array|
|in_4_Dout_A       |   in|   32|        bram|                       in_4|         array|
|in_5_Addr_A       |  out|   32|        bram|                       in_5|         array|
|in_5_EN_A         |  out|    1|        bram|                       in_5|         array|
|in_5_WEN_A        |  out|    4|        bram|                       in_5|         array|
|in_5_Din_A        |  out|   32|        bram|                       in_5|         array|
|in_5_Dout_A       |   in|   32|        bram|                       in_5|         array|
|in_6_Addr_A       |  out|   32|        bram|                       in_6|         array|
|in_6_EN_A         |  out|    1|        bram|                       in_6|         array|
|in_6_WEN_A        |  out|    4|        bram|                       in_6|         array|
|in_6_Din_A        |  out|   32|        bram|                       in_6|         array|
|in_6_Dout_A       |   in|   32|        bram|                       in_6|         array|
|in_7_Addr_A       |  out|   32|        bram|                       in_7|         array|
|in_7_EN_A         |  out|    1|        bram|                       in_7|         array|
|in_7_WEN_A        |  out|    4|        bram|                       in_7|         array|
|in_7_Din_A        |  out|   32|        bram|                       in_7|         array|
|in_7_Dout_A       |   in|   32|        bram|                       in_7|         array|
|in_8_Addr_A       |  out|   32|        bram|                       in_8|         array|
|in_8_EN_A         |  out|    1|        bram|                       in_8|         array|
|in_8_WEN_A        |  out|    4|        bram|                       in_8|         array|
|in_8_Din_A        |  out|   32|        bram|                       in_8|         array|
|in_8_Dout_A       |   in|   32|        bram|                       in_8|         array|
|in_9_Addr_A       |  out|   32|        bram|                       in_9|         array|
|in_9_EN_A         |  out|    1|        bram|                       in_9|         array|
|in_9_WEN_A        |  out|    4|        bram|                       in_9|         array|
|in_9_Din_A        |  out|   32|        bram|                       in_9|         array|
|in_9_Dout_A       |   in|   32|        bram|                       in_9|         array|
|in_10_Addr_A      |  out|   32|        bram|                      in_10|         array|
|in_10_EN_A        |  out|    1|        bram|                      in_10|         array|
|in_10_WEN_A       |  out|    4|        bram|                      in_10|         array|
|in_10_Din_A       |  out|   32|        bram|                      in_10|         array|
|in_10_Dout_A      |   in|   32|        bram|                      in_10|         array|
|in_11_Addr_A      |  out|   32|        bram|                      in_11|         array|
|in_11_EN_A        |  out|    1|        bram|                      in_11|         array|
|in_11_WEN_A       |  out|    4|        bram|                      in_11|         array|
|in_11_Din_A       |  out|   32|        bram|                      in_11|         array|
|in_11_Dout_A      |   in|   32|        bram|                      in_11|         array|
|in_12_Addr_A      |  out|   32|        bram|                      in_12|         array|
|in_12_EN_A        |  out|    1|        bram|                      in_12|         array|
|in_12_WEN_A       |  out|    4|        bram|                      in_12|         array|
|in_12_Din_A       |  out|   32|        bram|                      in_12|         array|
|in_12_Dout_A      |   in|   32|        bram|                      in_12|         array|
|in_13_Addr_A      |  out|   32|        bram|                      in_13|         array|
|in_13_EN_A        |  out|    1|        bram|                      in_13|         array|
|in_13_WEN_A       |  out|    4|        bram|                      in_13|         array|
|in_13_Din_A       |  out|   32|        bram|                      in_13|         array|
|in_13_Dout_A      |   in|   32|        bram|                      in_13|         array|
|in_14_Addr_A      |  out|   32|        bram|                      in_14|         array|
|in_14_EN_A        |  out|    1|        bram|                      in_14|         array|
|in_14_WEN_A       |  out|    4|        bram|                      in_14|         array|
|in_14_Din_A       |  out|   32|        bram|                      in_14|         array|
|in_14_Dout_A      |   in|   32|        bram|                      in_14|         array|
|in_15_Addr_A      |  out|   32|        bram|                      in_15|         array|
|in_15_EN_A        |  out|    1|        bram|                      in_15|         array|
|in_15_WEN_A       |  out|    4|        bram|                      in_15|         array|
|in_15_Din_A       |  out|   32|        bram|                      in_15|         array|
|in_15_Dout_A      |   in|   32|        bram|                      in_15|         array|
|res_buf_address0  |  out|   16|   ap_memory|                    res_buf|         array|
|res_buf_ce0       |  out|    1|   ap_memory|                    res_buf|         array|
|res_buf_we0       |  out|    1|   ap_memory|                    res_buf|         array|
|res_buf_d0        |  out|   32|   ap_memory|                    res_buf|         array|
+------------------+-----+-----+------------+---------------------------+--------------+

