

================================================================
== Vitis HLS Report for 'fpn_p5_top_Pipeline_C1P_HW_C1P_IC'
================================================================
* Date:           Mon Jun  1 15:11:15 2026

* Version:        2022.2 (Build 3670227 on Oct 13 2022)
* Project:        fpn_192
* Solution:       solution1 (Vivado IP Flow Target)
* Product family: zynquplus
* Target device:  xczu9eg-ffvb1156-2-e


================================================================
== Performance Estimates
================================================================
+ Timing: 
    * Summary: 
    +--------+---------+----------+------------+
    |  Clock |  Target | Estimated| Uncertainty|
    +--------+---------+----------+------------+
    |ap_clk  |  5.00 ns|  3.397 ns|     1.35 ns|
    +--------+---------+----------+------------+

+ Latency: 
    * Summary: 
    +---------+---------+----------+----------+--------+--------+---------+
    |  Latency (cycles) |  Latency (absolute) |     Interval    | Pipeline|
    |   min   |   max   |    min   |    max   |   min  |   max  |   Type  |
    +---------+---------+----------+----------+--------+--------+---------+
    |   320017|   320017|  1.600 ms|  1.600 ms|  320017|  320017|       no|
    +---------+---------+----------+----------+--------+--------+---------+

    + Detail: 
        * Instance: 
        N/A

        * Loop: 
        +-----------------+---------+---------+----------+-----------+-----------+-------+----------+
        |                 |  Latency (cycles) | Iteration|  Initiation Interval  |  Trip |          |
        |    Loop Name    |   min   |   max   |  Latency |  achieved |   target  | Count | Pipelined|
        +-----------------+---------+---------+----------+-----------+-----------+-------+----------+
        |- C1P_HW_C1P_IC  |   320015|   320015|        21|          5|          1|  64000|       yes|
        +-----------------+---------+---------+----------+-----------+-----------+-------+----------+



================================================================
== Utilization Estimates
================================================================
* Summary: 
+-----------------+---------+------+--------+--------+-----+
|       Name      | BRAM_18K|  DSP |   FF   |   LUT  | URAM|
+-----------------+---------+------+--------+--------+-----+
|DSP              |        -|     1|       -|       -|    -|
|Expression       |        -|     -|       0|     208|    -|
|FIFO             |        -|     -|       -|       -|    -|
|Instance         |        -|     -|       -|       -|    -|
|Memory           |        -|     -|       -|       -|    -|
|Multiplexer      |        -|     -|       -|     157|    -|
|Register         |        -|     -|     498|     128|    -|
+-----------------+---------+------+--------+--------+-----+
|Total            |        0|     1|     498|     493|    0|
+-----------------+---------+------+--------+--------+-----+
|Available        |     1824|  2520|  548160|  274080|    0|
+-----------------+---------+------+--------+--------+-----+
|Utilization (%)  |        0|    ~0|      ~0|      ~0|    0|
+-----------------+---------+------+--------+--------+-----+

+ Detail: 
    * Instance: 
    N/A

    * DSP: 
    +-----------------------------------+--------------------------------+--------------+
    |              Instance             |             Module             |  Expression  |
    +-----------------------------------+--------------------------------+--------------+
    |mac_muladd_10ns_7ns_7ns_16_4_1_U4  |mac_muladd_10ns_7ns_7ns_16_4_1  |  i0 * i1 + i2|
    +-----------------------------------+--------------------------------+--------------+

    * Memory: 
    N/A

    * FIFO: 
    N/A

    * Expression: 
    +--------------------------+----------+----+---+----+------------+------------+
    |       Variable Name      | Operation| DSP| FF| LUT| Bitwidth P0| Bitwidth P1|
    +--------------------------+----------+----+---+----+------------+------------+
    |add_ln395_1_fu_267_p2     |         +|   0|  0|  14|           7|           1|
    |add_ln395_fu_191_p2       |         +|   0|  0|  23|          16|           1|
    |add_ln397_fu_238_p2       |         +|   0|  0|  17|          10|           1|
    |add_ln399_1_fu_232_p2     |         +|   0|  0|  24|          17|          17|
    |add_ln399_2_fu_222_p2     |         +|   0|  0|  22|          15|          15|
    |add_ln401_fu_319_p2       |         +|   0|  0|  22|          15|          15|
    |icmp_ln395_fu_185_p2      |      icmp|   0|  0|  13|          16|          12|
    |icmp_ln397_1_fu_244_p2    |      icmp|   0|  0|  11|          10|          10|
    |icmp_ln397_fu_200_p2      |      icmp|   0|  0|  11|          10|          10|
    |select_ln395_1_fu_304_p3  |    select|   0|  0|  32|           1|          32|
    |select_ln395_2_fu_273_p3  |    select|   0|  0|   7|           1|           7|
    |select_ln395_fu_206_p3    |    select|   0|  0|  10|           1|           1|
    |ap_enable_pp0             |       xor|   0|  0|   2|           1|           2|
    +--------------------------+----------+----+---+----+------------+------------+
    |Total                     |          |   0|  0| 208|         120|         124|
    +--------------------------+----------+----+---+----+------------+------------+

    * Multiplexer: 
    +--------------------------------------+----+-----------+-----+-----------+
    |                 Name                 | LUT| Input Size| Bits| Total Bits|
    +--------------------------------------+----+-----------+-----+-----------+
    |acc_1_fu_72                           |   9|          2|   32|         64|
    |ap_NS_fsm                             |  31|          6|    1|          6|
    |ap_done_int                           |   9|          2|    1|          2|
    |ap_enable_reg_pp0_iter0               |   9|          2|    1|          2|
    |ap_enable_reg_pp0_iter1               |   9|          2|    1|          2|
    |ap_enable_reg_pp0_iter4               |   9|          2|    1|          2|
    |ap_loop_exit_ready_pp0_iter1_reg      |   9|          2|    1|          2|
    |ap_loop_exit_ready_pp0_iter2_reg      |   9|          2|    1|          2|
    |ap_loop_exit_ready_pp0_iter3_reg      |   9|          2|    1|          2|
    |ap_sig_allocacmp_acc_1_load           |   9|          2|   32|         64|
    |ap_sig_allocacmp_ic_load              |   9|          2|   10|         20|
    |ap_sig_allocacmp_indvar_flatten_load  |   9|          2|   16|         32|
    |hw_fu_80                              |   9|          2|    7|         14|
    |ic_fu_76                              |   9|          2|   10|         20|
    |indvar_flatten_fu_84                  |   9|          2|   16|         32|
    +--------------------------------------+----+-----------+-----+-----------+
    |Total                                 | 157|         34|  131|        266|
    +--------------------------------------+----+-----------+-----+-----------+

    * Register: 
    +----------------------------------+----+----+-----+-----------+
    |               Name               | FF | LUT| Bits| Const Bits|
    +----------------------------------+----+----+-----+-----------+
    |acc_1_fu_72                       |  32|   0|   32|          0|
    |acc_2_reg_455                     |  32|   0|   32|          0|
    |add_ln399_1_reg_391               |  17|   0|   17|          0|
    |ap_CS_fsm                         |   5|   0|    5|          0|
    |ap_done_reg                       |   1|   0|    1|          0|
    |ap_enable_reg_pp0_iter0_reg       |   1|   0|    1|          0|
    |ap_enable_reg_pp0_iter1           |   1|   0|    1|          0|
    |ap_enable_reg_pp0_iter2           |   1|   0|    1|          0|
    |ap_enable_reg_pp0_iter3           |   1|   0|    1|          0|
    |ap_enable_reg_pp0_iter4           |   1|   0|    1|          0|
    |ap_loop_exit_ready_pp0_iter1_reg  |   1|   0|    1|          0|
    |ap_loop_exit_ready_pp0_iter2_reg  |   1|   0|    1|          0|
    |ap_loop_exit_ready_pp0_iter3_reg  |   1|   0|    1|          0|
    |c4_load_reg_430                   |  32|   0|   32|          0|
    |conv_i_reg_435                    |  32|   0|   32|          0|
    |hw_fu_80                          |   7|   0|    7|          0|
    |ic_fu_76                          |  10|   0|   10|          0|
    |icmp_ln395_reg_376                |   1|   0|    1|          0|
    |icmp_ln397_1_reg_396              |   1|   0|    1|          0|
    |icmp_ln397_reg_380                |   1|   0|    1|          0|
    |indvar_flatten_fu_84              |  16|   0|   16|          0|
    |mul17_i_reg_445                   |  32|   0|   32|          0|
    |select_ln395_2_reg_405            |   7|   0|    7|          0|
    |w_conv_load_reg_415               |   8|   0|    8|          0|
    |icmp_ln395_reg_376                |  64|  32|    1|          0|
    |icmp_ln397_1_reg_396              |  64|  32|    1|          0|
    |icmp_ln397_reg_380                |  64|  32|    1|          0|
    |select_ln395_2_reg_405            |  64|  32|    7|          0|
    +----------------------------------+----+----+-----+-----------+
    |Total                             | 498| 128|  252|          0|
    +----------------------------------+----+----+-----+-----------+



================================================================
== Interface
================================================================
* Summary: 
+----------------------+-----+-----+------------+-----------------------------------+--------------+
|       RTL Ports      | Dir | Bits|  Protocol  |           Source Object           |    C Type    |
+----------------------+-----+-----+------------+-----------------------------------+--------------+
|ap_clk                |   in|    1|  ap_ctrl_hs|  fpn_p5_top_Pipeline_C1P_HW_C1P_IC|  return value|
|ap_rst                |   in|    1|  ap_ctrl_hs|  fpn_p5_top_Pipeline_C1P_HW_C1P_IC|  return value|
|ap_start              |   in|    1|  ap_ctrl_hs|  fpn_p5_top_Pipeline_C1P_HW_C1P_IC|  return value|
|ap_done               |  out|    1|  ap_ctrl_hs|  fpn_p5_top_Pipeline_C1P_HW_C1P_IC|  return value|
|ap_idle               |  out|    1|  ap_ctrl_hs|  fpn_p5_top_Pipeline_C1P_HW_C1P_IC|  return value|
|ap_ready              |  out|    1|  ap_ctrl_hs|  fpn_p5_top_Pipeline_C1P_HW_C1P_IC|  return value|
|grp_fu_1010_p_din0    |  out|   32|  ap_ctrl_hs|  fpn_p5_top_Pipeline_C1P_HW_C1P_IC|  return value|
|grp_fu_1010_p_din1    |  out|   32|  ap_ctrl_hs|  fpn_p5_top_Pipeline_C1P_HW_C1P_IC|  return value|
|grp_fu_1010_p_opcode  |  out|    2|  ap_ctrl_hs|  fpn_p5_top_Pipeline_C1P_HW_C1P_IC|  return value|
|grp_fu_1010_p_dout0   |   in|   32|  ap_ctrl_hs|  fpn_p5_top_Pipeline_C1P_HW_C1P_IC|  return value|
|grp_fu_1010_p_ce      |  out|    1|  ap_ctrl_hs|  fpn_p5_top_Pipeline_C1P_HW_C1P_IC|  return value|
|grp_fu_1014_p_din0    |  out|   32|  ap_ctrl_hs|  fpn_p5_top_Pipeline_C1P_HW_C1P_IC|  return value|
|grp_fu_1014_p_din1    |  out|   32|  ap_ctrl_hs|  fpn_p5_top_Pipeline_C1P_HW_C1P_IC|  return value|
|grp_fu_1014_p_dout0   |   in|   32|  ap_ctrl_hs|  fpn_p5_top_Pipeline_C1P_HW_C1P_IC|  return value|
|grp_fu_1014_p_ce      |  out|    1|  ap_ctrl_hs|  fpn_p5_top_Pipeline_C1P_HW_C1P_IC|  return value|
|grp_fu_1018_p_din0    |  out|   32|  ap_ctrl_hs|  fpn_p5_top_Pipeline_C1P_HW_C1P_IC|  return value|
|grp_fu_1018_p_dout0   |   in|   32|  ap_ctrl_hs|  fpn_p5_top_Pipeline_C1P_HW_C1P_IC|  return value|
|grp_fu_1018_p_ce      |  out|    1|  ap_ctrl_hs|  fpn_p5_top_Pipeline_C1P_HW_C1P_IC|  return value|
|acc                   |   in|   32|     ap_none|                                acc|        scalar|
|c4_Addr_A             |  out|   32|        bram|                                 c4|         array|
|c4_EN_A               |  out|    1|        bram|                                 c4|         array|
|c4_WEN_A              |  out|    4|        bram|                                 c4|         array|
|c4_Din_A              |  out|   32|        bram|                                 c4|         array|
|c4_Dout_A             |   in|   32|        bram|                                 c4|         array|
|p_shl1                |   in|   15|     ap_none|                             p_shl1|        scalar|
|p_shl                 |   in|   17|     ap_none|                              p_shl|        scalar|
|w_conv_Addr_A         |  out|   32|        bram|                             w_conv|         array|
|w_conv_EN_A           |  out|    1|        bram|                             w_conv|         array|
|w_conv_WEN_A          |  out|    1|        bram|                             w_conv|         array|
|w_conv_Din_A          |  out|    8|        bram|                             w_conv|         array|
|w_conv_Dout_A         |   in|    8|        bram|                             w_conv|         array|
|phi_mul               |   in|   15|     ap_none|                            phi_mul|        scalar|
|lat4_address0         |  out|   15|   ap_memory|                               lat4|         array|
|lat4_ce0              |  out|    1|   ap_memory|                               lat4|         array|
|lat4_we0              |  out|    1|   ap_memory|                               lat4|         array|
|lat4_d0               |  out|   32|   ap_memory|                               lat4|         array|
+----------------------+-----+-----+------------+-----------------------------------+--------------+

