

================================================================
== Vitis HLS Report for 'fpn_p5_top'
================================================================
* Date:           Mon Jun  1 15:11:16 2026

* Version:        2022.2 (Build 3670227 on Oct 13 2022)
* Project:        fpn_192
* Solution:       solution1 (Vivado IP Flow Target)
* Product family: zynquplus
* Target device:  xczu9eg-ffvb1156-2-e


================================================================
== Performance Estimates
================================================================
+ Timing: 
    * Summary: 
    +--------+---------+----------+------------+
    |  Clock |  Target | Estimated| Uncertainty|
    +--------+---------+----------+------------+
    |ap_clk  |  5.00 ns|  3.824 ns|     1.35 ns|
    +--------+---------+----------+------------+

+ Latency: 
    * Summary: 
    +-----------+-----------+-----------+-----------+-----------+-----------+---------+
    |    Latency (cycles)   |   Latency (absolute)  |        Interval       | Pipeline|
    |    min    |    max    |    min    |    max    |    min    |    max    |   Type  |
    +-----------+-----------+-----------+-----------+-----------+-----------+---------+
    |  227874246|  227874246|  1.139 sec|  1.139 sec|  227874247|  227874247|       no|
    +-----------+-----------+-----------+-----------+-----------+-----------+---------+

    + Detail: 
        * Instance: 
        +--------------------------------------------------------+---------------------------------------------+---------+---------+-----------+-----------+--------+--------+---------+
        |                                                        |                                             |  Latency (cycles) |   Latency (absolute)  |     Interval    | Pipeline|
        |                        Instance                        |                    Module                   |   min   |   max   |    min    |    max    |   min  |   max  |   Type  |
        +--------------------------------------------------------+---------------------------------------------+---------+---------+-----------+-----------+--------+--------+---------+
        |grp_fpn_p5_top_Pipeline_C1P_HW_C1P_IC_fu_198            |fpn_p5_top_Pipeline_C1P_HW_C1P_IC            |   320017|   320017|   1.600 ms|   1.600 ms|  320017|  320017|       no|
        |grp_fpn_p5_top_Pipeline_MP_C_MP_H_MP_W_fu_212           |fpn_p5_top_Pipeline_MP_C_MP_H_MP_W           |     4803|     4803|  24.015 us|  24.015 us|    4803|    4803|       no|
        |grp_fpn_p5_top_Pipeline_FPN3_IC_FPN3_KH_FPN3_KW_fu_220  |fpn_p5_top_Pipeline_FPN3_IC_FPN3_KH_FPN3_KW  |     8656|     8656|  43.280 us|  43.280 us|    8656|    8656|       no|
        +--------------------------------------------------------+---------------------------------------------+---------+---------+-----------+-----------+--------+--------+---------+

        * Loop: 
        +---------------------------+-----------+-----------+----------+-----------+-----------+-------+----------+
        |                           |    Latency (cycles)   | Iteration|  Initiation Interval  |  Trip |          |
        |         Loop Name         |    min    |    max    |  Latency |  achieved |   target  | Count | Pipelined|
        +---------------------------+-----------+-----------+----------+-----------+-----------+-------+----------+
        |- C1P_OC                   |   61443840|   61443840|    320020|          -|          -|    192|        no|
        |- FPN3_OC_FPN3_OH_FPN3_OW  |  166425600|  166425600|      8668|          -|          -|  19200|        no|
        +---------------------------+-----------+-----------+----------+-----------+-----------+-------+----------+



================================================================
== Utilization Estimates
================================================================
* Summary: 
+-----------------+---------+------+--------+--------+-----+
|       Name      | BRAM_18K|  DSP |   FF   |   LUT  | URAM|
+-----------------+---------+------+--------+--------+-----+
|DSP              |        -|     -|       -|       -|    -|
|Expression       |        -|     -|       0|     472|    -|
|FIFO             |        -|     -|       -|       -|    -|
|Instance         |        -|     6|    1825|    2953|    -|
|Memory           |       38|     -|       0|       0|    -|
|Multiplexer      |        -|     -|       -|     375|    -|
|Register         |        -|     -|     332|       -|    -|
+-----------------+---------+------+--------+--------+-----+
|Total            |       38|     6|    2157|    3800|    0|
+-----------------+---------+------+--------+--------+-----+
|Available        |     1824|  2520|  548160|  274080|    0|
+-----------------+---------+------+--------+--------+-----+
|Utilization (%)  |        2|    ~0|      ~0|       1|    0|
+-----------------+---------+------+--------+--------+-----+

+ Detail: 
    * Instance: 
    +--------------------------------------------------------+---------------------------------------------+---------+----+-----+-----+-----+
    |                        Instance                        |                    Module                   | BRAM_18K| DSP|  FF | LUT | URAM|
    +--------------------------------------------------------+---------------------------------------------+---------+----+-----+-----+-----+
    |fadd_32ns_32ns_32_6_no_dsp_1_U35                        |fadd_32ns_32ns_32_6_no_dsp_1                 |        0|   0|  278|  411|    0|
    |fadd_32ns_32ns_32_8_full_dsp_1_U32                      |fadd_32ns_32ns_32_8_full_dsp_1               |        0|   2|  296|  239|    0|
    |fmul_32ns_32ns_32_5_max_dsp_1_U36                       |fmul_32ns_32ns_32_5_max_dsp_1                |        0|   3|  151|  145|    0|
    |grp_fpn_p5_top_Pipeline_C1P_HW_C1P_IC_fu_198            |fpn_p5_top_Pipeline_C1P_HW_C1P_IC            |        0|   1|  498|  493|    0|
    |grp_fpn_p5_top_Pipeline_FPN3_IC_FPN3_KH_FPN3_KW_fu_220  |fpn_p5_top_Pipeline_FPN3_IC_FPN3_KH_FPN3_KW  |        0|   0|  492|  960|    0|
    |grp_fpn_p5_top_Pipeline_MP_C_MP_H_MP_W_fu_212           |fpn_p5_top_Pipeline_MP_C_MP_H_MP_W           |        0|   0|  110|  625|    0|
    |mul_8ns_8ns_15_1_1_U33                                  |mul_8ns_8ns_15_1_1                           |        0|   0|    0|   40|    0|
    |mul_8ns_8ns_15_1_1_U34                                  |mul_8ns_8ns_15_1_1                           |        0|   0|    0|   40|    0|
    |sitofp_32s_32_6_no_dsp_1_U37                            |sitofp_32s_32_6_no_dsp_1                     |        0|   0|    0|    0|    0|
    +--------------------------------------------------------+---------------------------------------------+---------+----+-----+-----+-----+
    |Total                                                   |                                             |        0|   6| 1825| 2953|    0|
    +--------------------------------------------------------+---------------------------------------------+---------+----+-----+-----+-----+

    * DSP: 
    N/A

    * Memory: 
    +--------+------------------------+---------+---+----+-----+-------+-----+------+-------------+
    | Memory |         Module         | BRAM_18K| FF| LUT| URAM| Words | Bits| Banks| W*Bits*Banks|
    +--------+------------------------+---------+---+----+-----+-------+-----+------+-------------+
    |lat4_U  |lat4_RAM_T2P_BRAM_1R1W  |       38|  0|   0|    0|  19200|   32|     1|       614400|
    +--------+------------------------+---------+---+----+-----+-------+-----+------+-------------+
    |Total   |                        |       38|  0|   0|    0|  19200|   32|     1|       614400|
    +--------+------------------------+---------+---+----+-----+-------+-----+------+-------------+

    * FIFO: 
    N/A

    * Expression: 
    +--------------------------+----------+----+---+----+------------+------------+
    |       Variable Name      | Operation| DSP| FF| LUT| Bitwidth P0| Bitwidth P1|
    +--------------------------+----------+----+---+----+------------+------------+
    |add_ln394_1_fu_257_p2     |         +|   0|  0|  22|          15|           7|
    |add_ln394_fu_269_p2       |         +|   0|  0|  15|           8|           1|
    |add_ln424_1_fu_481_p2     |         +|   0|  0|  15|           8|           1|
    |add_ln424_fu_455_p2       |         +|   0|  0|  22|          15|           1|
    |add_ln425_1_fu_527_p2     |         +|   0|  0|  15|           8|           1|
    |add_ln425_fu_513_p2       |         +|   0|  0|  12|           4|           1|
    |add_ln426_fu_769_p2       |         +|   0|  0|  12|           4|           1|
    |add_ln435_3_fu_712_p2     |         +|   0|  0|  12|           5|           2|
    |add_ln441_1_fu_443_p2     |         +|   0|  0|  16|          15|          15|
    |add_ln441_2_fu_695_p2     |         +|   0|  0|  16|          15|          15|
    |add_ln441_fu_763_p2       |         +|   0|  0|  22|          15|          15|
    |empty_23_fu_391_p2        |         +|   0|  0|  18|          11|          10|
    |p_mid138_fu_722_p2        |         +|   0|  0|  12|           5|           2|
    |p_mid195_fu_610_p2        |         +|   0|  0|  18|          11|          10|
    |tmp1_fu_437_p2            |         +|   0|  0|  16|          15|          15|
    |tmp1_mid1_fu_689_p2       |         +|   0|  0|  16|          15|          15|
    |empty_22_fu_373_p2        |         -|   0|  0|  24|          17|          17|
    |p_mid193_fu_586_p2        |         -|   0|  0|  24|          17|          17|
    |and_ln424_fu_499_p2       |       and|   0|  0|   2|           1|           1|
    |icmp_ln394_fu_263_p2      |      icmp|   0|  0|  11|           8|           8|
    |icmp_ln424_fu_449_p2      |      icmp|   0|  0|  12|          15|          15|
    |icmp_ln425_fu_467_p2      |      icmp|   0|  0|  11|           8|           7|
    |icmp_ln426_fu_493_p2      |      icmp|   0|  0|   9|           4|           4|
    |notlhs_mid160_fu_746_p2   |      icmp|   0|  0|   9|           4|           1|
    |notrhs_mid162_fu_752_p2   |      icmp|   0|  0|   9|           5|           4|
    |or_ln425_fu_655_p2        |        or|   0|  0|   2|           1|           1|
    |select_ln424_1_fu_592_p3  |    select|   0|  0|  16|           1|          17|
    |select_ln424_2_fu_622_p3  |    select|   0|  0|  15|           1|          15|
    |select_ln424_3_fu_638_p3  |    select|   0|  0|   9|           1|           9|
    |select_ln424_4_fu_649_p3  |    select|   0|  0|  15|           1|          15|
    |select_ln424_5_fu_505_p3  |    select|   0|  0|   8|           1|           8|
    |select_ln424_fu_473_p3    |    select|   0|  0|   4|           1|           1|
    |select_ln425_1_fu_701_p3  |    select|   0|  0|  15|           1|          15|
    |select_ln425_2_fu_519_p3  |    select|   0|  0|   4|           1|           4|
    |select_ln425_3_fu_533_p3  |    select|   0|  0|   8|           1|           1|
    |select_ln425_fu_659_p3    |    select|   0|  0|   4|           1|           1|
    |xor_ln424_fu_487_p2       |       xor|   0|  0|   2|           1|           2|
    +--------------------------+----------+----+---+----+------------+------------+
    |Total                     |          |   0|  0| 472|         260|         275|
    +--------------------------+----------+----+---+----+------------+------------+

    * Multiplexer: 
    +--------------------------+----+-----------+-----+-----------+
    |           Name           | LUT| Input Size| Bits| Total Bits|
    +--------------------------+----+-----------+-----+-----------+
    |ap_NS_fsm                 |  89|         18|    1|         18|
    |grp_fu_1010_ce            |  14|          3|    1|          3|
    |grp_fu_1010_p0            |  14|          3|   32|         96|
    |grp_fu_1010_p1            |  14|          3|   32|         96|
    |grp_fu_1014_ce            |  14|          3|    1|          3|
    |grp_fu_1014_p0            |  14|          3|   32|         96|
    |grp_fu_1014_p1            |  14|          3|   32|         96|
    |grp_fu_1018_ce            |  14|          3|    1|          3|
    |grp_fu_1018_p0            |  14|          3|   32|         96|
    |indvar_flatten121_fu_160  |   9|          2|   15|         30|
    |indvar_flatten77_fu_152   |   9|          2|    8|         16|
    |lat4_address0             |  14|          3|   15|         45|
    |lat4_ce0                  |  14|          3|    1|          3|
    |lat4_we0                  |   9|          2|    1|          2|
    |oc_1_fu_156               |   9|          2|    8|         16|
    |oc_fu_136                 |   9|          2|    8|         16|
    |oh_fu_148                 |   9|          2|    4|          8|
    |ow_fu_144                 |   9|          2|    4|          8|
    |p5_Addr_A                 |   9|          2|   32|         64|
    |p5_EN_A                   |  14|          3|    1|          3|
    |p5_WEN_A                  |   9|          2|    4|          8|
    |phi_mul_fu_132            |   9|          2|   15|         30|
    |w_conv_Addr_A             |  14|          3|   32|         96|
    |w_conv_EN_A               |  14|          3|    1|          3|
    |w_meta_Addr_A_orig        |  14|          3|   32|         96|
    +--------------------------+----+-----------+-----+-----------+
    |Total                     | 375|         80|  345|        951|
    +--------------------------+----+-----------+-----+-----------+

    * Register: 
    +---------------------------------------------------------------------+----+----+-----+-----------+
    |                                 Name                                | FF | LUT| Bits| Const Bits|
    +---------------------------------------------------------------------+----+----+-----+-----------+
    |acc_reg_880                                                          |  32|   0|   32|          0|
    |add51_i_reg_1005                                                     |  32|   0|   32|          0|
    |add_ln424_1_reg_920                                                  |   8|   0|    8|          0|
    |add_ln425_reg_934                                                    |   4|   0|    4|          0|
    |add_ln435_3_reg_962                                                  |   5|   0|    5|          0|
    |add_ln441_1_reg_900                                                  |  15|   0|   15|          0|
    |add_ln441_reg_987                                                    |  15|   0|   15|          0|
    |and_ln424_reg_928                                                    |   1|   0|    1|          0|
    |ap_CS_fsm                                                            |  17|   0|   17|          0|
    |empty_22_reg_885                                                     |  11|   0|   17|          6|
    |empty_24_reg_890                                                     |  15|   0|   15|          0|
    |grp_fpn_p5_top_Pipeline_C1P_HW_C1P_IC_fu_198_ap_start_reg            |   1|   0|    1|          0|
    |grp_fpn_p5_top_Pipeline_FPN3_IC_FPN3_KH_FPN3_KW_fu_220_ap_start_reg  |   1|   0|    1|          0|
    |grp_fpn_p5_top_Pipeline_MP_C_MP_H_MP_W_fu_212_ap_start_reg           |   1|   0|    1|          0|
    |icmp_ln425_reg_911                                                   |   1|   0|    1|          0|
    |indvar_flatten121_fu_160                                             |  15|   0|   15|          0|
    |indvar_flatten77_fu_152                                              |   8|   0|    8|          0|
    |notlhs_mid160_reg_977                                                |   1|   0|    1|          0|
    |notrhs_mid162_reg_982                                                |   1|   0|    1|          0|
    |oc_1_fu_156                                                          |   8|   0|    8|          0|
    |oc_2_reg_821                                                         |   8|   0|    8|          0|
    |oc_fu_136                                                            |   8|   0|    8|          0|
    |oh_fu_148                                                            |   4|   0|    4|          0|
    |ow_fu_144                                                            |   4|   0|    4|          0|
    |p_shl10_mid_reg_967                                                  |   5|   0|    8|          3|
    |p_shl11_mid_reg_972                                                  |   5|   0|    6|          1|
    |p_shl1_reg_875                                                       |   8|   0|   15|          7|
    |p_shl_reg_870                                                        |   8|   0|   17|          9|
    |phi_mul_fu_132                                                       |  15|   0|   15|          0|
    |phi_mul_load_reg_816                                                 |  15|   0|   15|          0|
    |select_ln424_1_reg_947                                               |  11|   0|   17|          6|
    |select_ln425_2_reg_940                                               |   4|   0|    4|          0|
    |select_ln425_reg_957                                                 |   4|   0|    4|          0|
    |tmp_reg_895                                                          |   9|   0|    9|          0|
    |w_meta_load_1_reg_992                                                |  32|   0|   32|          0|
    +---------------------------------------------------------------------+----+----+-----+-----------+
    |Total                                                                | 332|   0|  364|         32|
    +---------------------------------------------------------------------+----+----+-----+-----------+



================================================================
== Interface
================================================================
* Summary: 
+---------------+-----+-----+------------+--------------+--------------+
|   RTL Ports   | Dir | Bits|  Protocol  | Source Object|    C Type    |
+---------------+-----+-----+------------+--------------+--------------+
|ap_clk         |   in|    1|  ap_ctrl_hs|    fpn_p5_top|  return value|
|ap_rst         |   in|    1|  ap_ctrl_hs|    fpn_p5_top|  return value|
|ap_start       |   in|    1|  ap_ctrl_hs|    fpn_p5_top|  return value|
|ap_done        |  out|    1|  ap_ctrl_hs|    fpn_p5_top|  return value|
|ap_idle        |  out|    1|  ap_ctrl_hs|    fpn_p5_top|  return value|
|ap_ready       |  out|    1|  ap_ctrl_hs|    fpn_p5_top|  return value|
|c4_Addr_A      |  out|   32|        bram|            c4|         array|
|c4_EN_A        |  out|    1|        bram|            c4|         array|
|c4_WEN_A       |  out|    4|        bram|            c4|         array|
|c4_Din_A       |  out|   32|        bram|            c4|         array|
|c4_Dout_A      |   in|   32|        bram|            c4|         array|
|c4_Clk_A       |  out|    1|        bram|            c4|         array|
|c4_Rst_A       |  out|    1|        bram|            c4|         array|
|w_conv_Addr_A  |  out|   32|        bram|        w_conv|         array|
|w_conv_EN_A    |  out|    1|        bram|        w_conv|         array|
|w_conv_WEN_A   |  out|    1|        bram|        w_conv|         array|
|w_conv_Din_A   |  out|    8|        bram|        w_conv|         array|
|w_conv_Dout_A  |   in|    8|        bram|        w_conv|         array|
|w_conv_Clk_A   |  out|    1|        bram|        w_conv|         array|
|w_conv_Rst_A   |  out|    1|        bram|        w_conv|         array|
|w_meta_Addr_A  |  out|   32|        bram|        w_meta|         array|
|w_meta_EN_A    |  out|    1|        bram|        w_meta|         array|
|w_meta_WEN_A   |  out|    4|        bram|        w_meta|         array|
|w_meta_Din_A   |  out|   32|        bram|        w_meta|         array|
|w_meta_Dout_A  |   in|   32|        bram|        w_meta|         array|
|w_meta_Clk_A   |  out|    1|        bram|        w_meta|         array|
|w_meta_Rst_A   |  out|    1|        bram|        w_meta|         array|
|p5_Addr_A      |  out|   32|        bram|            p5|         array|
|p5_EN_A        |  out|    1|        bram|            p5|         array|
|p5_WEN_A       |  out|    4|        bram|            p5|         array|
|p5_Din_A       |  out|   32|        bram|            p5|         array|
|p5_Dout_A      |   in|   32|        bram|            p5|         array|
|p5_Clk_A       |  out|    1|        bram|            p5|         array|
|p5_Rst_A       |  out|    1|        bram|            p5|         array|
|p6_Addr_A      |  out|   32|        bram|            p6|         array|
|p6_EN_A        |  out|    1|        bram|            p6|         array|
|p6_WEN_A       |  out|    4|        bram|            p6|         array|
|p6_Din_A       |  out|   32|        bram|            p6|         array|
|p6_Dout_A      |   in|   32|        bram|            p6|         array|
|p6_Clk_A       |  out|    1|        bram|            p6|         array|
|p6_Rst_A       |  out|    1|        bram|            p6|         array|
+---------------+-----+-----+------------+--------------+--------------+

