

================================================================
== Vitis HLS Report for 'nms_greedy_Pipeline_NMS_J'
================================================================
* Date:           Wed Jun  3 14:56:51 2026

* Version:        2022.2 (Build 3670227 on Oct 13 2022)
* Project:        nms
* Solution:       solution1 (Vivado IP Flow Target)
* Product family: zynquplus
* Target device:  xczu9eg-ffvb1156-2-e


================================================================
== Performance Estimates
================================================================
+ Timing: 
    * Summary: 
    +--------+---------+----------+------------+
    |  Clock |  Target | Estimated| Uncertainty|
    +--------+---------+----------+------------+
    |ap_clk  |  5.00 ns|  9.052 ns|     1.35 ns|
    +--------+---------+----------+------------+

+ Latency: 
    * Summary: 
    +---------+---------+-----------+-----------+-----+------+---------+
    |  Latency (cycles) |   Latency (absolute)  |  Interval  | Pipeline|
    |   min   |   max   |    min    |    max    | min |  max |   Type  |
    +---------+---------+-----------+-----------+-----+------+---------+
    |        2|     1202|  18.105 ns|  10.881 us|    2|  1202|       no|
    +---------+---------+-----------+-----------+-----+------+---------+

    + Detail: 
        * Instance: 
        N/A

        * Loop: 
        +----------+---------+---------+----------+-----------+-----------+---------+----------+
        |          |  Latency (cycles) | Iteration|  Initiation Interval  |   Trip  |          |
        | Loop Name|   min   |   max   |  Latency |  achieved |   target  |  Count  | Pipelined|
        +----------+---------+---------+----------+-----------+-----------+---------+----------+
        |- NMS_J   |        0|     1200|         5|          4|          1|  0 ~ 300|       yes|
        +----------+---------+---------+----------+-----------+-----------+---------+----------+



================================================================
== Utilization Estimates
================================================================
* Summary: 
+-----------------+---------+------+--------+--------+-----+
|       Name      | BRAM_18K|  DSP |   FF   |   LUT  | URAM|
+-----------------+---------+------+--------+--------+-----+
|DSP              |        -|     2|       -|       -|    -|
|Expression       |        -|     -|       0|     450|    -|
|FIFO             |        -|     -|       -|       -|    -|
|Instance         |        -|     -|       -|       -|    -|
|Memory           |        -|     -|       -|       -|    -|
|Multiplexer      |        -|     -|       -|      71|    -|
|Register         |        -|     -|     125|       -|    -|
+-----------------+---------+------+--------+--------+-----+
|Total            |        0|     2|     125|     521|    0|
+-----------------+---------+------+--------+--------+-----+
|Available        |     1824|  2520|  548160|  274080|    0|
+-----------------+---------+------+--------+--------+-----+
|Utilization (%)  |        0|    ~0|      ~0|      ~0|    0|
+-----------------+---------+------+--------+--------+-----+

+ Detail: 
    * Instance: 
    N/A

    * DSP: 
    +------------------------------+--------------------------+-----------+
    |           Instance           |          Module          | Expression|
    +------------------------------+--------------------------+-----------+
    |mul_mul_18ns_18ns_33_1_1_U92  |mul_mul_18ns_18ns_33_1_1  |    i0 * i1|
    |mul_mul_18ns_18ns_33_1_1_U93  |mul_mul_18ns_18ns_33_1_1  |    i0 * i1|
    +------------------------------+--------------------------+-----------+

    * Memory: 
    N/A

    * FIFO: 
    N/A

    * Expression: 
    +-------------------------+----------+----+---+----+------------+------------+
    |      Variable Name      | Operation| DSP| FF| LUT| Bitwidth P0| Bitwidth P1|
    +-------------------------+----------+----+---+----+------------+------------+
    |add_ln289_fu_254_p2      |         +|   0|  0|  71|          64|           1|
    |area_sum_V_fu_437_p2     |         +|   0|  0|  38|          31|          31|
    |inter3_V_fu_418_p2       |         +|   0|  0|  39|          32|          32|
    |bh_V_fu_371_p2           |         -|   0|  0|  25|          18|          18|
    |bw_V_fu_365_p2           |         -|   0|  0|  25|          18|          18|
    |ih_V_fu_359_p2           |         -|   0|  0|  25|          18|          18|
    |iw_V_fu_353_p2           |         -|   0|  0|  25|          18|          18|
    |icmp_ln1023_fu_270_p2    |      icmp|   0|  0|   8|           2|           2|
    |icmp_ln1649_1_fu_287_p2  |      icmp|   0|  0|  13|          18|          18|
    |icmp_ln1649_2_fu_446_p2  |      icmp|   0|  0|  20|          32|          32|
    |icmp_ln1649_fu_275_p2    |      icmp|   0|  0|  13|          18|          18|
    |icmp_ln1650_1_fu_311_p2  |      icmp|   0|  0|  13|          18|          18|
    |icmp_ln1650_fu_299_p2    |      icmp|   0|  0|  13|          18|          18|
    |icmp_ln1652_1_fu_335_p2  |      icmp|   0|  0|  13|          18|          18|
    |icmp_ln1652_fu_323_p2    |      icmp|   0|  0|  13|          18|          18|
    |icmp_ln289_fu_249_p2     |      icmp|   0|  0|  20|          32|          32|
    |or_ln105_fu_347_p2       |        or|   0|  0|   2|           1|           1|
    |ix1_V_fu_280_p3          |    select|   0|  0|  17|           1|          18|
    |ix2_V_fu_304_p3          |    select|   0|  0|  17|           1|          18|
    |iy1_V_fu_292_p3          |    select|   0|  0|  17|           1|          18|
    |iy2_V_fu_316_p3          |    select|   0|  0|  17|           1|          18|
    |ap_enable_pp0            |       xor|   0|  0|   2|           1|           2|
    |xor_ln1652_1_fu_341_p2   |       xor|   0|  0|   2|           1|           2|
    |xor_ln1652_fu_329_p2     |       xor|   0|  0|   2|           1|           2|
    +-------------------------+----------+----+---+----+------------+------------+
    |Total                    |          |   0|  0| 450|         381|         389|
    +-------------------------+----------+----+---+----+------------+------------+

    * Multiplexer: 
    +-----------------------------+----+-----------+-----+-----------+
    |             Name            | LUT| Input Size| Bits| Total Bits|
    +-----------------------------+----+-----------+-----+-----------+
    |ap_NS_fsm                    |  26|          5|    1|          5|
    |ap_done_int                  |   9|          2|    1|          2|
    |ap_enable_reg_pp0_iter0      |   9|          2|    1|          2|
    |ap_enable_reg_pp0_iter0_reg  |   9|          2|    1|          2|
    |ap_enable_reg_pp0_iter1      |   9|          2|    1|          2|
    |j_fu_80                      |   9|          2|   64|        128|
    +-----------------------------+----+-----------+-----+-----------+
    |Total                        |  71|         15|   69|        141|
    +-----------------------------+----+-----------+-----+-----------+

    * Register: 
    +-----------------------------+----+----+-----+-----------+
    |             Name            | FF | LUT| Bits| Const Bits|
    +-----------------------------+----+----+-----+-----------+
    |ap_CS_fsm                    |   4|   0|    4|          0|
    |ap_done_reg                  |   1|   0|    1|          0|
    |ap_enable_reg_pp0_iter0_reg  |   1|   0|    1|          0|
    |ap_enable_reg_pp0_iter1      |   1|   0|    1|          0|
    |icmp_ln1023_reg_545          |   1|   0|    1|          0|
    |icmp_ln289_reg_512           |   1|   0|    1|          0|
    |j_fu_80                      |  64|   0|   64|          0|
    |suppressed_addr_reg_530      |   9|   0|    9|          0|
    |suppressed_load_reg_536      |   1|   0|    1|          0|
    |zext_ln289_cast_reg_507      |  30|   0|   31|          1|
    |zext_ln293_reg_521           |  12|   0|   64|         52|
    +-----------------------------+----+----+-----+-----------+
    |Total                        | 125|   0|  178|         53|
    +-----------------------------+----+----+-----+-----------+



================================================================
== Interface
================================================================
* Summary: 
+---------------------------------------------------------------------+-----+-----+------------+-----------------------------------------------------------------+--------------+
|                              RTL Ports                              | Dir | Bits|  Protocol  |                          Source Object                          |    C Type    |
+---------------------------------------------------------------------+-----+-----+------------+-----------------------------------------------------------------+--------------+
|ap_clk                                                               |   in|    1|  ap_ctrl_hs|                                        nms_greedy_Pipeline_NMS_J|  return value|
|ap_rst                                                               |   in|    1|  ap_ctrl_hs|                                        nms_greedy_Pipeline_NMS_J|  return value|
|ap_start                                                             |   in|    1|  ap_ctrl_hs|                                        nms_greedy_Pipeline_NMS_J|  return value|
|ap_done                                                              |  out|    1|  ap_ctrl_hs|                                        nms_greedy_Pipeline_NMS_J|  return value|
|ap_idle                                                              |  out|    1|  ap_ctrl_hs|                                        nms_greedy_Pipeline_NMS_J|  return value|
|ap_ready                                                             |  out|    1|  ap_ctrl_hs|                                        nms_greedy_Pipeline_NMS_J|  return value|
|sext_ln274                                                           |   in|   32|     ap_none|                                                       sext_ln274|        scalar|
|select_ln289                                                         |   in|   32|     ap_none|                                                     select_ln289|        scalar|
|cls_i_V                                                              |   in|    2|     ap_none|                                                          cls_i_V|        scalar|
|nms_top_float_const_float_const_Detection_int_cand_boxes_load        |   in|   18|     ap_none|    nms_top_float_const_float_const_Detection_int_cand_boxes_load|        scalar|
|nms_top_float_const_float_const_Detection_int_cand_boxes_1_load      |   in|   18|     ap_none|  nms_top_float_const_float_const_Detection_int_cand_boxes_1_load|        scalar|
|nms_top_float_const_float_const_Detection_int_cand_boxes_2_load      |   in|   18|     ap_none|  nms_top_float_const_float_const_Detection_int_cand_boxes_2_load|        scalar|
|nms_top_float_const_float_const_Detection_int_cand_boxes_3_load      |   in|   18|     ap_none|  nms_top_float_const_float_const_Detection_int_cand_boxes_3_load|        scalar|
|zext_ln289                                                           |   in|   30|     ap_none|                                                       zext_ln289|        scalar|
|cand_order_address0                                                  |  out|   12|   ap_memory|                                                       cand_order|         array|
|cand_order_ce0                                                       |  out|    1|   ap_memory|                                                       cand_order|         array|
|cand_order_q0                                                        |   in|   12|   ap_memory|                                                       cand_order|         array|
|suppressed_address0                                                  |  out|    9|   ap_memory|                                                       suppressed|         array|
|suppressed_ce0                                                       |  out|    1|   ap_memory|                                                       suppressed|         array|
|suppressed_q0                                                        |   in|    1|   ap_memory|                                                       suppressed|         array|
|suppressed_address1                                                  |  out|    9|   ap_memory|                                                       suppressed|         array|
|suppressed_ce1                                                       |  out|    1|   ap_memory|                                                       suppressed|         array|
|suppressed_we1                                                       |  out|    1|   ap_memory|                                                       suppressed|         array|
|suppressed_d1                                                        |  out|    1|   ap_memory|                                                       suppressed|         array|
|cand_cls_V_address0                                                  |  out|   12|   ap_memory|                                                       cand_cls_V|         array|
|cand_cls_V_ce0                                                       |  out|    1|   ap_memory|                                                       cand_cls_V|         array|
|cand_cls_V_q0                                                        |   in|    2|   ap_memory|                                                       cand_cls_V|         array|
|nms_top_float_const_float_const_Detection_int_cand_boxes_address0    |  out|   12|   ap_memory|         nms_top_float_const_float_const_Detection_int_cand_boxes|         array|
|nms_top_float_const_float_const_Detection_int_cand_boxes_ce0         |  out|    1|   ap_memory|         nms_top_float_const_float_const_Detection_int_cand_boxes|         array|
|nms_top_float_const_float_const_Detection_int_cand_boxes_q0          |   in|   18|   ap_memory|         nms_top_float_const_float_const_Detection_int_cand_boxes|         array|
|nms_top_float_const_float_const_Detection_int_cand_boxes_1_address0  |  out|   12|   ap_memory|       nms_top_float_const_float_const_Detection_int_cand_boxes_1|         array|
|nms_top_float_const_float_const_Detection_int_cand_boxes_1_ce0       |  out|    1|   ap_memory|       nms_top_float_const_float_const_Detection_int_cand_boxes_1|         array|
|nms_top_float_const_float_const_Detection_int_cand_boxes_1_q0        |   in|   18|   ap_memory|       nms_top_float_const_float_const_Detection_int_cand_boxes_1|         array|
|nms_top_float_const_float_const_Detection_int_cand_boxes_2_address0  |  out|   12|   ap_memory|       nms_top_float_const_float_const_Detection_int_cand_boxes_2|         array|
|nms_top_float_const_float_const_Detection_int_cand_boxes_2_ce0       |  out|    1|   ap_memory|       nms_top_float_const_float_const_Detection_int_cand_boxes_2|         array|
|nms_top_float_const_float_const_Detection_int_cand_boxes_2_q0        |   in|   18|   ap_memory|       nms_top_float_const_float_const_Detection_int_cand_boxes_2|         array|
|nms_top_float_const_float_const_Detection_int_cand_boxes_3_address0  |  out|   12|   ap_memory|       nms_top_float_const_float_const_Detection_int_cand_boxes_3|         array|
|nms_top_float_const_float_const_Detection_int_cand_boxes_3_ce0       |  out|    1|   ap_memory|       nms_top_float_const_float_const_Detection_int_cand_boxes_3|         array|
|nms_top_float_const_float_const_Detection_int_cand_boxes_3_q0        |   in|   18|   ap_memory|       nms_top_float_const_float_const_Detection_int_cand_boxes_3|         array|
+---------------------------------------------------------------------+-----+-----+------------+-----------------------------------------------------------------+--------------+

