

================================================================
== Vitis HLS Report for 'nms_top'
================================================================
* Date:           Wed Jun  3 14:56:52 2026

* Version:        2022.2 (Build 3670227 on Oct 13 2022)
* Project:        nms
* Solution:       solution1 (Vivado IP Flow Target)
* Product family: zynquplus
* Target device:  xczu9eg-ffvb1156-2-e


================================================================
== Performance Estimates
================================================================
+ Timing: 
    * Summary: 
    +--------+---------+----------+------------+
    |  Clock |  Target | Estimated| Uncertainty|
    +--------+---------+----------+------------+
    |ap_clk  |  5.00 ns|  9.052 ns|     1.35 ns|
    +--------+---------+----------+------------+

+ Latency: 
    * Summary: 
    +---------+---------+----------+----------+-----+-----+---------+
    |  Latency (cycles) |  Latency (absolute) |  Interval | Pipeline|
    |   min   |   max   |    min   |    max   | min | max |   Type  |
    +---------+---------+----------+----------+-----+-----+---------+
    |        ?|        ?|         ?|         ?|    ?|    ?|       no|
    +---------+---------+----------+----------+-----+-----+---------+

    + Detail: 
        * Instance: 
        +---------------------------------------+----------------------------+---------+---------+-----------+----------+-----+--------+---------+
        |                                       |                            |  Latency (cycles) |  Latency (absolute)  |   Interval   | Pipeline|
        |                Instance               |           Module           |   min   |   max   |    min    |    max   | min |   max  |   Type  |
        +---------------------------------------+----------------------------+---------+---------+-----------+----------+-----+--------+---------+
        |grp_score_filter_fu_188                |score_filter                |        1|   115301|   6.179 ns|  0.712 ms|    1|  115301|       no|
        |grp_nms_top_Pipeline_SORT_INIT_fu_222  |nms_top_Pipeline_SORT_INIT  |        ?|        ?|          ?|         ?|    ?|       ?|       no|
        |grp_nms_greedy_fu_230                  |nms_greedy                  |        4|   362704|  36.209 ns|  3.283 ms|    4|  362704|       no|
        |grp_nms_top_Pipeline_SORT_J_fu_253     |nms_top_Pipeline_SORT_J     |        5|     1206|  25.000 ns|  6.030 us|    5|    1206|       no|
        |grp_nms_top_Pipeline_OUT_fu_268        |nms_top_Pipeline_OUT        |        ?|        ?|          ?|         ?|    ?|       ?|       no|
        +---------------------------------------+----------------------------+---------+---------+-----------+----------+-----+--------+---------+

        * Loop: 
        +----------+---------+---------+----------+-----------+-----------+---------+----------+
        |          |  Latency (cycles) | Iteration|  Initiation Interval  |   Trip  |          |
        | Loop Name|   min   |   max   |  Latency |  achieved |   target  |  Count  | Pipelined|
        +----------+---------+---------+----------+-----------+-----------+---------+----------+
        |- SORT_I  |        4|   363600|  4 ~ 1212|          -|          -|  1 ~ 300|        no|
        +----------+---------+---------+----------+-----------+-----------+---------+----------+



================================================================
== Utilization Estimates
================================================================
* Summary: 
+-----------------+---------+------+--------+--------+-----+
|       Name      | BRAM_18K|  DSP |   FF   |   LUT  | URAM|
+-----------------+---------+------+--------+--------+-----+
|DSP              |        -|     -|       -|       -|    -|
|Expression       |        -|     -|       0|     308|    -|
|FIFO             |        -|     -|       -|       -|    -|
|Instance         |        -|    17|    6901|   12405|    -|
|Memory           |       17|     -|     152|    4276|    0|
|Multiplexer      |        -|     -|       -|     641|    -|
|Register         |        -|     -|     363|       -|    -|
+-----------------+---------+------+--------+--------+-----+
|Total            |       17|    17|    7416|   17630|    0|
+-----------------+---------+------+--------+--------+-----+
|Available        |     1824|  2520|  548160|  274080|    0|
+-----------------+---------+------+--------+--------+-----+
|Utilization (%)  |       ~0|    ~0|       1|       6|    0|
+-----------------+---------+------+--------+--------+-----+

+ Detail: 
    * Instance: 
    +---------------------------------------+-----------------------------+---------+----+------+------+-----+
    |                Instance               |            Module           | BRAM_18K| DSP|  FF  |  LUT | URAM|
    +---------------------------------------+-----------------------------+---------+----+------+------+-----+
    |fcmp_32ns_32ns_1_2_no_dsp_1_U128       |fcmp_32ns_32ns_1_2_no_dsp_1  |        0|   0|     0|     0|    0|
    |grp_nms_greedy_fu_230                  |nms_greedy                   |        0|   2|   630|  1202|    0|
    |grp_nms_top_Pipeline_OUT_fu_268        |nms_top_Pipeline_OUT         |        0|   0|   979|  3733|    0|
    |grp_nms_top_Pipeline_SORT_INIT_fu_222  |nms_top_Pipeline_SORT_INIT   |        0|   0|    14|    66|    0|
    |grp_nms_top_Pipeline_SORT_J_fu_253     |nms_top_Pipeline_SORT_J      |        0|   0|   220|   321|    0|
    |grp_score_filter_fu_188                |score_filter                 |        0|  15|  5058|  7083|    0|
    +---------------------------------------+-----------------------------+---------+----+------+------+-----+
    |Total                                  |                             |        0|  17|  6901| 12405|    0|
    +---------------------------------------+-----------------------------+---------+----+------+------+-----+

    * DSP: 
    N/A

    * Memory: 
    +--------------------------------------------------------------+------------------------------------------------------------------------+---------+----+------+-----+------+-----+------+-------------+
    |                            Memory                            |                                 Module                                 | BRAM_18K| FF |  LUT | URAM| Words| Bits| Banks| W*Bits*Banks|
    +--------------------------------------------------------------+------------------------------------------------------------------------+---------+----+------+-----+------+-----+------+-------------+
    |cand_areas_V_U                                                |cand_areas_V_RAM_2P_LUTRAM_1R1W                                         |        0|  60|  1688|    0|  3600|   30|     1|       108000|
    |cand_cls_V_U                                                  |cand_cls_V_RAM_2P_LUTRAM_1R1W                                           |        0|   4|   113|    0|  3600|    2|     1|         7200|
    |cand_order_U                                                  |cand_order_RAM_2P_LUTRAM_1R1W                                           |        0|  24|   675|    0|  3600|   12|     1|        43200|
    |cand_scores_U                                                 |cand_scores_RAM_2P_LUTRAM_1R1W                                          |        0|  64|  1800|    0|  3600|   32|     1|       115200|
    |keep_idx_U                                                    |keep_idx_RAM_T2P_BRAM_1R1W                                              |        1|   0|     0|    0|   100|   12|     1|         1200|
    |nms_top_float_const_float_const_Detection_int_cand_boxes_U    |nms_top_float_const_float_const_Detection_int_cand_boxes_RAM_AUTO_1R1W  |        4|   0|     0|    0|  3600|   18|     1|        64800|
    |nms_top_float_const_float_const_Detection_int_cand_boxes_1_U  |nms_top_float_const_float_const_Detection_int_cand_boxes_RAM_AUTO_1R1W  |        4|   0|     0|    0|  3600|   18|     1|        64800|
    |nms_top_float_const_float_const_Detection_int_cand_boxes_2_U  |nms_top_float_const_float_const_Detection_int_cand_boxes_RAM_AUTO_1R1W  |        4|   0|     0|    0|  3600|   18|     1|        64800|
    |nms_top_float_const_float_const_Detection_int_cand_boxes_3_U  |nms_top_float_const_float_const_Detection_int_cand_boxes_RAM_AUTO_1R1W  |        4|   0|     0|    0|  3600|   18|     1|        64800|
    +--------------------------------------------------------------+------------------------------------------------------------------------+---------+----+------+-----+------+-----+------+-------------+
    |Total                                                         |                                                                        |       17| 152|  4276|    0| 28900|  160|     9|       534000|
    +--------------------------------------------------------------+------------------------------------------------------------------------+---------+----+------+-----+------+-----+------+-------------+

    * FIFO: 
    N/A

    * Expression: 
    +----------------------------------+----------+----+---+----+------------+------------+
    |           Variable Name          | Operation| DSP| FF| LUT| Bitwidth P0| Bitwidth P1|
    +----------------------------------+----------+----+---+----+------------+------------+
    |add_ln231_1_fu_442_p2             |         +|   0|  0|  19|          12|           1|
    |add_ln231_2_fu_358_p2             |         +|   0|  0|  19|          12|           1|
    |add_ln231_fu_321_p2               |         +|   0|  0|  19|          12|           2|
    |add_ln237_fu_387_p2               |         +|   0|  0|  19|          12|           2|
    |add_ln243_fu_431_p2               |         +|   0|  0|  19|          12|           1|
    |cond_fu_411_p2                    |      icmp|   0|  0|   8|           2|           1|
    |icmp_ln226_fu_316_p2              |      icmp|   0|  0|  20|          32|           1|
    |icmp_ln231_1_fu_326_p2            |      icmp|   0|  0|  12|          12|           1|
    |icmp_ln231_2_fu_353_p2            |      icmp|   0|  0|  12|          12|          12|
    |icmp_ln231_fu_310_p2              |      icmp|   0|  0|  19|          31|           1|
    |icmp_ln239_fu_404_p2              |      icmp|   0|  0|  16|          23|           1|
    |icmp_ln359_fu_369_p2              |      icmp|   0|  0|  20|          32|           9|
    |icmp_ln366_fu_457_p2              |      icmp|   0|  0|  20|          32|           7|
    |j_reload_j_cast_reload_fu_423_p3  |    select|   0|  0|  11|           1|          12|
    |num_dets                          |    select|   0|  0|  32|           1|          32|
    |select_ln231_fu_332_p3            |    select|   0|  0|  11|           1|          12|
    |topk_fu_374_p3                    |    select|   0|  0|  32|           1|          32|
    +----------------------------------+----------+----+---+----+------------+------------+
    |Total                             |          |   0|  0| 308|         240|         128|
    +----------------------------------+----------+----+---+----+------------+------------+

    * Multiplexer: 
    +---------------------------------------------------------------------+----+-----------+-----+-----------+
    |                                 Name                                | LUT| Input Size| Bits| Total Bits|
    +---------------------------------------------------------------------+----+-----------+-----+-----------+
    |ap_NS_fsm                                                            |  65|         13|    1|         13|
    |ap_phi_mux_j_010_i_phi_fu_182_p4                                     |   9|          2|   12|         24|
    |cand_areas_V_ce0                                                     |   9|          2|    1|          2|
    |cand_areas_V_ce1                                                     |   9|          2|    1|          2|
    |cand_areas_V_we1                                                     |   9|          2|    1|          2|
    |cand_cls_V_address0                                                  |  14|          3|   12|         36|
    |cand_cls_V_ce0                                                       |  14|          3|    1|          3|
    |cand_cls_V_ce1                                                       |   9|          2|    1|          2|
    |cand_cls_V_we1                                                       |   9|          2|    1|          2|
    |cand_order_address0                                                  |  20|          4|   12|         48|
    |cand_order_address1                                                  |  20|          4|   12|         48|
    |cand_order_ce0                                                       |  20|          4|    1|          4|
    |cand_order_ce1                                                       |  20|          4|    1|          4|
    |cand_order_d1                                                        |  20|          4|   12|         48|
    |cand_order_we1                                                       |  20|          4|    1|          4|
    |cand_scores_address0                                                 |  20|          4|   12|         48|
    |cand_scores_ce0                                                      |  20|          4|    1|          4|
    |cand_scores_ce1                                                      |   9|          2|    1|          2|
    |cand_scores_we1                                                      |   9|          2|    1|          2|
    |grp_fu_601_ce                                                        |  14|          3|    1|          3|
    |grp_fu_601_opcode                                                    |  14|          3|    5|         15|
    |grp_fu_601_p0                                                        |  14|          3|   32|         96|
    |grp_fu_601_p1                                                        |  14|          3|   32|         96|
    |i_1_fu_130                                                           |   9|          2|   12|         24|
    |indvars_iv251_fu_126                                                 |   9|          2|   12|         24|
    |j_010_i_reg_179                                                      |   9|          2|   12|         24|
    |keep_idx_address0                                                    |  14|          3|    7|         21|
    |keep_idx_ce0                                                         |  14|          3|    1|          3|
    |keep_idx_we0                                                         |   9|          2|    1|          2|
    |nms_top_float_const_float_const_Detection_int_cand_boxes_1_address0  |  20|          4|   12|         48|
    |nms_top_float_const_float_const_Detection_int_cand_boxes_1_ce0       |  20|          4|    1|          4|
    |nms_top_float_const_float_const_Detection_int_cand_boxes_1_we0       |   9|          2|    1|          2|
    |nms_top_float_const_float_const_Detection_int_cand_boxes_2_address0  |  20|          4|   12|         48|
    |nms_top_float_const_float_const_Detection_int_cand_boxes_2_ce0       |  20|          4|    1|          4|
    |nms_top_float_const_float_const_Detection_int_cand_boxes_2_we0       |   9|          2|    1|          2|
    |nms_top_float_const_float_const_Detection_int_cand_boxes_3_address0  |  20|          4|   12|         48|
    |nms_top_float_const_float_const_Detection_int_cand_boxes_3_ce0       |  20|          4|    1|          4|
    |nms_top_float_const_float_const_Detection_int_cand_boxes_3_we0       |   9|          2|    1|          2|
    |nms_top_float_const_float_const_Detection_int_cand_boxes_address0    |  20|          4|   12|         48|
    |nms_top_float_const_float_const_Detection_int_cand_boxes_ce0         |  20|          4|    1|          4|
    |nms_top_float_const_float_const_Detection_int_cand_boxes_we0         |   9|          2|    1|          2|
    +---------------------------------------------------------------------+----+-----------+-----+-----------+
    |Total                                                                | 641|        133|  256|        822|
    +---------------------------------------------------------------------+----+-----------+-----+-----------+

    * Register: 
    +----------------------------------------------------+----+----+-----+-----------+
    |                        Name                        | FF | LUT| Bits| Const Bits|
    +----------------------------------------------------+----+----+-----+-----------+
    |add_ln231_2_reg_534                                 |  12|   0|   12|          0|
    |ap_CS_fsm                                           |  12|   0|   12|          0|
    |cond_reg_585                                        |   1|   0|    1|          0|
    |grp_nms_greedy_fu_230_ap_start_reg                  |   1|   0|    1|          0|
    |grp_nms_top_Pipeline_OUT_fu_268_ap_start_reg        |   1|   0|    1|          0|
    |grp_nms_top_Pipeline_SORT_INIT_fu_222_ap_start_reg  |   1|   0|    1|          0|
    |grp_nms_top_Pipeline_SORT_J_fu_253_ap_start_reg     |   1|   0|    1|          0|
    |grp_score_filter_fu_188_ap_start_reg                |   1|   0|    1|          0|
    |i_1_fu_130                                          |  12|   0|   12|          0|
    |i_1_load_1_reg_539                                  |  12|   0|   12|          0|
    |icmp_ln226_reg_505                                  |   1|   0|    1|          0|
    |icmp_ln231_reg_501                                  |   1|   0|    1|          0|
    |icmp_ln239_reg_580                                  |   1|   0|    1|          0|
    |indvars_iv251_fu_126                                |  12|   0|   12|          0|
    |j_010_i_reg_179                                     |  12|   0|   12|          0|
    |j_cast_loc_fu_118                                   |  12|   0|   12|          0|
    |j_loc_fu_122                                        |  12|   0|   12|          0|
    |key_reg_554                                         |  12|   0|   12|          0|
    |key_s_reg_564                                       |  32|   0|   32|          0|
    |nk_reg_590                                          |  32|   0|   32|          0|
    |num_cand_reg_483                                    |  32|   0|   32|          0|
    |select_ln231_reg_523                                |  12|   0|   12|          0|
    |topk_reg_549                                        |  32|   0|   32|          0|
    |total_reg_596                                       |  32|   0|   32|          0|
    |trunc_ln239_reg_575                                 |  31|   0|   31|          0|
    |trunc_ln354_1_reg_496                               |  12|   0|   12|          0|
    |trunc_ln354_reg_491                                 |  31|   0|   31|          0|
    +----------------------------------------------------+----+----+-----+-----------+
    |Total                                               | 363|   0|  363|          0|
    +----------------------------------------------------+----+----+-----+-----------+



================================================================
== Interface
================================================================
* Summary: 
+---------------------+-----+-----+------------+--------------+--------------+
|      RTL Ports      | Dir | Bits|  Protocol  | Source Object|    C Type    |
+---------------------+-----+-----+------------+--------------+--------------+
|ap_clk               |   in|    1|  ap_ctrl_hs|       nms_top|  return value|
|ap_rst               |   in|    1|  ap_ctrl_hs|       nms_top|  return value|
|ap_start             |   in|    1|  ap_ctrl_hs|       nms_top|  return value|
|ap_done              |  out|    1|  ap_ctrl_hs|       nms_top|  return value|
|ap_idle              |  out|    1|  ap_ctrl_hs|       nms_top|  return value|
|ap_ready             |  out|    1|  ap_ctrl_hs|       nms_top|  return value|
|cls_logits_0_Addr_A  |  out|   32|        bram|  cls_logits_0|         array|
|cls_logits_0_EN_A    |  out|    1|        bram|  cls_logits_0|         array|
|cls_logits_0_WEN_A   |  out|    4|        bram|  cls_logits_0|         array|
|cls_logits_0_Din_A   |  out|   32|        bram|  cls_logits_0|         array|
|cls_logits_0_Dout_A  |   in|   32|        bram|  cls_logits_0|         array|
|cls_logits_0_Clk_A   |  out|    1|        bram|  cls_logits_0|         array|
|cls_logits_0_Rst_A   |  out|    1|        bram|  cls_logits_0|         array|
|cls_logits_1_Addr_A  |  out|   32|        bram|  cls_logits_1|         array|
|cls_logits_1_EN_A    |  out|    1|        bram|  cls_logits_1|         array|
|cls_logits_1_WEN_A   |  out|    4|        bram|  cls_logits_1|         array|
|cls_logits_1_Din_A   |  out|   32|        bram|  cls_logits_1|         array|
|cls_logits_1_Dout_A  |   in|   32|        bram|  cls_logits_1|         array|
|cls_logits_1_Clk_A   |  out|    1|        bram|  cls_logits_1|         array|
|cls_logits_1_Rst_A   |  out|    1|        bram|  cls_logits_1|         array|
|cls_logits_2_Addr_A  |  out|   32|        bram|  cls_logits_2|         array|
|cls_logits_2_EN_A    |  out|    1|        bram|  cls_logits_2|         array|
|cls_logits_2_WEN_A   |  out|    4|        bram|  cls_logits_2|         array|
|cls_logits_2_Din_A   |  out|   32|        bram|  cls_logits_2|         array|
|cls_logits_2_Dout_A  |   in|   32|        bram|  cls_logits_2|         array|
|cls_logits_2_Clk_A   |  out|    1|        bram|  cls_logits_2|         array|
|cls_logits_2_Rst_A   |  out|    1|        bram|  cls_logits_2|         array|
|cls_logits_3_Addr_A  |  out|   32|        bram|  cls_logits_3|         array|
|cls_logits_3_EN_A    |  out|    1|        bram|  cls_logits_3|         array|
|cls_logits_3_WEN_A   |  out|    4|        bram|  cls_logits_3|         array|
|cls_logits_3_Din_A   |  out|   32|        bram|  cls_logits_3|         array|
|cls_logits_3_Dout_A  |   in|   32|        bram|  cls_logits_3|         array|
|cls_logits_3_Clk_A   |  out|    1|        bram|  cls_logits_3|         array|
|cls_logits_3_Rst_A   |  out|    1|        bram|  cls_logits_3|         array|
|reg_deltas_0_Addr_A  |  out|   32|        bram|  reg_deltas_0|         array|
|reg_deltas_0_EN_A    |  out|    1|        bram|  reg_deltas_0|         array|
|reg_deltas_0_WEN_A   |  out|    4|        bram|  reg_deltas_0|         array|
|reg_deltas_0_Din_A   |  out|   32|        bram|  reg_deltas_0|         array|
|reg_deltas_0_Dout_A  |   in|   32|        bram|  reg_deltas_0|         array|
|reg_deltas_0_Clk_A   |  out|    1|        bram|  reg_deltas_0|         array|
|reg_deltas_0_Rst_A   |  out|    1|        bram|  reg_deltas_0|         array|
|reg_deltas_0_Addr_B  |  out|   32|        bram|  reg_deltas_0|         array|
|reg_deltas_0_EN_B    |  out|    1|        bram|  reg_deltas_0|         array|
|reg_deltas_0_WEN_B   |  out|    4|        bram|  reg_deltas_0|         array|
|reg_deltas_0_Din_B   |  out|   32|        bram|  reg_deltas_0|         array|
|reg_deltas_0_Dout_B  |   in|   32|        bram|  reg_deltas_0|         array|
|reg_deltas_0_Clk_B   |  out|    1|        bram|  reg_deltas_0|         array|
|reg_deltas_0_Rst_B   |  out|    1|        bram|  reg_deltas_0|         array|
|reg_deltas_1_Addr_A  |  out|   32|        bram|  reg_deltas_1|         array|
|reg_deltas_1_EN_A    |  out|    1|        bram|  reg_deltas_1|         array|
|reg_deltas_1_WEN_A   |  out|    4|        bram|  reg_deltas_1|         array|
|reg_deltas_1_Din_A   |  out|   32|        bram|  reg_deltas_1|         array|
|reg_deltas_1_Dout_A  |   in|   32|        bram|  reg_deltas_1|         array|
|reg_deltas_1_Clk_A   |  out|    1|        bram|  reg_deltas_1|         array|
|reg_deltas_1_Rst_A   |  out|    1|        bram|  reg_deltas_1|         array|
|reg_deltas_1_Addr_B  |  out|   32|        bram|  reg_deltas_1|         array|
|reg_deltas_1_EN_B    |  out|    1|        bram|  reg_deltas_1|         array|
|reg_deltas_1_WEN_B   |  out|    4|        bram|  reg_deltas_1|         array|
|reg_deltas_1_Din_B   |  out|   32|        bram|  reg_deltas_1|         array|
|reg_deltas_1_Dout_B  |   in|   32|        bram|  reg_deltas_1|         array|
|reg_deltas_1_Clk_B   |  out|    1|        bram|  reg_deltas_1|         array|
|reg_deltas_1_Rst_B   |  out|    1|        bram|  reg_deltas_1|         array|
|reg_deltas_2_Addr_A  |  out|   32|        bram|  reg_deltas_2|         array|
|reg_deltas_2_EN_A    |  out|    1|        bram|  reg_deltas_2|         array|
|reg_deltas_2_WEN_A   |  out|    4|        bram|  reg_deltas_2|         array|
|reg_deltas_2_Din_A   |  out|   32|        bram|  reg_deltas_2|         array|
|reg_deltas_2_Dout_A  |   in|   32|        bram|  reg_deltas_2|         array|
|reg_deltas_2_Clk_A   |  out|    1|        bram|  reg_deltas_2|         array|
|reg_deltas_2_Rst_A   |  out|    1|        bram|  reg_deltas_2|         array|
|reg_deltas_2_Addr_B  |  out|   32|        bram|  reg_deltas_2|         array|
|reg_deltas_2_EN_B    |  out|    1|        bram|  reg_deltas_2|         array|
|reg_deltas_2_WEN_B   |  out|    4|        bram|  reg_deltas_2|         array|
|reg_deltas_2_Din_B   |  out|   32|        bram|  reg_deltas_2|         array|
|reg_deltas_2_Dout_B  |   in|   32|        bram|  reg_deltas_2|         array|
|reg_deltas_2_Clk_B   |  out|    1|        bram|  reg_deltas_2|         array|
|reg_deltas_2_Rst_B   |  out|    1|        bram|  reg_deltas_2|         array|
|reg_deltas_3_Addr_A  |  out|   32|        bram|  reg_deltas_3|         array|
|reg_deltas_3_EN_A    |  out|    1|        bram|  reg_deltas_3|         array|
|reg_deltas_3_WEN_A   |  out|    4|        bram|  reg_deltas_3|         array|
|reg_deltas_3_Din_A   |  out|   32|        bram|  reg_deltas_3|         array|
|reg_deltas_3_Dout_A  |   in|   32|        bram|  reg_deltas_3|         array|
|reg_deltas_3_Clk_A   |  out|    1|        bram|  reg_deltas_3|         array|
|reg_deltas_3_Rst_A   |  out|    1|        bram|  reg_deltas_3|         array|
|reg_deltas_3_Addr_B  |  out|   32|        bram|  reg_deltas_3|         array|
|reg_deltas_3_EN_B    |  out|    1|        bram|  reg_deltas_3|         array|
|reg_deltas_3_WEN_B   |  out|    4|        bram|  reg_deltas_3|         array|
|reg_deltas_3_Din_B   |  out|   32|        bram|  reg_deltas_3|         array|
|reg_deltas_3_Dout_B  |   in|   32|        bram|  reg_deltas_3|         array|
|reg_deltas_3_Clk_B   |  out|    1|        bram|  reg_deltas_3|         array|
|reg_deltas_3_Rst_B   |  out|    1|        bram|  reg_deltas_3|         array|
|detections_Addr_A    |  out|   32|        bram|    detections|         array|
|detections_EN_A      |  out|    1|        bram|    detections|         array|
|detections_WEN_A     |  out|   32|        bram|    detections|         array|
|detections_Din_A     |  out|  256|        bram|    detections|         array|
|detections_Dout_A    |   in|  256|        bram|    detections|         array|
|detections_Clk_A     |  out|    1|        bram|    detections|         array|
|detections_Rst_A     |  out|    1|        bram|    detections|         array|
|num_dets             |  out|   32|      ap_vld|      num_dets|       pointer|
|num_dets_ap_vld      |  out|    1|      ap_vld|      num_dets|       pointer|
+---------------------+-----+-----+------------+--------------+--------------+

