

================================================================
== Vitis HLS Report for 'nms_top_Pipeline_SORT_J'
================================================================
* Date:           Wed Jun  3 14:56:51 2026

* Version:        2022.2 (Build 3670227 on Oct 13 2022)
* Project:        nms
* Solution:       solution1 (Vivado IP Flow Target)
* Product family: zynquplus
* Target device:  xczu9eg-ffvb1156-2-e


================================================================
== Performance Estimates
================================================================
+ Timing: 
    * Summary: 
    +--------+---------+----------+------------+
    |  Clock |  Target | Estimated| Uncertainty|
    +--------+---------+----------+------------+
    |ap_clk  |  5.00 ns|  3.496 ns|     1.35 ns|
    +--------+---------+----------+------------+

+ Latency: 
    * Summary: 
    +---------+---------+-----------+----------+-----+------+---------+
    |  Latency (cycles) |  Latency (absolute)  |  Interval  | Pipeline|
    |   min   |   max   |    min    |    max   | min |  max |   Type  |
    +---------+---------+-----------+----------+-----+------+---------+
    |        5|     1206|  25.000 ns|  6.030 us|    5|  1206|       no|
    +---------+---------+-----------+----------+-----+------+---------+

    + Detail: 
        * Instance: 
        N/A

        * Loop: 
        +----------+---------+---------+----------+-----------+-----------+---------+----------+
        |          |  Latency (cycles) | Iteration|  Initiation Interval  |   Trip  |          |
        | Loop Name|   min   |   max   |  Latency |  achieved |   target  |  Count  | Pipelined|
        +----------+---------+---------+----------+-----------+-----------+---------+----------+
        |- SORT_J  |        3|     1203|         5|          4|          1|  0 ~ 300|       yes|
        +----------+---------+---------+----------+-----------+-----------+---------+----------+



================================================================
== Utilization Estimates
================================================================
* Summary: 
+-----------------+---------+------+--------+--------+-----+
|       Name      | BRAM_18K|  DSP |   FF   |   LUT  | URAM|
+-----------------+---------+------+--------+--------+-----+
|DSP              |        -|     -|       -|       -|    -|
|Expression       |        -|     -|       0|     190|    -|
|FIFO             |        -|     -|       -|       -|    -|
|Instance         |        -|     -|       -|       -|    -|
|Memory           |        -|     -|       -|       -|    -|
|Multiplexer      |        -|     -|       -|     131|    -|
|Register         |        -|     -|     220|       -|    -|
+-----------------+---------+------+--------+--------+-----+
|Total            |        0|     0|     220|     321|    0|
+-----------------+---------+------+--------+--------+-----+
|Available        |     1824|  2520|  548160|  274080|    0|
+-----------------+---------+------+--------+--------+-----+
|Utilization (%)  |        0|     0|      ~0|      ~0|    0|
+-----------------+---------+------+--------+--------+-----+

+ Detail: 
    * Instance: 
    N/A

    * DSP: 
    N/A

    * Memory: 
    N/A

    * FIFO: 
    N/A

    * Expression: 
    +------------------------------+----------+----+---+----+------------+------------+
    |         Variable Name        | Operation| DSP| FF| LUT| Bitwidth P0| Bitwidth P1|
    +------------------------------+----------+----+---+----+------------+------------+
    |add_ln240_fu_374_p2           |         +|   0|  0|  19|          12|           1|
    |add_ln241_fu_360_p2           |         +|   0|  0|  20|          13|           2|
    |k_2_fu_248_p2                 |         +|   0|  0|  38|          31|           1|
    |and_ln239_1_fu_350_p2         |       and|   0|  0|   2|           1|           1|
    |and_ln239_fu_344_p2           |       and|   0|  0|   2|           1|           1|
    |ap_predicate_tran5to7_state5  |       and|   0|  0|   2|           1|           1|
    |ap_predicate_tran5to8_state5  |       and|   0|  0|   2|           1|           1|
    |addr_cmp_fu_288_p2            |      icmp|   0|  0|  29|          64|          64|
    |icmp_ln237_fu_243_p2          |      icmp|   0|  0|  19|          31|          31|
    |icmp_ln239_1_fu_330_p2        |      icmp|   0|  0|  16|          23|           1|
    |icmp_ln239_2_fu_276_p2        |      icmp|   0|  0|  11|           8|           2|
    |icmp_ln239_fu_324_p2          |      icmp|   0|  0|  11|           8|           2|
    |or_ln239_1_fu_340_p2          |        or|   0|  0|   2|           1|           1|
    |or_ln239_fu_336_p2            |        or|   0|  0|   2|           1|           1|
    |reuse_select_fu_293_p3        |    select|   0|  0|  11|           1|          12|
    |ap_enable_pp0                 |       xor|   0|  0|   2|           1|           2|
    |ap_enable_reg_pp0_iter1       |       xor|   0|  0|   2|           2|           1|
    +------------------------------+----------+----+---+----+------------+------------+
    |Total                         |          |   0|  0| 190|         200|         125|
    +------------------------------+----------+----+---+----+------------+------------+

    * Multiplexer: 
    +----------------------------------------+----+-----------+-----+-----------+
    |                  Name                  | LUT| Input Size| Bits| Total Bits|
    +----------------------------------------+----+-----------+-----+-----------+
    |UnifiedRetVal_reg_188                   |  14|          3|    2|          6|
    |ap_NS_fsm                               |  49|          9|    1|          9|
    |ap_enable_reg_pp0_iter1                 |  14|          3|    1|          3|
    |ap_phi_mux_UnifiedRetVal_phi_fu_193_p6  |   9|          2|    2|          4|
    |ap_return                               |   9|          2|    2|          4|
    |j_fu_102                                |   9|          2|   13|         26|
    |k_1_fu_98                               |   9|          2|   31|         62|
    |reuse_addr_reg_fu_90                    |   9|          2|   64|        128|
    |reuse_reg_fu_94                         |   9|          2|   12|         24|
    +----------------------------------------+----+-----------+-----+-----------+
    |Total                                   | 131|         27|  128|        266|
    +----------------------------------------+----+-----------+-----+-----------+

    * Register: 
    +-------------------------+----+----+-----+-----------+
    |           Name          | FF | LUT| Bits| Const Bits|
    +-------------------------+----+----+-----+-----------+
    |UnifiedRetVal_reg_188    |   2|   0|    2|          0|
    |ap_CS_fsm                |   8|   0|    8|          0|
    |ap_enable_reg_pp0_iter0  |   1|   0|    1|          0|
    |ap_enable_reg_pp0_iter1  |   1|   0|    1|          0|
    |ap_return_preg           |   2|   0|    2|          0|
    |empty_reg_442            |  12|   0|   12|          0|
    |icmp_ln237_reg_449       |   1|   0|    1|          0|
    |icmp_ln239_1_reg_498     |   1|   0|    1|          0|
    |icmp_ln239_2_reg_472     |   1|   0|    1|          0|
    |icmp_ln239_reg_493       |   1|   0|    1|          0|
    |j_1_reg_437              |  13|   0|   13|          0|
    |j_cast29_reg_458         |  13|   0|   64|         51|
    |j_fu_102                 |  13|   0|   13|          0|
    |k_1_fu_98                |  31|   0|   31|          0|
    |k_2_reg_453              |  31|   0|   31|          0|
    |reuse_addr_reg_fu_90     |  64|   0|   64|          0|
    |reuse_reg_fu_94          |  12|   0|   12|          0|
    |reuse_select_reg_477     |  12|   0|   12|          0|
    |tmp_30_reg_463           |   1|   0|    1|          0|
    +-------------------------+----+----+-----+-----------+
    |Total                    | 220|   0|  271|         51|
    +-------------------------+----+----+-----+-----------+



================================================================
== Interface
================================================================
* Summary: 
+----------------------+-----+-----+------------+-------------------------+--------------+
|       RTL Ports      | Dir | Bits|  Protocol  |      Source Object      |    C Type    |
+----------------------+-----+-----+------------+-------------------------+--------------+
|ap_clk                |   in|    1|  ap_ctrl_hs|  nms_top_Pipeline_SORT_J|  return value|
|ap_rst                |   in|    1|  ap_ctrl_hs|  nms_top_Pipeline_SORT_J|  return value|
|ap_start              |   in|    1|  ap_ctrl_hs|  nms_top_Pipeline_SORT_J|  return value|
|ap_done               |  out|    1|  ap_ctrl_hs|  nms_top_Pipeline_SORT_J|  return value|
|ap_idle               |  out|    1|  ap_ctrl_hs|  nms_top_Pipeline_SORT_J|  return value|
|ap_ready              |  out|    1|  ap_ctrl_hs|  nms_top_Pipeline_SORT_J|  return value|
|ap_return             |  out|    2|  ap_ctrl_hs|  nms_top_Pipeline_SORT_J|  return value|
|grp_fu_601_p_din0     |  out|   32|  ap_ctrl_hs|  nms_top_Pipeline_SORT_J|  return value|
|grp_fu_601_p_din1     |  out|   32|  ap_ctrl_hs|  nms_top_Pipeline_SORT_J|  return value|
|grp_fu_601_p_opcode   |  out|    5|  ap_ctrl_hs|  nms_top_Pipeline_SORT_J|  return value|
|grp_fu_601_p_dout0    |   in|    1|  ap_ctrl_hs|  nms_top_Pipeline_SORT_J|  return value|
|grp_fu_601_p_ce       |  out|    1|  ap_ctrl_hs|  nms_top_Pipeline_SORT_J|  return value|
|zext_ln231            |   in|   12|     ap_none|               zext_ln231|        scalar|
|num_cand              |   in|   31|     ap_none|                 num_cand|        scalar|
|bitcast_ln239_1       |   in|   31|     ap_none|          bitcast_ln239_1|        scalar|
|icmp_ln239_4          |   in|    1|     ap_none|             icmp_ln239_4|        scalar|
|key_s                 |   in|   32|     ap_none|                    key_s|        scalar|
|j_out                 |  out|   12|      ap_vld|                    j_out|       pointer|
|j_out_ap_vld          |  out|    1|      ap_vld|                    j_out|       pointer|
|j_cast_out            |  out|   12|      ap_vld|               j_cast_out|       pointer|
|j_cast_out_ap_vld     |  out|    1|      ap_vld|               j_cast_out|       pointer|
|cand_order_address0   |  out|   12|   ap_memory|               cand_order|         array|
|cand_order_ce0        |  out|    1|   ap_memory|               cand_order|         array|
|cand_order_q0         |   in|   12|   ap_memory|               cand_order|         array|
|cand_order_address1   |  out|   12|   ap_memory|               cand_order|         array|
|cand_order_ce1        |  out|    1|   ap_memory|               cand_order|         array|
|cand_order_we1        |  out|    1|   ap_memory|               cand_order|         array|
|cand_order_d1         |  out|   12|   ap_memory|               cand_order|         array|
|cand_scores_address0  |  out|   12|   ap_memory|              cand_scores|         array|
|cand_scores_ce0       |  out|    1|   ap_memory|              cand_scores|         array|
|cand_scores_q0        |   in|   32|   ap_memory|              cand_scores|         array|
+----------------------+-----+-----+------------+-------------------------+--------------+

