

================================================================
== Vitis HLS Report for 'transformer_blk_s4_top_Pipeline_MHSA_OQ_MHSA_OD_MHSA_OK_T'
================================================================
* Date:           Mon Jun  1 14:26:35 2026

* Version:        2022.2 (Build 3670227 on Oct 13 2022)
* Project:        s4_transformer_block
* Solution:       solution1 (Vivado IP Flow Target)
* Product family: zynquplus
* Target device:  xczu9eg-ffvb1156-2-e


================================================================
== Performance Estimates
================================================================
+ Timing: 
    * Summary: 
    +--------+---------+----------+------------+
    |  Clock |  Target | Estimated| Uncertainty|
    +--------+---------+----------+------------+
    |ap_clk  |  5.00 ns|  3.643 ns|     1.35 ns|
    +--------+---------+----------+------------+

+ Latency: 
    * Summary: 
    +---------+---------+----------+----------+-------+-------+---------+
    |  Latency (cycles) |  Latency (absolute) |    Interval   | Pipeline|
    |   min   |   max   |    min   |    max   |  min  |  max  |   Type  |
    +---------+---------+----------+----------+-------+-------+---------+
    |    22653|    22653|  0.113 ms|  0.113 ms|  22653|  22653|       no|
    +---------+---------+----------+----------+-------+-------+---------+

    + Detail: 
        * Instance: 
        N/A

        * Loop: 
        +-----------------------------+---------+---------+----------+-----------+-----------+------+----------+
        |                             |  Latency (cycles) | Iteration|  Initiation Interval  | Trip |          |
        |          Loop Name          |   min   |   max   |  Latency |  achieved |   target  | Count| Pipelined|
        +-----------------------------+---------+---------+----------+-----------+-----------+------+----------+
        |- MHSA_OQ_MHSA_OD_MHSA_OK_T  |    22651|    22651|       155|          3|          1|  7500|       yes|
        +-----------------------------+---------+---------+----------+-----------+-----------+------+----------+



================================================================
== Utilization Estimates
================================================================
* Summary: 
+-----------------+---------+------+--------+--------+-----+
|       Name      | BRAM_18K|  DSP |   FF   |   LUT  | URAM|
+-----------------+---------+------+--------+--------+-----+
|DSP              |        -|     4|       -|       -|    -|
|Expression       |        -|     -|       0|     479|    -|
|FIFO             |        -|     -|       -|       -|    -|
|Instance         |        -|     0|   10483|    8097|    -|
|Memory           |        -|     -|       -|       -|    -|
|Multiplexer      |        -|     -|       -|    1076|    -|
|Register         |        -|     -|    2801|     576|    -|
+-----------------+---------+------+--------+--------+-----+
|Total            |        0|     4|   13284|   10228|    0|
+-----------------+---------+------+--------+--------+-----+
|Available        |     1824|  2520|  548160|  274080|    0|
+-----------------+---------+------+--------+--------+-----+
|Utilization (%)  |        0|    ~0|       2|       3|    0|
+-----------------+---------+------+--------+--------+-----+

+ Detail: 
    * Instance: 
    +---------------------------+----------------------+---------+----+------+------+-----+
    |          Instance         |        Module        | BRAM_18K| DSP|  FF  |  LUT | URAM|
    +---------------------------+----------------------+---------+----+------+------+-----+
    |mul_3ns_12ns_14_1_1_U631   |mul_3ns_12ns_14_1_1   |        0|   0|     0|     5|    0|
    |mux_73_32_1_1_U637         |mux_73_32_1_1         |        0|   0|     0|    37|    0|
    |mux_73_32_1_1_U638         |mux_73_32_1_1         |        0|   0|     0|    37|    0|
    |mux_73_32_1_1_U639         |mux_73_32_1_1         |        0|   0|     0|    37|    0|
    |mux_73_32_1_1_U640         |mux_73_32_1_1         |        0|   0|     0|    37|    0|
    |mux_73_32_1_1_U642         |mux_73_32_1_1         |        0|   0|     0|    37|    0|
    |urem_13ns_4ns_3_17_1_U633  |urem_13ns_4ns_3_17_1  |        0|   0|   458|   325|    0|
    |urem_13ns_4ns_3_17_1_U634  |urem_13ns_4ns_3_17_1  |        0|   0|   458|   325|    0|
    |urem_13ns_4ns_3_17_1_U635  |urem_13ns_4ns_3_17_1  |        0|   0|   458|   325|    0|
    |urem_13ns_4ns_3_17_1_U636  |urem_13ns_4ns_3_17_1  |        0|   0|   458|   325|    0|
    |urem_64s_4ns_3_68_1_U632   |urem_64s_4ns_3_68_1   |        0|   0|  8651|  6607|    0|
    +---------------------------+----------------------+---------+----+------+------+-----+
    |Total                      |                      |        0|   0| 10483|  8097|    0|
    +---------------------------+----------------------+---------+----+------+------+-----+

    * DSP: 
    +-------------------------------+--------------------------+-----------+
    |            Instance           |          Module          | Expression|
    +-------------------------------+--------------------------+-----------+
    |mul_mul_13ns_14ns_27_4_1_U643  |mul_mul_13ns_14ns_27_4_1  |    i0 * i1|
    |mul_mul_13ns_14ns_27_4_1_U644  |mul_mul_13ns_14ns_27_4_1  |    i0 * i1|
    |mul_mul_13ns_14ns_27_4_1_U645  |mul_mul_13ns_14ns_27_4_1  |    i0 * i1|
    |mul_mul_13ns_14ns_27_4_1_U646  |mul_mul_13ns_14ns_27_4_1  |    i0 * i1|
    +-------------------------------+--------------------------+-----------+

    * Memory: 
    N/A

    * FIFO: 
    N/A

    * Expression: 
    +---------------------------+----------+----+---+----+------------+------------+
    |       Variable Name       | Operation| DSP| FF| LUT| Bitwidth P0| Bitwidth P1|
    +---------------------------+----------+----+---+----+------------+------------+
    |add_ln300_1_fu_1014_p2     |         +|   0|  0|  12|           5|           1|
    |add_ln300_fu_728_p2        |         +|   0|  0|  20|          13|           1|
    |add_ln301_1_fu_849_p2      |         +|   0|  0|  16|           9|           1|
    |add_ln301_fu_777_p2        |         +|   0|  0|  13|           6|           1|
    |add_ln304_fu_837_p2        |         +|   0|  0|  10|           3|           1|
    |add_ln310_1_fu_1074_p2     |         +|   0|  0|  12|           5|           5|
    |add_ln310_fu_1084_p2       |         +|   0|  0|  14|           7|           7|
    |add_ln311_10_fu_958_p2     |         +|   0|  0|  17|          13|          10|
    |add_ln311_11_fu_963_p2     |         +|   0|  0|  17|          13|          13|
    |add_ln311_1_fu_894_p2      |         +|   0|  0|  16|          14|          14|
    |add_ln311_2_fu_716_p2      |         +|   0|  0|  16|           9|           9|
    |add_ln311_3_fu_909_p2      |         +|   0|  0|  17|          13|           8|
    |add_ln311_4_fu_914_p2      |         +|   0|  0|  17|          13|          13|
    |add_ln311_5_fu_809_p2      |         +|   0|  0|  16|           9|           9|
    |add_ln311_6_fu_926_p2      |         +|   0|  0|  17|          13|           9|
    |add_ln311_7_fu_931_p2      |         +|   0|  0|  17|          13|          13|
    |add_ln311_8_fu_942_p2      |         +|   0|  0|  17|          13|          10|
    |add_ln311_9_fu_947_p2      |         +|   0|  0|  17|          13|          13|
    |add_ln311_fu_889_p2        |         +|   0|  0|  16|          14|          14|
    |add_ln320_1_fu_1090_p2     |         +|   0|  0|  16|           9|           9|
    |add_ln320_fu_1099_p2       |         +|   0|  0|  20|          13|          13|
    |empty_97_fu_1008_p2        |         -|   0|  0|  20|          13|          13|
    |p_mid11449_fu_1040_p2      |         -|   0|  0|  20|          13|          13|
    |and_ln300_fu_771_p2        |       and|   0|  0|   2|           1|           1|
    |icmp_ln300_fu_722_p2       |      icmp|   0|  0|  12|          13|          11|
    |icmp_ln301_fu_737_p2       |      icmp|   0|  0|  11|           9|           9|
    |icmp_ln304_1_fu_843_p2     |      icmp|   0|  0|   8|           3|           3|
    |icmp_ln304_fu_765_p2       |      icmp|   0|  0|   8|           3|           3|
    |or_ln301_fu_783_p2         |        or|   0|  0|   2|           1|           1|
    |select_ln300_1_fu_1046_p3  |    select|   0|  0|  12|           1|          13|
    |select_ln300_2_fu_1053_p3  |    select|   0|  0|   5|           1|           5|
    |select_ln300_3_fu_751_p3   |    select|   0|  0|   9|           1|           9|
    |select_ln300_fu_743_p3     |    select|   0|  0|   6|           1|           1|
    |select_ln301_1_fu_797_p3   |    select|   0|  0|   6|           1|           6|
    |select_ln301_2_fu_815_p3   |    select|   0|  0|   9|           1|           9|
    |select_ln301_3_fu_855_p3   |    select|   0|  0|   9|           1|           1|
    |select_ln301_fu_789_p3     |    select|   0|  0|   3|           1|           1|
    |ap_enable_pp0              |       xor|   0|  0|   2|           1|           2|
    |xor_ln300_fu_759_p2        |       xor|   0|  0|   2|           1|           2|
    +---------------------------+----------+----+---+----+------------+------------+
    |Total                      |          |   0|  0| 479|         286|         277|
    +---------------------------+----------+----+---+----+------------+------------+

    * Multiplexer: 
    +------------------------------------------------------------------------+----+-----------+-----+-----------+
    |                                  Name                                  | LUT| Input Size| Bits| Total Bits|
    +------------------------------------------------------------------------+----+-----------+-----+-----------+
    |ap_NS_fsm                                                               |  20|          4|    1|          4|
    |ap_done_int                                                             |   9|          2|    1|          2|
    |ap_enable_reg_pp0_iter0                                                 |   9|          2|    1|          2|
    |ap_enable_reg_pp0_iter5                                                 |   9|          2|    1|          2|
    |ap_enable_reg_pp0_iter51                                                |   9|          2|    1|          2|
    |ap_loop_exit_ready_pp0_iter10_reg                                       |   9|          2|    1|          2|
    |ap_loop_exit_ready_pp0_iter11_reg                                       |   9|          2|    1|          2|
    |ap_loop_exit_ready_pp0_iter12_reg                                       |   9|          2|    1|          2|
    |ap_loop_exit_ready_pp0_iter13_reg                                       |   9|          2|    1|          2|
    |ap_loop_exit_ready_pp0_iter14_reg                                       |   9|          2|    1|          2|
    |ap_loop_exit_ready_pp0_iter15_reg                                       |   9|          2|    1|          2|
    |ap_loop_exit_ready_pp0_iter16_reg                                       |   9|          2|    1|          2|
    |ap_loop_exit_ready_pp0_iter17_reg                                       |   9|          2|    1|          2|
    |ap_loop_exit_ready_pp0_iter18_reg                                       |   9|          2|    1|          2|
    |ap_loop_exit_ready_pp0_iter19_reg                                       |   9|          2|    1|          2|
    |ap_loop_exit_ready_pp0_iter1_reg                                        |   9|          2|    1|          2|
    |ap_loop_exit_ready_pp0_iter20_reg                                       |   9|          2|    1|          2|
    |ap_loop_exit_ready_pp0_iter21_reg                                       |   9|          2|    1|          2|
    |ap_loop_exit_ready_pp0_iter22_reg                                       |   9|          2|    1|          2|
    |ap_loop_exit_ready_pp0_iter23_reg                                       |   9|          2|    1|          2|
    |ap_loop_exit_ready_pp0_iter24_reg                                       |   9|          2|    1|          2|
    |ap_loop_exit_ready_pp0_iter25_reg                                       |   9|          2|    1|          2|
    |ap_loop_exit_ready_pp0_iter26_reg                                       |   9|          2|    1|          2|
    |ap_loop_exit_ready_pp0_iter27_reg                                       |   9|          2|    1|          2|
    |ap_loop_exit_ready_pp0_iter28_reg                                       |   9|          2|    1|          2|
    |ap_loop_exit_ready_pp0_iter29_reg                                       |   9|          2|    1|          2|
    |ap_loop_exit_ready_pp0_iter2_reg                                        |   9|          2|    1|          2|
    |ap_loop_exit_ready_pp0_iter30_reg                                       |   9|          2|    1|          2|
    |ap_loop_exit_ready_pp0_iter31_reg                                       |   9|          2|    1|          2|
    |ap_loop_exit_ready_pp0_iter32_reg                                       |   9|          2|    1|          2|
    |ap_loop_exit_ready_pp0_iter33_reg                                       |   9|          2|    1|          2|
    |ap_loop_exit_ready_pp0_iter34_reg                                       |   9|          2|    1|          2|
    |ap_loop_exit_ready_pp0_iter35_reg                                       |   9|          2|    1|          2|
    |ap_loop_exit_ready_pp0_iter36_reg                                       |   9|          2|    1|          2|
    |ap_loop_exit_ready_pp0_iter37_reg                                       |   9|          2|    1|          2|
    |ap_loop_exit_ready_pp0_iter38_reg                                       |   9|          2|    1|          2|
    |ap_loop_exit_ready_pp0_iter39_reg                                       |   9|          2|    1|          2|
    |ap_loop_exit_ready_pp0_iter3_reg                                        |   9|          2|    1|          2|
    |ap_loop_exit_ready_pp0_iter40_reg                                       |   9|          2|    1|          2|
    |ap_loop_exit_ready_pp0_iter41_reg                                       |   9|          2|    1|          2|
    |ap_loop_exit_ready_pp0_iter42_reg                                       |   9|          2|    1|          2|
    |ap_loop_exit_ready_pp0_iter43_reg                                       |   9|          2|    1|          2|
    |ap_loop_exit_ready_pp0_iter44_reg                                       |   9|          2|    1|          2|
    |ap_loop_exit_ready_pp0_iter45_reg                                       |   9|          2|    1|          2|
    |ap_loop_exit_ready_pp0_iter46_reg                                       |   9|          2|    1|          2|
    |ap_loop_exit_ready_pp0_iter47_reg                                       |   9|          2|    1|          2|
    |ap_loop_exit_ready_pp0_iter48_reg                                       |   9|          2|    1|          2|
    |ap_loop_exit_ready_pp0_iter49_reg                                       |   9|          2|    1|          2|
    |ap_loop_exit_ready_pp0_iter4_reg                                        |   9|          2|    1|          2|
    |ap_loop_exit_ready_pp0_iter50_reg                                       |   9|          2|    1|          2|
    |ap_loop_exit_ready_pp0_iter5_reg                                        |   9|          2|    1|          2|
    |ap_loop_exit_ready_pp0_iter6_reg                                        |   9|          2|    1|          2|
    |ap_loop_exit_ready_pp0_iter7_reg                                        |   9|          2|    1|          2|
    |ap_loop_exit_ready_pp0_iter8_reg                                        |   9|          2|    1|          2|
    |ap_loop_exit_ready_pp0_iter9_reg                                        |   9|          2|    1|          2|
    |ap_sig_allocacmp_d_1                                                    |   9|          2|    6|         12|
    |ap_sig_allocacmp_indvar_flatten1433_load                                |   9|          2|    9|         18|
    |ap_sig_allocacmp_indvar_flatten1473_load                                |   9|          2|   13|         26|
    |ap_sig_allocacmp_t_load                                                 |   9|          2|    3|          6|
    |d_fu_144                                                                |   9|          2|    6|         12|
    |grp_fu_613_p0                                                           |  20|          4|   32|        128|
    |grp_fu_613_p1                                                           |  20|          4|   32|        128|
    |grp_fu_618_p0                                                           |  20|          4|   32|        128|
    |grp_fu_618_p1                                                           |  20|          4|   32|        128|
    |grp_fu_623_p0                                                           |  20|          4|   32|        128|
    |grp_fu_623_p1                                                           |  20|          4|   32|        128|
    |grp_fu_631_p0                                                           |  20|          4|   32|        128|
    |grp_fu_631_p1                                                           |  20|          4|   32|        128|
    |grp_fu_635_p0                                                           |  14|          3|   32|         96|
    |grp_fu_635_p1                                                           |  14|          3|   32|         96|
    |indvar_flatten1433_fu_148                                               |   9|          2|    9|         18|
    |indvar_flatten1473_fu_156                                               |   9|          2|   13|         26|
    |qi_2_fu_152                                                             |   9|          2|    5|         10|
    |reg_639                                                                 |   9|          2|   32|         64|
    |reg_644                                                                 |   9|          2|   32|         64|
    |reg_649                                                                 |   9|          2|   32|         64|
    |reg_654                                                                 |   9|          2|   32|         64|
    |reg_659                                                                 |   9|          2|   32|         64|
    |reg_664                                                                 |   9|          2|   32|         64|
    |reg_669                                                                 |   9|          2|   32|         64|
    |t_fu_140                                                                |   9|          2|    3|          6|
    |transformer_blk_s4_top_float_const_float_float_const_v_buf_29_address0  |  20|          4|   10|         40|
    |transformer_blk_s4_top_float_const_float_float_const_v_buf_29_address1  |  14|          3|   10|         30|
    |transformer_blk_s4_top_float_const_float_float_const_v_buf_30_address0  |  20|          4|   10|         40|
    |transformer_blk_s4_top_float_const_float_float_const_v_buf_30_address1  |  14|          3|   10|         30|
    |transformer_blk_s4_top_float_const_float_float_const_v_buf_31_address0  |  20|          4|   10|         40|
    |transformer_blk_s4_top_float_const_float_float_const_v_buf_31_address1  |  14|          3|   10|         30|
    |transformer_blk_s4_top_float_const_float_float_const_v_buf_32_address0  |  20|          4|   10|         40|
    |transformer_blk_s4_top_float_const_float_float_const_v_buf_32_address1  |  14|          3|   10|         30|
    |transformer_blk_s4_top_float_const_float_float_const_v_buf_33_address0  |  20|          4|   10|         40|
    |transformer_blk_s4_top_float_const_float_float_const_v_buf_33_address1  |  14|          3|   10|         30|
    |transformer_blk_s4_top_float_const_float_float_const_v_buf_34_address0  |  20|          4|   10|         40|
    |transformer_blk_s4_top_float_const_float_float_const_v_buf_34_address1  |  14|          3|   10|         30|
    |transformer_blk_s4_top_float_const_float_float_const_v_buf_address0     |  20|          4|   10|         40|
    |transformer_blk_s4_top_float_const_float_float_const_v_buf_address1     |  14|          3|   10|         30|
    +------------------------------------------------------------------------+----+-----------+-----+-----------+
    |Total                                                                   |1076|        231|  806|       2400|
    +------------------------------------------------------------------------+----+-----------+-----+-----------+

    * Register: 
    +----------------------------------------------------------------------------+----+----+-----+-----------+
    |                                    Name                                    | FF | LUT| Bits| Const Bits|
    +----------------------------------------------------------------------------+----+----+-----+-----------+
    |acc_1_reg_1940                                                              |  32|   0|   32|          0|
    |acc_2_reg_1950                                                              |  32|   0|   32|          0|
    |acc_3_reg_1965                                                              |  32|   0|   32|          0|
    |acc_4_reg_1970                                                              |  32|   0|   32|          0|
    |acc_reg_1930                                                                |  32|   0|   32|          0|
    |add_ln310_reg_1592                                                          |   7|   0|    7|          0|
    |add_ln311_11_reg_1566                                                       |  13|   0|   13|          0|
    |add_ln311_4_reg_1548                                                        |  13|   0|   13|          0|
    |add_ln311_7_reg_1554                                                        |  13|   0|   13|          0|
    |add_ln311_9_reg_1560                                                        |  13|   0|   13|          0|
    |add_ln320_reg_1597                                                          |  13|   0|   13|          0|
    |ap_CS_fsm                                                                   |   3|   0|    3|          0|
    |ap_done_reg                                                                 |   1|   0|    1|          0|
    |ap_enable_reg_pp0_iter0_reg                                                 |   1|   0|    1|          0|
    |ap_enable_reg_pp0_iter1                                                     |   1|   0|    1|          0|
    |ap_enable_reg_pp0_iter10                                                    |   1|   0|    1|          0|
    |ap_enable_reg_pp0_iter11                                                    |   1|   0|    1|          0|
    |ap_enable_reg_pp0_iter12                                                    |   1|   0|    1|          0|
    |ap_enable_reg_pp0_iter13                                                    |   1|   0|    1|          0|
    |ap_enable_reg_pp0_iter14                                                    |   1|   0|    1|          0|
    |ap_enable_reg_pp0_iter15                                                    |   1|   0|    1|          0|
    |ap_enable_reg_pp0_iter16                                                    |   1|   0|    1|          0|
    |ap_enable_reg_pp0_iter17                                                    |   1|   0|    1|          0|
    |ap_enable_reg_pp0_iter18                                                    |   1|   0|    1|          0|
    |ap_enable_reg_pp0_iter19                                                    |   1|   0|    1|          0|
    |ap_enable_reg_pp0_iter2                                                     |   1|   0|    1|          0|
    |ap_enable_reg_pp0_iter20                                                    |   1|   0|    1|          0|
    |ap_enable_reg_pp0_iter21                                                    |   1|   0|    1|          0|
    |ap_enable_reg_pp0_iter22                                                    |   1|   0|    1|          0|
    |ap_enable_reg_pp0_iter23                                                    |   1|   0|    1|          0|
    |ap_enable_reg_pp0_iter24                                                    |   1|   0|    1|          0|
    |ap_enable_reg_pp0_iter25                                                    |   1|   0|    1|          0|
    |ap_enable_reg_pp0_iter26                                                    |   1|   0|    1|          0|
    |ap_enable_reg_pp0_iter27                                                    |   1|   0|    1|          0|
    |ap_enable_reg_pp0_iter28                                                    |   1|   0|    1|          0|
    |ap_enable_reg_pp0_iter29                                                    |   1|   0|    1|          0|
    |ap_enable_reg_pp0_iter3                                                     |   1|   0|    1|          0|
    |ap_enable_reg_pp0_iter30                                                    |   1|   0|    1|          0|
    |ap_enable_reg_pp0_iter31                                                    |   1|   0|    1|          0|
    |ap_enable_reg_pp0_iter32                                                    |   1|   0|    1|          0|
    |ap_enable_reg_pp0_iter33                                                    |   1|   0|    1|          0|
    |ap_enable_reg_pp0_iter34                                                    |   1|   0|    1|          0|
    |ap_enable_reg_pp0_iter35                                                    |   1|   0|    1|          0|
    |ap_enable_reg_pp0_iter36                                                    |   1|   0|    1|          0|
    |ap_enable_reg_pp0_iter37                                                    |   1|   0|    1|          0|
    |ap_enable_reg_pp0_iter38                                                    |   1|   0|    1|          0|
    |ap_enable_reg_pp0_iter39                                                    |   1|   0|    1|          0|
    |ap_enable_reg_pp0_iter4                                                     |   1|   0|    1|          0|
    |ap_enable_reg_pp0_iter40                                                    |   1|   0|    1|          0|
    |ap_enable_reg_pp0_iter41                                                    |   1|   0|    1|          0|
    |ap_enable_reg_pp0_iter42                                                    |   1|   0|    1|          0|
    |ap_enable_reg_pp0_iter43                                                    |   1|   0|    1|          0|
    |ap_enable_reg_pp0_iter44                                                    |   1|   0|    1|          0|
    |ap_enable_reg_pp0_iter45                                                    |   1|   0|    1|          0|
    |ap_enable_reg_pp0_iter46                                                    |   1|   0|    1|          0|
    |ap_enable_reg_pp0_iter47                                                    |   1|   0|    1|          0|
    |ap_enable_reg_pp0_iter48                                                    |   1|   0|    1|          0|
    |ap_enable_reg_pp0_iter49                                                    |   1|   0|    1|          0|
    |ap_enable_reg_pp0_iter5                                                     |   1|   0|    1|          0|
    |ap_enable_reg_pp0_iter50                                                    |   1|   0|    1|          0|
    |ap_enable_reg_pp0_iter51                                                    |   1|   0|    1|          0|
    |ap_enable_reg_pp0_iter6                                                     |   1|   0|    1|          0|
    |ap_enable_reg_pp0_iter7                                                     |   1|   0|    1|          0|
    |ap_enable_reg_pp0_iter8                                                     |   1|   0|    1|          0|
    |ap_enable_reg_pp0_iter9                                                     |   1|   0|    1|          0|
    |ap_loop_exit_ready_pp0_iter10_reg                                           |   1|   0|    1|          0|
    |ap_loop_exit_ready_pp0_iter11_reg                                           |   1|   0|    1|          0|
    |ap_loop_exit_ready_pp0_iter12_reg                                           |   1|   0|    1|          0|
    |ap_loop_exit_ready_pp0_iter13_reg                                           |   1|   0|    1|          0|
    |ap_loop_exit_ready_pp0_iter14_reg                                           |   1|   0|    1|          0|
    |ap_loop_exit_ready_pp0_iter15_reg                                           |   1|   0|    1|          0|
    |ap_loop_exit_ready_pp0_iter16_reg                                           |   1|   0|    1|          0|
    |ap_loop_exit_ready_pp0_iter17_reg                                           |   1|   0|    1|          0|
    |ap_loop_exit_ready_pp0_iter18_reg                                           |   1|   0|    1|          0|
    |ap_loop_exit_ready_pp0_iter19_reg                                           |   1|   0|    1|          0|
    |ap_loop_exit_ready_pp0_iter1_reg                                            |   1|   0|    1|          0|
    |ap_loop_exit_ready_pp0_iter20_reg                                           |   1|   0|    1|          0|
    |ap_loop_exit_ready_pp0_iter21_reg                                           |   1|   0|    1|          0|
    |ap_loop_exit_ready_pp0_iter22_reg                                           |   1|   0|    1|          0|
    |ap_loop_exit_ready_pp0_iter23_reg                                           |   1|   0|    1|          0|
    |ap_loop_exit_ready_pp0_iter24_reg                                           |   1|   0|    1|          0|
    |ap_loop_exit_ready_pp0_iter25_reg                                           |   1|   0|    1|          0|
    |ap_loop_exit_ready_pp0_iter26_reg                                           |   1|   0|    1|          0|
    |ap_loop_exit_ready_pp0_iter27_reg                                           |   1|   0|    1|          0|
    |ap_loop_exit_ready_pp0_iter28_reg                                           |   1|   0|    1|          0|
    |ap_loop_exit_ready_pp0_iter29_reg                                           |   1|   0|    1|          0|
    |ap_loop_exit_ready_pp0_iter2_reg                                            |   1|   0|    1|          0|
    |ap_loop_exit_ready_pp0_iter30_reg                                           |   1|   0|    1|          0|
    |ap_loop_exit_ready_pp0_iter31_reg                                           |   1|   0|    1|          0|
    |ap_loop_exit_ready_pp0_iter32_reg                                           |   1|   0|    1|          0|
    |ap_loop_exit_ready_pp0_iter33_reg                                           |   1|   0|    1|          0|
    |ap_loop_exit_ready_pp0_iter34_reg                                           |   1|   0|    1|          0|
    |ap_loop_exit_ready_pp0_iter35_reg                                           |   1|   0|    1|          0|
    |ap_loop_exit_ready_pp0_iter36_reg                                           |   1|   0|    1|          0|
    |ap_loop_exit_ready_pp0_iter37_reg                                           |   1|   0|    1|          0|
    |ap_loop_exit_ready_pp0_iter38_reg                                           |   1|   0|    1|          0|
    |ap_loop_exit_ready_pp0_iter39_reg                                           |   1|   0|    1|          0|
    |ap_loop_exit_ready_pp0_iter3_reg                                            |   1|   0|    1|          0|
    |ap_loop_exit_ready_pp0_iter40_reg                                           |   1|   0|    1|          0|
    |ap_loop_exit_ready_pp0_iter41_reg                                           |   1|   0|    1|          0|
    |ap_loop_exit_ready_pp0_iter42_reg                                           |   1|   0|    1|          0|
    |ap_loop_exit_ready_pp0_iter43_reg                                           |   1|   0|    1|          0|
    |ap_loop_exit_ready_pp0_iter44_reg                                           |   1|   0|    1|          0|
    |ap_loop_exit_ready_pp0_iter45_reg                                           |   1|   0|    1|          0|
    |ap_loop_exit_ready_pp0_iter46_reg                                           |   1|   0|    1|          0|
    |ap_loop_exit_ready_pp0_iter47_reg                                           |   1|   0|    1|          0|
    |ap_loop_exit_ready_pp0_iter48_reg                                           |   1|   0|    1|          0|
    |ap_loop_exit_ready_pp0_iter49_reg                                           |   1|   0|    1|          0|
    |ap_loop_exit_ready_pp0_iter4_reg                                            |   1|   0|    1|          0|
    |ap_loop_exit_ready_pp0_iter50_reg                                           |   1|   0|    1|          0|
    |ap_loop_exit_ready_pp0_iter5_reg                                            |   1|   0|    1|          0|
    |ap_loop_exit_ready_pp0_iter6_reg                                            |   1|   0|    1|          0|
    |ap_loop_exit_ready_pp0_iter7_reg                                            |   1|   0|    1|          0|
    |ap_loop_exit_ready_pp0_iter8_reg                                            |   1|   0|    1|          0|
    |ap_loop_exit_ready_pp0_iter9_reg                                            |   1|   0|    1|          0|
    |d_fu_144                                                                    |   6|   0|    6|          0|
    |icmp_ln300_reg_1492                                                         |   1|   0|    1|          0|
    |icmp_ln301_reg_1496                                                         |   1|   0|    1|          0|
    |icmp_ln304_1_reg_1531                                                       |   1|   0|    1|          0|
    |indvar_flatten1433_fu_148                                                   |   9|   0|    9|          0|
    |indvar_flatten1473_fu_156                                                   |  13|   0|   13|          0|
    |mul74_i_i_1_reg_1812                                                        |  32|   0|   32|          0|
    |mul74_i_i_2_reg_1817                                                        |  32|   0|   32|          0|
    |mul74_i_i_3_reg_1822                                                        |  32|   0|   32|          0|
    |mul74_i_i_4_reg_1827                                                        |  32|   0|   32|          0|
    |mul74_i_i_reg_1892                                                          |  32|   0|   32|          0|
    |mul_ln311_reg_1518                                                          |  14|   0|   14|          0|
    |op_1_fu_164                                                                 |  32|   0|   32|          0|
    |op_2_fu_168                                                                 |  32|   0|   32|          0|
    |op_3_fu_172                                                                 |  32|   0|   32|          0|
    |op_4_fu_176                                                                 |  32|   0|   32|          0|
    |op_4_load_reg_1960                                                          |  32|   0|   32|          0|
    |op_6_reg_1917                                                               |  32|   0|   32|          0|
    |op_fu_160                                                                   |  32|   0|   32|          0|
    |qi_2_fu_152                                                                 |   5|   0|    5|          0|
    |reg_639                                                                     |  32|   0|   32|          0|
    |reg_644                                                                     |  32|   0|   32|          0|
    |reg_649                                                                     |  32|   0|   32|          0|
    |reg_654                                                                     |  32|   0|   32|          0|
    |reg_659                                                                     |  32|   0|   32|          0|
    |reg_664                                                                     |  32|   0|   32|          0|
    |reg_669                                                                     |  32|   0|   32|          0|
    |select_ln301_1_reg_1507                                                     |   6|   0|    6|          0|
    |select_ln301_2_reg_1513                                                     |   9|   0|    9|          0|
    |select_ln301_reg_1502                                                       |   3|   0|    3|          0|
    |sext_ln300_cast_reg_1487                                                    |  14|   0|   14|          0|
    |sext_ln301_reg_1535                                                         |  13|   0|   13|          0|
    |sext_ln311_reg_1542                                                         |  64|   0|   64|          0|
    |t_fu_140                                                                    |   3|   0|    3|          0|
    |tile_25_reg_1902                                                            |  32|   0|   32|          0|
    |tile_26_reg_1907                                                            |  32|   0|   32|          0|
    |tile_27_reg_1912                                                            |  32|   0|   32|          0|
    |tile_reg_1897                                                               |  32|   0|   32|          0|
    |tmp_28_reg_1887                                                             |  32|   0|   32|          0|
    |tmp_29_reg_1702                                                             |  32|   0|   32|          0|
    |tmp_2_reg_1837                                                              |  62|   0|   62|          0|
    |tmp_30_reg_1762                                                             |  32|   0|   32|          0|
    |tmp_31_reg_1767                                                             |  32|   0|   32|          0|
    |tmp_32_reg_1807                                                             |  32|   0|   32|          0|
    |tmp_6_reg_1757                                                              |  11|   0|   11|          0|
    |transformer_blk_s4_top_float_const_float_float_const_a_buf_1_load_reg_1697  |  32|   0|   32|          0|
    |transformer_blk_s4_top_float_const_float_float_const_a_buf_2_load_reg_1707  |  32|   0|   32|          0|
    |transformer_blk_s4_top_float_const_float_float_const_a_buf_3_load_reg_1712  |  32|   0|   32|          0|
    |transformer_blk_s4_top_float_const_float_float_const_a_buf_4_load_reg_1752  |  32|   0|   32|          0|
    |transformer_blk_s4_top_float_const_float_float_const_a_buf_load_reg_1882    |  32|   0|   32|          0|
    |trunc_ln311_reg_1523                                                        |  13|   0|   13|          0|
    |zext_ln310_1_reg_1602                                                       |   7|   0|   64|         57|
    |add_ln311_11_reg_1566                                                       |  64|  32|   13|          0|
    |add_ln311_4_reg_1548                                                        |  64|  32|   13|          0|
    |add_ln311_7_reg_1554                                                        |  64|  32|   13|          0|
    |add_ln311_9_reg_1560                                                        |  64|  32|   13|          0|
    |add_ln320_reg_1597                                                          |  64|  32|   13|          0|
    |icmp_ln300_reg_1492                                                         |  64|  32|    1|          0|
    |icmp_ln301_reg_1496                                                         |  64|  32|    1|          0|
    |icmp_ln304_1_reg_1531                                                       |  64|  32|    1|          0|
    |mul74_i_i_1_reg_1812                                                        |  64|  32|   32|          0|
    |mul74_i_i_2_reg_1817                                                        |  64|  32|   32|          0|
    |mul74_i_i_3_reg_1822                                                        |  64|  32|   32|          0|
    |mul74_i_i_4_reg_1827                                                        |  64|  32|   32|          0|
    |op_4_load_reg_1960                                                          |  64|  32|   32|          0|
    |op_6_reg_1917                                                               |  64|  32|   32|          0|
    |select_ln301_1_reg_1507                                                     |  64|  32|    6|          0|
    |select_ln301_reg_1502                                                       |  64|  32|    3|          0|
    |sext_ln311_reg_1542                                                         |  64|  32|   64|          0|
    |zext_ln310_1_reg_1602                                                       |  64|  32|   64|         57|
    +----------------------------------------------------------------------------+----+----+-----+-----------+
    |Total                                                                       |2801| 576| 2103|        114|
    +----------------------------------------------------------------------------+----+----+-----+-----------+



================================================================
== Interface
================================================================
* Summary: 
+------------------------------------------------------------------------+-----+-----+------------+---------------------------------------------------------------+--------------+
|                                RTL Ports                               | Dir | Bits|  Protocol  |                         Source Object                         |    C Type    |
+------------------------------------------------------------------------+-----+-----+------------+---------------------------------------------------------------+--------------+
|ap_clk                                                                  |   in|    1|  ap_ctrl_hs|      transformer_blk_s4_top_Pipeline_MHSA_OQ_MHSA_OD_MHSA_OK_T|  return value|
|ap_rst                                                                  |   in|    1|  ap_ctrl_hs|      transformer_blk_s4_top_Pipeline_MHSA_OQ_MHSA_OD_MHSA_OK_T|  return value|
|ap_start                                                                |   in|    1|  ap_ctrl_hs|      transformer_blk_s4_top_Pipeline_MHSA_OQ_MHSA_OD_MHSA_OK_T|  return value|
|ap_done                                                                 |  out|    1|  ap_ctrl_hs|      transformer_blk_s4_top_Pipeline_MHSA_OQ_MHSA_OD_MHSA_OK_T|  return value|
|ap_idle                                                                 |  out|    1|  ap_ctrl_hs|      transformer_blk_s4_top_Pipeline_MHSA_OQ_MHSA_OD_MHSA_OK_T|  return value|
|ap_ready                                                                |  out|    1|  ap_ctrl_hs|      transformer_blk_s4_top_Pipeline_MHSA_OQ_MHSA_OD_MHSA_OK_T|  return value|
|grp_fu_6323_p_din0                                                      |  out|   64|  ap_ctrl_hs|      transformer_blk_s4_top_Pipeline_MHSA_OQ_MHSA_OD_MHSA_OK_T|  return value|
|grp_fu_6323_p_din1                                                      |  out|   66|  ap_ctrl_hs|      transformer_blk_s4_top_Pipeline_MHSA_OQ_MHSA_OD_MHSA_OK_T|  return value|
|grp_fu_6323_p_dout0                                                     |   in|  129|  ap_ctrl_hs|      transformer_blk_s4_top_Pipeline_MHSA_OQ_MHSA_OD_MHSA_OK_T|  return value|
|grp_fu_6323_p_ce                                                        |  out|    1|  ap_ctrl_hs|      transformer_blk_s4_top_Pipeline_MHSA_OQ_MHSA_OD_MHSA_OK_T|  return value|
|grp_fu_2762_p_din0                                                      |  out|   32|  ap_ctrl_hs|      transformer_blk_s4_top_Pipeline_MHSA_OQ_MHSA_OD_MHSA_OK_T|  return value|
|grp_fu_2762_p_din1                                                      |  out|   32|  ap_ctrl_hs|      transformer_blk_s4_top_Pipeline_MHSA_OQ_MHSA_OD_MHSA_OK_T|  return value|
|grp_fu_2762_p_opcode                                                    |  out|    1|  ap_ctrl_hs|      transformer_blk_s4_top_Pipeline_MHSA_OQ_MHSA_OD_MHSA_OK_T|  return value|
|grp_fu_2762_p_dout0                                                     |   in|   32|  ap_ctrl_hs|      transformer_blk_s4_top_Pipeline_MHSA_OQ_MHSA_OD_MHSA_OK_T|  return value|
|grp_fu_2762_p_ce                                                        |  out|    1|  ap_ctrl_hs|      transformer_blk_s4_top_Pipeline_MHSA_OQ_MHSA_OD_MHSA_OK_T|  return value|
|grp_fu_6279_p_din0                                                      |  out|   32|  ap_ctrl_hs|      transformer_blk_s4_top_Pipeline_MHSA_OQ_MHSA_OD_MHSA_OK_T|  return value|
|grp_fu_6279_p_din1                                                      |  out|   32|  ap_ctrl_hs|      transformer_blk_s4_top_Pipeline_MHSA_OQ_MHSA_OD_MHSA_OK_T|  return value|
|grp_fu_6279_p_opcode                                                    |  out|    1|  ap_ctrl_hs|      transformer_blk_s4_top_Pipeline_MHSA_OQ_MHSA_OD_MHSA_OK_T|  return value|
|grp_fu_6279_p_dout0                                                     |   in|   32|  ap_ctrl_hs|      transformer_blk_s4_top_Pipeline_MHSA_OQ_MHSA_OD_MHSA_OK_T|  return value|
|grp_fu_6279_p_ce                                                        |  out|    1|  ap_ctrl_hs|      transformer_blk_s4_top_Pipeline_MHSA_OQ_MHSA_OD_MHSA_OK_T|  return value|
|grp_fu_6283_p_din0                                                      |  out|   32|  ap_ctrl_hs|      transformer_blk_s4_top_Pipeline_MHSA_OQ_MHSA_OD_MHSA_OK_T|  return value|
|grp_fu_6283_p_din1                                                      |  out|   32|  ap_ctrl_hs|      transformer_blk_s4_top_Pipeline_MHSA_OQ_MHSA_OD_MHSA_OK_T|  return value|
|grp_fu_6283_p_opcode                                                    |  out|    1|  ap_ctrl_hs|      transformer_blk_s4_top_Pipeline_MHSA_OQ_MHSA_OD_MHSA_OK_T|  return value|
|grp_fu_6283_p_dout0                                                     |   in|   32|  ap_ctrl_hs|      transformer_blk_s4_top_Pipeline_MHSA_OQ_MHSA_OD_MHSA_OK_T|  return value|
|grp_fu_6283_p_ce                                                        |  out|    1|  ap_ctrl_hs|      transformer_blk_s4_top_Pipeline_MHSA_OQ_MHSA_OD_MHSA_OK_T|  return value|
|grp_fu_6287_p_din0                                                      |  out|   32|  ap_ctrl_hs|      transformer_blk_s4_top_Pipeline_MHSA_OQ_MHSA_OD_MHSA_OK_T|  return value|
|grp_fu_6287_p_din1                                                      |  out|   32|  ap_ctrl_hs|      transformer_blk_s4_top_Pipeline_MHSA_OQ_MHSA_OD_MHSA_OK_T|  return value|
|grp_fu_6287_p_opcode                                                    |  out|    1|  ap_ctrl_hs|      transformer_blk_s4_top_Pipeline_MHSA_OQ_MHSA_OD_MHSA_OK_T|  return value|
|grp_fu_6287_p_dout0                                                     |   in|   32|  ap_ctrl_hs|      transformer_blk_s4_top_Pipeline_MHSA_OQ_MHSA_OD_MHSA_OK_T|  return value|
|grp_fu_6287_p_ce                                                        |  out|    1|  ap_ctrl_hs|      transformer_blk_s4_top_Pipeline_MHSA_OQ_MHSA_OD_MHSA_OK_T|  return value|
|grp_fu_6307_p_din0                                                      |  out|   32|  ap_ctrl_hs|      transformer_blk_s4_top_Pipeline_MHSA_OQ_MHSA_OD_MHSA_OK_T|  return value|
|grp_fu_6307_p_din1                                                      |  out|   32|  ap_ctrl_hs|      transformer_blk_s4_top_Pipeline_MHSA_OQ_MHSA_OD_MHSA_OK_T|  return value|
|grp_fu_6307_p_dout0                                                     |   in|   32|  ap_ctrl_hs|      transformer_blk_s4_top_Pipeline_MHSA_OQ_MHSA_OD_MHSA_OK_T|  return value|
|grp_fu_6307_p_ce                                                        |  out|    1|  ap_ctrl_hs|      transformer_blk_s4_top_Pipeline_MHSA_OQ_MHSA_OD_MHSA_OK_T|  return value|
|grp_fu_6311_p_din0                                                      |  out|   32|  ap_ctrl_hs|      transformer_blk_s4_top_Pipeline_MHSA_OQ_MHSA_OD_MHSA_OK_T|  return value|
|grp_fu_6311_p_din1                                                      |  out|   32|  ap_ctrl_hs|      transformer_blk_s4_top_Pipeline_MHSA_OQ_MHSA_OD_MHSA_OK_T|  return value|
|grp_fu_6311_p_dout0                                                     |   in|   32|  ap_ctrl_hs|      transformer_blk_s4_top_Pipeline_MHSA_OQ_MHSA_OD_MHSA_OK_T|  return value|
|grp_fu_6311_p_ce                                                        |  out|    1|  ap_ctrl_hs|      transformer_blk_s4_top_Pipeline_MHSA_OQ_MHSA_OD_MHSA_OK_T|  return value|
|empty                                                                   |   in|    9|     ap_none|                                                          empty|        scalar|
|sext_ln300                                                              |   in|    9|     ap_none|                                                     sext_ln300|        scalar|
|transformer_blk_s4_top_float_const_float_float_const_a_buf_address0     |  out|    7|   ap_memory|     transformer_blk_s4_top_float_const_float_float_const_a_buf|         array|
|transformer_blk_s4_top_float_const_float_float_const_a_buf_ce0          |  out|    1|   ap_memory|     transformer_blk_s4_top_float_const_float_float_const_a_buf|         array|
|transformer_blk_s4_top_float_const_float_float_const_a_buf_q0           |   in|   32|   ap_memory|     transformer_blk_s4_top_float_const_float_float_const_a_buf|         array|
|transformer_blk_s4_top_float_const_float_float_const_v_buf_address0     |  out|   10|   ap_memory|     transformer_blk_s4_top_float_const_float_float_const_v_buf|         array|
|transformer_blk_s4_top_float_const_float_float_const_v_buf_ce0          |  out|    1|   ap_memory|     transformer_blk_s4_top_float_const_float_float_const_v_buf|         array|
|transformer_blk_s4_top_float_const_float_float_const_v_buf_q0           |   in|   32|   ap_memory|     transformer_blk_s4_top_float_const_float_float_const_v_buf|         array|
|transformer_blk_s4_top_float_const_float_float_const_v_buf_address1     |  out|   10|   ap_memory|     transformer_blk_s4_top_float_const_float_float_const_v_buf|         array|
|transformer_blk_s4_top_float_const_float_float_const_v_buf_ce1          |  out|    1|   ap_memory|     transformer_blk_s4_top_float_const_float_float_const_v_buf|         array|
|transformer_blk_s4_top_float_const_float_float_const_v_buf_q1           |   in|   32|   ap_memory|     transformer_blk_s4_top_float_const_float_float_const_v_buf|         array|
|transformer_blk_s4_top_float_const_float_float_const_v_buf_29_address0  |  out|   10|   ap_memory|  transformer_blk_s4_top_float_const_float_float_const_v_buf_29|         array|
|transformer_blk_s4_top_float_const_float_float_const_v_buf_29_ce0       |  out|    1|   ap_memory|  transformer_blk_s4_top_float_const_float_float_const_v_buf_29|         array|
|transformer_blk_s4_top_float_const_float_float_const_v_buf_29_q0        |   in|   32|   ap_memory|  transformer_blk_s4_top_float_const_float_float_const_v_buf_29|         array|
|transformer_blk_s4_top_float_const_float_float_const_v_buf_29_address1  |  out|   10|   ap_memory|  transformer_blk_s4_top_float_const_float_float_const_v_buf_29|         array|
|transformer_blk_s4_top_float_const_float_float_const_v_buf_29_ce1       |  out|    1|   ap_memory|  transformer_blk_s4_top_float_const_float_float_const_v_buf_29|         array|
|transformer_blk_s4_top_float_const_float_float_const_v_buf_29_q1        |   in|   32|   ap_memory|  transformer_blk_s4_top_float_const_float_float_const_v_buf_29|         array|
|transformer_blk_s4_top_float_const_float_float_const_v_buf_30_address0  |  out|   10|   ap_memory|  transformer_blk_s4_top_float_const_float_float_const_v_buf_30|         array|
|transformer_blk_s4_top_float_const_float_float_const_v_buf_30_ce0       |  out|    1|   ap_memory|  transformer_blk_s4_top_float_const_float_float_const_v_buf_30|         array|
|transformer_blk_s4_top_float_const_float_float_const_v_buf_30_q0        |   in|   32|   ap_memory|  transformer_blk_s4_top_float_const_float_float_const_v_buf_30|         array|
|transformer_blk_s4_top_float_const_float_float_const_v_buf_30_address1  |  out|   10|   ap_memory|  transformer_blk_s4_top_float_const_float_float_const_v_buf_30|         array|
|transformer_blk_s4_top_float_const_float_float_const_v_buf_30_ce1       |  out|    1|   ap_memory|  transformer_blk_s4_top_float_const_float_float_const_v_buf_30|         array|
|transformer_blk_s4_top_float_const_float_float_const_v_buf_30_q1        |   in|   32|   ap_memory|  transformer_blk_s4_top_float_const_float_float_const_v_buf_30|         array|
|transformer_blk_s4_top_float_const_float_float_const_v_buf_31_address0  |  out|   10|   ap_memory|  transformer_blk_s4_top_float_const_float_float_const_v_buf_31|         array|
|transformer_blk_s4_top_float_const_float_float_const_v_buf_31_ce0       |  out|    1|   ap_memory|  transformer_blk_s4_top_float_const_float_float_const_v_buf_31|         array|
|transformer_blk_s4_top_float_const_float_float_const_v_buf_31_q0        |   in|   32|   ap_memory|  transformer_blk_s4_top_float_const_float_float_const_v_buf_31|         array|
|transformer_blk_s4_top_float_const_float_float_const_v_buf_31_address1  |  out|   10|   ap_memory|  transformer_blk_s4_top_float_const_float_float_const_v_buf_31|         array|
|transformer_blk_s4_top_float_const_float_float_const_v_buf_31_ce1       |  out|    1|   ap_memory|  transformer_blk_s4_top_float_const_float_float_const_v_buf_31|         array|
|transformer_blk_s4_top_float_const_float_float_const_v_buf_31_q1        |   in|   32|   ap_memory|  transformer_blk_s4_top_float_const_float_float_const_v_buf_31|         array|
|transformer_blk_s4_top_float_const_float_float_const_v_buf_32_address0  |  out|   10|   ap_memory|  transformer_blk_s4_top_float_const_float_float_const_v_buf_32|         array|
|transformer_blk_s4_top_float_const_float_float_const_v_buf_32_ce0       |  out|    1|   ap_memory|  transformer_blk_s4_top_float_const_float_float_const_v_buf_32|         array|
|transformer_blk_s4_top_float_const_float_float_const_v_buf_32_q0        |   in|   32|   ap_memory|  transformer_blk_s4_top_float_const_float_float_const_v_buf_32|         array|
|transformer_blk_s4_top_float_const_float_float_const_v_buf_32_address1  |  out|   10|   ap_memory|  transformer_blk_s4_top_float_const_float_float_const_v_buf_32|         array|
|transformer_blk_s4_top_float_const_float_float_const_v_buf_32_ce1       |  out|    1|   ap_memory|  transformer_blk_s4_top_float_const_float_float_const_v_buf_32|         array|
|transformer_blk_s4_top_float_const_float_float_const_v_buf_32_q1        |   in|   32|   ap_memory|  transformer_blk_s4_top_float_const_float_float_const_v_buf_32|         array|
|transformer_blk_s4_top_float_const_float_float_const_v_buf_33_address0  |  out|   10|   ap_memory|  transformer_blk_s4_top_float_const_float_float_const_v_buf_33|         array|
|transformer_blk_s4_top_float_const_float_float_const_v_buf_33_ce0       |  out|    1|   ap_memory|  transformer_blk_s4_top_float_const_float_float_const_v_buf_33|         array|
|transformer_blk_s4_top_float_const_float_float_const_v_buf_33_q0        |   in|   32|   ap_memory|  transformer_blk_s4_top_float_const_float_float_const_v_buf_33|         array|
|transformer_blk_s4_top_float_const_float_float_const_v_buf_33_address1  |  out|   10|   ap_memory|  transformer_blk_s4_top_float_const_float_float_const_v_buf_33|         array|
|transformer_blk_s4_top_float_const_float_float_const_v_buf_33_ce1       |  out|    1|   ap_memory|  transformer_blk_s4_top_float_const_float_float_const_v_buf_33|         array|
|transformer_blk_s4_top_float_const_float_float_const_v_buf_33_q1        |   in|   32|   ap_memory|  transformer_blk_s4_top_float_const_float_float_const_v_buf_33|         array|
|transformer_blk_s4_top_float_const_float_float_const_v_buf_34_address0  |  out|   10|   ap_memory|  transformer_blk_s4_top_float_const_float_float_const_v_buf_34|         array|
|transformer_blk_s4_top_float_const_float_float_const_v_buf_34_ce0       |  out|    1|   ap_memory|  transformer_blk_s4_top_float_const_float_float_const_v_buf_34|         array|
|transformer_blk_s4_top_float_const_float_float_const_v_buf_34_q0        |   in|   32|   ap_memory|  transformer_blk_s4_top_float_const_float_float_const_v_buf_34|         array|
|transformer_blk_s4_top_float_const_float_float_const_v_buf_34_address1  |  out|   10|   ap_memory|  transformer_blk_s4_top_float_const_float_float_const_v_buf_34|         array|
|transformer_blk_s4_top_float_const_float_float_const_v_buf_34_ce1       |  out|    1|   ap_memory|  transformer_blk_s4_top_float_const_float_float_const_v_buf_34|         array|
|transformer_blk_s4_top_float_const_float_float_const_v_buf_34_q1        |   in|   32|   ap_memory|  transformer_blk_s4_top_float_const_float_float_const_v_buf_34|         array|
|transformer_blk_s4_top_float_const_float_float_const_a_buf_1_address0   |  out|    7|   ap_memory|   transformer_blk_s4_top_float_const_float_float_const_a_buf_1|         array|
|transformer_blk_s4_top_float_const_float_float_const_a_buf_1_ce0        |  out|    1|   ap_memory|   transformer_blk_s4_top_float_const_float_float_const_a_buf_1|         array|
|transformer_blk_s4_top_float_const_float_float_const_a_buf_1_q0         |   in|   32|   ap_memory|   transformer_blk_s4_top_float_const_float_float_const_a_buf_1|         array|
|transformer_blk_s4_top_float_const_float_float_const_a_buf_2_address0   |  out|    7|   ap_memory|   transformer_blk_s4_top_float_const_float_float_const_a_buf_2|         array|
|transformer_blk_s4_top_float_const_float_float_const_a_buf_2_ce0        |  out|    1|   ap_memory|   transformer_blk_s4_top_float_const_float_float_const_a_buf_2|         array|
|transformer_blk_s4_top_float_const_float_float_const_a_buf_2_q0         |   in|   32|   ap_memory|   transformer_blk_s4_top_float_const_float_float_const_a_buf_2|         array|
|transformer_blk_s4_top_float_const_float_float_const_a_buf_3_address0   |  out|    7|   ap_memory|   transformer_blk_s4_top_float_const_float_float_const_a_buf_3|         array|
|transformer_blk_s4_top_float_const_float_float_const_a_buf_3_ce0        |  out|    1|   ap_memory|   transformer_blk_s4_top_float_const_float_float_const_a_buf_3|         array|
|transformer_blk_s4_top_float_const_float_float_const_a_buf_3_q0         |   in|   32|   ap_memory|   transformer_blk_s4_top_float_const_float_float_const_a_buf_3|         array|
|transformer_blk_s4_top_float_const_float_float_const_a_buf_4_address0   |  out|    7|   ap_memory|   transformer_blk_s4_top_float_const_float_float_const_a_buf_4|         array|
|transformer_blk_s4_top_float_const_float_float_const_a_buf_4_ce0        |  out|    1|   ap_memory|   transformer_blk_s4_top_float_const_float_float_const_a_buf_4|         array|
|transformer_blk_s4_top_float_const_float_float_const_a_buf_4_q0         |   in|   32|   ap_memory|   transformer_blk_s4_top_float_const_float_float_const_a_buf_4|         array|
|attn_out_address0                                                       |  out|   13|   ap_memory|                                                       attn_out|         array|
|attn_out_ce0                                                            |  out|    1|   ap_memory|                                                       attn_out|         array|
|attn_out_we0                                                            |  out|    1|   ap_memory|                                                       attn_out|         array|
|attn_out_d0                                                             |  out|   32|   ap_memory|                                                       attn_out|         array|
+------------------------------------------------------------------------+-----+-----+------------+---------------------------------------------------------------+--------------+

