

================================================================
== Vitis HLS Report for 'transformer_blk_s4_top_Pipeline_LN_VAR5'
================================================================
* Date:           Mon Jun  1 14:26:43 2026

* Version:        2022.2 (Build 3670227 on Oct 13 2022)
* Project:        s4_transformer_block
* Solution:       solution1 (Vivado IP Flow Target)
* Product family: zynquplus
* Target device:  xczu9eg-ffvb1156-2-e


================================================================
== Performance Estimates
================================================================
+ Timing: 
    * Summary: 
    +--------+---------+----------+------------+
    |  Clock |  Target | Estimated| Uncertainty|
    +--------+---------+----------+------------+
    |ap_clk  |  5.00 ns|  3.454 ns|     1.35 ns|
    +--------+---------+----------+------------+

+ Latency: 
    * Summary: 
    +---------+---------+----------+----------+-----+-----+---------+
    |  Latency (cycles) |  Latency (absolute) |  Interval | Pipeline|
    |   min   |   max   |    min   |    max   | min | max |   Type  |
    +---------+---------+----------+----------+-----+-----+---------+
    |      107|      107|  0.535 us|  0.535 us|  107|  107|       no|
    +---------+---------+----------+----------+-----+-----+---------+

    + Detail: 
        * Instance: 
        N/A

        * Loop: 
        +----------+---------+---------+----------+-----------+-----------+------+----------+
        |          |  Latency (cycles) | Iteration|  Initiation Interval  | Trip |          |
        | Loop Name|   min   |   max   |  Latency |  achieved |   target  | Count| Pipelined|
        +----------+---------+---------+----------+-----------+-----------+------+----------+
        |- LN_VAR  |      105|      105|        47|          1|          1|    60|       yes|
        +----------+---------+---------+----------+-----------+-----------+------+----------+



================================================================
== Utilization Estimates
================================================================
* Summary: 
+-----------------+---------+------+--------+--------+-----+
|       Name      | BRAM_18K|  DSP |   FF   |   LUT  | URAM|
+-----------------+---------+------+--------+--------+-----+
|DSP              |        -|     -|       -|       -|    -|
|Expression       |        -|     -|       0|      43|    -|
|FIFO             |        -|     -|       -|       -|    -|
|Instance         |        -|     -|       -|       -|    -|
|Memory           |        -|     -|       -|       -|    -|
|Multiplexer      |        -|     -|       -|      36|    -|
|Register         |        -|     -|    2709|      96|    -|
+-----------------+---------+------+--------+--------+-----+
|Total            |        0|     0|    2709|     175|    0|
+-----------------+---------+------+--------+--------+-----+
|Available        |     1824|  2520|  548160|  274080|    0|
+-----------------+---------+------+--------+--------+-----+
|Utilization (%)  |        0|     0|      ~0|      ~0|    0|
+-----------------+---------+------+--------+--------+-----+

+ Detail: 
    * Instance: 
    N/A

    * DSP: 
    N/A

    * Memory: 
    N/A

    * FIFO: 
    N/A

    * Expression: 
    +-----------------------+----------+----+---+----+------------+------------+
    |     Variable Name     | Operation| DSP| FF| LUT| Bitwidth P0| Bitwidth P1|
    +-----------------------+----------+----+---+----+------------+------------+
    |add_ln113_fu_1069_p2   |         +|   0|  0|  13|           6|           1|
    |add_ln118_fu_1079_p2   |         +|   0|  0|  18|          11|          11|
    |icmp_ln113_fu_1063_p2  |      icmp|   0|  0|  10|           6|           4|
    |ap_enable_pp0          |       xor|   0|  0|   2|           1|           2|
    +-----------------------+----------+----+---+----+------------+------------+
    |Total                  |          |   0|  0|  43|          24|          18|
    +-----------------------+----------+----+---+----+------------+------------+

    * Multiplexer: 
    +-------------------------+----+-----------+-----+-----------+
    |           Name          | LUT| Input Size| Bits| Total Bits|
    +-------------------------+----+-----------+-----+-----------+
    |ap_done_int              |   9|          2|    1|          2|
    |ap_enable_reg_pp0_iter1  |   9|          2|    1|          2|
    |ap_sig_allocacmp_t_1     |   9|          2|    6|         12|
    |t_fu_278                 |   9|          2|    6|         12|
    +-------------------------+----+-----------+-----+-----------+
    |Total                    |  36|          8|   14|         28|
    +-------------------------+----+-----------+-----+-----------+

    * Register: 
    +----------------------------------------------------------------------------+----+----+-----+-----------+
    |                                    Name                                    | FF | LUT| Bits| Const Bits|
    +----------------------------------------------------------------------------+----+----+-----+-----------+
    |ap_CS_fsm                                                                   |   1|   0|    1|          0|
    |ap_done_reg                                                                 |   1|   0|    1|          0|
    |ap_enable_reg_pp0_iter1                                                     |   1|   0|    1|          0|
    |ap_enable_reg_pp0_iter10                                                    |   1|   0|    1|          0|
    |ap_enable_reg_pp0_iter11                                                    |   1|   0|    1|          0|
    |ap_enable_reg_pp0_iter12                                                    |   1|   0|    1|          0|
    |ap_enable_reg_pp0_iter13                                                    |   1|   0|    1|          0|
    |ap_enable_reg_pp0_iter14                                                    |   1|   0|    1|          0|
    |ap_enable_reg_pp0_iter15                                                    |   1|   0|    1|          0|
    |ap_enable_reg_pp0_iter16                                                    |   1|   0|    1|          0|
    |ap_enable_reg_pp0_iter17                                                    |   1|   0|    1|          0|
    |ap_enable_reg_pp0_iter18                                                    |   1|   0|    1|          0|
    |ap_enable_reg_pp0_iter19                                                    |   1|   0|    1|          0|
    |ap_enable_reg_pp0_iter2                                                     |   1|   0|    1|          0|
    |ap_enable_reg_pp0_iter20                                                    |   1|   0|    1|          0|
    |ap_enable_reg_pp0_iter21                                                    |   1|   0|    1|          0|
    |ap_enable_reg_pp0_iter22                                                    |   1|   0|    1|          0|
    |ap_enable_reg_pp0_iter23                                                    |   1|   0|    1|          0|
    |ap_enable_reg_pp0_iter24                                                    |   1|   0|    1|          0|
    |ap_enable_reg_pp0_iter25                                                    |   1|   0|    1|          0|
    |ap_enable_reg_pp0_iter26                                                    |   1|   0|    1|          0|
    |ap_enable_reg_pp0_iter27                                                    |   1|   0|    1|          0|
    |ap_enable_reg_pp0_iter28                                                    |   1|   0|    1|          0|
    |ap_enable_reg_pp0_iter29                                                    |   1|   0|    1|          0|
    |ap_enable_reg_pp0_iter3                                                     |   1|   0|    1|          0|
    |ap_enable_reg_pp0_iter30                                                    |   1|   0|    1|          0|
    |ap_enable_reg_pp0_iter31                                                    |   1|   0|    1|          0|
    |ap_enable_reg_pp0_iter32                                                    |   1|   0|    1|          0|
    |ap_enable_reg_pp0_iter33                                                    |   1|   0|    1|          0|
    |ap_enable_reg_pp0_iter34                                                    |   1|   0|    1|          0|
    |ap_enable_reg_pp0_iter35                                                    |   1|   0|    1|          0|
    |ap_enable_reg_pp0_iter36                                                    |   1|   0|    1|          0|
    |ap_enable_reg_pp0_iter37                                                    |   1|   0|    1|          0|
    |ap_enable_reg_pp0_iter38                                                    |   1|   0|    1|          0|
    |ap_enable_reg_pp0_iter39                                                    |   1|   0|    1|          0|
    |ap_enable_reg_pp0_iter4                                                     |   1|   0|    1|          0|
    |ap_enable_reg_pp0_iter40                                                    |   1|   0|    1|          0|
    |ap_enable_reg_pp0_iter41                                                    |   1|   0|    1|          0|
    |ap_enable_reg_pp0_iter42                                                    |   1|   0|    1|          0|
    |ap_enable_reg_pp0_iter43                                                    |   1|   0|    1|          0|
    |ap_enable_reg_pp0_iter44                                                    |   1|   0|    1|          0|
    |ap_enable_reg_pp0_iter45                                                    |   1|   0|    1|          0|
    |ap_enable_reg_pp0_iter46                                                    |   1|   0|    1|          0|
    |ap_enable_reg_pp0_iter5                                                     |   1|   0|    1|          0|
    |ap_enable_reg_pp0_iter6                                                     |   1|   0|    1|          0|
    |ap_enable_reg_pp0_iter7                                                     |   1|   0|    1|          0|
    |ap_enable_reg_pp0_iter8                                                     |   1|   0|    1|          0|
    |ap_enable_reg_pp0_iter9                                                     |   1|   0|    1|          0|
    |ap_loop_exit_ready_pp0_iter10_reg                                           |   1|   0|    1|          0|
    |ap_loop_exit_ready_pp0_iter11_reg                                           |   1|   0|    1|          0|
    |ap_loop_exit_ready_pp0_iter12_reg                                           |   1|   0|    1|          0|
    |ap_loop_exit_ready_pp0_iter13_reg                                           |   1|   0|    1|          0|
    |ap_loop_exit_ready_pp0_iter14_reg                                           |   1|   0|    1|          0|
    |ap_loop_exit_ready_pp0_iter15_reg                                           |   1|   0|    1|          0|
    |ap_loop_exit_ready_pp0_iter16_reg                                           |   1|   0|    1|          0|
    |ap_loop_exit_ready_pp0_iter17_reg                                           |   1|   0|    1|          0|
    |ap_loop_exit_ready_pp0_iter18_reg                                           |   1|   0|    1|          0|
    |ap_loop_exit_ready_pp0_iter19_reg                                           |   1|   0|    1|          0|
    |ap_loop_exit_ready_pp0_iter1_reg                                            |   1|   0|    1|          0|
    |ap_loop_exit_ready_pp0_iter20_reg                                           |   1|   0|    1|          0|
    |ap_loop_exit_ready_pp0_iter21_reg                                           |   1|   0|    1|          0|
    |ap_loop_exit_ready_pp0_iter22_reg                                           |   1|   0|    1|          0|
    |ap_loop_exit_ready_pp0_iter23_reg                                           |   1|   0|    1|          0|
    |ap_loop_exit_ready_pp0_iter24_reg                                           |   1|   0|    1|          0|
    |ap_loop_exit_ready_pp0_iter25_reg                                           |   1|   0|    1|          0|
    |ap_loop_exit_ready_pp0_iter26_reg                                           |   1|   0|    1|          0|
    |ap_loop_exit_ready_pp0_iter27_reg                                           |   1|   0|    1|          0|
    |ap_loop_exit_ready_pp0_iter28_reg                                           |   1|   0|    1|          0|
    |ap_loop_exit_ready_pp0_iter29_reg                                           |   1|   0|    1|          0|
    |ap_loop_exit_ready_pp0_iter2_reg                                            |   1|   0|    1|          0|
    |ap_loop_exit_ready_pp0_iter30_reg                                           |   1|   0|    1|          0|
    |ap_loop_exit_ready_pp0_iter31_reg                                           |   1|   0|    1|          0|
    |ap_loop_exit_ready_pp0_iter32_reg                                           |   1|   0|    1|          0|
    |ap_loop_exit_ready_pp0_iter33_reg                                           |   1|   0|    1|          0|
    |ap_loop_exit_ready_pp0_iter34_reg                                           |   1|   0|    1|          0|
    |ap_loop_exit_ready_pp0_iter35_reg                                           |   1|   0|    1|          0|
    |ap_loop_exit_ready_pp0_iter36_reg                                           |   1|   0|    1|          0|
    |ap_loop_exit_ready_pp0_iter37_reg                                           |   1|   0|    1|          0|
    |ap_loop_exit_ready_pp0_iter38_reg                                           |   1|   0|    1|          0|
    |ap_loop_exit_ready_pp0_iter39_reg                                           |   1|   0|    1|          0|
    |ap_loop_exit_ready_pp0_iter3_reg                                            |   1|   0|    1|          0|
    |ap_loop_exit_ready_pp0_iter40_reg                                           |   1|   0|    1|          0|
    |ap_loop_exit_ready_pp0_iter41_reg                                           |   1|   0|    1|          0|
    |ap_loop_exit_ready_pp0_iter42_reg                                           |   1|   0|    1|          0|
    |ap_loop_exit_ready_pp0_iter43_reg                                           |   1|   0|    1|          0|
    |ap_loop_exit_ready_pp0_iter44_reg                                           |   1|   0|    1|          0|
    |ap_loop_exit_ready_pp0_iter45_reg                                           |   1|   0|    1|          0|
    |ap_loop_exit_ready_pp0_iter4_reg                                            |   1|   0|    1|          0|
    |ap_loop_exit_ready_pp0_iter5_reg                                            |   1|   0|    1|          0|
    |ap_loop_exit_ready_pp0_iter6_reg                                            |   1|   0|    1|          0|
    |ap_loop_exit_ready_pp0_iter7_reg                                            |   1|   0|    1|          0|
    |ap_loop_exit_ready_pp0_iter8_reg                                            |   1|   0|    1|          0|
    |ap_loop_exit_ready_pp0_iter9_reg                                            |   1|   0|    1|          0|
    |d_2_reg_2061                                                                |  32|   0|   32|          0|
    |d_3_reg_2087                                                                |  32|   0|   32|          0|
    |d_4_reg_2108                                                                |  32|   0|   32|          0|
    |d_reg_2040                                                                  |  32|   0|   32|          0|
    |icmp_ln113_reg_2014                                                         |   1|   0|    1|          0|
    |mul47_i113_i_1_reg_2077                                                     |  32|   0|   32|          0|
    |mul47_i113_i_2_reg_2103                                                     |  32|   0|   32|          0|
    |mul47_i113_i_3_reg_2119                                                     |  32|   0|   32|          0|
    |mul47_i113_i_reg_2051                                                       |  32|   0|   32|          0|
    |t_1_reg_2010                                                                |   6|   0|    6|          0|
    |t_fu_278                                                                    |   6|   0|    6|          0|
    |tile_29_reg_2098                                                            |  32|   0|   32|          0|
    |tile_30_reg_2114                                                            |  32|   0|   32|          0|
    |tile_reg_2072                                                               |  32|   0|   32|          0|
    |transformer_blk_s4_top_float_const_float_float_const_x_buf_5_load_reg_2046  |  32|   0|   32|          0|
    |transformer_blk_s4_top_float_const_float_float_const_x_buf_6_load_reg_2067  |  32|   0|   32|          0|
    |transformer_blk_s4_top_float_const_float_float_const_x_buf_7_load_reg_2093  |  32|   0|   32|          0|
    |transformer_blk_s4_top_float_const_float_float_const_x_buf_load_reg_2030    |  32|   0|   32|          0|
    |vp_10_fu_322                                                                |  32|   0|   32|          0|
    |vp_11_fu_326                                                                |  32|   0|   32|          0|
    |vp_12_fu_330                                                                |  32|   0|   32|          0|
    |vp_13_fu_334                                                                |  32|   0|   32|          0|
    |vp_14_fu_338                                                                |  32|   0|   32|          0|
    |vp_15_fu_342                                                                |  32|   0|   32|          0|
    |vp_16_fu_346                                                                |  32|   0|   32|          0|
    |vp_17_fu_350                                                                |  32|   0|   32|          0|
    |vp_18_fu_354                                                                |  32|   0|   32|          0|
    |vp_19_fu_358                                                                |  32|   0|   32|          0|
    |vp_1_fu_286                                                                 |  32|   0|   32|          0|
    |vp_20_fu_362                                                                |  32|   0|   32|          0|
    |vp_21_fu_366                                                                |  32|   0|   32|          0|
    |vp_22_fu_370                                                                |  32|   0|   32|          0|
    |vp_23_fu_374                                                                |  32|   0|   32|          0|
    |vp_24_fu_378                                                                |  32|   0|   32|          0|
    |vp_25_fu_382                                                                |  32|   0|   32|          0|
    |vp_26_fu_386                                                                |  32|   0|   32|          0|
    |vp_27_fu_390                                                                |  32|   0|   32|          0|
    |vp_28_fu_394                                                                |  32|   0|   32|          0|
    |vp_29_fu_398                                                                |  32|   0|   32|          0|
    |vp_2_fu_290                                                                 |  32|   0|   32|          0|
    |vp_30_fu_402                                                                |  32|   0|   32|          0|
    |vp_31_fu_406                                                                |  32|   0|   32|          0|
    |vp_32_fu_410                                                                |  32|   0|   32|          0|
    |vp_33_fu_414                                                                |  32|   0|   32|          0|
    |vp_34_fu_418                                                                |  32|   0|   32|          0|
    |vp_35_fu_422                                                                |  32|   0|   32|          0|
    |vp_36_fu_426                                                                |  32|   0|   32|          0|
    |vp_37_fu_430                                                                |  32|   0|   32|          0|
    |vp_38_fu_434                                                                |  32|   0|   32|          0|
    |vp_39_fu_438                                                                |  32|   0|   32|          0|
    |vp_3_fu_294                                                                 |  32|   0|   32|          0|
    |vp_40_fu_442                                                                |  32|   0|   32|          0|
    |vp_41_fu_446                                                                |  32|   0|   32|          0|
    |vp_42_fu_450                                                                |  32|   0|   32|          0|
    |vp_43_fu_454                                                                |  32|   0|   32|          0|
    |vp_44_fu_458                                                                |  32|   0|   32|          0|
    |vp_45_fu_462                                                                |  32|   0|   32|          0|
    |vp_46_fu_466                                                                |  32|   0|   32|          0|
    |vp_47_fu_470                                                                |  32|   0|   32|          0|
    |vp_48_fu_474                                                                |  32|   0|   32|          0|
    |vp_49_fu_478                                                                |  32|   0|   32|          0|
    |vp_4_fu_298                                                                 |  32|   0|   32|          0|
    |vp_50_fu_482                                                                |  32|   0|   32|          0|
    |vp_51_fu_486                                                                |  32|   0|   32|          0|
    |vp_52_fu_490                                                                |  32|   0|   32|          0|
    |vp_53_fu_494                                                                |  32|   0|   32|          0|
    |vp_54_fu_498                                                                |  32|   0|   32|          0|
    |vp_55_fu_502                                                                |  32|   0|   32|          0|
    |vp_56_fu_506                                                                |  32|   0|   32|          0|
    |vp_57_fu_510                                                                |  32|   0|   32|          0|
    |vp_58_fu_514                                                                |  32|   0|   32|          0|
    |vp_59_fu_518                                                                |  32|   0|   32|          0|
    |vp_5_fu_302                                                                 |  32|   0|   32|          0|
    |vp_6_fu_306                                                                 |  32|   0|   32|          0|
    |vp_7_fu_310                                                                 |  32|   0|   32|          0|
    |vp_8_fu_314                                                                 |  32|   0|   32|          0|
    |vp_9_fu_318                                                                 |  32|   0|   32|          0|
    |vp_fu_282                                                                   |  32|   0|   32|          0|
    |zext_ln118_reg_2018                                                         |  11|   0|   64|         53|
    |icmp_ln113_reg_2014                                                         |  64|  32|    1|          0|
    |t_1_reg_2010                                                                |  64|  32|    6|          0|
    |zext_ln118_reg_2018                                                         |  64|  32|   64|         53|
    +----------------------------------------------------------------------------+----+----+-----+-----------+
    |Total                                                                       |2709|  96| 2641|        106|
    +----------------------------------------------------------------------------+----+----+-----+-----------+



================================================================
== Interface
================================================================
* Summary: 
+-----------------------------------------------------------------------+-----+-----+------------+--------------------------------------------------------------+--------------+
|                               RTL Ports                               | Dir | Bits|  Protocol  |                         Source Object                        |    C Type    |
+-----------------------------------------------------------------------+-----+-----+------------+--------------------------------------------------------------+--------------+
|ap_clk                                                                 |   in|    1|  ap_ctrl_hs|                       transformer_blk_s4_top_Pipeline_LN_VAR5|  return value|
|ap_rst                                                                 |   in|    1|  ap_ctrl_hs|                       transformer_blk_s4_top_Pipeline_LN_VAR5|  return value|
|ap_start                                                               |   in|    1|  ap_ctrl_hs|                       transformer_blk_s4_top_Pipeline_LN_VAR5|  return value|
|ap_done                                                                |  out|    1|  ap_ctrl_hs|                       transformer_blk_s4_top_Pipeline_LN_VAR5|  return value|
|ap_idle                                                                |  out|    1|  ap_ctrl_hs|                       transformer_blk_s4_top_Pipeline_LN_VAR5|  return value|
|ap_ready                                                               |  out|    1|  ap_ctrl_hs|                       transformer_blk_s4_top_Pipeline_LN_VAR5|  return value|
|grp_fu_2762_p_din0                                                     |  out|   32|  ap_ctrl_hs|                       transformer_blk_s4_top_Pipeline_LN_VAR5|  return value|
|grp_fu_2762_p_din1                                                     |  out|   32|  ap_ctrl_hs|                       transformer_blk_s4_top_Pipeline_LN_VAR5|  return value|
|grp_fu_2762_p_opcode                                                   |  out|    1|  ap_ctrl_hs|                       transformer_blk_s4_top_Pipeline_LN_VAR5|  return value|
|grp_fu_2762_p_dout0                                                    |   in|   32|  ap_ctrl_hs|                       transformer_blk_s4_top_Pipeline_LN_VAR5|  return value|
|grp_fu_2762_p_ce                                                       |  out|    1|  ap_ctrl_hs|                       transformer_blk_s4_top_Pipeline_LN_VAR5|  return value|
|grp_fu_6279_p_din0                                                     |  out|   32|  ap_ctrl_hs|                       transformer_blk_s4_top_Pipeline_LN_VAR5|  return value|
|grp_fu_6279_p_din1                                                     |  out|   32|  ap_ctrl_hs|                       transformer_blk_s4_top_Pipeline_LN_VAR5|  return value|
|grp_fu_6279_p_opcode                                                   |  out|    1|  ap_ctrl_hs|                       transformer_blk_s4_top_Pipeline_LN_VAR5|  return value|
|grp_fu_6279_p_dout0                                                    |   in|   32|  ap_ctrl_hs|                       transformer_blk_s4_top_Pipeline_LN_VAR5|  return value|
|grp_fu_6279_p_ce                                                       |  out|    1|  ap_ctrl_hs|                       transformer_blk_s4_top_Pipeline_LN_VAR5|  return value|
|grp_fu_6283_p_din0                                                     |  out|   32|  ap_ctrl_hs|                       transformer_blk_s4_top_Pipeline_LN_VAR5|  return value|
|grp_fu_6283_p_din1                                                     |  out|   32|  ap_ctrl_hs|                       transformer_blk_s4_top_Pipeline_LN_VAR5|  return value|
|grp_fu_6283_p_opcode                                                   |  out|    1|  ap_ctrl_hs|                       transformer_blk_s4_top_Pipeline_LN_VAR5|  return value|
|grp_fu_6283_p_dout0                                                    |   in|   32|  ap_ctrl_hs|                       transformer_blk_s4_top_Pipeline_LN_VAR5|  return value|
|grp_fu_6283_p_ce                                                       |  out|    1|  ap_ctrl_hs|                       transformer_blk_s4_top_Pipeline_LN_VAR5|  return value|
|grp_fu_6287_p_din0                                                     |  out|   32|  ap_ctrl_hs|                       transformer_blk_s4_top_Pipeline_LN_VAR5|  return value|
|grp_fu_6287_p_din1                                                     |  out|   32|  ap_ctrl_hs|                       transformer_blk_s4_top_Pipeline_LN_VAR5|  return value|
|grp_fu_6287_p_opcode                                                   |  out|    1|  ap_ctrl_hs|                       transformer_blk_s4_top_Pipeline_LN_VAR5|  return value|
|grp_fu_6287_p_dout0                                                    |   in|   32|  ap_ctrl_hs|                       transformer_blk_s4_top_Pipeline_LN_VAR5|  return value|
|grp_fu_6287_p_ce                                                       |  out|    1|  ap_ctrl_hs|                       transformer_blk_s4_top_Pipeline_LN_VAR5|  return value|
|grp_fu_6291_p_din0                                                     |  out|   32|  ap_ctrl_hs|                       transformer_blk_s4_top_Pipeline_LN_VAR5|  return value|
|grp_fu_6291_p_din1                                                     |  out|   32|  ap_ctrl_hs|                       transformer_blk_s4_top_Pipeline_LN_VAR5|  return value|
|grp_fu_6291_p_opcode                                                   |  out|    1|  ap_ctrl_hs|                       transformer_blk_s4_top_Pipeline_LN_VAR5|  return value|
|grp_fu_6291_p_dout0                                                    |   in|   32|  ap_ctrl_hs|                       transformer_blk_s4_top_Pipeline_LN_VAR5|  return value|
|grp_fu_6291_p_ce                                                       |  out|    1|  ap_ctrl_hs|                       transformer_blk_s4_top_Pipeline_LN_VAR5|  return value|
|grp_fu_6295_p_din0                                                     |  out|   32|  ap_ctrl_hs|                       transformer_blk_s4_top_Pipeline_LN_VAR5|  return value|
|grp_fu_6295_p_din1                                                     |  out|   32|  ap_ctrl_hs|                       transformer_blk_s4_top_Pipeline_LN_VAR5|  return value|
|grp_fu_6295_p_opcode                                                   |  out|    1|  ap_ctrl_hs|                       transformer_blk_s4_top_Pipeline_LN_VAR5|  return value|
|grp_fu_6295_p_dout0                                                    |   in|   32|  ap_ctrl_hs|                       transformer_blk_s4_top_Pipeline_LN_VAR5|  return value|
|grp_fu_6295_p_ce                                                       |  out|    1|  ap_ctrl_hs|                       transformer_blk_s4_top_Pipeline_LN_VAR5|  return value|
|grp_fu_6299_p_din0                                                     |  out|   32|  ap_ctrl_hs|                       transformer_blk_s4_top_Pipeline_LN_VAR5|  return value|
|grp_fu_6299_p_din1                                                     |  out|   32|  ap_ctrl_hs|                       transformer_blk_s4_top_Pipeline_LN_VAR5|  return value|
|grp_fu_6299_p_opcode                                                   |  out|    1|  ap_ctrl_hs|                       transformer_blk_s4_top_Pipeline_LN_VAR5|  return value|
|grp_fu_6299_p_dout0                                                    |   in|   32|  ap_ctrl_hs|                       transformer_blk_s4_top_Pipeline_LN_VAR5|  return value|
|grp_fu_6299_p_ce                                                       |  out|    1|  ap_ctrl_hs|                       transformer_blk_s4_top_Pipeline_LN_VAR5|  return value|
|grp_fu_6303_p_din0                                                     |  out|   32|  ap_ctrl_hs|                       transformer_blk_s4_top_Pipeline_LN_VAR5|  return value|
|grp_fu_6303_p_din1                                                     |  out|   32|  ap_ctrl_hs|                       transformer_blk_s4_top_Pipeline_LN_VAR5|  return value|
|grp_fu_6303_p_opcode                                                   |  out|    1|  ap_ctrl_hs|                       transformer_blk_s4_top_Pipeline_LN_VAR5|  return value|
|grp_fu_6303_p_dout0                                                    |   in|   32|  ap_ctrl_hs|                       transformer_blk_s4_top_Pipeline_LN_VAR5|  return value|
|grp_fu_6303_p_ce                                                       |  out|    1|  ap_ctrl_hs|                       transformer_blk_s4_top_Pipeline_LN_VAR5|  return value|
|grp_fu_6307_p_din0                                                     |  out|   32|  ap_ctrl_hs|                       transformer_blk_s4_top_Pipeline_LN_VAR5|  return value|
|grp_fu_6307_p_din1                                                     |  out|   32|  ap_ctrl_hs|                       transformer_blk_s4_top_Pipeline_LN_VAR5|  return value|
|grp_fu_6307_p_dout0                                                    |   in|   32|  ap_ctrl_hs|                       transformer_blk_s4_top_Pipeline_LN_VAR5|  return value|
|grp_fu_6307_p_ce                                                       |  out|    1|  ap_ctrl_hs|                       transformer_blk_s4_top_Pipeline_LN_VAR5|  return value|
|grp_fu_6311_p_din0                                                     |  out|   32|  ap_ctrl_hs|                       transformer_blk_s4_top_Pipeline_LN_VAR5|  return value|
|grp_fu_6311_p_din1                                                     |  out|   32|  ap_ctrl_hs|                       transformer_blk_s4_top_Pipeline_LN_VAR5|  return value|
|grp_fu_6311_p_dout0                                                    |   in|   32|  ap_ctrl_hs|                       transformer_blk_s4_top_Pipeline_LN_VAR5|  return value|
|grp_fu_6311_p_ce                                                       |  out|    1|  ap_ctrl_hs|                       transformer_blk_s4_top_Pipeline_LN_VAR5|  return value|
|grp_fu_6315_p_din0                                                     |  out|   32|  ap_ctrl_hs|                       transformer_blk_s4_top_Pipeline_LN_VAR5|  return value|
|grp_fu_6315_p_din1                                                     |  out|   32|  ap_ctrl_hs|                       transformer_blk_s4_top_Pipeline_LN_VAR5|  return value|
|grp_fu_6315_p_dout0                                                    |   in|   32|  ap_ctrl_hs|                       transformer_blk_s4_top_Pipeline_LN_VAR5|  return value|
|grp_fu_6315_p_ce                                                       |  out|    1|  ap_ctrl_hs|                       transformer_blk_s4_top_Pipeline_LN_VAR5|  return value|
|grp_fu_6319_p_din0                                                     |  out|   32|  ap_ctrl_hs|                       transformer_blk_s4_top_Pipeline_LN_VAR5|  return value|
|grp_fu_6319_p_din1                                                     |  out|   32|  ap_ctrl_hs|                       transformer_blk_s4_top_Pipeline_LN_VAR5|  return value|
|grp_fu_6319_p_dout0                                                    |   in|   32|  ap_ctrl_hs|                       transformer_blk_s4_top_Pipeline_LN_VAR5|  return value|
|grp_fu_6319_p_ce                                                       |  out|    1|  ap_ctrl_hs|                       transformer_blk_s4_top_Pipeline_LN_VAR5|  return value|
|indvars_iv8950                                                         |   in|   11|     ap_none|                                                indvars_iv8950|        scalar|
|mean_1                                                                 |   in|   32|     ap_none|                                                        mean_1|        scalar|
|vp_180_out                                                             |  out|   32|      ap_vld|                                                    vp_180_out|       pointer|
|vp_180_out_ap_vld                                                      |  out|    1|      ap_vld|                                                    vp_180_out|       pointer|
|vp_179_out                                                             |  out|   32|      ap_vld|                                                    vp_179_out|       pointer|
|vp_179_out_ap_vld                                                      |  out|    1|      ap_vld|                                                    vp_179_out|       pointer|
|vp_178_out                                                             |  out|   32|      ap_vld|                                                    vp_178_out|       pointer|
|vp_178_out_ap_vld                                                      |  out|    1|      ap_vld|                                                    vp_178_out|       pointer|
|vp_177_out                                                             |  out|   32|      ap_vld|                                                    vp_177_out|       pointer|
|vp_177_out_ap_vld                                                      |  out|    1|      ap_vld|                                                    vp_177_out|       pointer|
|vp_176_out                                                             |  out|   32|      ap_vld|                                                    vp_176_out|       pointer|
|vp_176_out_ap_vld                                                      |  out|    1|      ap_vld|                                                    vp_176_out|       pointer|
|vp_175_out                                                             |  out|   32|      ap_vld|                                                    vp_175_out|       pointer|
|vp_175_out_ap_vld                                                      |  out|    1|      ap_vld|                                                    vp_175_out|       pointer|
|vp_174_out                                                             |  out|   32|      ap_vld|                                                    vp_174_out|       pointer|
|vp_174_out_ap_vld                                                      |  out|    1|      ap_vld|                                                    vp_174_out|       pointer|
|vp_173_out                                                             |  out|   32|      ap_vld|                                                    vp_173_out|       pointer|
|vp_173_out_ap_vld                                                      |  out|    1|      ap_vld|                                                    vp_173_out|       pointer|
|vp_172_out                                                             |  out|   32|      ap_vld|                                                    vp_172_out|       pointer|
|vp_172_out_ap_vld                                                      |  out|    1|      ap_vld|                                                    vp_172_out|       pointer|
|vp_171_out                                                             |  out|   32|      ap_vld|                                                    vp_171_out|       pointer|
|vp_171_out_ap_vld                                                      |  out|    1|      ap_vld|                                                    vp_171_out|       pointer|
|vp_170_out                                                             |  out|   32|      ap_vld|                                                    vp_170_out|       pointer|
|vp_170_out_ap_vld                                                      |  out|    1|      ap_vld|                                                    vp_170_out|       pointer|
|vp_169_out                                                             |  out|   32|      ap_vld|                                                    vp_169_out|       pointer|
|vp_169_out_ap_vld                                                      |  out|    1|      ap_vld|                                                    vp_169_out|       pointer|
|vp_168_out                                                             |  out|   32|      ap_vld|                                                    vp_168_out|       pointer|
|vp_168_out_ap_vld                                                      |  out|    1|      ap_vld|                                                    vp_168_out|       pointer|
|vp_167_out                                                             |  out|   32|      ap_vld|                                                    vp_167_out|       pointer|
|vp_167_out_ap_vld                                                      |  out|    1|      ap_vld|                                                    vp_167_out|       pointer|
|vp_166_out                                                             |  out|   32|      ap_vld|                                                    vp_166_out|       pointer|
|vp_166_out_ap_vld                                                      |  out|    1|      ap_vld|                                                    vp_166_out|       pointer|
|vp_165_out                                                             |  out|   32|      ap_vld|                                                    vp_165_out|       pointer|
|vp_165_out_ap_vld                                                      |  out|    1|      ap_vld|                                                    vp_165_out|       pointer|
|vp_164_out                                                             |  out|   32|      ap_vld|                                                    vp_164_out|       pointer|
|vp_164_out_ap_vld                                                      |  out|    1|      ap_vld|                                                    vp_164_out|       pointer|
|vp_163_out                                                             |  out|   32|      ap_vld|                                                    vp_163_out|       pointer|
|vp_163_out_ap_vld                                                      |  out|    1|      ap_vld|                                                    vp_163_out|       pointer|
|vp_162_out                                                             |  out|   32|      ap_vld|                                                    vp_162_out|       pointer|
|vp_162_out_ap_vld                                                      |  out|    1|      ap_vld|                                                    vp_162_out|       pointer|
|vp_161_out                                                             |  out|   32|      ap_vld|                                                    vp_161_out|       pointer|
|vp_161_out_ap_vld                                                      |  out|    1|      ap_vld|                                                    vp_161_out|       pointer|
|vp_160_out                                                             |  out|   32|      ap_vld|                                                    vp_160_out|       pointer|
|vp_160_out_ap_vld                                                      |  out|    1|      ap_vld|                                                    vp_160_out|       pointer|
|vp_159_out                                                             |  out|   32|      ap_vld|                                                    vp_159_out|       pointer|
|vp_159_out_ap_vld                                                      |  out|    1|      ap_vld|                                                    vp_159_out|       pointer|
|vp_158_out                                                             |  out|   32|      ap_vld|                                                    vp_158_out|       pointer|
|vp_158_out_ap_vld                                                      |  out|    1|      ap_vld|                                                    vp_158_out|       pointer|
|vp_157_out                                                             |  out|   32|      ap_vld|                                                    vp_157_out|       pointer|
|vp_157_out_ap_vld                                                      |  out|    1|      ap_vld|                                                    vp_157_out|       pointer|
|vp_156_out                                                             |  out|   32|      ap_vld|                                                    vp_156_out|       pointer|
|vp_156_out_ap_vld                                                      |  out|    1|      ap_vld|                                                    vp_156_out|       pointer|
|vp_155_out                                                             |  out|   32|      ap_vld|                                                    vp_155_out|       pointer|
|vp_155_out_ap_vld                                                      |  out|    1|      ap_vld|                                                    vp_155_out|       pointer|
|vp_154_out                                                             |  out|   32|      ap_vld|                                                    vp_154_out|       pointer|
|vp_154_out_ap_vld                                                      |  out|    1|      ap_vld|                                                    vp_154_out|       pointer|
|vp_153_out                                                             |  out|   32|      ap_vld|                                                    vp_153_out|       pointer|
|vp_153_out_ap_vld                                                      |  out|    1|      ap_vld|                                                    vp_153_out|       pointer|
|vp_152_out                                                             |  out|   32|      ap_vld|                                                    vp_152_out|       pointer|
|vp_152_out_ap_vld                                                      |  out|    1|      ap_vld|                                                    vp_152_out|       pointer|
|vp_151_out                                                             |  out|   32|      ap_vld|                                                    vp_151_out|       pointer|
|vp_151_out_ap_vld                                                      |  out|    1|      ap_vld|                                                    vp_151_out|       pointer|
|vp_150_out                                                             |  out|   32|      ap_vld|                                                    vp_150_out|       pointer|
|vp_150_out_ap_vld                                                      |  out|    1|      ap_vld|                                                    vp_150_out|       pointer|
|vp_149_out                                                             |  out|   32|      ap_vld|                                                    vp_149_out|       pointer|
|vp_149_out_ap_vld                                                      |  out|    1|      ap_vld|                                                    vp_149_out|       pointer|
|vp_148_out                                                             |  out|   32|      ap_vld|                                                    vp_148_out|       pointer|
|vp_148_out_ap_vld                                                      |  out|    1|      ap_vld|                                                    vp_148_out|       pointer|
|vp_147_out                                                             |  out|   32|      ap_vld|                                                    vp_147_out|       pointer|
|vp_147_out_ap_vld                                                      |  out|    1|      ap_vld|                                                    vp_147_out|       pointer|
|vp_146_out                                                             |  out|   32|      ap_vld|                                                    vp_146_out|       pointer|
|vp_146_out_ap_vld                                                      |  out|    1|      ap_vld|                                                    vp_146_out|       pointer|
|vp_145_out                                                             |  out|   32|      ap_vld|                                                    vp_145_out|       pointer|
|vp_145_out_ap_vld                                                      |  out|    1|      ap_vld|                                                    vp_145_out|       pointer|
|vp_144_out                                                             |  out|   32|      ap_vld|                                                    vp_144_out|       pointer|
|vp_144_out_ap_vld                                                      |  out|    1|      ap_vld|                                                    vp_144_out|       pointer|
|vp_143_out                                                             |  out|   32|      ap_vld|                                                    vp_143_out|       pointer|
|vp_143_out_ap_vld                                                      |  out|    1|      ap_vld|                                                    vp_143_out|       pointer|
|vp_142_out                                                             |  out|   32|      ap_vld|                                                    vp_142_out|       pointer|
|vp_142_out_ap_vld                                                      |  out|    1|      ap_vld|                                                    vp_142_out|       pointer|
|vp_141_out                                                             |  out|   32|      ap_vld|                                                    vp_141_out|       pointer|
|vp_141_out_ap_vld                                                      |  out|    1|      ap_vld|                                                    vp_141_out|       pointer|
|vp_140_out                                                             |  out|   32|      ap_vld|                                                    vp_140_out|       pointer|
|vp_140_out_ap_vld                                                      |  out|    1|      ap_vld|                                                    vp_140_out|       pointer|
|vp_139_out                                                             |  out|   32|      ap_vld|                                                    vp_139_out|       pointer|
|vp_139_out_ap_vld                                                      |  out|    1|      ap_vld|                                                    vp_139_out|       pointer|
|vp_138_out                                                             |  out|   32|      ap_vld|                                                    vp_138_out|       pointer|
|vp_138_out_ap_vld                                                      |  out|    1|      ap_vld|                                                    vp_138_out|       pointer|
|vp_137_out                                                             |  out|   32|      ap_vld|                                                    vp_137_out|       pointer|
|vp_137_out_ap_vld                                                      |  out|    1|      ap_vld|                                                    vp_137_out|       pointer|
|vp_136_out                                                             |  out|   32|      ap_vld|                                                    vp_136_out|       pointer|
|vp_136_out_ap_vld                                                      |  out|    1|      ap_vld|                                                    vp_136_out|       pointer|
|vp_135_out                                                             |  out|   32|      ap_vld|                                                    vp_135_out|       pointer|
|vp_135_out_ap_vld                                                      |  out|    1|      ap_vld|                                                    vp_135_out|       pointer|
|vp_134_out                                                             |  out|   32|      ap_vld|                                                    vp_134_out|       pointer|
|vp_134_out_ap_vld                                                      |  out|    1|      ap_vld|                                                    vp_134_out|       pointer|
|vp_133_out                                                             |  out|   32|      ap_vld|                                                    vp_133_out|       pointer|
|vp_133_out_ap_vld                                                      |  out|    1|      ap_vld|                                                    vp_133_out|       pointer|
|vp_132_out                                                             |  out|   32|      ap_vld|                                                    vp_132_out|       pointer|
|vp_132_out_ap_vld                                                      |  out|    1|      ap_vld|                                                    vp_132_out|       pointer|
|vp_131_out                                                             |  out|   32|      ap_vld|                                                    vp_131_out|       pointer|
|vp_131_out_ap_vld                                                      |  out|    1|      ap_vld|                                                    vp_131_out|       pointer|
|vp_130_out                                                             |  out|   32|      ap_vld|                                                    vp_130_out|       pointer|
|vp_130_out_ap_vld                                                      |  out|    1|      ap_vld|                                                    vp_130_out|       pointer|
|vp_129_out                                                             |  out|   32|      ap_vld|                                                    vp_129_out|       pointer|
|vp_129_out_ap_vld                                                      |  out|    1|      ap_vld|                                                    vp_129_out|       pointer|
|vp_128_out                                                             |  out|   32|      ap_vld|                                                    vp_128_out|       pointer|
|vp_128_out_ap_vld                                                      |  out|    1|      ap_vld|                                                    vp_128_out|       pointer|
|vp_127_out                                                             |  out|   32|      ap_vld|                                                    vp_127_out|       pointer|
|vp_127_out_ap_vld                                                      |  out|    1|      ap_vld|                                                    vp_127_out|       pointer|
|vp_126_out                                                             |  out|   32|      ap_vld|                                                    vp_126_out|       pointer|
|vp_126_out_ap_vld                                                      |  out|    1|      ap_vld|                                                    vp_126_out|       pointer|
|vp_125_out                                                             |  out|   32|      ap_vld|                                                    vp_125_out|       pointer|
|vp_125_out_ap_vld                                                      |  out|    1|      ap_vld|                                                    vp_125_out|       pointer|
|vp_124_out                                                             |  out|   32|      ap_vld|                                                    vp_124_out|       pointer|
|vp_124_out_ap_vld                                                      |  out|    1|      ap_vld|                                                    vp_124_out|       pointer|
|vp_123_out                                                             |  out|   32|      ap_vld|                                                    vp_123_out|       pointer|
|vp_123_out_ap_vld                                                      |  out|    1|      ap_vld|                                                    vp_123_out|       pointer|
|vp_122_out                                                             |  out|   32|      ap_vld|                                                    vp_122_out|       pointer|
|vp_122_out_ap_vld                                                      |  out|    1|      ap_vld|                                                    vp_122_out|       pointer|
|vp_121_out                                                             |  out|   32|      ap_vld|                                                    vp_121_out|       pointer|
|vp_121_out_ap_vld                                                      |  out|    1|      ap_vld|                                                    vp_121_out|       pointer|
|transformer_blk_s4_top_float_const_float_float_const_x_buf_address0    |  out|   11|   ap_memory|    transformer_blk_s4_top_float_const_float_float_const_x_buf|         array|
|transformer_blk_s4_top_float_const_float_float_const_x_buf_ce0         |  out|    1|   ap_memory|    transformer_blk_s4_top_float_const_float_float_const_x_buf|         array|
|transformer_blk_s4_top_float_const_float_float_const_x_buf_q0          |   in|   32|   ap_memory|    transformer_blk_s4_top_float_const_float_float_const_x_buf|         array|
|transformer_blk_s4_top_float_const_float_float_const_x_buf_5_address0  |  out|   11|   ap_memory|  transformer_blk_s4_top_float_const_float_float_const_x_buf_5|         array|
|transformer_blk_s4_top_float_const_float_float_const_x_buf_5_ce0       |  out|    1|   ap_memory|  transformer_blk_s4_top_float_const_float_float_const_x_buf_5|         array|
|transformer_blk_s4_top_float_const_float_float_const_x_buf_5_q0        |   in|   32|   ap_memory|  transformer_blk_s4_top_float_const_float_float_const_x_buf_5|         array|
|transformer_blk_s4_top_float_const_float_float_const_x_buf_6_address0  |  out|   11|   ap_memory|  transformer_blk_s4_top_float_const_float_float_const_x_buf_6|         array|
|transformer_blk_s4_top_float_const_float_float_const_x_buf_6_ce0       |  out|    1|   ap_memory|  transformer_blk_s4_top_float_const_float_float_const_x_buf_6|         array|
|transformer_blk_s4_top_float_const_float_float_const_x_buf_6_q0        |   in|   32|   ap_memory|  transformer_blk_s4_top_float_const_float_float_const_x_buf_6|         array|
|transformer_blk_s4_top_float_const_float_float_const_x_buf_7_address0  |  out|   11|   ap_memory|  transformer_blk_s4_top_float_const_float_float_const_x_buf_7|         array|
|transformer_blk_s4_top_float_const_float_float_const_x_buf_7_ce0       |  out|    1|   ap_memory|  transformer_blk_s4_top_float_const_float_float_const_x_buf_7|         array|
|transformer_blk_s4_top_float_const_float_float_const_x_buf_7_q0        |   in|   32|   ap_memory|  transformer_blk_s4_top_float_const_float_float_const_x_buf_7|         array|
+-----------------------------------------------------------------------+-----+-----+------------+--------------------------------------------------------------+--------------+

