

================================================================
== Vitis HLS Report for 'transformer_blk_s4_top_Pipeline_MHSA_SM'
================================================================
* Date:           Mon Jun  1 14:26:33 2026

* Version:        2022.2 (Build 3670227 on Oct 13 2022)
* Project:        s4_transformer_block
* Solution:       solution1 (Vivado IP Flow Target)
* Product family: zynquplus
* Target device:  xczu9eg-ffvb1156-2-e


================================================================
== Performance Estimates
================================================================
+ Timing: 
    * Summary: 
    +--------+---------+----------+------------+
    |  Clock |  Target | Estimated| Uncertainty|
    +--------+---------+----------+------------+
    |ap_clk  |  5.00 ns|  3.798 ns|     1.35 ns|
    +--------+---------+----------+------------+

+ Latency: 
    * Summary: 
    +---------+---------+----------+----------+-----+-----+---------+
    |  Latency (cycles) |  Latency (absolute) |  Interval | Pipeline|
    |   min   |   max   |    min   |    max   | min | max |   Type  |
    +---------+---------+----------+----------+-----+-----+---------+
    |      311|      311|  1.555 us|  1.555 us|  311|  311|       no|
    +---------+---------+----------+----------+-----+-----+---------+

    + Detail: 
        * Instance: 
        N/A

        * Loop: 
        +-----------+---------+---------+----------+-----------+-----------+------+----------+
        |           |  Latency (cycles) | Iteration|  Initiation Interval  | Trip |          |
        | Loop Name |   min   |   max   |  Latency |  achieved |   target  | Count| Pipelined|
        +-----------+---------+---------+----------+-----------+-----------+------+----------+
        |- MHSA_SM  |      309|      309|       190|          5|          1|    25|       yes|
        +-----------+---------+---------+----------+-----------+-----------+------+----------+



================================================================
== Utilization Estimates
================================================================
* Summary: 
+-----------------+---------+------+--------+--------+-----+
|       Name      | BRAM_18K|  DSP |   FF   |   LUT  | URAM|
+-----------------+---------+------+--------+--------+-----+
|DSP              |        -|     -|       -|       -|    -|
|Expression       |        -|     -|       0|    2401|    -|
|FIFO             |        -|     -|       -|       -|    -|
|Instance         |        -|    35|    1905|    4695|    -|
|Memory           |        -|     -|       -|       -|    -|
|Multiplexer      |        -|     -|       -|    1850|    -|
|Register         |        -|     -|    9997|    2560|    -|
+-----------------+---------+------+--------+--------+-----+
|Total            |        0|    35|   11902|   11506|    0|
+-----------------+---------+------+--------+--------+-----+
|Available        |     1824|  2520|  548160|  274080|    0|
+-----------------+---------+------+--------+--------+-----+
|Utilization (%)  |        0|     1|       2|       4|    0|
+-----------------+---------+------+--------+--------+-----+

+ Detail: 
    * Instance: 
    +--------------------------------------+---------------------------------+---------+----+-----+-----+-----+
    |               Instance               |              Module             | BRAM_18K| DSP|  FF | LUT | URAM|
    +--------------------------------------+---------------------------------+---------+----+-----+-----+-----+
    |fcmp_32ns_32ns_1_2_no_dsp_1_U609      |fcmp_32ns_32ns_1_2_no_dsp_1      |        0|   0|    0|    0|    0|
    |fcmp_32ns_32ns_1_2_no_dsp_1_U610      |fcmp_32ns_32ns_1_2_no_dsp_1      |        0|   0|    0|    0|    0|
    |fcmp_32ns_32ns_1_2_no_dsp_1_U611      |fcmp_32ns_32ns_1_2_no_dsp_1      |        0|   0|    0|    0|    0|
    |fdiv_32ns_32ns_32_16_no_dsp_1_U603    |fdiv_32ns_32ns_32_16_no_dsp_1    |        0|   0|    0|    0|    0|
    |fdiv_32ns_32ns_32_16_no_dsp_1_U604    |fdiv_32ns_32ns_32_16_no_dsp_1    |        0|   0|    0|    0|    0|
    |fdiv_32ns_32ns_32_16_no_dsp_1_U605    |fdiv_32ns_32ns_32_16_no_dsp_1    |        0|   0|    0|    0|    0|
    |fdiv_32ns_32ns_32_16_no_dsp_1_U606    |fdiv_32ns_32ns_32_16_no_dsp_1    |        0|   0|    0|    0|    0|
    |fexp_32ns_32ns_32_13_full_dsp_1_U612  |fexp_32ns_32ns_32_13_full_dsp_1  |        0|   7|  381|  939|    0|
    |fexp_32ns_32ns_32_13_full_dsp_1_U613  |fexp_32ns_32ns_32_13_full_dsp_1  |        0|   7|  381|  939|    0|
    |fexp_32ns_32ns_32_13_full_dsp_1_U614  |fexp_32ns_32ns_32_13_full_dsp_1  |        0|   7|  381|  939|    0|
    |fexp_32ns_32ns_32_13_full_dsp_1_U615  |fexp_32ns_32ns_32_13_full_dsp_1  |        0|   7|  381|  939|    0|
    |fexp_32ns_32ns_32_13_full_dsp_1_U616  |fexp_32ns_32ns_32_13_full_dsp_1  |        0|   7|  381|  939|    0|
    +--------------------------------------+---------------------------------+---------+----+-----+-----+-----+
    |Total                                 |                                 |        0|  35| 1905| 4695|    0|
    +--------------------------------------+---------------------------------+---------+----+-----+-----+-----+

    * DSP: 
    N/A

    * Memory: 
    N/A

    * FIFO: 
    N/A

    * Expression: 
    +--------------------------------------+----------+----+---+----+------------+------------+
    |             Variable Name            | Operation| DSP| FF| LUT| Bitwidth P0| Bitwidth P1|
    +--------------------------------------+----------+----+---+----+------------+------------+
    |add_ln202_1_fu_1123_p2                |         +|   0|  0|  14|           7|           2|
    |add_ln202_2_fu_1577_p2                |         +|   0|  0|  14|           7|           2|
    |add_ln202_3_fu_2119_p2                |         +|   0|  0|  14|           7|           3|
    |add_ln202_fu_669_p2                   |         +|   0|  0|  14|           7|           1|
    |add_ln288_fu_455_p2                   |         +|   0|  0|  12|           5|           1|
    |add_ln291_fu_473_p2                   |         +|   0|  0|  14|           7|           7|
    |and_ln202_10_fu_1017_p2               |       and|   0|  0|   2|           1|           1|
    |and_ln202_11_fu_1023_p2               |       and|   0|  0|   2|           1|           1|
    |and_ln202_12_fu_1105_p2               |       and|   0|  0|   2|           1|           1|
    |and_ln202_13_fu_1111_p2               |       and|   0|  0|   2|           1|           1|
    |and_ln202_14_fu_1207_p2               |       and|   0|  0|   2|           1|           1|
    |and_ln202_15_fu_1213_p2               |       and|   0|  0|   2|           1|           1|
    |and_ln202_16_fu_1295_p2               |       and|   0|  0|   2|           1|           1|
    |and_ln202_17_fu_1301_p2               |       and|   0|  0|   2|           1|           1|
    |and_ln202_18_fu_1383_p2               |       and|   0|  0|   2|           1|           1|
    |and_ln202_19_fu_1389_p2               |       and|   0|  0|   2|           1|           1|
    |and_ln202_1_fu_569_p2                 |       and|   0|  0|   2|           1|           1|
    |and_ln202_20_fu_1471_p2               |       and|   0|  0|   2|           1|           1|
    |and_ln202_21_fu_1477_p2               |       and|   0|  0|   2|           1|           1|
    |and_ln202_22_fu_1559_p2               |       and|   0|  0|   2|           1|           1|
    |and_ln202_23_fu_1565_p2               |       and|   0|  0|   2|           1|           1|
    |and_ln202_24_fu_1661_p2               |       and|   0|  0|   2|           1|           1|
    |and_ln202_25_fu_1667_p2               |       and|   0|  0|   2|           1|           1|
    |and_ln202_26_fu_1749_p2               |       and|   0|  0|   2|           1|           1|
    |and_ln202_27_fu_1755_p2               |       and|   0|  0|   2|           1|           1|
    |and_ln202_28_fu_1837_p2               |       and|   0|  0|   2|           1|           1|
    |and_ln202_29_fu_1843_p2               |       and|   0|  0|   2|           1|           1|
    |and_ln202_2_fu_651_p2                 |       and|   0|  0|   2|           1|           1|
    |and_ln202_30_fu_1925_p2               |       and|   0|  0|   2|           1|           1|
    |and_ln202_31_fu_1931_p2               |       and|   0|  0|   2|           1|           1|
    |and_ln202_32_fu_2013_p2               |       and|   0|  0|   2|           1|           1|
    |and_ln202_33_fu_2019_p2               |       and|   0|  0|   2|           1|           1|
    |and_ln202_34_fu_2101_p2               |       and|   0|  0|   2|           1|           1|
    |and_ln202_35_fu_2107_p2               |       and|   0|  0|   2|           1|           1|
    |and_ln202_36_fu_2203_p2               |       and|   0|  0|   2|           1|           1|
    |and_ln202_37_fu_2209_p2               |       and|   0|  0|   2|           1|           1|
    |and_ln202_38_fu_2291_p2               |       and|   0|  0|   2|           1|           1|
    |and_ln202_39_fu_2297_p2               |       and|   0|  0|   2|           1|           1|
    |and_ln202_3_fu_657_p2                 |       and|   0|  0|   2|           1|           1|
    |and_ln202_40_fu_2379_p2               |       and|   0|  0|   2|           1|           1|
    |and_ln202_41_fu_2385_p2               |       and|   0|  0|   2|           1|           1|
    |and_ln202_42_fu_2467_p2               |       and|   0|  0|   2|           1|           1|
    |and_ln202_43_fu_2473_p2               |       and|   0|  0|   2|           1|           1|
    |and_ln202_44_fu_2555_p2               |       and|   0|  0|   2|           1|           1|
    |and_ln202_45_fu_2561_p2               |       and|   0|  0|   2|           1|           1|
    |and_ln202_46_fu_2643_p2               |       and|   0|  0|   2|           1|           1|
    |and_ln202_47_fu_2649_p2               |       and|   0|  0|   2|           1|           1|
    |and_ln202_4_fu_753_p2                 |       and|   0|  0|   2|           1|           1|
    |and_ln202_5_fu_759_p2                 |       and|   0|  0|   2|           1|           1|
    |and_ln202_6_fu_841_p2                 |       and|   0|  0|   2|           1|           1|
    |and_ln202_7_fu_847_p2                 |       and|   0|  0|   2|           1|           1|
    |and_ln202_8_fu_929_p2                 |       and|   0|  0|   2|           1|           1|
    |and_ln202_9_fu_935_p2                 |       and|   0|  0|   2|           1|           1|
    |and_ln202_fu_563_p2                   |       and|   0|  0|   2|           1|           1|
    |ap_enable_state11_pp0_iter2_stage0    |       and|   0|  0|   2|           1|           1|
    |ap_enable_state12_pp0_iter2_stage1    |       and|   0|  0|   2|           1|           1|
    |ap_enable_state16_pp0_iter3_stage0    |       and|   0|  0|   2|           1|           1|
    |ap_enable_state17_pp0_iter3_stage1    |       and|   0|  0|   2|           1|           1|
    |ap_enable_state184_pp0_iter36_stage3  |       and|   0|  0|   2|           1|           1|
    |ap_enable_state185_pp0_iter36_stage4  |       and|   0|  0|   2|           1|           1|
    |ap_enable_state188_pp0_iter37_stage2  |       and|   0|  0|   2|           1|           1|
    |ap_enable_state189_pp0_iter37_stage3  |       and|   0|  0|   2|           1|           1|
    |ap_enable_state18_pp0_iter3_stage2    |       and|   0|  0|   2|           1|           1|
    |ap_enable_state190_pp0_iter37_stage4  |       and|   0|  0|   2|           1|           1|
    |ap_enable_state1_pp0_iter0_stage0     |       and|   0|  0|   2|           1|           1|
    |ap_enable_state22_pp0_iter4_stage1    |       and|   0|  0|   2|           1|           1|
    |ap_enable_state23_pp0_iter4_stage2    |       and|   0|  0|   2|           1|           1|
    |ap_enable_state27_pp0_iter5_stage1    |       and|   0|  0|   2|           1|           1|
    |ap_enable_state28_pp0_iter5_stage2    |       and|   0|  0|   2|           1|           1|
    |ap_enable_state2_pp0_iter0_stage1     |       and|   0|  0|   2|           1|           1|
    |ap_enable_state32_pp0_iter6_stage1    |       and|   0|  0|   2|           1|           1|
    |ap_enable_state33_pp0_iter6_stage2    |       and|   0|  0|   2|           1|           1|
    |ap_enable_state37_pp0_iter7_stage1    |       and|   0|  0|   2|           1|           1|
    |ap_enable_state38_pp0_iter7_stage2    |       and|   0|  0|   2|           1|           1|
    |ap_enable_state39_pp0_iter7_stage3    |       and|   0|  0|   2|           1|           1|
    |ap_enable_state43_pp0_iter8_stage2    |       and|   0|  0|   2|           1|           1|
    |ap_enable_state44_pp0_iter8_stage3    |       and|   0|  0|   2|           1|           1|
    |ap_enable_state6_pp0_iter1_stage0     |       and|   0|  0|   2|           1|           1|
    |ap_enable_state7_pp0_iter1_stage1     |       and|   0|  0|   2|           1|           1|
    |icmp_ln202_10_fu_735_p2               |      icmp|   0|  0|  11|           8|           2|
    |icmp_ln202_11_fu_741_p2               |      icmp|   0|  0|  16|          23|           1|
    |icmp_ln202_12_fu_805_p2               |      icmp|   0|  0|  11|           8|           2|
    |icmp_ln202_13_fu_811_p2               |      icmp|   0|  0|  16|          23|           1|
    |icmp_ln202_14_fu_823_p2               |      icmp|   0|  0|  11|           8|           2|
    |icmp_ln202_15_fu_829_p2               |      icmp|   0|  0|  16|          23|           1|
    |icmp_ln202_16_fu_893_p2               |      icmp|   0|  0|  11|           8|           2|
    |icmp_ln202_17_fu_899_p2               |      icmp|   0|  0|  16|          23|           1|
    |icmp_ln202_18_fu_911_p2               |      icmp|   0|  0|  11|           8|           2|
    |icmp_ln202_19_fu_917_p2               |      icmp|   0|  0|  16|          23|           1|
    |icmp_ln202_1_fu_533_p2                |      icmp|   0|  0|  16|          23|           1|
    |icmp_ln202_20_fu_981_p2               |      icmp|   0|  0|  11|           8|           2|
    |icmp_ln202_21_fu_987_p2               |      icmp|   0|  0|  16|          23|           1|
    |icmp_ln202_22_fu_999_p2               |      icmp|   0|  0|  11|           8|           2|
    |icmp_ln202_23_fu_1005_p2              |      icmp|   0|  0|  16|          23|           1|
    |icmp_ln202_24_fu_1069_p2              |      icmp|   0|  0|  11|           8|           2|
    |icmp_ln202_25_fu_1075_p2              |      icmp|   0|  0|  16|          23|           1|
    |icmp_ln202_26_fu_1087_p2              |      icmp|   0|  0|  11|           8|           2|
    |icmp_ln202_27_fu_1093_p2              |      icmp|   0|  0|  16|          23|           1|
    |icmp_ln202_28_fu_1171_p2              |      icmp|   0|  0|  11|           8|           2|
    |icmp_ln202_29_fu_1177_p2              |      icmp|   0|  0|  16|          23|           1|
    |icmp_ln202_2_fu_545_p2                |      icmp|   0|  0|  11|           8|           2|
    |icmp_ln202_30_fu_1189_p2              |      icmp|   0|  0|  11|           8|           2|
    |icmp_ln202_31_fu_1195_p2              |      icmp|   0|  0|  16|          23|           1|
    |icmp_ln202_32_fu_1259_p2              |      icmp|   0|  0|  11|           8|           2|
    |icmp_ln202_33_fu_1265_p2              |      icmp|   0|  0|  16|          23|           1|
    |icmp_ln202_34_fu_1277_p2              |      icmp|   0|  0|  11|           8|           2|
    |icmp_ln202_35_fu_1283_p2              |      icmp|   0|  0|  16|          23|           1|
    |icmp_ln202_36_fu_1347_p2              |      icmp|   0|  0|  11|           8|           2|
    |icmp_ln202_37_fu_1353_p2              |      icmp|   0|  0|  16|          23|           1|
    |icmp_ln202_38_fu_1365_p2              |      icmp|   0|  0|  11|           8|           2|
    |icmp_ln202_39_fu_1371_p2              |      icmp|   0|  0|  16|          23|           1|
    |icmp_ln202_3_fu_551_p2                |      icmp|   0|  0|  16|          23|           1|
    |icmp_ln202_40_fu_1435_p2              |      icmp|   0|  0|  11|           8|           2|
    |icmp_ln202_41_fu_1441_p2              |      icmp|   0|  0|  16|          23|           1|
    |icmp_ln202_42_fu_1453_p2              |      icmp|   0|  0|  11|           8|           2|
    |icmp_ln202_43_fu_1459_p2              |      icmp|   0|  0|  16|          23|           1|
    |icmp_ln202_44_fu_1523_p2              |      icmp|   0|  0|  11|           8|           2|
    |icmp_ln202_45_fu_1529_p2              |      icmp|   0|  0|  16|          23|           1|
    |icmp_ln202_46_fu_1541_p2              |      icmp|   0|  0|  11|           8|           2|
    |icmp_ln202_47_fu_1547_p2              |      icmp|   0|  0|  16|          23|           1|
    |icmp_ln202_48_fu_1625_p2              |      icmp|   0|  0|  11|           8|           2|
    |icmp_ln202_49_fu_1631_p2              |      icmp|   0|  0|  16|          23|           1|
    |icmp_ln202_4_fu_615_p2                |      icmp|   0|  0|  11|           8|           2|
    |icmp_ln202_50_fu_1643_p2              |      icmp|   0|  0|  11|           8|           2|
    |icmp_ln202_51_fu_1649_p2              |      icmp|   0|  0|  16|          23|           1|
    |icmp_ln202_52_fu_1713_p2              |      icmp|   0|  0|  11|           8|           2|
    |icmp_ln202_53_fu_1719_p2              |      icmp|   0|  0|  16|          23|           1|
    |icmp_ln202_54_fu_1731_p2              |      icmp|   0|  0|  11|           8|           2|
    |icmp_ln202_55_fu_1737_p2              |      icmp|   0|  0|  16|          23|           1|
    |icmp_ln202_56_fu_1801_p2              |      icmp|   0|  0|  11|           8|           2|
    |icmp_ln202_57_fu_1807_p2              |      icmp|   0|  0|  16|          23|           1|
    |icmp_ln202_58_fu_1819_p2              |      icmp|   0|  0|  11|           8|           2|
    |icmp_ln202_59_fu_1825_p2              |      icmp|   0|  0|  16|          23|           1|
    |icmp_ln202_5_fu_621_p2                |      icmp|   0|  0|  16|          23|           1|
    |icmp_ln202_60_fu_1889_p2              |      icmp|   0|  0|  11|           8|           2|
    |icmp_ln202_61_fu_1895_p2              |      icmp|   0|  0|  16|          23|           1|
    |icmp_ln202_62_fu_1907_p2              |      icmp|   0|  0|  11|           8|           2|
    |icmp_ln202_63_fu_1913_p2              |      icmp|   0|  0|  16|          23|           1|
    |icmp_ln202_64_fu_1977_p2              |      icmp|   0|  0|  11|           8|           2|
    |icmp_ln202_65_fu_1983_p2              |      icmp|   0|  0|  16|          23|           1|
    |icmp_ln202_66_fu_1995_p2              |      icmp|   0|  0|  11|           8|           2|
    |icmp_ln202_67_fu_2001_p2              |      icmp|   0|  0|  16|          23|           1|
    |icmp_ln202_68_fu_2065_p2              |      icmp|   0|  0|  11|           8|           2|
    |icmp_ln202_69_fu_2071_p2              |      icmp|   0|  0|  16|          23|           1|
    |icmp_ln202_6_fu_633_p2                |      icmp|   0|  0|  11|           8|           2|
    |icmp_ln202_70_fu_2083_p2              |      icmp|   0|  0|  11|           8|           2|
    |icmp_ln202_71_fu_2089_p2              |      icmp|   0|  0|  16|          23|           1|
    |icmp_ln202_72_fu_2167_p2              |      icmp|   0|  0|  11|           8|           2|
    |icmp_ln202_73_fu_2173_p2              |      icmp|   0|  0|  16|          23|           1|
    |icmp_ln202_74_fu_2185_p2              |      icmp|   0|  0|  11|           8|           2|
    |icmp_ln202_75_fu_2191_p2              |      icmp|   0|  0|  16|          23|           1|
    |icmp_ln202_76_fu_2255_p2              |      icmp|   0|  0|  11|           8|           2|
    |icmp_ln202_77_fu_2261_p2              |      icmp|   0|  0|  16|          23|           1|
    |icmp_ln202_78_fu_2273_p2              |      icmp|   0|  0|  11|           8|           2|
    |icmp_ln202_79_fu_2279_p2              |      icmp|   0|  0|  16|          23|           1|
    |icmp_ln202_7_fu_639_p2                |      icmp|   0|  0|  16|          23|           1|
    |icmp_ln202_80_fu_2343_p2              |      icmp|   0|  0|  11|           8|           2|
    |icmp_ln202_81_fu_2349_p2              |      icmp|   0|  0|  16|          23|           1|
    |icmp_ln202_82_fu_2361_p2              |      icmp|   0|  0|  11|           8|           2|
    |icmp_ln202_83_fu_2367_p2              |      icmp|   0|  0|  16|          23|           1|
    |icmp_ln202_84_fu_2431_p2              |      icmp|   0|  0|  11|           8|           2|
    |icmp_ln202_85_fu_2437_p2              |      icmp|   0|  0|  16|          23|           1|
    |icmp_ln202_86_fu_2449_p2              |      icmp|   0|  0|  11|           8|           2|
    |icmp_ln202_87_fu_2455_p2              |      icmp|   0|  0|  16|          23|           1|
    |icmp_ln202_88_fu_2519_p2              |      icmp|   0|  0|  11|           8|           2|
    |icmp_ln202_89_fu_2525_p2              |      icmp|   0|  0|  16|          23|           1|
    |icmp_ln202_8_fu_717_p2                |      icmp|   0|  0|  11|           8|           2|
    |icmp_ln202_90_fu_2537_p2              |      icmp|   0|  0|  11|           8|           2|
    |icmp_ln202_91_fu_2543_p2              |      icmp|   0|  0|  16|          23|           1|
    |icmp_ln202_92_fu_2607_p2              |      icmp|   0|  0|  11|           8|           2|
    |icmp_ln202_93_fu_2613_p2              |      icmp|   0|  0|  16|          23|           1|
    |icmp_ln202_94_fu_2625_p2              |      icmp|   0|  0|  11|           8|           2|
    |icmp_ln202_95_fu_2631_p2              |      icmp|   0|  0|  16|          23|           1|
    |icmp_ln202_9_fu_723_p2                |      icmp|   0|  0|  16|          23|           1|
    |icmp_ln202_fu_527_p2                  |      icmp|   0|  0|  11|           8|           2|
    |icmp_ln288_fu_449_p2                  |      icmp|   0|  0|   9|           5|           4|
    |ap_block_pp0                          |        or|   0|  0|   2|           1|           1|
    |or_ln202_10_fu_993_p2                 |        or|   0|  0|   2|           1|           1|
    |or_ln202_11_fu_1011_p2                |        or|   0|  0|   2|           1|           1|
    |or_ln202_12_fu_1081_p2                |        or|   0|  0|   2|           1|           1|
    |or_ln202_13_fu_1099_p2                |        or|   0|  0|   2|           1|           1|
    |or_ln202_14_fu_1183_p2                |        or|   0|  0|   2|           1|           1|
    |or_ln202_15_fu_1201_p2                |        or|   0|  0|   2|           1|           1|
    |or_ln202_16_fu_1271_p2                |        or|   0|  0|   2|           1|           1|
    |or_ln202_17_fu_1289_p2                |        or|   0|  0|   2|           1|           1|
    |or_ln202_18_fu_1359_p2                |        or|   0|  0|   2|           1|           1|
    |or_ln202_19_fu_1377_p2                |        or|   0|  0|   2|           1|           1|
    |or_ln202_1_fu_557_p2                  |        or|   0|  0|   2|           1|           1|
    |or_ln202_20_fu_1447_p2                |        or|   0|  0|   2|           1|           1|
    |or_ln202_21_fu_1465_p2                |        or|   0|  0|   2|           1|           1|
    |or_ln202_22_fu_1535_p2                |        or|   0|  0|   2|           1|           1|
    |or_ln202_23_fu_1553_p2                |        or|   0|  0|   2|           1|           1|
    |or_ln202_24_fu_1637_p2                |        or|   0|  0|   2|           1|           1|
    |or_ln202_25_fu_1655_p2                |        or|   0|  0|   2|           1|           1|
    |or_ln202_26_fu_1725_p2                |        or|   0|  0|   2|           1|           1|
    |or_ln202_27_fu_1743_p2                |        or|   0|  0|   2|           1|           1|
    |or_ln202_28_fu_1813_p2                |        or|   0|  0|   2|           1|           1|
    |or_ln202_29_fu_1831_p2                |        or|   0|  0|   2|           1|           1|
    |or_ln202_2_fu_627_p2                  |        or|   0|  0|   2|           1|           1|
    |or_ln202_30_fu_1901_p2                |        or|   0|  0|   2|           1|           1|
    |or_ln202_31_fu_1919_p2                |        or|   0|  0|   2|           1|           1|
    |or_ln202_32_fu_1989_p2                |        or|   0|  0|   2|           1|           1|
    |or_ln202_33_fu_2007_p2                |        or|   0|  0|   2|           1|           1|
    |or_ln202_34_fu_2077_p2                |        or|   0|  0|   2|           1|           1|
    |or_ln202_35_fu_2095_p2                |        or|   0|  0|   2|           1|           1|
    |or_ln202_36_fu_2179_p2                |        or|   0|  0|   2|           1|           1|
    |or_ln202_37_fu_2197_p2                |        or|   0|  0|   2|           1|           1|
    |or_ln202_38_fu_2267_p2                |        or|   0|  0|   2|           1|           1|
    |or_ln202_39_fu_2285_p2                |        or|   0|  0|   2|           1|           1|
    |or_ln202_3_fu_645_p2                  |        or|   0|  0|   2|           1|           1|
    |or_ln202_40_fu_2355_p2                |        or|   0|  0|   2|           1|           1|
    |or_ln202_41_fu_2373_p2                |        or|   0|  0|   2|           1|           1|
    |or_ln202_42_fu_2443_p2                |        or|   0|  0|   2|           1|           1|
    |or_ln202_43_fu_2461_p2                |        or|   0|  0|   2|           1|           1|
    |or_ln202_44_fu_2531_p2                |        or|   0|  0|   2|           1|           1|
    |or_ln202_45_fu_2549_p2                |        or|   0|  0|   2|           1|           1|
    |or_ln202_46_fu_2619_p2                |        or|   0|  0|   2|           1|           1|
    |or_ln202_47_fu_2637_p2                |        or|   0|  0|   2|           1|           1|
    |or_ln202_4_fu_729_p2                  |        or|   0|  0|   2|           1|           1|
    |or_ln202_5_fu_747_p2                  |        or|   0|  0|   2|           1|           1|
    |or_ln202_6_fu_817_p2                  |        or|   0|  0|   2|           1|           1|
    |or_ln202_7_fu_835_p2                  |        or|   0|  0|   2|           1|           1|
    |or_ln202_8_fu_905_p2                  |        or|   0|  0|   2|           1|           1|
    |or_ln202_9_fu_923_p2                  |        or|   0|  0|   2|           1|           1|
    |or_ln202_fu_539_p2                    |        or|   0|  0|   2|           1|           1|
    |mx_10_fu_941_p3                       |    select|   0|  0|  32|           1|          32|
    |mx_12_fu_1029_p3                      |    select|   0|  0|  32|           1|          32|
    |mx_14_fu_1117_p3                      |    select|   0|  0|  32|           1|          32|
    |mx_16_fu_1219_p3                      |    select|   0|  0|  32|           1|          32|
    |mx_18_fu_1307_p3                      |    select|   0|  0|  32|           1|          32|
    |mx_20_fu_1395_p3                      |    select|   0|  0|  32|           1|          32|
    |mx_22_fu_1483_p3                      |    select|   0|  0|  32|           1|          32|
    |mx_24_fu_1571_p3                      |    select|   0|  0|  32|           1|          32|
    |mx_26_fu_1673_p3                      |    select|   0|  0|  32|           1|          32|
    |mx_28_fu_1761_p3                      |    select|   0|  0|  32|           1|          32|
    |mx_2_fu_575_p3                        |    select|   0|  0|  32|           1|          32|
    |mx_30_fu_1849_p3                      |    select|   0|  0|  32|           1|          32|
    |mx_32_fu_1937_p3                      |    select|   0|  0|  32|           1|          32|
    |mx_34_fu_2025_p3                      |    select|   0|  0|  32|           1|          32|
    |mx_36_fu_2113_p3                      |    select|   0|  0|  32|           1|          32|
    |mx_38_fu_2215_p3                      |    select|   0|  0|  32|           1|          32|
    |mx_40_fu_2303_p3                      |    select|   0|  0|  32|           1|          32|
    |mx_42_fu_2391_p3                      |    select|   0|  0|  32|           1|          32|
    |mx_44_fu_2479_p3                      |    select|   0|  0|  32|           1|          32|
    |mx_46_fu_2567_p3                      |    select|   0|  0|  32|           1|          32|
    |mx_48_fu_2655_p3                      |    select|   0|  0|  32|           1|          32|
    |mx_4_fu_663_p3                        |    select|   0|  0|  32|           1|          32|
    |mx_6_fu_765_p3                        |    select|   0|  0|  32|           1|          32|
    |mx_8_fu_853_p3                        |    select|   0|  0|  32|           1|          32|
    |ap_enable_pp0                         |       xor|   0|  0|   2|           1|           2|
    +--------------------------------------+----------+----+---+----+------------+------------+
    |Total                                 |          |   0|  0|2401|        1680|        1056|
    +--------------------------------------+----------+----+---+----+------------+------------+

    * Multiplexer: 
    +-----------------------------------------------------------------------+----+-----------+-----+-----------+
    |                                  Name                                 | LUT| Input Size| Bits| Total Bits|
    +-----------------------------------------------------------------------+----+-----------+-----+-----------+
    |ap_NS_fsm                                                              |  31|          6|    1|          6|
    |ap_done_int                                                            |   9|          2|    1|          2|
    |ap_enable_reg_pp0_iter0                                                |   9|          2|    1|          2|
    |ap_enable_reg_pp0_iter1                                                |   9|          2|    1|          2|
    |ap_sig_allocacmp_qi_1                                                  |   9|          2|    5|         10|
    |grp_fu_297_opcode                                                      |  14|          3|    2|          6|
    |grp_fu_297_p0                                                          |  31|          6|   32|        192|
    |grp_fu_297_p1                                                          |  14|          3|   32|         96|
    |grp_fu_301_opcode                                                      |  14|          3|    2|          6|
    |grp_fu_301_p0                                                          |  31|          6|   32|        192|
    |grp_fu_301_p1                                                          |  14|          3|   32|         96|
    |grp_fu_305_opcode                                                      |  14|          3|    2|          6|
    |grp_fu_305_p0                                                          |  31|          6|   32|        192|
    |grp_fu_305_p1                                                          |  14|          3|   32|         96|
    |grp_fu_309_opcode                                                      |  14|          3|    2|          6|
    |grp_fu_309_p0                                                          |  31|          6|   32|        192|
    |grp_fu_309_p1                                                          |  20|          4|   32|        128|
    |grp_fu_313_opcode                                                      |  14|          3|    2|          6|
    |grp_fu_313_p0                                                          |  31|          6|   32|        192|
    |grp_fu_313_p1                                                          |  26|          5|   32|        160|
    |grp_fu_317_opcode                                                      |  14|          3|    2|          6|
    |grp_fu_317_p0                                                          |  31|          6|   32|        192|
    |grp_fu_317_p1                                                          |  26|          5|   32|        160|
    |grp_fu_321_opcode                                                      |  14|          3|    2|          6|
    |grp_fu_321_p0                                                          |  31|          6|   32|        192|
    |grp_fu_321_p1                                                          |  26|          5|   32|        160|
    |grp_fu_325_opcode                                                      |  14|          3|    2|          6|
    |grp_fu_325_p0                                                          |  31|          6|   32|        192|
    |grp_fu_325_p1                                                          |  26|          5|   32|        160|
    |grp_fu_329_opcode                                                      |  14|          3|    2|          6|
    |grp_fu_329_p0                                                          |  31|          6|   32|        192|
    |grp_fu_329_p1                                                          |  31|          6|   32|        192|
    |grp_fu_333_opcode                                                      |  14|          3|    2|          6|
    |grp_fu_333_p0                                                          |  31|          6|   32|        192|
    |grp_fu_333_p1                                                          |  31|          6|   32|        192|
    |grp_fu_337_opcode                                                      |  14|          3|    2|          6|
    |grp_fu_337_p0                                                          |  31|          6|   32|        192|
    |grp_fu_337_p1                                                          |  31|          6|   32|        192|
    |grp_fu_346_p0                                                          |  31|          6|   32|        192|
    |grp_fu_350_p0                                                          |  31|          6|   32|        192|
    |grp_fu_354_p0                                                          |  31|          6|   32|        192|
    |grp_fu_358_p0                                                          |  31|          6|   32|        192|
    |grp_fu_362_p0                                                          |  31|          6|   32|        192|
    |grp_fu_366_p0                                                          |  31|          6|   32|        192|
    |grp_fu_366_p1                                                          |  31|          6|   32|        192|
    |grp_fu_370_p0                                                          |  31|          6|   32|        192|
    |grp_fu_370_p1                                                          |  31|          6|   32|        192|
    |grp_fu_374_p0                                                          |  31|          6|   32|        192|
    |grp_fu_374_p1                                                          |  31|          6|   32|        192|
    |grp_fu_378_p0                                                          |  31|          6|   32|        192|
    |grp_fu_378_p1                                                          |  31|          6|   32|        192|
    |grp_fu_382_p0                                                          |  26|          5|   32|        160|
    |grp_fu_382_p1                                                          |  26|          5|   32|        160|
    |grp_fu_386_p1                                                          |  31|          6|   32|        192|
    |grp_fu_391_p1                                                          |  31|          6|   32|        192|
    |grp_fu_396_p1                                                          |  31|          6|   32|        192|
    |grp_fu_401_p1                                                          |  31|          6|   32|        192|
    |grp_fu_406_p1                                                          |  31|          6|   32|        192|
    |qi_fu_62                                                               |   9|          2|    5|         10|
    |transformer_blk_s4_top_float_const_float_float_const_a_buf_1_address0  |  31|          6|    7|         42|
    |transformer_blk_s4_top_float_const_float_float_const_a_buf_1_address1  |  31|          6|    7|         42|
    |transformer_blk_s4_top_float_const_float_float_const_a_buf_1_d0        |  20|          4|   32|        128|
    |transformer_blk_s4_top_float_const_float_float_const_a_buf_2_address0  |  31|          6|    7|         42|
    |transformer_blk_s4_top_float_const_float_float_const_a_buf_2_address1  |  31|          6|    7|         42|
    |transformer_blk_s4_top_float_const_float_float_const_a_buf_2_d0        |  20|          4|   32|        128|
    |transformer_blk_s4_top_float_const_float_float_const_a_buf_3_address0  |  31|          6|    7|         42|
    |transformer_blk_s4_top_float_const_float_float_const_a_buf_3_address1  |  31|          6|    7|         42|
    |transformer_blk_s4_top_float_const_float_float_const_a_buf_3_d0        |  20|          4|   32|        128|
    |transformer_blk_s4_top_float_const_float_float_const_a_buf_4_address0  |  31|          6|    7|         42|
    |transformer_blk_s4_top_float_const_float_float_const_a_buf_4_address1  |  31|          6|    7|         42|
    |transformer_blk_s4_top_float_const_float_float_const_a_buf_4_d0        |  20|          4|   32|        128|
    |transformer_blk_s4_top_float_const_float_float_const_a_buf_address0    |  31|          6|    7|         42|
    |transformer_blk_s4_top_float_const_float_float_const_a_buf_address1    |  31|          6|    7|         42|
    |transformer_blk_s4_top_float_const_float_float_const_a_buf_d0          |  20|          4|   32|        128|
    +-----------------------------------------------------------------------+----+-----------+-----+-----------+
    |Total                                                                  |1850|        364| 1610|       8678|
    +-----------------------------------------------------------------------+----+-----------+-----+-----------+

    * Register: 
    +------------------------------------------------------------------------------+----+----+-----+-----------+
    |                                     Name                                     | FF | LUT| Bits| Const Bits|
    +------------------------------------------------------------------------------+----+----+-----+-----------+
    |add_ln291_reg_2672                                                            |   7|   0|    7|          0|
    |and_ln202_1_reg_2737                                                          |   1|   0|    1|          0|
    |ap_CS_fsm                                                                     |   5|   0|    5|          0|
    |ap_done_reg                                                                   |   1|   0|    1|          0|
    |ap_enable_reg_pp0_iter0_reg                                                   |   1|   0|    1|          0|
    |ap_enable_reg_pp0_iter1                                                       |   1|   0|    1|          0|
    |ap_enable_reg_pp0_iter10                                                      |   1|   0|    1|          0|
    |ap_enable_reg_pp0_iter11                                                      |   1|   0|    1|          0|
    |ap_enable_reg_pp0_iter12                                                      |   1|   0|    1|          0|
    |ap_enable_reg_pp0_iter13                                                      |   1|   0|    1|          0|
    |ap_enable_reg_pp0_iter14                                                      |   1|   0|    1|          0|
    |ap_enable_reg_pp0_iter15                                                      |   1|   0|    1|          0|
    |ap_enable_reg_pp0_iter16                                                      |   1|   0|    1|          0|
    |ap_enable_reg_pp0_iter17                                                      |   1|   0|    1|          0|
    |ap_enable_reg_pp0_iter18                                                      |   1|   0|    1|          0|
    |ap_enable_reg_pp0_iter19                                                      |   1|   0|    1|          0|
    |ap_enable_reg_pp0_iter2                                                       |   1|   0|    1|          0|
    |ap_enable_reg_pp0_iter20                                                      |   1|   0|    1|          0|
    |ap_enable_reg_pp0_iter21                                                      |   1|   0|    1|          0|
    |ap_enable_reg_pp0_iter22                                                      |   1|   0|    1|          0|
    |ap_enable_reg_pp0_iter23                                                      |   1|   0|    1|          0|
    |ap_enable_reg_pp0_iter24                                                      |   1|   0|    1|          0|
    |ap_enable_reg_pp0_iter25                                                      |   1|   0|    1|          0|
    |ap_enable_reg_pp0_iter26                                                      |   1|   0|    1|          0|
    |ap_enable_reg_pp0_iter27                                                      |   1|   0|    1|          0|
    |ap_enable_reg_pp0_iter28                                                      |   1|   0|    1|          0|
    |ap_enable_reg_pp0_iter29                                                      |   1|   0|    1|          0|
    |ap_enable_reg_pp0_iter3                                                       |   1|   0|    1|          0|
    |ap_enable_reg_pp0_iter30                                                      |   1|   0|    1|          0|
    |ap_enable_reg_pp0_iter31                                                      |   1|   0|    1|          0|
    |ap_enable_reg_pp0_iter32                                                      |   1|   0|    1|          0|
    |ap_enable_reg_pp0_iter33                                                      |   1|   0|    1|          0|
    |ap_enable_reg_pp0_iter34                                                      |   1|   0|    1|          0|
    |ap_enable_reg_pp0_iter35                                                      |   1|   0|    1|          0|
    |ap_enable_reg_pp0_iter36                                                      |   1|   0|    1|          0|
    |ap_enable_reg_pp0_iter37                                                      |   1|   0|    1|          0|
    |ap_enable_reg_pp0_iter4                                                       |   1|   0|    1|          0|
    |ap_enable_reg_pp0_iter5                                                       |   1|   0|    1|          0|
    |ap_enable_reg_pp0_iter6                                                       |   1|   0|    1|          0|
    |ap_enable_reg_pp0_iter7                                                       |   1|   0|    1|          0|
    |ap_enable_reg_pp0_iter8                                                       |   1|   0|    1|          0|
    |ap_enable_reg_pp0_iter9                                                       |   1|   0|    1|          0|
    |ap_loop_exit_ready_pp0_iter10_reg                                             |   1|   0|    1|          0|
    |ap_loop_exit_ready_pp0_iter11_reg                                             |   1|   0|    1|          0|
    |ap_loop_exit_ready_pp0_iter12_reg                                             |   1|   0|    1|          0|
    |ap_loop_exit_ready_pp0_iter13_reg                                             |   1|   0|    1|          0|
    |ap_loop_exit_ready_pp0_iter14_reg                                             |   1|   0|    1|          0|
    |ap_loop_exit_ready_pp0_iter15_reg                                             |   1|   0|    1|          0|
    |ap_loop_exit_ready_pp0_iter16_reg                                             |   1|   0|    1|          0|
    |ap_loop_exit_ready_pp0_iter17_reg                                             |   1|   0|    1|          0|
    |ap_loop_exit_ready_pp0_iter18_reg                                             |   1|   0|    1|          0|
    |ap_loop_exit_ready_pp0_iter19_reg                                             |   1|   0|    1|          0|
    |ap_loop_exit_ready_pp0_iter1_reg                                              |   1|   0|    1|          0|
    |ap_loop_exit_ready_pp0_iter20_reg                                             |   1|   0|    1|          0|
    |ap_loop_exit_ready_pp0_iter21_reg                                             |   1|   0|    1|          0|
    |ap_loop_exit_ready_pp0_iter22_reg                                             |   1|   0|    1|          0|
    |ap_loop_exit_ready_pp0_iter23_reg                                             |   1|   0|    1|          0|
    |ap_loop_exit_ready_pp0_iter24_reg                                             |   1|   0|    1|          0|
    |ap_loop_exit_ready_pp0_iter25_reg                                             |   1|   0|    1|          0|
    |ap_loop_exit_ready_pp0_iter26_reg                                             |   1|   0|    1|          0|
    |ap_loop_exit_ready_pp0_iter27_reg                                             |   1|   0|    1|          0|
    |ap_loop_exit_ready_pp0_iter28_reg                                             |   1|   0|    1|          0|
    |ap_loop_exit_ready_pp0_iter29_reg                                             |   1|   0|    1|          0|
    |ap_loop_exit_ready_pp0_iter2_reg                                              |   1|   0|    1|          0|
    |ap_loop_exit_ready_pp0_iter30_reg                                             |   1|   0|    1|          0|
    |ap_loop_exit_ready_pp0_iter31_reg                                             |   1|   0|    1|          0|
    |ap_loop_exit_ready_pp0_iter32_reg                                             |   1|   0|    1|          0|
    |ap_loop_exit_ready_pp0_iter33_reg                                             |   1|   0|    1|          0|
    |ap_loop_exit_ready_pp0_iter34_reg                                             |   1|   0|    1|          0|
    |ap_loop_exit_ready_pp0_iter35_reg                                             |   1|   0|    1|          0|
    |ap_loop_exit_ready_pp0_iter36_reg                                             |   1|   0|    1|          0|
    |ap_loop_exit_ready_pp0_iter3_reg                                              |   1|   0|    1|          0|
    |ap_loop_exit_ready_pp0_iter4_reg                                              |   1|   0|    1|          0|
    |ap_loop_exit_ready_pp0_iter5_reg                                              |   1|   0|    1|          0|
    |ap_loop_exit_ready_pp0_iter6_reg                                              |   1|   0|    1|          0|
    |ap_loop_exit_ready_pp0_iter7_reg                                              |   1|   0|    1|          0|
    |ap_loop_exit_ready_pp0_iter8_reg                                              |   1|   0|    1|          0|
    |ap_loop_exit_ready_pp0_iter9_reg                                              |   1|   0|    1|          0|
    |div_i_i_i_14_reg_3630                                                         |  32|   0|   32|          0|
    |div_i_i_i_15_reg_3635                                                         |  32|   0|   32|          0|
    |div_i_i_i_16_reg_3640                                                         |  32|   0|   32|          0|
    |div_i_i_i_17_reg_3645                                                         |  32|   0|   32|          0|
    |div_i_i_i_18_reg_3650                                                         |  32|   0|   32|          0|
    |div_i_i_i_19_reg_3655                                                         |  32|   0|   32|          0|
    |div_i_i_i_20_reg_3660                                                         |  32|   0|   32|          0|
    |div_i_i_i_21_reg_3665                                                         |  32|   0|   32|          0|
    |div_i_i_i_22_reg_3670                                                         |  32|   0|   32|          0|
    |div_i_i_i_23_reg_3675                                                         |  32|   0|   32|          0|
    |icmp_ln288_reg_2668                                                           |   1|   0|    1|          0|
    |mx_10_reg_2816                                                                |  32|   0|   32|          0|
    |mx_11_reg_2823                                                                |  32|   0|   32|          0|
    |mx_12_reg_2847                                                                |  32|   0|   32|          0|
    |mx_13_reg_2831                                                                |  32|   0|   32|          0|
    |mx_14_reg_2854                                                                |  32|   0|   32|          0|
    |mx_15_reg_2839                                                                |  32|   0|   32|          0|
    |mx_16_reg_2899                                                                |  32|   0|   32|          0|
    |mx_17_reg_2861                                                                |  32|   0|   32|          0|
    |mx_18_reg_2922                                                                |  32|   0|   32|          0|
    |mx_19_reg_2906                                                                |  32|   0|   32|          0|
    |mx_1_reg_2713                                                                 |  32|   0|   32|          0|
    |mx_20_reg_2929                                                                |  32|   0|   32|          0|
    |mx_21_reg_2914                                                                |  32|   0|   32|          0|
    |mx_22_reg_2952                                                                |  32|   0|   32|          0|
    |mx_23_reg_2936                                                                |  32|   0|   32|          0|
    |mx_24_reg_2959                                                                |  32|   0|   32|          0|
    |mx_25_reg_2944                                                                |  32|   0|   32|          0|
    |mx_26_reg_2991                                                                |  32|   0|   32|          0|
    |mx_27_reg_2998                                                                |  32|   0|   32|          0|
    |mx_28_reg_3022                                                                |  32|   0|   32|          0|
    |mx_29_reg_3006                                                                |  32|   0|   32|          0|
    |mx_2_reg_2742                                                                 |  32|   0|   32|          0|
    |mx_30_reg_3029                                                                |  32|   0|   32|          0|
    |mx_31_reg_3014                                                                |  32|   0|   32|          0|
    |mx_32_reg_3052                                                                |  32|   0|   32|          0|
    |mx_33_reg_3036                                                                |  32|   0|   32|          0|
    |mx_34_reg_3059                                                                |  32|   0|   32|          0|
    |mx_35_reg_3044                                                                |  32|   0|   32|          0|
    |mx_36_reg_3066                                                                |  32|   0|   32|          0|
    |mx_37_reg_3073                                                                |  32|   0|   32|          0|
    |mx_38_reg_3127                                                                |  32|   0|   32|          0|
    |mx_39_reg_3111                                                                |  32|   0|   32|          0|
    |mx_3_reg_2721                                                                 |  32|   0|   32|          0|
    |mx_40_reg_3134                                                                |  32|   0|   32|          0|
    |mx_41_reg_3119                                                                |  32|   0|   32|          0|
    |mx_42_reg_3141                                                                |  32|   0|   32|          0|
    |mx_43_reg_3148                                                                |  32|   0|   32|          0|
    |mx_44_reg_3172                                                                |  32|   0|   32|          0|
    |mx_45_reg_3156                                                                |  32|   0|   32|          0|
    |mx_46_reg_3179                                                                |  32|   0|   32|          0|
    |mx_47_reg_3164                                                                |  32|   0|   32|          0|
    |mx_48_reg_3186                                                                |  32|   0|   32|          0|
    |mx_4_reg_2749                                                                 |  32|   0|   32|          0|
    |mx_5_reg_2729                                                                 |  32|   0|   32|          0|
    |mx_6_reg_2802                                                                 |  32|   0|   32|          0|
    |mx_7_reg_2786                                                                 |  32|   0|   32|          0|
    |mx_8_reg_2809                                                                 |  32|   0|   32|          0|
    |mx_9_reg_2794                                                                 |  32|   0|   32|          0|
    |mx_reg_2705                                                                   |  32|   0|   32|          0|
    |qi_fu_62                                                                      |   5|   0|    5|          0|
    |reg_411                                                                       |  32|   0|   32|          0|
    |reg_417                                                                       |  32|   0|   32|          0|
    |reg_423                                                                       |  32|   0|   32|          0|
    |reg_429                                                                       |  32|   0|   32|          0|
    |reg_435                                                                       |  32|   0|   32|          0|
    |s_1_reg_3606                                                                  |  32|   0|   32|          0|
    |s_2_reg_3611                                                                  |  32|   0|   32|          0|
    |s_3_reg_3616                                                                  |  32|   0|   32|          0|
    |s_4_reg_3621                                                                  |  32|   0|   32|          0|
    |s_reg_3601                                                                    |  32|   0|   32|          0|
    |sub_i_i_i_10_reg_3246                                                         |  32|   0|   32|          0|
    |sub_i_i_i_11_reg_3266                                                         |  32|   0|   32|          0|
    |sub_i_i_i_12_reg_3271                                                         |  32|   0|   32|          0|
    |sub_i_i_i_13_reg_3296                                                         |  32|   0|   32|          0|
    |sub_i_i_i_14_reg_3251                                                         |  32|   0|   32|          0|
    |sub_i_i_i_15_reg_3276                                                         |  32|   0|   32|          0|
    |sub_i_i_i_16_reg_3281                                                         |  32|   0|   32|          0|
    |sub_i_i_i_17_reg_3301                                                         |  32|   0|   32|          0|
    |sub_i_i_i_18_reg_3311                                                         |  32|   0|   32|          0|
    |sub_i_i_i_19_reg_3286                                                         |  32|   0|   32|          0|
    |sub_i_i_i_1_reg_3206                                                          |  32|   0|   32|          0|
    |sub_i_i_i_20_reg_3291                                                         |  32|   0|   32|          0|
    |sub_i_i_i_21_reg_3306                                                         |  32|   0|   32|          0|
    |sub_i_i_i_22_reg_3316                                                         |  32|   0|   32|          0|
    |sub_i_i_i_23_reg_3321                                                         |  32|   0|   32|          0|
    |sub_i_i_i_2_reg_3211                                                          |  32|   0|   32|          0|
    |sub_i_i_i_3_reg_3216                                                          |  32|   0|   32|          0|
    |sub_i_i_i_4_reg_3221                                                          |  32|   0|   32|          0|
    |sub_i_i_i_5_reg_3226                                                          |  32|   0|   32|          0|
    |sub_i_i_i_6_reg_3231                                                          |  32|   0|   32|          0|
    |sub_i_i_i_7_reg_3236                                                          |  32|   0|   32|          0|
    |sub_i_i_i_8_reg_3256                                                          |  32|   0|   32|          0|
    |sub_i_i_i_9_reg_3261                                                          |  32|   0|   32|          0|
    |sub_i_i_i_reg_3201                                                            |  32|   0|   32|          0|
    |sub_i_i_i_s_reg_3241                                                          |  32|   0|   32|          0|
    |tile_10_reg_3486                                                              |  32|   0|   32|          0|
    |tile_11_reg_3511                                                              |  32|   0|   32|          0|
    |tile_12_reg_3536                                                              |  32|   0|   32|          0|
    |tile_13_reg_3561                                                              |  32|   0|   32|          0|
    |tile_14_reg_3586                                                              |  32|   0|   32|          0|
    |tile_15_reg_3491                                                              |  32|   0|   32|          0|
    |tile_16_reg_3516                                                              |  32|   0|   32|          0|
    |tile_17_reg_3541                                                              |  32|   0|   32|          0|
    |tile_18_reg_3566                                                              |  32|   0|   32|          0|
    |tile_19_reg_3591                                                              |  32|   0|   32|          0|
    |tile_1_reg_3501                                                               |  32|   0|   32|          0|
    |tile_20_reg_3496                                                              |  32|   0|   32|          0|
    |tile_21_reg_3521                                                              |  32|   0|   32|          0|
    |tile_22_reg_3546                                                              |  32|   0|   32|          0|
    |tile_23_reg_3571                                                              |  32|   0|   32|          0|
    |tile_24_reg_3596                                                              |  32|   0|   32|          0|
    |tile_2_reg_3526                                                               |  32|   0|   32|          0|
    |tile_3_reg_3551                                                               |  32|   0|   32|          0|
    |tile_4_reg_3576                                                               |  32|   0|   32|          0|
    |tile_5_reg_3481                                                               |  32|   0|   32|          0|
    |tile_6_reg_3506                                                               |  32|   0|   32|          0|
    |tile_7_reg_3531                                                               |  32|   0|   32|          0|
    |tile_8_reg_3556                                                               |  32|   0|   32|          0|
    |tile_9_reg_3581                                                               |  32|   0|   32|          0|
    |tile_reg_3476                                                                 |  32|   0|   32|          0|
    |tmp_10_reg_3392                                                               |  32|   0|   32|          0|
    |tmp_11_reg_3416                                                               |  32|   0|   32|          0|
    |tmp_12_reg_3368                                                               |  32|   0|   32|          0|
    |tmp_13_reg_3374                                                               |  32|   0|   32|          0|
    |tmp_14_reg_3398                                                               |  32|   0|   32|          0|
    |tmp_15_reg_3422                                                               |  32|   0|   32|          0|
    |tmp_16_reg_3428                                                               |  32|   0|   32|          0|
    |tmp_17_reg_3380                                                               |  32|   0|   32|          0|
    |tmp_18_reg_3404                                                               |  32|   0|   32|          0|
    |tmp_19_reg_3434                                                               |  32|   0|   32|          0|
    |tmp_20_reg_3446                                                               |  32|   0|   32|          0|
    |tmp_21_reg_3452                                                               |  32|   0|   32|          0|
    |tmp_22_reg_3410                                                               |  32|   0|   32|          0|
    |tmp_23_reg_3440                                                               |  32|   0|   32|          0|
    |tmp_24_reg_3458                                                               |  32|   0|   32|          0|
    |tmp_25_reg_3464                                                               |  32|   0|   32|          0|
    |tmp_26_reg_3470                                                               |  32|   0|   32|          0|
    |tmp_3_reg_3326                                                                |  32|   0|   32|          0|
    |tmp_4_reg_3332                                                                |  32|   0|   32|          0|
    |tmp_5_reg_3338                                                                |  32|   0|   32|          0|
    |tmp_6_reg_3356                                                                |  32|   0|   32|          0|
    |tmp_7_reg_3386                                                                |  32|   0|   32|          0|
    |tmp_8_reg_3344                                                                |  32|   0|   32|          0|
    |tmp_9_reg_3350                                                                |  32|   0|   32|          0|
    |tmp_s_reg_3362                                                                |  32|   0|   32|          0|
    |transformer_blk_s4_top_float_const_float_float_const_a_buf_1_addr_1_reg_2762  |   7|   0|    7|          0|
    |transformer_blk_s4_top_float_const_float_float_const_a_buf_1_addr_2_reg_2875  |   7|   0|    7|          0|
    |transformer_blk_s4_top_float_const_float_float_const_a_buf_1_addr_3_reg_2971  |   7|   0|    7|          0|
    |transformer_blk_s4_top_float_const_float_float_const_a_buf_1_addr_4_reg_3087  |   7|   0|    7|          0|
    |transformer_blk_s4_top_float_const_float_float_const_a_buf_1_addr_reg_2685    |   7|   0|    7|          0|
    |transformer_blk_s4_top_float_const_float_float_const_a_buf_2_addr_1_reg_2768  |   7|   0|    7|          0|
    |transformer_blk_s4_top_float_const_float_float_const_a_buf_2_addr_2_reg_2881  |   7|   0|    7|          0|
    |transformer_blk_s4_top_float_const_float_float_const_a_buf_2_addr_3_reg_2976  |   7|   0|    7|          0|
    |transformer_blk_s4_top_float_const_float_float_const_a_buf_2_addr_4_reg_3093  |   7|   0|    7|          0|
    |transformer_blk_s4_top_float_const_float_float_const_a_buf_2_addr_reg_2690    |   7|   0|    7|          0|
    |transformer_blk_s4_top_float_const_float_float_const_a_buf_3_addr_1_reg_2774  |   7|   0|    7|          0|
    |transformer_blk_s4_top_float_const_float_float_const_a_buf_3_addr_2_reg_2887  |   7|   0|    7|          0|
    |transformer_blk_s4_top_float_const_float_float_const_a_buf_3_addr_3_reg_2981  |   7|   0|    7|          0|
    |transformer_blk_s4_top_float_const_float_float_const_a_buf_3_addr_4_reg_3099  |   7|   0|    7|          0|
    |transformer_blk_s4_top_float_const_float_float_const_a_buf_3_addr_reg_2695    |   7|   0|    7|          0|
    |transformer_blk_s4_top_float_const_float_float_const_a_buf_4_addr_1_reg_2780  |   7|   0|    7|          0|
    |transformer_blk_s4_top_float_const_float_float_const_a_buf_4_addr_2_reg_2893  |   7|   0|    7|          0|
    |transformer_blk_s4_top_float_const_float_float_const_a_buf_4_addr_3_reg_2986  |   7|   0|    7|          0|
    |transformer_blk_s4_top_float_const_float_float_const_a_buf_4_addr_4_reg_3105  |   7|   0|    7|          0|
    |transformer_blk_s4_top_float_const_float_float_const_a_buf_4_addr_reg_2700    |   7|   0|    7|          0|
    |transformer_blk_s4_top_float_const_float_float_const_a_buf_addr_1_reg_2756    |   7|   0|    7|          0|
    |transformer_blk_s4_top_float_const_float_float_const_a_buf_addr_2_reg_2869    |   7|   0|    7|          0|
    |transformer_blk_s4_top_float_const_float_float_const_a_buf_addr_3_reg_2966    |   7|   0|    7|          0|
    |transformer_blk_s4_top_float_const_float_float_const_a_buf_addr_4_reg_3081    |   7|   0|    7|          0|
    |transformer_blk_s4_top_float_const_float_float_const_a_buf_addr_reg_2680      |   7|   0|    7|          0|
    |add_ln291_reg_2672                                                            |  64|  32|    7|          0|
    |mx_11_reg_2823                                                                |  64|  32|   32|          0|
    |mx_13_reg_2831                                                                |  64|  32|   32|          0|
    |mx_15_reg_2839                                                                |  64|  32|   32|          0|
    |mx_17_reg_2861                                                                |  64|  32|   32|          0|
    |mx_19_reg_2906                                                                |  64|  32|   32|          0|
    |mx_1_reg_2713                                                                 |  64|  32|   32|          0|
    |mx_21_reg_2914                                                                |  64|  32|   32|          0|
    |mx_23_reg_2936                                                                |  64|  32|   32|          0|
    |mx_25_reg_2944                                                                |  64|  32|   32|          0|
    |mx_27_reg_2998                                                                |  64|  32|   32|          0|
    |mx_29_reg_3006                                                                |  64|  32|   32|          0|
    |mx_31_reg_3014                                                                |  64|  32|   32|          0|
    |mx_33_reg_3036                                                                |  64|  32|   32|          0|
    |mx_35_reg_3044                                                                |  64|  32|   32|          0|
    |mx_37_reg_3073                                                                |  64|  32|   32|          0|
    |mx_39_reg_3111                                                                |  64|  32|   32|          0|
    |mx_3_reg_2721                                                                 |  64|  32|   32|          0|
    |mx_41_reg_3119                                                                |  64|  32|   32|          0|
    |mx_43_reg_3148                                                                |  64|  32|   32|          0|
    |mx_45_reg_3156                                                                |  64|  32|   32|          0|
    |mx_47_reg_3164                                                                |  64|  32|   32|          0|
    |mx_5_reg_2729                                                                 |  64|  32|   32|          0|
    |mx_7_reg_2786                                                                 |  64|  32|   32|          0|
    |mx_9_reg_2794                                                                 |  64|  32|   32|          0|
    |mx_reg_2705                                                                   |  64|  32|   32|          0|
    |tile_14_reg_3586                                                              |  64|  32|   32|          0|
    |tile_19_reg_3591                                                              |  64|  32|   32|          0|
    |tile_24_reg_3596                                                              |  64|  32|   32|          0|
    |tile_9_reg_3581                                                               |  64|  32|   32|          0|
    |tmp_10_reg_3392                                                               |  64|  32|   32|          0|
    |tmp_11_reg_3416                                                               |  64|  32|   32|          0|
    |tmp_12_reg_3368                                                               |  64|  32|   32|          0|
    |tmp_13_reg_3374                                                               |  64|  32|   32|          0|
    |tmp_14_reg_3398                                                               |  64|  32|   32|          0|
    |tmp_15_reg_3422                                                               |  64|  32|   32|          0|
    |tmp_16_reg_3428                                                               |  64|  32|   32|          0|
    |tmp_17_reg_3380                                                               |  64|  32|   32|          0|
    |tmp_18_reg_3404                                                               |  64|  32|   32|          0|
    |tmp_19_reg_3434                                                               |  64|  32|   32|          0|
    |tmp_20_reg_3446                                                               |  64|  32|   32|          0|
    |tmp_21_reg_3452                                                               |  64|  32|   32|          0|
    |tmp_22_reg_3410                                                               |  64|  32|   32|          0|
    |tmp_23_reg_3440                                                               |  64|  32|   32|          0|
    |tmp_24_reg_3458                                                               |  64|  32|   32|          0|
    |tmp_25_reg_3464                                                               |  64|  32|   32|          0|
    |tmp_26_reg_3470                                                               |  64|  32|   32|          0|
    |tmp_3_reg_3326                                                                |  64|  32|   32|          0|
    |tmp_4_reg_3332                                                                |  64|  32|   32|          0|
    |tmp_5_reg_3338                                                                |  64|  32|   32|          0|
    |tmp_6_reg_3356                                                                |  64|  32|   32|          0|
    |tmp_7_reg_3386                                                                |  64|  32|   32|          0|
    |tmp_8_reg_3344                                                                |  64|  32|   32|          0|
    |tmp_9_reg_3350                                                                |  64|  32|   32|          0|
    |tmp_s_reg_3362                                                                |  64|  32|   32|          0|
    |transformer_blk_s4_top_float_const_float_float_const_a_buf_1_addr_1_reg_2762  |  64|  32|    7|          0|
    |transformer_blk_s4_top_float_const_float_float_const_a_buf_1_addr_2_reg_2875  |  64|  32|    7|          0|
    |transformer_blk_s4_top_float_const_float_float_const_a_buf_1_addr_3_reg_2971  |  64|  32|    7|          0|
    |transformer_blk_s4_top_float_const_float_float_const_a_buf_1_addr_4_reg_3087  |  64|  32|    7|          0|
    |transformer_blk_s4_top_float_const_float_float_const_a_buf_1_addr_reg_2685    |  64|  32|    7|          0|
    |transformer_blk_s4_top_float_const_float_float_const_a_buf_2_addr_1_reg_2768  |  64|  32|    7|          0|
    |transformer_blk_s4_top_float_const_float_float_const_a_buf_2_addr_2_reg_2881  |  64|  32|    7|          0|
    |transformer_blk_s4_top_float_const_float_float_const_a_buf_2_addr_3_reg_2976  |  64|  32|    7|          0|
    |transformer_blk_s4_top_float_const_float_float_const_a_buf_2_addr_4_reg_3093  |  64|  32|    7|          0|
    |transformer_blk_s4_top_float_const_float_float_const_a_buf_2_addr_reg_2690    |  64|  32|    7|          0|
    |transformer_blk_s4_top_float_const_float_float_const_a_buf_3_addr_1_reg_2774  |  64|  32|    7|          0|
    |transformer_blk_s4_top_float_const_float_float_const_a_buf_3_addr_2_reg_2887  |  64|  32|    7|          0|
    |transformer_blk_s4_top_float_const_float_float_const_a_buf_3_addr_3_reg_2981  |  64|  32|    7|          0|
    |transformer_blk_s4_top_float_const_float_float_const_a_buf_3_addr_4_reg_3099  |  64|  32|    7|          0|
    |transformer_blk_s4_top_float_const_float_float_const_a_buf_3_addr_reg_2695    |  64|  32|    7|          0|
    |transformer_blk_s4_top_float_const_float_float_const_a_buf_4_addr_1_reg_2780  |  64|  32|    7|          0|
    |transformer_blk_s4_top_float_const_float_float_const_a_buf_4_addr_2_reg_2893  |  64|  32|    7|          0|
    |transformer_blk_s4_top_float_const_float_float_const_a_buf_4_addr_3_reg_2986  |  64|  32|    7|          0|
    |transformer_blk_s4_top_float_const_float_float_const_a_buf_4_addr_4_reg_3105  |  64|  32|    7|          0|
    |transformer_blk_s4_top_float_const_float_float_const_a_buf_4_addr_reg_2700    |  64|  32|    7|          0|
    |transformer_blk_s4_top_float_const_float_float_const_a_buf_addr_1_reg_2756    |  64|  32|    7|          0|
    |transformer_blk_s4_top_float_const_float_float_const_a_buf_addr_2_reg_2869    |  64|  32|    7|          0|
    |transformer_blk_s4_top_float_const_float_float_const_a_buf_addr_3_reg_2966    |  64|  32|    7|          0|
    |transformer_blk_s4_top_float_const_float_float_const_a_buf_addr_4_reg_3081    |  64|  32|    7|          0|
    |transformer_blk_s4_top_float_const_float_float_const_a_buf_addr_reg_2680      |  64|  32|    7|          0|
    +------------------------------------------------------------------------------+----+----+-----+-----------+
    |Total                                                                         |9997|2560| 6787|          0|
    +------------------------------------------------------------------------------+----+----+-----+-----------+



================================================================
== Interface
================================================================
* Summary: 
+-----------------------------------------------------------------------+-----+-----+------------+--------------------------------------------------------------+--------------+
|                               RTL Ports                               | Dir | Bits|  Protocol  |                         Source Object                        |    C Type    |
+-----------------------------------------------------------------------+-----+-----+------------+--------------------------------------------------------------+--------------+
|ap_clk                                                                 |   in|    1|  ap_ctrl_hs|                       transformer_blk_s4_top_Pipeline_MHSA_SM|  return value|
|ap_rst                                                                 |   in|    1|  ap_ctrl_hs|                       transformer_blk_s4_top_Pipeline_MHSA_SM|  return value|
|ap_start                                                               |   in|    1|  ap_ctrl_hs|                       transformer_blk_s4_top_Pipeline_MHSA_SM|  return value|
|ap_done                                                                |  out|    1|  ap_ctrl_hs|                       transformer_blk_s4_top_Pipeline_MHSA_SM|  return value|
|ap_idle                                                                |  out|    1|  ap_ctrl_hs|                       transformer_blk_s4_top_Pipeline_MHSA_SM|  return value|
|ap_ready                                                               |  out|    1|  ap_ctrl_hs|                       transformer_blk_s4_top_Pipeline_MHSA_SM|  return value|
|grp_fu_2762_p_din0                                                     |  out|   32|  ap_ctrl_hs|                       transformer_blk_s4_top_Pipeline_MHSA_SM|  return value|
|grp_fu_2762_p_din1                                                     |  out|   32|  ap_ctrl_hs|                       transformer_blk_s4_top_Pipeline_MHSA_SM|  return value|
|grp_fu_2762_p_opcode                                                   |  out|    2|  ap_ctrl_hs|                       transformer_blk_s4_top_Pipeline_MHSA_SM|  return value|
|grp_fu_2762_p_dout0                                                    |   in|   32|  ap_ctrl_hs|                       transformer_blk_s4_top_Pipeline_MHSA_SM|  return value|
|grp_fu_2762_p_ce                                                       |  out|    1|  ap_ctrl_hs|                       transformer_blk_s4_top_Pipeline_MHSA_SM|  return value|
|grp_fu_6279_p_din0                                                     |  out|   32|  ap_ctrl_hs|                       transformer_blk_s4_top_Pipeline_MHSA_SM|  return value|
|grp_fu_6279_p_din1                                                     |  out|   32|  ap_ctrl_hs|                       transformer_blk_s4_top_Pipeline_MHSA_SM|  return value|
|grp_fu_6279_p_opcode                                                   |  out|    2|  ap_ctrl_hs|                       transformer_blk_s4_top_Pipeline_MHSA_SM|  return value|
|grp_fu_6279_p_dout0                                                    |   in|   32|  ap_ctrl_hs|                       transformer_blk_s4_top_Pipeline_MHSA_SM|  return value|
|grp_fu_6279_p_ce                                                       |  out|    1|  ap_ctrl_hs|                       transformer_blk_s4_top_Pipeline_MHSA_SM|  return value|
|grp_fu_6283_p_din0                                                     |  out|   32|  ap_ctrl_hs|                       transformer_blk_s4_top_Pipeline_MHSA_SM|  return value|
|grp_fu_6283_p_din1                                                     |  out|   32|  ap_ctrl_hs|                       transformer_blk_s4_top_Pipeline_MHSA_SM|  return value|
|grp_fu_6283_p_opcode                                                   |  out|    2|  ap_ctrl_hs|                       transformer_blk_s4_top_Pipeline_MHSA_SM|  return value|
|grp_fu_6283_p_dout0                                                    |   in|   32|  ap_ctrl_hs|                       transformer_blk_s4_top_Pipeline_MHSA_SM|  return value|
|grp_fu_6283_p_ce                                                       |  out|    1|  ap_ctrl_hs|                       transformer_blk_s4_top_Pipeline_MHSA_SM|  return value|
|grp_fu_6287_p_din0                                                     |  out|   32|  ap_ctrl_hs|                       transformer_blk_s4_top_Pipeline_MHSA_SM|  return value|
|grp_fu_6287_p_din1                                                     |  out|   32|  ap_ctrl_hs|                       transformer_blk_s4_top_Pipeline_MHSA_SM|  return value|
|grp_fu_6287_p_opcode                                                   |  out|    2|  ap_ctrl_hs|                       transformer_blk_s4_top_Pipeline_MHSA_SM|  return value|
|grp_fu_6287_p_dout0                                                    |   in|   32|  ap_ctrl_hs|                       transformer_blk_s4_top_Pipeline_MHSA_SM|  return value|
|grp_fu_6287_p_ce                                                       |  out|    1|  ap_ctrl_hs|                       transformer_blk_s4_top_Pipeline_MHSA_SM|  return value|
|grp_fu_6291_p_din0                                                     |  out|   32|  ap_ctrl_hs|                       transformer_blk_s4_top_Pipeline_MHSA_SM|  return value|
|grp_fu_6291_p_din1                                                     |  out|   32|  ap_ctrl_hs|                       transformer_blk_s4_top_Pipeline_MHSA_SM|  return value|
|grp_fu_6291_p_opcode                                                   |  out|    2|  ap_ctrl_hs|                       transformer_blk_s4_top_Pipeline_MHSA_SM|  return value|
|grp_fu_6291_p_dout0                                                    |   in|   32|  ap_ctrl_hs|                       transformer_blk_s4_top_Pipeline_MHSA_SM|  return value|
|grp_fu_6291_p_ce                                                       |  out|    1|  ap_ctrl_hs|                       transformer_blk_s4_top_Pipeline_MHSA_SM|  return value|
|grp_fu_6295_p_din0                                                     |  out|   32|  ap_ctrl_hs|                       transformer_blk_s4_top_Pipeline_MHSA_SM|  return value|
|grp_fu_6295_p_din1                                                     |  out|   32|  ap_ctrl_hs|                       transformer_blk_s4_top_Pipeline_MHSA_SM|  return value|
|grp_fu_6295_p_opcode                                                   |  out|    2|  ap_ctrl_hs|                       transformer_blk_s4_top_Pipeline_MHSA_SM|  return value|
|grp_fu_6295_p_dout0                                                    |   in|   32|  ap_ctrl_hs|                       transformer_blk_s4_top_Pipeline_MHSA_SM|  return value|
|grp_fu_6295_p_ce                                                       |  out|    1|  ap_ctrl_hs|                       transformer_blk_s4_top_Pipeline_MHSA_SM|  return value|
|grp_fu_6299_p_din0                                                     |  out|   32|  ap_ctrl_hs|                       transformer_blk_s4_top_Pipeline_MHSA_SM|  return value|
|grp_fu_6299_p_din1                                                     |  out|   32|  ap_ctrl_hs|                       transformer_blk_s4_top_Pipeline_MHSA_SM|  return value|
|grp_fu_6299_p_opcode                                                   |  out|    2|  ap_ctrl_hs|                       transformer_blk_s4_top_Pipeline_MHSA_SM|  return value|
|grp_fu_6299_p_dout0                                                    |   in|   32|  ap_ctrl_hs|                       transformer_blk_s4_top_Pipeline_MHSA_SM|  return value|
|grp_fu_6299_p_ce                                                       |  out|    1|  ap_ctrl_hs|                       transformer_blk_s4_top_Pipeline_MHSA_SM|  return value|
|grp_fu_6303_p_din0                                                     |  out|   32|  ap_ctrl_hs|                       transformer_blk_s4_top_Pipeline_MHSA_SM|  return value|
|grp_fu_6303_p_din1                                                     |  out|   32|  ap_ctrl_hs|                       transformer_blk_s4_top_Pipeline_MHSA_SM|  return value|
|grp_fu_6303_p_opcode                                                   |  out|    2|  ap_ctrl_hs|                       transformer_blk_s4_top_Pipeline_MHSA_SM|  return value|
|grp_fu_6303_p_dout0                                                    |   in|   32|  ap_ctrl_hs|                       transformer_blk_s4_top_Pipeline_MHSA_SM|  return value|
|grp_fu_6303_p_ce                                                       |  out|    1|  ap_ctrl_hs|                       transformer_blk_s4_top_Pipeline_MHSA_SM|  return value|
|grp_fu_6327_p_din0                                                     |  out|   32|  ap_ctrl_hs|                       transformer_blk_s4_top_Pipeline_MHSA_SM|  return value|
|grp_fu_6327_p_din1                                                     |  out|   32|  ap_ctrl_hs|                       transformer_blk_s4_top_Pipeline_MHSA_SM|  return value|
|grp_fu_6327_p_opcode                                                   |  out|    2|  ap_ctrl_hs|                       transformer_blk_s4_top_Pipeline_MHSA_SM|  return value|
|grp_fu_6327_p_dout0                                                    |   in|   32|  ap_ctrl_hs|                       transformer_blk_s4_top_Pipeline_MHSA_SM|  return value|
|grp_fu_6327_p_ce                                                       |  out|    1|  ap_ctrl_hs|                       transformer_blk_s4_top_Pipeline_MHSA_SM|  return value|
|grp_fu_6331_p_din0                                                     |  out|   32|  ap_ctrl_hs|                       transformer_blk_s4_top_Pipeline_MHSA_SM|  return value|
|grp_fu_6331_p_din1                                                     |  out|   32|  ap_ctrl_hs|                       transformer_blk_s4_top_Pipeline_MHSA_SM|  return value|
|grp_fu_6331_p_opcode                                                   |  out|    2|  ap_ctrl_hs|                       transformer_blk_s4_top_Pipeline_MHSA_SM|  return value|
|grp_fu_6331_p_dout0                                                    |   in|   32|  ap_ctrl_hs|                       transformer_blk_s4_top_Pipeline_MHSA_SM|  return value|
|grp_fu_6331_p_ce                                                       |  out|    1|  ap_ctrl_hs|                       transformer_blk_s4_top_Pipeline_MHSA_SM|  return value|
|grp_fu_6335_p_din0                                                     |  out|   32|  ap_ctrl_hs|                       transformer_blk_s4_top_Pipeline_MHSA_SM|  return value|
|grp_fu_6335_p_din1                                                     |  out|   32|  ap_ctrl_hs|                       transformer_blk_s4_top_Pipeline_MHSA_SM|  return value|
|grp_fu_6335_p_opcode                                                   |  out|    2|  ap_ctrl_hs|                       transformer_blk_s4_top_Pipeline_MHSA_SM|  return value|
|grp_fu_6335_p_dout0                                                    |   in|   32|  ap_ctrl_hs|                       transformer_blk_s4_top_Pipeline_MHSA_SM|  return value|
|grp_fu_6335_p_ce                                                       |  out|    1|  ap_ctrl_hs|                       transformer_blk_s4_top_Pipeline_MHSA_SM|  return value|
|grp_fu_2768_p_din0                                                     |  out|   32|  ap_ctrl_hs|                       transformer_blk_s4_top_Pipeline_MHSA_SM|  return value|
|grp_fu_2768_p_din1                                                     |  out|   32|  ap_ctrl_hs|                       transformer_blk_s4_top_Pipeline_MHSA_SM|  return value|
|grp_fu_2768_p_dout0                                                    |   in|   32|  ap_ctrl_hs|                       transformer_blk_s4_top_Pipeline_MHSA_SM|  return value|
|grp_fu_2768_p_ce                                                       |  out|    1|  ap_ctrl_hs|                       transformer_blk_s4_top_Pipeline_MHSA_SM|  return value|
|grp_fu_6339_p_din0                                                     |  out|   32|  ap_ctrl_hs|                       transformer_blk_s4_top_Pipeline_MHSA_SM|  return value|
|grp_fu_6339_p_din1                                                     |  out|   32|  ap_ctrl_hs|                       transformer_blk_s4_top_Pipeline_MHSA_SM|  return value|
|grp_fu_6339_p_opcode                                                   |  out|    5|  ap_ctrl_hs|                       transformer_blk_s4_top_Pipeline_MHSA_SM|  return value|
|grp_fu_6339_p_dout0                                                    |   in|    1|  ap_ctrl_hs|                       transformer_blk_s4_top_Pipeline_MHSA_SM|  return value|
|grp_fu_6339_p_ce                                                       |  out|    1|  ap_ctrl_hs|                       transformer_blk_s4_top_Pipeline_MHSA_SM|  return value|
|grp_fu_6343_p_din0                                                     |  out|   32|  ap_ctrl_hs|                       transformer_blk_s4_top_Pipeline_MHSA_SM|  return value|
|grp_fu_6343_p_din1                                                     |  out|   32|  ap_ctrl_hs|                       transformer_blk_s4_top_Pipeline_MHSA_SM|  return value|
|grp_fu_6343_p_opcode                                                   |  out|    5|  ap_ctrl_hs|                       transformer_blk_s4_top_Pipeline_MHSA_SM|  return value|
|grp_fu_6343_p_dout0                                                    |   in|    1|  ap_ctrl_hs|                       transformer_blk_s4_top_Pipeline_MHSA_SM|  return value|
|grp_fu_6343_p_ce                                                       |  out|    1|  ap_ctrl_hs|                       transformer_blk_s4_top_Pipeline_MHSA_SM|  return value|
|transformer_blk_s4_top_float_const_float_float_const_a_buf_address0    |  out|    7|   ap_memory|    transformer_blk_s4_top_float_const_float_float_const_a_buf|         array|
|transformer_blk_s4_top_float_const_float_float_const_a_buf_ce0         |  out|    1|   ap_memory|    transformer_blk_s4_top_float_const_float_float_const_a_buf|         array|
|transformer_blk_s4_top_float_const_float_float_const_a_buf_we0         |  out|    1|   ap_memory|    transformer_blk_s4_top_float_const_float_float_const_a_buf|         array|
|transformer_blk_s4_top_float_const_float_float_const_a_buf_d0          |  out|   32|   ap_memory|    transformer_blk_s4_top_float_const_float_float_const_a_buf|         array|
|transformer_blk_s4_top_float_const_float_float_const_a_buf_q0          |   in|   32|   ap_memory|    transformer_blk_s4_top_float_const_float_float_const_a_buf|         array|
|transformer_blk_s4_top_float_const_float_float_const_a_buf_address1    |  out|    7|   ap_memory|    transformer_blk_s4_top_float_const_float_float_const_a_buf|         array|
|transformer_blk_s4_top_float_const_float_float_const_a_buf_ce1         |  out|    1|   ap_memory|    transformer_blk_s4_top_float_const_float_float_const_a_buf|         array|
|transformer_blk_s4_top_float_const_float_float_const_a_buf_we1         |  out|    1|   ap_memory|    transformer_blk_s4_top_float_const_float_float_const_a_buf|         array|
|transformer_blk_s4_top_float_const_float_float_const_a_buf_d1          |  out|   32|   ap_memory|    transformer_blk_s4_top_float_const_float_float_const_a_buf|         array|
|transformer_blk_s4_top_float_const_float_float_const_a_buf_q1          |   in|   32|   ap_memory|    transformer_blk_s4_top_float_const_float_float_const_a_buf|         array|
|transformer_blk_s4_top_float_const_float_float_const_a_buf_1_address0  |  out|    7|   ap_memory|  transformer_blk_s4_top_float_const_float_float_const_a_buf_1|         array|
|transformer_blk_s4_top_float_const_float_float_const_a_buf_1_ce0       |  out|    1|   ap_memory|  transformer_blk_s4_top_float_const_float_float_const_a_buf_1|         array|
|transformer_blk_s4_top_float_const_float_float_const_a_buf_1_we0       |  out|    1|   ap_memory|  transformer_blk_s4_top_float_const_float_float_const_a_buf_1|         array|
|transformer_blk_s4_top_float_const_float_float_const_a_buf_1_d0        |  out|   32|   ap_memory|  transformer_blk_s4_top_float_const_float_float_const_a_buf_1|         array|
|transformer_blk_s4_top_float_const_float_float_const_a_buf_1_q0        |   in|   32|   ap_memory|  transformer_blk_s4_top_float_const_float_float_const_a_buf_1|         array|
|transformer_blk_s4_top_float_const_float_float_const_a_buf_1_address1  |  out|    7|   ap_memory|  transformer_blk_s4_top_float_const_float_float_const_a_buf_1|         array|
|transformer_blk_s4_top_float_const_float_float_const_a_buf_1_ce1       |  out|    1|   ap_memory|  transformer_blk_s4_top_float_const_float_float_const_a_buf_1|         array|
|transformer_blk_s4_top_float_const_float_float_const_a_buf_1_we1       |  out|    1|   ap_memory|  transformer_blk_s4_top_float_const_float_float_const_a_buf_1|         array|
|transformer_blk_s4_top_float_const_float_float_const_a_buf_1_d1        |  out|   32|   ap_memory|  transformer_blk_s4_top_float_const_float_float_const_a_buf_1|         array|
|transformer_blk_s4_top_float_const_float_float_const_a_buf_1_q1        |   in|   32|   ap_memory|  transformer_blk_s4_top_float_const_float_float_const_a_buf_1|         array|
|transformer_blk_s4_top_float_const_float_float_const_a_buf_2_address0  |  out|    7|   ap_memory|  transformer_blk_s4_top_float_const_float_float_const_a_buf_2|         array|
|transformer_blk_s4_top_float_const_float_float_const_a_buf_2_ce0       |  out|    1|   ap_memory|  transformer_blk_s4_top_float_const_float_float_const_a_buf_2|         array|
|transformer_blk_s4_top_float_const_float_float_const_a_buf_2_we0       |  out|    1|   ap_memory|  transformer_blk_s4_top_float_const_float_float_const_a_buf_2|         array|
|transformer_blk_s4_top_float_const_float_float_const_a_buf_2_d0        |  out|   32|   ap_memory|  transformer_blk_s4_top_float_const_float_float_const_a_buf_2|         array|
|transformer_blk_s4_top_float_const_float_float_const_a_buf_2_q0        |   in|   32|   ap_memory|  transformer_blk_s4_top_float_const_float_float_const_a_buf_2|         array|
|transformer_blk_s4_top_float_const_float_float_const_a_buf_2_address1  |  out|    7|   ap_memory|  transformer_blk_s4_top_float_const_float_float_const_a_buf_2|         array|
|transformer_blk_s4_top_float_const_float_float_const_a_buf_2_ce1       |  out|    1|   ap_memory|  transformer_blk_s4_top_float_const_float_float_const_a_buf_2|         array|
|transformer_blk_s4_top_float_const_float_float_const_a_buf_2_we1       |  out|    1|   ap_memory|  transformer_blk_s4_top_float_const_float_float_const_a_buf_2|         array|
|transformer_blk_s4_top_float_const_float_float_const_a_buf_2_d1        |  out|   32|   ap_memory|  transformer_blk_s4_top_float_const_float_float_const_a_buf_2|         array|
|transformer_blk_s4_top_float_const_float_float_const_a_buf_2_q1        |   in|   32|   ap_memory|  transformer_blk_s4_top_float_const_float_float_const_a_buf_2|         array|
|transformer_blk_s4_top_float_const_float_float_const_a_buf_3_address0  |  out|    7|   ap_memory|  transformer_blk_s4_top_float_const_float_float_const_a_buf_3|         array|
|transformer_blk_s4_top_float_const_float_float_const_a_buf_3_ce0       |  out|    1|   ap_memory|  transformer_blk_s4_top_float_const_float_float_const_a_buf_3|         array|
|transformer_blk_s4_top_float_const_float_float_const_a_buf_3_we0       |  out|    1|   ap_memory|  transformer_blk_s4_top_float_const_float_float_const_a_buf_3|         array|
|transformer_blk_s4_top_float_const_float_float_const_a_buf_3_d0        |  out|   32|   ap_memory|  transformer_blk_s4_top_float_const_float_float_const_a_buf_3|         array|
|transformer_blk_s4_top_float_const_float_float_const_a_buf_3_q0        |   in|   32|   ap_memory|  transformer_blk_s4_top_float_const_float_float_const_a_buf_3|         array|
|transformer_blk_s4_top_float_const_float_float_const_a_buf_3_address1  |  out|    7|   ap_memory|  transformer_blk_s4_top_float_const_float_float_const_a_buf_3|         array|
|transformer_blk_s4_top_float_const_float_float_const_a_buf_3_ce1       |  out|    1|   ap_memory|  transformer_blk_s4_top_float_const_float_float_const_a_buf_3|         array|
|transformer_blk_s4_top_float_const_float_float_const_a_buf_3_we1       |  out|    1|   ap_memory|  transformer_blk_s4_top_float_const_float_float_const_a_buf_3|         array|
|transformer_blk_s4_top_float_const_float_float_const_a_buf_3_d1        |  out|   32|   ap_memory|  transformer_blk_s4_top_float_const_float_float_const_a_buf_3|         array|
|transformer_blk_s4_top_float_const_float_float_const_a_buf_3_q1        |   in|   32|   ap_memory|  transformer_blk_s4_top_float_const_float_float_const_a_buf_3|         array|
|transformer_blk_s4_top_float_const_float_float_const_a_buf_4_address0  |  out|    7|   ap_memory|  transformer_blk_s4_top_float_const_float_float_const_a_buf_4|         array|
|transformer_blk_s4_top_float_const_float_float_const_a_buf_4_ce0       |  out|    1|   ap_memory|  transformer_blk_s4_top_float_const_float_float_const_a_buf_4|         array|
|transformer_blk_s4_top_float_const_float_float_const_a_buf_4_we0       |  out|    1|   ap_memory|  transformer_blk_s4_top_float_const_float_float_const_a_buf_4|         array|
|transformer_blk_s4_top_float_const_float_float_const_a_buf_4_d0        |  out|   32|   ap_memory|  transformer_blk_s4_top_float_const_float_float_const_a_buf_4|         array|
|transformer_blk_s4_top_float_const_float_float_const_a_buf_4_q0        |   in|   32|   ap_memory|  transformer_blk_s4_top_float_const_float_float_const_a_buf_4|         array|
|transformer_blk_s4_top_float_const_float_float_const_a_buf_4_address1  |  out|    7|   ap_memory|  transformer_blk_s4_top_float_const_float_float_const_a_buf_4|         array|
|transformer_blk_s4_top_float_const_float_float_const_a_buf_4_ce1       |  out|    1|   ap_memory|  transformer_blk_s4_top_float_const_float_float_const_a_buf_4|         array|
|transformer_blk_s4_top_float_const_float_float_const_a_buf_4_we1       |  out|    1|   ap_memory|  transformer_blk_s4_top_float_const_float_float_const_a_buf_4|         array|
|transformer_blk_s4_top_float_const_float_float_const_a_buf_4_d1        |  out|   32|   ap_memory|  transformer_blk_s4_top_float_const_float_float_const_a_buf_4|         array|
|transformer_blk_s4_top_float_const_float_float_const_a_buf_4_q1        |   in|   32|   ap_memory|  transformer_blk_s4_top_float_const_float_float_const_a_buf_4|         array|
+-----------------------------------------------------------------------+-----+-----+------------+--------------------------------------------------------------+--------------+

