

================================================================
== Vitis HLS Report for 'transformer_blk_s4_top_Pipeline_MHSA_CPY'
================================================================
* Date:           Mon Jun  1 14:26:36 2026

* Version:        2022.2 (Build 3670227 on Oct 13 2022)
* Project:        s4_transformer_block
* Solution:       solution1 (Vivado IP Flow Target)
* Product family: zynquplus
* Target device:  xczu9eg-ffvb1156-2-e


================================================================
== Performance Estimates
================================================================
+ Timing: 
    * Summary: 
    +--------+---------+----------+------------+
    |  Clock |  Target | Estimated| Uncertainty|
    +--------+---------+----------+------------+
    |ap_clk  |  5.00 ns|  2.558 ns|     1.35 ns|
    +--------+---------+----------+------------+

+ Latency: 
    * Summary: 
    +---------+---------+-----------+-----------+------+------+---------+
    |  Latency (cycles) |   Latency (absolute)  |   Interval  | Pipeline|
    |   min   |   max   |    min    |    max    |  min |  max |   Type  |
    +---------+---------+-----------+-----------+------+------+---------+
    |     6002|     6002|  30.010 us|  30.010 us|  6002|  6002|       no|
    +---------+---------+-----------+-----------+------+------+---------+

    + Detail: 
        * Instance: 
        N/A

        * Loop: 
        +------------+---------+---------+----------+-----------+-----------+------+----------+
        |            |  Latency (cycles) | Iteration|  Initiation Interval  | Trip |          |
        |  Loop Name |   min   |   max   |  Latency |  achieved |   target  | Count| Pipelined|
        +------------+---------+---------+----------+-----------+-----------+------+----------+
        |- MHSA_CPY  |     6000|     6000|         2|          1|          1|  6000|       yes|
        +------------+---------+---------+----------+-----------+-----------+------+----------+



================================================================
== Utilization Estimates
================================================================
* Summary: 
+-----------------+---------+------+--------+--------+-----+
|       Name      | BRAM_18K|  DSP |   FF   |   LUT  | URAM|
+-----------------+---------+------+--------+--------+-----+
|DSP              |        -|     -|       -|       -|    -|
|Expression       |        -|     -|       0|     111|    -|
|FIFO             |        -|     -|       -|       -|    -|
|Instance         |        -|     -|       -|       -|    -|
|Memory           |        -|     -|       -|       -|    -|
|Multiplexer      |        -|     -|       -|      63|    -|
|Register         |        -|     -|      61|       -|    -|
+-----------------+---------+------+--------+--------+-----+
|Total            |        0|     0|      61|     174|    0|
+-----------------+---------+------+--------+--------+-----+
|Available        |     1824|  2520|  548160|  274080|    0|
+-----------------+---------+------+--------+--------+-----+
|Utilization (%)  |        0|     0|      ~0|      ~0|    0|
+-----------------+---------+------+--------+--------+-----+

+ Detail: 
    * Instance: 
    N/A

    * DSP: 
    N/A

    * Memory: 
    N/A

    * FIFO: 
    N/A

    * Expression: 
    +-------------------------+----------+----+---+----+------------+------------+
    |      Variable Name      | Operation| DSP| FF| LUT| Bitwidth P0| Bitwidth P1|
    +-------------------------+----------+----+---+----+------------+------------+
    |add_ln326_1_fu_1191_p2   |         +|   0|  0|  20|          13|           1|
    |add_ln326_fu_1176_p2     |         +|   0|  0|  20|          13|           1|
    |add_ln328_fu_1224_p2     |         +|   0|  0|  33|          26|          14|
    |icmp_ln326_1_fu_1197_p2  |      icmp|   0|  0|  12|          13|           6|
    |icmp_ln326_fu_1170_p2    |      icmp|   0|  0|  12|          13|          13|
    |select_ln326_fu_1203_p3  |    select|   0|  0|  12|           1|          13|
    |ap_enable_pp0            |       xor|   0|  0|   2|           1|           2|
    +-------------------------+----------+----+---+----+------------+------------+
    |Total                    |          |   0|  0| 111|          80|          50|
    +-------------------------+----------+----+---+----+------------+------------+

    * Multiplexer: 
    +--------------------------------+----+-----------+-----+-----------+
    |              Name              | LUT| Input Size| Bits| Total Bits|
    +--------------------------------+----+-----------+-----+-----------+
    |ap_done_int                     |   9|          2|    1|          2|
    |ap_enable_reg_pp0_iter1         |   9|          2|    1|          2|
    |ap_sig_allocacmp_i_2            |   9|          2|   13|         26|
    |ap_sig_allocacmp_phi_urem_load  |   9|          2|   13|         26|
    |i_fu_292                        |   9|          2|   13|         26|
    |phi_mul_fu_288                  |   9|          2|   26|         52|
    |phi_urem_fu_284                 |   9|          2|   13|         26|
    +--------------------------------+----+-----------+-----+-----------+
    |Total                           |  63|         14|   80|        160|
    +--------------------------------+----+-----------+-----+-----------+

    * Register: 
    +-------------------------+----+----+-----+-----------+
    |           Name          | FF | LUT| Bits| Const Bits|
    +-------------------------+----+----+-----+-----------+
    |ap_CS_fsm                |   1|   0|    1|          0|
    |ap_done_reg              |   1|   0|    1|          0|
    |ap_enable_reg_pp0_iter1  |   1|   0|    1|          0|
    |i_fu_292                 |  13|   0|   13|          0|
    |phi_mul_fu_288           |  26|   0|   26|          0|
    |phi_urem_fu_284          |  13|   0|   13|          0|
    |trunc_ln328_reg_1338     |   6|   0|    6|          0|
    +-------------------------+----+----+-----+-----------+
    |Total                    |  61|   0|   61|          0|
    +-------------------------+----+----+-----+-----------+



================================================================
== Interface
================================================================
* Summary: 
+------------------------------------------------------------------------+-----+-----+------------+---------------------------------------------------------------+--------------+
|                                RTL Ports                               | Dir | Bits|  Protocol  |                         Source Object                         |    C Type    |
+------------------------------------------------------------------------+-----+-----+------------+---------------------------------------------------------------+--------------+
|ap_clk                                                                  |   in|    1|  ap_ctrl_hs|                       transformer_blk_s4_top_Pipeline_MHSA_CPY|  return value|
|ap_rst                                                                  |   in|    1|  ap_ctrl_hs|                       transformer_blk_s4_top_Pipeline_MHSA_CPY|  return value|
|ap_start                                                                |   in|    1|  ap_ctrl_hs|                       transformer_blk_s4_top_Pipeline_MHSA_CPY|  return value|
|ap_done                                                                 |  out|    1|  ap_ctrl_hs|                       transformer_blk_s4_top_Pipeline_MHSA_CPY|  return value|
|ap_idle                                                                 |  out|    1|  ap_ctrl_hs|                       transformer_blk_s4_top_Pipeline_MHSA_CPY|  return value|
|ap_ready                                                                |  out|    1|  ap_ctrl_hs|                       transformer_blk_s4_top_Pipeline_MHSA_CPY|  return value|
|transformer_blk_s4_top_float_const_float_float_const_q_buf_address0     |  out|    7|   ap_memory|     transformer_blk_s4_top_float_const_float_float_const_q_buf|         array|
|transformer_blk_s4_top_float_const_float_float_const_q_buf_ce0          |  out|    1|   ap_memory|     transformer_blk_s4_top_float_const_float_float_const_q_buf|         array|
|transformer_blk_s4_top_float_const_float_float_const_q_buf_we0          |  out|    1|   ap_memory|     transformer_blk_s4_top_float_const_float_float_const_q_buf|         array|
|transformer_blk_s4_top_float_const_float_float_const_q_buf_d0           |  out|   32|   ap_memory|     transformer_blk_s4_top_float_const_float_float_const_q_buf|         array|
|attn_out_address0                                                       |  out|   13|   ap_memory|                                                       attn_out|         array|
|attn_out_ce0                                                            |  out|    1|   ap_memory|                                                       attn_out|         array|
|attn_out_q0                                                             |   in|   32|   ap_memory|                                                       attn_out|         array|
|transformer_blk_s4_top_float_const_float_float_const_q_buf_11_address0  |  out|    7|   ap_memory|  transformer_blk_s4_top_float_const_float_float_const_q_buf_11|         array|
|transformer_blk_s4_top_float_const_float_float_const_q_buf_11_ce0       |  out|    1|   ap_memory|  transformer_blk_s4_top_float_const_float_float_const_q_buf_11|         array|
|transformer_blk_s4_top_float_const_float_float_const_q_buf_11_we0       |  out|    1|   ap_memory|  transformer_blk_s4_top_float_const_float_float_const_q_buf_11|         array|
|transformer_blk_s4_top_float_const_float_float_const_q_buf_11_d0        |  out|   32|   ap_memory|  transformer_blk_s4_top_float_const_float_float_const_q_buf_11|         array|
|transformer_blk_s4_top_float_const_float_float_const_q_buf_12_address0  |  out|    7|   ap_memory|  transformer_blk_s4_top_float_const_float_float_const_q_buf_12|         array|
|transformer_blk_s4_top_float_const_float_float_const_q_buf_12_ce0       |  out|    1|   ap_memory|  transformer_blk_s4_top_float_const_float_float_const_q_buf_12|         array|
|transformer_blk_s4_top_float_const_float_float_const_q_buf_12_we0       |  out|    1|   ap_memory|  transformer_blk_s4_top_float_const_float_float_const_q_buf_12|         array|
|transformer_blk_s4_top_float_const_float_float_const_q_buf_12_d0        |  out|   32|   ap_memory|  transformer_blk_s4_top_float_const_float_float_const_q_buf_12|         array|
|transformer_blk_s4_top_float_const_float_float_const_q_buf_13_address0  |  out|    7|   ap_memory|  transformer_blk_s4_top_float_const_float_float_const_q_buf_13|         array|
|transformer_blk_s4_top_float_const_float_float_const_q_buf_13_ce0       |  out|    1|   ap_memory|  transformer_blk_s4_top_float_const_float_float_const_q_buf_13|         array|
|transformer_blk_s4_top_float_const_float_float_const_q_buf_13_we0       |  out|    1|   ap_memory|  transformer_blk_s4_top_float_const_float_float_const_q_buf_13|         array|
|transformer_blk_s4_top_float_const_float_float_const_q_buf_13_d0        |  out|   32|   ap_memory|  transformer_blk_s4_top_float_const_float_float_const_q_buf_13|         array|
|transformer_blk_s4_top_float_const_float_float_const_q_buf_14_address0  |  out|    7|   ap_memory|  transformer_blk_s4_top_float_const_float_float_const_q_buf_14|         array|
|transformer_blk_s4_top_float_const_float_float_const_q_buf_14_ce0       |  out|    1|   ap_memory|  transformer_blk_s4_top_float_const_float_float_const_q_buf_14|         array|
|transformer_blk_s4_top_float_const_float_float_const_q_buf_14_we0       |  out|    1|   ap_memory|  transformer_blk_s4_top_float_const_float_float_const_q_buf_14|         array|
|transformer_blk_s4_top_float_const_float_float_const_q_buf_14_d0        |  out|   32|   ap_memory|  transformer_blk_s4_top_float_const_float_float_const_q_buf_14|         array|
|transformer_blk_s4_top_float_const_float_float_const_q_buf_15_address0  |  out|    7|   ap_memory|  transformer_blk_s4_top_float_const_float_float_const_q_buf_15|         array|
|transformer_blk_s4_top_float_const_float_float_const_q_buf_15_ce0       |  out|    1|   ap_memory|  transformer_blk_s4_top_float_const_float_float_const_q_buf_15|         array|
|transformer_blk_s4_top_float_const_float_float_const_q_buf_15_we0       |  out|    1|   ap_memory|  transformer_blk_s4_top_float_const_float_float_const_q_buf_15|         array|
|transformer_blk_s4_top_float_const_float_float_const_q_buf_15_d0        |  out|   32|   ap_memory|  transformer_blk_s4_top_float_const_float_float_const_q_buf_15|         array|
|transformer_blk_s4_top_float_const_float_float_const_q_buf_16_address0  |  out|    7|   ap_memory|  transformer_blk_s4_top_float_const_float_float_const_q_buf_16|         array|
|transformer_blk_s4_top_float_const_float_float_const_q_buf_16_ce0       |  out|    1|   ap_memory|  transformer_blk_s4_top_float_const_float_float_const_q_buf_16|         array|
|transformer_blk_s4_top_float_const_float_float_const_q_buf_16_we0       |  out|    1|   ap_memory|  transformer_blk_s4_top_float_const_float_float_const_q_buf_16|         array|
|transformer_blk_s4_top_float_const_float_float_const_q_buf_16_d0        |  out|   32|   ap_memory|  transformer_blk_s4_top_float_const_float_float_const_q_buf_16|         array|
|transformer_blk_s4_top_float_const_float_float_const_q_buf_17_address0  |  out|    7|   ap_memory|  transformer_blk_s4_top_float_const_float_float_const_q_buf_17|         array|
|transformer_blk_s4_top_float_const_float_float_const_q_buf_17_ce0       |  out|    1|   ap_memory|  transformer_blk_s4_top_float_const_float_float_const_q_buf_17|         array|
|transformer_blk_s4_top_float_const_float_float_const_q_buf_17_we0       |  out|    1|   ap_memory|  transformer_blk_s4_top_float_const_float_float_const_q_buf_17|         array|
|transformer_blk_s4_top_float_const_float_float_const_q_buf_17_d0        |  out|   32|   ap_memory|  transformer_blk_s4_top_float_const_float_float_const_q_buf_17|         array|
|transformer_blk_s4_top_float_const_float_float_const_q_buf_18_address0  |  out|    7|   ap_memory|  transformer_blk_s4_top_float_const_float_float_const_q_buf_18|         array|
|transformer_blk_s4_top_float_const_float_float_const_q_buf_18_ce0       |  out|    1|   ap_memory|  transformer_blk_s4_top_float_const_float_float_const_q_buf_18|         array|
|transformer_blk_s4_top_float_const_float_float_const_q_buf_18_we0       |  out|    1|   ap_memory|  transformer_blk_s4_top_float_const_float_float_const_q_buf_18|         array|
|transformer_blk_s4_top_float_const_float_float_const_q_buf_18_d0        |  out|   32|   ap_memory|  transformer_blk_s4_top_float_const_float_float_const_q_buf_18|         array|
|transformer_blk_s4_top_float_const_float_float_const_q_buf_19_address0  |  out|    7|   ap_memory|  transformer_blk_s4_top_float_const_float_float_const_q_buf_19|         array|
|transformer_blk_s4_top_float_const_float_float_const_q_buf_19_ce0       |  out|    1|   ap_memory|  transformer_blk_s4_top_float_const_float_float_const_q_buf_19|         array|
|transformer_blk_s4_top_float_const_float_float_const_q_buf_19_we0       |  out|    1|   ap_memory|  transformer_blk_s4_top_float_const_float_float_const_q_buf_19|         array|
|transformer_blk_s4_top_float_const_float_float_const_q_buf_19_d0        |  out|   32|   ap_memory|  transformer_blk_s4_top_float_const_float_float_const_q_buf_19|         array|
|p_ZZ22transformer_blk_s4_topPKfPfS0_E5q_buf_10_address0                 |  out|    7|   ap_memory|                 p_ZZ22transformer_blk_s4_topPKfPfS0_E5q_buf_10|         array|
|p_ZZ22transformer_blk_s4_topPKfPfS0_E5q_buf_10_ce0                      |  out|    1|   ap_memory|                 p_ZZ22transformer_blk_s4_topPKfPfS0_E5q_buf_10|         array|
|p_ZZ22transformer_blk_s4_topPKfPfS0_E5q_buf_10_we0                      |  out|    1|   ap_memory|                 p_ZZ22transformer_blk_s4_topPKfPfS0_E5q_buf_10|         array|
|p_ZZ22transformer_blk_s4_topPKfPfS0_E5q_buf_10_d0                       |  out|   32|   ap_memory|                 p_ZZ22transformer_blk_s4_topPKfPfS0_E5q_buf_10|         array|
|p_ZZ22transformer_blk_s4_topPKfPfS0_E5q_buf_11_address0                 |  out|    7|   ap_memory|                 p_ZZ22transformer_blk_s4_topPKfPfS0_E5q_buf_11|         array|
|p_ZZ22transformer_blk_s4_topPKfPfS0_E5q_buf_11_ce0                      |  out|    1|   ap_memory|                 p_ZZ22transformer_blk_s4_topPKfPfS0_E5q_buf_11|         array|
|p_ZZ22transformer_blk_s4_topPKfPfS0_E5q_buf_11_we0                      |  out|    1|   ap_memory|                 p_ZZ22transformer_blk_s4_topPKfPfS0_E5q_buf_11|         array|
|p_ZZ22transformer_blk_s4_topPKfPfS0_E5q_buf_11_d0                       |  out|   32|   ap_memory|                 p_ZZ22transformer_blk_s4_topPKfPfS0_E5q_buf_11|         array|
|p_ZZ22transformer_blk_s4_topPKfPfS0_E5q_buf_12_address0                 |  out|    7|   ap_memory|                 p_ZZ22transformer_blk_s4_topPKfPfS0_E5q_buf_12|         array|
|p_ZZ22transformer_blk_s4_topPKfPfS0_E5q_buf_12_ce0                      |  out|    1|   ap_memory|                 p_ZZ22transformer_blk_s4_topPKfPfS0_E5q_buf_12|         array|
|p_ZZ22transformer_blk_s4_topPKfPfS0_E5q_buf_12_we0                      |  out|    1|   ap_memory|                 p_ZZ22transformer_blk_s4_topPKfPfS0_E5q_buf_12|         array|
|p_ZZ22transformer_blk_s4_topPKfPfS0_E5q_buf_12_d0                       |  out|   32|   ap_memory|                 p_ZZ22transformer_blk_s4_topPKfPfS0_E5q_buf_12|         array|
|p_ZZ22transformer_blk_s4_topPKfPfS0_E5q_buf_13_address0                 |  out|    7|   ap_memory|                 p_ZZ22transformer_blk_s4_topPKfPfS0_E5q_buf_13|         array|
|p_ZZ22transformer_blk_s4_topPKfPfS0_E5q_buf_13_ce0                      |  out|    1|   ap_memory|                 p_ZZ22transformer_blk_s4_topPKfPfS0_E5q_buf_13|         array|
|p_ZZ22transformer_blk_s4_topPKfPfS0_E5q_buf_13_we0                      |  out|    1|   ap_memory|                 p_ZZ22transformer_blk_s4_topPKfPfS0_E5q_buf_13|         array|
|p_ZZ22transformer_blk_s4_topPKfPfS0_E5q_buf_13_d0                       |  out|   32|   ap_memory|                 p_ZZ22transformer_blk_s4_topPKfPfS0_E5q_buf_13|         array|
|p_ZZ22transformer_blk_s4_topPKfPfS0_E5q_buf_14_address0                 |  out|    7|   ap_memory|                 p_ZZ22transformer_blk_s4_topPKfPfS0_E5q_buf_14|         array|
|p_ZZ22transformer_blk_s4_topPKfPfS0_E5q_buf_14_ce0                      |  out|    1|   ap_memory|                 p_ZZ22transformer_blk_s4_topPKfPfS0_E5q_buf_14|         array|
|p_ZZ22transformer_blk_s4_topPKfPfS0_E5q_buf_14_we0                      |  out|    1|   ap_memory|                 p_ZZ22transformer_blk_s4_topPKfPfS0_E5q_buf_14|         array|
|p_ZZ22transformer_blk_s4_topPKfPfS0_E5q_buf_14_d0                       |  out|   32|   ap_memory|                 p_ZZ22transformer_blk_s4_topPKfPfS0_E5q_buf_14|         array|
|p_ZZ22transformer_blk_s4_topPKfPfS0_E5q_buf_15_address0                 |  out|    7|   ap_memory|                 p_ZZ22transformer_blk_s4_topPKfPfS0_E5q_buf_15|         array|
|p_ZZ22transformer_blk_s4_topPKfPfS0_E5q_buf_15_ce0                      |  out|    1|   ap_memory|                 p_ZZ22transformer_blk_s4_topPKfPfS0_E5q_buf_15|         array|
|p_ZZ22transformer_blk_s4_topPKfPfS0_E5q_buf_15_we0                      |  out|    1|   ap_memory|                 p_ZZ22transformer_blk_s4_topPKfPfS0_E5q_buf_15|         array|
|p_ZZ22transformer_blk_s4_topPKfPfS0_E5q_buf_15_d0                       |  out|   32|   ap_memory|                 p_ZZ22transformer_blk_s4_topPKfPfS0_E5q_buf_15|         array|
|p_ZZ22transformer_blk_s4_topPKfPfS0_E5q_buf_16_address0                 |  out|    7|   ap_memory|                 p_ZZ22transformer_blk_s4_topPKfPfS0_E5q_buf_16|         array|
|p_ZZ22transformer_blk_s4_topPKfPfS0_E5q_buf_16_ce0                      |  out|    1|   ap_memory|                 p_ZZ22transformer_blk_s4_topPKfPfS0_E5q_buf_16|         array|
|p_ZZ22transformer_blk_s4_topPKfPfS0_E5q_buf_16_we0                      |  out|    1|   ap_memory|                 p_ZZ22transformer_blk_s4_topPKfPfS0_E5q_buf_16|         array|
|p_ZZ22transformer_blk_s4_topPKfPfS0_E5q_buf_16_d0                       |  out|   32|   ap_memory|                 p_ZZ22transformer_blk_s4_topPKfPfS0_E5q_buf_16|         array|
|p_ZZ22transformer_blk_s4_topPKfPfS0_E5q_buf_17_address0                 |  out|    7|   ap_memory|                 p_ZZ22transformer_blk_s4_topPKfPfS0_E5q_buf_17|         array|
|p_ZZ22transformer_blk_s4_topPKfPfS0_E5q_buf_17_ce0                      |  out|    1|   ap_memory|                 p_ZZ22transformer_blk_s4_topPKfPfS0_E5q_buf_17|         array|
|p_ZZ22transformer_blk_s4_topPKfPfS0_E5q_buf_17_we0                      |  out|    1|   ap_memory|                 p_ZZ22transformer_blk_s4_topPKfPfS0_E5q_buf_17|         array|
|p_ZZ22transformer_blk_s4_topPKfPfS0_E5q_buf_17_d0                       |  out|   32|   ap_memory|                 p_ZZ22transformer_blk_s4_topPKfPfS0_E5q_buf_17|         array|
|p_ZZ22transformer_blk_s4_topPKfPfS0_E5q_buf_18_address0                 |  out|    7|   ap_memory|                 p_ZZ22transformer_blk_s4_topPKfPfS0_E5q_buf_18|         array|
|p_ZZ22transformer_blk_s4_topPKfPfS0_E5q_buf_18_ce0                      |  out|    1|   ap_memory|                 p_ZZ22transformer_blk_s4_topPKfPfS0_E5q_buf_18|         array|
|p_ZZ22transformer_blk_s4_topPKfPfS0_E5q_buf_18_we0                      |  out|    1|   ap_memory|                 p_ZZ22transformer_blk_s4_topPKfPfS0_E5q_buf_18|         array|
|p_ZZ22transformer_blk_s4_topPKfPfS0_E5q_buf_18_d0                       |  out|   32|   ap_memory|                 p_ZZ22transformer_blk_s4_topPKfPfS0_E5q_buf_18|         array|
|p_ZZ22transformer_blk_s4_topPKfPfS0_E5q_buf_19_address0                 |  out|    7|   ap_memory|                 p_ZZ22transformer_blk_s4_topPKfPfS0_E5q_buf_19|         array|
|p_ZZ22transformer_blk_s4_topPKfPfS0_E5q_buf_19_ce0                      |  out|    1|   ap_memory|                 p_ZZ22transformer_blk_s4_topPKfPfS0_E5q_buf_19|         array|
|p_ZZ22transformer_blk_s4_topPKfPfS0_E5q_buf_19_we0                      |  out|    1|   ap_memory|                 p_ZZ22transformer_blk_s4_topPKfPfS0_E5q_buf_19|         array|
|p_ZZ22transformer_blk_s4_topPKfPfS0_E5q_buf_19_d0                       |  out|   32|   ap_memory|                 p_ZZ22transformer_blk_s4_topPKfPfS0_E5q_buf_19|         array|
|p_ZZ22transformer_blk_s4_topPKfPfS0_E5q_buf_20_address0                 |  out|    7|   ap_memory|                 p_ZZ22transformer_blk_s4_topPKfPfS0_E5q_buf_20|         array|
|p_ZZ22transformer_blk_s4_topPKfPfS0_E5q_buf_20_ce0                      |  out|    1|   ap_memory|                 p_ZZ22transformer_blk_s4_topPKfPfS0_E5q_buf_20|         array|
|p_ZZ22transformer_blk_s4_topPKfPfS0_E5q_buf_20_we0                      |  out|    1|   ap_memory|                 p_ZZ22transformer_blk_s4_topPKfPfS0_E5q_buf_20|         array|
|p_ZZ22transformer_blk_s4_topPKfPfS0_E5q_buf_20_d0                       |  out|   32|   ap_memory|                 p_ZZ22transformer_blk_s4_topPKfPfS0_E5q_buf_20|         array|
|p_ZZ22transformer_blk_s4_topPKfPfS0_E5q_buf_21_address0                 |  out|    7|   ap_memory|                 p_ZZ22transformer_blk_s4_topPKfPfS0_E5q_buf_21|         array|
|p_ZZ22transformer_blk_s4_topPKfPfS0_E5q_buf_21_ce0                      |  out|    1|   ap_memory|                 p_ZZ22transformer_blk_s4_topPKfPfS0_E5q_buf_21|         array|
|p_ZZ22transformer_blk_s4_topPKfPfS0_E5q_buf_21_we0                      |  out|    1|   ap_memory|                 p_ZZ22transformer_blk_s4_topPKfPfS0_E5q_buf_21|         array|
|p_ZZ22transformer_blk_s4_topPKfPfS0_E5q_buf_21_d0                       |  out|   32|   ap_memory|                 p_ZZ22transformer_blk_s4_topPKfPfS0_E5q_buf_21|         array|
|p_ZZ22transformer_blk_s4_topPKfPfS0_E5q_buf_22_address0                 |  out|    7|   ap_memory|                 p_ZZ22transformer_blk_s4_topPKfPfS0_E5q_buf_22|         array|
|p_ZZ22transformer_blk_s4_topPKfPfS0_E5q_buf_22_ce0                      |  out|    1|   ap_memory|                 p_ZZ22transformer_blk_s4_topPKfPfS0_E5q_buf_22|         array|
|p_ZZ22transformer_blk_s4_topPKfPfS0_E5q_buf_22_we0                      |  out|    1|   ap_memory|                 p_ZZ22transformer_blk_s4_topPKfPfS0_E5q_buf_22|         array|
|p_ZZ22transformer_blk_s4_topPKfPfS0_E5q_buf_22_d0                       |  out|   32|   ap_memory|                 p_ZZ22transformer_blk_s4_topPKfPfS0_E5q_buf_22|         array|
|p_ZZ22transformer_blk_s4_topPKfPfS0_E5q_buf_23_address0                 |  out|    7|   ap_memory|                 p_ZZ22transformer_blk_s4_topPKfPfS0_E5q_buf_23|         array|
|p_ZZ22transformer_blk_s4_topPKfPfS0_E5q_buf_23_ce0                      |  out|    1|   ap_memory|                 p_ZZ22transformer_blk_s4_topPKfPfS0_E5q_buf_23|         array|
|p_ZZ22transformer_blk_s4_topPKfPfS0_E5q_buf_23_we0                      |  out|    1|   ap_memory|                 p_ZZ22transformer_blk_s4_topPKfPfS0_E5q_buf_23|         array|
|p_ZZ22transformer_blk_s4_topPKfPfS0_E5q_buf_23_d0                       |  out|   32|   ap_memory|                 p_ZZ22transformer_blk_s4_topPKfPfS0_E5q_buf_23|         array|
|p_ZZ22transformer_blk_s4_topPKfPfS0_E5q_buf_24_address0                 |  out|    7|   ap_memory|                 p_ZZ22transformer_blk_s4_topPKfPfS0_E5q_buf_24|         array|
|p_ZZ22transformer_blk_s4_topPKfPfS0_E5q_buf_24_ce0                      |  out|    1|   ap_memory|                 p_ZZ22transformer_blk_s4_topPKfPfS0_E5q_buf_24|         array|
|p_ZZ22transformer_blk_s4_topPKfPfS0_E5q_buf_24_we0                      |  out|    1|   ap_memory|                 p_ZZ22transformer_blk_s4_topPKfPfS0_E5q_buf_24|         array|
|p_ZZ22transformer_blk_s4_topPKfPfS0_E5q_buf_24_d0                       |  out|   32|   ap_memory|                 p_ZZ22transformer_blk_s4_topPKfPfS0_E5q_buf_24|         array|
|p_ZZ22transformer_blk_s4_topPKfPfS0_E5q_buf_25_address0                 |  out|    7|   ap_memory|                 p_ZZ22transformer_blk_s4_topPKfPfS0_E5q_buf_25|         array|
|p_ZZ22transformer_blk_s4_topPKfPfS0_E5q_buf_25_ce0                      |  out|    1|   ap_memory|                 p_ZZ22transformer_blk_s4_topPKfPfS0_E5q_buf_25|         array|
|p_ZZ22transformer_blk_s4_topPKfPfS0_E5q_buf_25_we0                      |  out|    1|   ap_memory|                 p_ZZ22transformer_blk_s4_topPKfPfS0_E5q_buf_25|         array|
|p_ZZ22transformer_blk_s4_topPKfPfS0_E5q_buf_25_d0                       |  out|   32|   ap_memory|                 p_ZZ22transformer_blk_s4_topPKfPfS0_E5q_buf_25|         array|
|p_ZZ22transformer_blk_s4_topPKfPfS0_E5q_buf_26_address0                 |  out|    7|   ap_memory|                 p_ZZ22transformer_blk_s4_topPKfPfS0_E5q_buf_26|         array|
|p_ZZ22transformer_blk_s4_topPKfPfS0_E5q_buf_26_ce0                      |  out|    1|   ap_memory|                 p_ZZ22transformer_blk_s4_topPKfPfS0_E5q_buf_26|         array|
|p_ZZ22transformer_blk_s4_topPKfPfS0_E5q_buf_26_we0                      |  out|    1|   ap_memory|                 p_ZZ22transformer_blk_s4_topPKfPfS0_E5q_buf_26|         array|
|p_ZZ22transformer_blk_s4_topPKfPfS0_E5q_buf_26_d0                       |  out|   32|   ap_memory|                 p_ZZ22transformer_blk_s4_topPKfPfS0_E5q_buf_26|         array|
|p_ZZ22transformer_blk_s4_topPKfPfS0_E5q_buf_27_address0                 |  out|    7|   ap_memory|                 p_ZZ22transformer_blk_s4_topPKfPfS0_E5q_buf_27|         array|
|p_ZZ22transformer_blk_s4_topPKfPfS0_E5q_buf_27_ce0                      |  out|    1|   ap_memory|                 p_ZZ22transformer_blk_s4_topPKfPfS0_E5q_buf_27|         array|
|p_ZZ22transformer_blk_s4_topPKfPfS0_E5q_buf_27_we0                      |  out|    1|   ap_memory|                 p_ZZ22transformer_blk_s4_topPKfPfS0_E5q_buf_27|         array|
|p_ZZ22transformer_blk_s4_topPKfPfS0_E5q_buf_27_d0                       |  out|   32|   ap_memory|                 p_ZZ22transformer_blk_s4_topPKfPfS0_E5q_buf_27|         array|
|p_ZZ22transformer_blk_s4_topPKfPfS0_E5q_buf_28_address0                 |  out|    7|   ap_memory|                 p_ZZ22transformer_blk_s4_topPKfPfS0_E5q_buf_28|         array|
|p_ZZ22transformer_blk_s4_topPKfPfS0_E5q_buf_28_ce0                      |  out|    1|   ap_memory|                 p_ZZ22transformer_blk_s4_topPKfPfS0_E5q_buf_28|         array|
|p_ZZ22transformer_blk_s4_topPKfPfS0_E5q_buf_28_we0                      |  out|    1|   ap_memory|                 p_ZZ22transformer_blk_s4_topPKfPfS0_E5q_buf_28|         array|
|p_ZZ22transformer_blk_s4_topPKfPfS0_E5q_buf_28_d0                       |  out|   32|   ap_memory|                 p_ZZ22transformer_blk_s4_topPKfPfS0_E5q_buf_28|         array|
|p_ZZ22transformer_blk_s4_topPKfPfS0_E5q_buf_29_address0                 |  out|    7|   ap_memory|                 p_ZZ22transformer_blk_s4_topPKfPfS0_E5q_buf_29|         array|
|p_ZZ22transformer_blk_s4_topPKfPfS0_E5q_buf_29_ce0                      |  out|    1|   ap_memory|                 p_ZZ22transformer_blk_s4_topPKfPfS0_E5q_buf_29|         array|
|p_ZZ22transformer_blk_s4_topPKfPfS0_E5q_buf_29_we0                      |  out|    1|   ap_memory|                 p_ZZ22transformer_blk_s4_topPKfPfS0_E5q_buf_29|         array|
|p_ZZ22transformer_blk_s4_topPKfPfS0_E5q_buf_29_d0                       |  out|   32|   ap_memory|                 p_ZZ22transformer_blk_s4_topPKfPfS0_E5q_buf_29|         array|
|p_ZZ22transformer_blk_s4_topPKfPfS0_E5q_buf_30_address0                 |  out|    7|   ap_memory|                 p_ZZ22transformer_blk_s4_topPKfPfS0_E5q_buf_30|         array|
|p_ZZ22transformer_blk_s4_topPKfPfS0_E5q_buf_30_ce0                      |  out|    1|   ap_memory|                 p_ZZ22transformer_blk_s4_topPKfPfS0_E5q_buf_30|         array|
|p_ZZ22transformer_blk_s4_topPKfPfS0_E5q_buf_30_we0                      |  out|    1|   ap_memory|                 p_ZZ22transformer_blk_s4_topPKfPfS0_E5q_buf_30|         array|
|p_ZZ22transformer_blk_s4_topPKfPfS0_E5q_buf_30_d0                       |  out|   32|   ap_memory|                 p_ZZ22transformer_blk_s4_topPKfPfS0_E5q_buf_30|         array|
|p_ZZ22transformer_blk_s4_topPKfPfS0_E5q_buf_31_address0                 |  out|    7|   ap_memory|                 p_ZZ22transformer_blk_s4_topPKfPfS0_E5q_buf_31|         array|
|p_ZZ22transformer_blk_s4_topPKfPfS0_E5q_buf_31_ce0                      |  out|    1|   ap_memory|                 p_ZZ22transformer_blk_s4_topPKfPfS0_E5q_buf_31|         array|
|p_ZZ22transformer_blk_s4_topPKfPfS0_E5q_buf_31_we0                      |  out|    1|   ap_memory|                 p_ZZ22transformer_blk_s4_topPKfPfS0_E5q_buf_31|         array|
|p_ZZ22transformer_blk_s4_topPKfPfS0_E5q_buf_31_d0                       |  out|   32|   ap_memory|                 p_ZZ22transformer_blk_s4_topPKfPfS0_E5q_buf_31|         array|
|p_ZZ22transformer_blk_s4_topPKfPfS0_E5q_buf_32_address0                 |  out|    7|   ap_memory|                 p_ZZ22transformer_blk_s4_topPKfPfS0_E5q_buf_32|         array|
|p_ZZ22transformer_blk_s4_topPKfPfS0_E5q_buf_32_ce0                      |  out|    1|   ap_memory|                 p_ZZ22transformer_blk_s4_topPKfPfS0_E5q_buf_32|         array|
|p_ZZ22transformer_blk_s4_topPKfPfS0_E5q_buf_32_we0                      |  out|    1|   ap_memory|                 p_ZZ22transformer_blk_s4_topPKfPfS0_E5q_buf_32|         array|
|p_ZZ22transformer_blk_s4_topPKfPfS0_E5q_buf_32_d0                       |  out|   32|   ap_memory|                 p_ZZ22transformer_blk_s4_topPKfPfS0_E5q_buf_32|         array|
|p_ZZ22transformer_blk_s4_topPKfPfS0_E5q_buf_33_address0                 |  out|    7|   ap_memory|                 p_ZZ22transformer_blk_s4_topPKfPfS0_E5q_buf_33|         array|
|p_ZZ22transformer_blk_s4_topPKfPfS0_E5q_buf_33_ce0                      |  out|    1|   ap_memory|                 p_ZZ22transformer_blk_s4_topPKfPfS0_E5q_buf_33|         array|
|p_ZZ22transformer_blk_s4_topPKfPfS0_E5q_buf_33_we0                      |  out|    1|   ap_memory|                 p_ZZ22transformer_blk_s4_topPKfPfS0_E5q_buf_33|         array|
|p_ZZ22transformer_blk_s4_topPKfPfS0_E5q_buf_33_d0                       |  out|   32|   ap_memory|                 p_ZZ22transformer_blk_s4_topPKfPfS0_E5q_buf_33|         array|
|p_ZZ22transformer_blk_s4_topPKfPfS0_E5q_buf_34_address0                 |  out|    7|   ap_memory|                 p_ZZ22transformer_blk_s4_topPKfPfS0_E5q_buf_34|         array|
|p_ZZ22transformer_blk_s4_topPKfPfS0_E5q_buf_34_ce0                      |  out|    1|   ap_memory|                 p_ZZ22transformer_blk_s4_topPKfPfS0_E5q_buf_34|         array|
|p_ZZ22transformer_blk_s4_topPKfPfS0_E5q_buf_34_we0                      |  out|    1|   ap_memory|                 p_ZZ22transformer_blk_s4_topPKfPfS0_E5q_buf_34|         array|
|p_ZZ22transformer_blk_s4_topPKfPfS0_E5q_buf_34_d0                       |  out|   32|   ap_memory|                 p_ZZ22transformer_blk_s4_topPKfPfS0_E5q_buf_34|         array|
|p_ZZ22transformer_blk_s4_topPKfPfS0_E5q_buf_35_address0                 |  out|    7|   ap_memory|                 p_ZZ22transformer_blk_s4_topPKfPfS0_E5q_buf_35|         array|
|p_ZZ22transformer_blk_s4_topPKfPfS0_E5q_buf_35_ce0                      |  out|    1|   ap_memory|                 p_ZZ22transformer_blk_s4_topPKfPfS0_E5q_buf_35|         array|
|p_ZZ22transformer_blk_s4_topPKfPfS0_E5q_buf_35_we0                      |  out|    1|   ap_memory|                 p_ZZ22transformer_blk_s4_topPKfPfS0_E5q_buf_35|         array|
|p_ZZ22transformer_blk_s4_topPKfPfS0_E5q_buf_35_d0                       |  out|   32|   ap_memory|                 p_ZZ22transformer_blk_s4_topPKfPfS0_E5q_buf_35|         array|
|p_ZZ22transformer_blk_s4_topPKfPfS0_E5q_buf_36_address0                 |  out|    7|   ap_memory|                 p_ZZ22transformer_blk_s4_topPKfPfS0_E5q_buf_36|         array|
|p_ZZ22transformer_blk_s4_topPKfPfS0_E5q_buf_36_ce0                      |  out|    1|   ap_memory|                 p_ZZ22transformer_blk_s4_topPKfPfS0_E5q_buf_36|         array|
|p_ZZ22transformer_blk_s4_topPKfPfS0_E5q_buf_36_we0                      |  out|    1|   ap_memory|                 p_ZZ22transformer_blk_s4_topPKfPfS0_E5q_buf_36|         array|
|p_ZZ22transformer_blk_s4_topPKfPfS0_E5q_buf_36_d0                       |  out|   32|   ap_memory|                 p_ZZ22transformer_blk_s4_topPKfPfS0_E5q_buf_36|         array|
|p_ZZ22transformer_blk_s4_topPKfPfS0_E5q_buf_37_address0                 |  out|    7|   ap_memory|                 p_ZZ22transformer_blk_s4_topPKfPfS0_E5q_buf_37|         array|
|p_ZZ22transformer_blk_s4_topPKfPfS0_E5q_buf_37_ce0                      |  out|    1|   ap_memory|                 p_ZZ22transformer_blk_s4_topPKfPfS0_E5q_buf_37|         array|
|p_ZZ22transformer_blk_s4_topPKfPfS0_E5q_buf_37_we0                      |  out|    1|   ap_memory|                 p_ZZ22transformer_blk_s4_topPKfPfS0_E5q_buf_37|         array|
|p_ZZ22transformer_blk_s4_topPKfPfS0_E5q_buf_37_d0                       |  out|   32|   ap_memory|                 p_ZZ22transformer_blk_s4_topPKfPfS0_E5q_buf_37|         array|
|p_ZZ22transformer_blk_s4_topPKfPfS0_E5q_buf_38_address0                 |  out|    7|   ap_memory|                 p_ZZ22transformer_blk_s4_topPKfPfS0_E5q_buf_38|         array|
|p_ZZ22transformer_blk_s4_topPKfPfS0_E5q_buf_38_ce0                      |  out|    1|   ap_memory|                 p_ZZ22transformer_blk_s4_topPKfPfS0_E5q_buf_38|         array|
|p_ZZ22transformer_blk_s4_topPKfPfS0_E5q_buf_38_we0                      |  out|    1|   ap_memory|                 p_ZZ22transformer_blk_s4_topPKfPfS0_E5q_buf_38|         array|
|p_ZZ22transformer_blk_s4_topPKfPfS0_E5q_buf_38_d0                       |  out|   32|   ap_memory|                 p_ZZ22transformer_blk_s4_topPKfPfS0_E5q_buf_38|         array|
|p_ZZ22transformer_blk_s4_topPKfPfS0_E5q_buf_39_address0                 |  out|    7|   ap_memory|                 p_ZZ22transformer_blk_s4_topPKfPfS0_E5q_buf_39|         array|
|p_ZZ22transformer_blk_s4_topPKfPfS0_E5q_buf_39_ce0                      |  out|    1|   ap_memory|                 p_ZZ22transformer_blk_s4_topPKfPfS0_E5q_buf_39|         array|
|p_ZZ22transformer_blk_s4_topPKfPfS0_E5q_buf_39_we0                      |  out|    1|   ap_memory|                 p_ZZ22transformer_blk_s4_topPKfPfS0_E5q_buf_39|         array|
|p_ZZ22transformer_blk_s4_topPKfPfS0_E5q_buf_39_d0                       |  out|   32|   ap_memory|                 p_ZZ22transformer_blk_s4_topPKfPfS0_E5q_buf_39|         array|
|p_ZZ22transformer_blk_s4_topPKfPfS0_E5q_buf_40_address0                 |  out|    7|   ap_memory|                 p_ZZ22transformer_blk_s4_topPKfPfS0_E5q_buf_40|         array|
|p_ZZ22transformer_blk_s4_topPKfPfS0_E5q_buf_40_ce0                      |  out|    1|   ap_memory|                 p_ZZ22transformer_blk_s4_topPKfPfS0_E5q_buf_40|         array|
|p_ZZ22transformer_blk_s4_topPKfPfS0_E5q_buf_40_we0                      |  out|    1|   ap_memory|                 p_ZZ22transformer_blk_s4_topPKfPfS0_E5q_buf_40|         array|
|p_ZZ22transformer_blk_s4_topPKfPfS0_E5q_buf_40_d0                       |  out|   32|   ap_memory|                 p_ZZ22transformer_blk_s4_topPKfPfS0_E5q_buf_40|         array|
|p_ZZ22transformer_blk_s4_topPKfPfS0_E5q_buf_41_address0                 |  out|    7|   ap_memory|                 p_ZZ22transformer_blk_s4_topPKfPfS0_E5q_buf_41|         array|
|p_ZZ22transformer_blk_s4_topPKfPfS0_E5q_buf_41_ce0                      |  out|    1|   ap_memory|                 p_ZZ22transformer_blk_s4_topPKfPfS0_E5q_buf_41|         array|
|p_ZZ22transformer_blk_s4_topPKfPfS0_E5q_buf_41_we0                      |  out|    1|   ap_memory|                 p_ZZ22transformer_blk_s4_topPKfPfS0_E5q_buf_41|         array|
|p_ZZ22transformer_blk_s4_topPKfPfS0_E5q_buf_41_d0                       |  out|   32|   ap_memory|                 p_ZZ22transformer_blk_s4_topPKfPfS0_E5q_buf_41|         array|
|p_ZZ22transformer_blk_s4_topPKfPfS0_E5q_buf_42_address0                 |  out|    7|   ap_memory|                 p_ZZ22transformer_blk_s4_topPKfPfS0_E5q_buf_42|         array|
|p_ZZ22transformer_blk_s4_topPKfPfS0_E5q_buf_42_ce0                      |  out|    1|   ap_memory|                 p_ZZ22transformer_blk_s4_topPKfPfS0_E5q_buf_42|         array|
|p_ZZ22transformer_blk_s4_topPKfPfS0_E5q_buf_42_we0                      |  out|    1|   ap_memory|                 p_ZZ22transformer_blk_s4_topPKfPfS0_E5q_buf_42|         array|
|p_ZZ22transformer_blk_s4_topPKfPfS0_E5q_buf_42_d0                       |  out|   32|   ap_memory|                 p_ZZ22transformer_blk_s4_topPKfPfS0_E5q_buf_42|         array|
|p_ZZ22transformer_blk_s4_topPKfPfS0_E5q_buf_43_address0                 |  out|    7|   ap_memory|                 p_ZZ22transformer_blk_s4_topPKfPfS0_E5q_buf_43|         array|
|p_ZZ22transformer_blk_s4_topPKfPfS0_E5q_buf_43_ce0                      |  out|    1|   ap_memory|                 p_ZZ22transformer_blk_s4_topPKfPfS0_E5q_buf_43|         array|
|p_ZZ22transformer_blk_s4_topPKfPfS0_E5q_buf_43_we0                      |  out|    1|   ap_memory|                 p_ZZ22transformer_blk_s4_topPKfPfS0_E5q_buf_43|         array|
|p_ZZ22transformer_blk_s4_topPKfPfS0_E5q_buf_43_d0                       |  out|   32|   ap_memory|                 p_ZZ22transformer_blk_s4_topPKfPfS0_E5q_buf_43|         array|
|p_ZZ22transformer_blk_s4_topPKfPfS0_E5q_buf_44_address0                 |  out|    7|   ap_memory|                 p_ZZ22transformer_blk_s4_topPKfPfS0_E5q_buf_44|         array|
|p_ZZ22transformer_blk_s4_topPKfPfS0_E5q_buf_44_ce0                      |  out|    1|   ap_memory|                 p_ZZ22transformer_blk_s4_topPKfPfS0_E5q_buf_44|         array|
|p_ZZ22transformer_blk_s4_topPKfPfS0_E5q_buf_44_we0                      |  out|    1|   ap_memory|                 p_ZZ22transformer_blk_s4_topPKfPfS0_E5q_buf_44|         array|
|p_ZZ22transformer_blk_s4_topPKfPfS0_E5q_buf_44_d0                       |  out|   32|   ap_memory|                 p_ZZ22transformer_blk_s4_topPKfPfS0_E5q_buf_44|         array|
|p_ZZ22transformer_blk_s4_topPKfPfS0_E5q_buf_45_address0                 |  out|    7|   ap_memory|                 p_ZZ22transformer_blk_s4_topPKfPfS0_E5q_buf_45|         array|
|p_ZZ22transformer_blk_s4_topPKfPfS0_E5q_buf_45_ce0                      |  out|    1|   ap_memory|                 p_ZZ22transformer_blk_s4_topPKfPfS0_E5q_buf_45|         array|
|p_ZZ22transformer_blk_s4_topPKfPfS0_E5q_buf_45_we0                      |  out|    1|   ap_memory|                 p_ZZ22transformer_blk_s4_topPKfPfS0_E5q_buf_45|         array|
|p_ZZ22transformer_blk_s4_topPKfPfS0_E5q_buf_45_d0                       |  out|   32|   ap_memory|                 p_ZZ22transformer_blk_s4_topPKfPfS0_E5q_buf_45|         array|
|p_ZZ22transformer_blk_s4_topPKfPfS0_E5q_buf_46_address0                 |  out|    7|   ap_memory|                 p_ZZ22transformer_blk_s4_topPKfPfS0_E5q_buf_46|         array|
|p_ZZ22transformer_blk_s4_topPKfPfS0_E5q_buf_46_ce0                      |  out|    1|   ap_memory|                 p_ZZ22transformer_blk_s4_topPKfPfS0_E5q_buf_46|         array|
|p_ZZ22transformer_blk_s4_topPKfPfS0_E5q_buf_46_we0                      |  out|    1|   ap_memory|                 p_ZZ22transformer_blk_s4_topPKfPfS0_E5q_buf_46|         array|
|p_ZZ22transformer_blk_s4_topPKfPfS0_E5q_buf_46_d0                       |  out|   32|   ap_memory|                 p_ZZ22transformer_blk_s4_topPKfPfS0_E5q_buf_46|         array|
|p_ZZ22transformer_blk_s4_topPKfPfS0_E5q_buf_47_address0                 |  out|    7|   ap_memory|                 p_ZZ22transformer_blk_s4_topPKfPfS0_E5q_buf_47|         array|
|p_ZZ22transformer_blk_s4_topPKfPfS0_E5q_buf_47_ce0                      |  out|    1|   ap_memory|                 p_ZZ22transformer_blk_s4_topPKfPfS0_E5q_buf_47|         array|
|p_ZZ22transformer_blk_s4_topPKfPfS0_E5q_buf_47_we0                      |  out|    1|   ap_memory|                 p_ZZ22transformer_blk_s4_topPKfPfS0_E5q_buf_47|         array|
|p_ZZ22transformer_blk_s4_topPKfPfS0_E5q_buf_47_d0                       |  out|   32|   ap_memory|                 p_ZZ22transformer_blk_s4_topPKfPfS0_E5q_buf_47|         array|
|p_ZZ22transformer_blk_s4_topPKfPfS0_E5q_buf_48_address0                 |  out|    7|   ap_memory|                 p_ZZ22transformer_blk_s4_topPKfPfS0_E5q_buf_48|         array|
|p_ZZ22transformer_blk_s4_topPKfPfS0_E5q_buf_48_ce0                      |  out|    1|   ap_memory|                 p_ZZ22transformer_blk_s4_topPKfPfS0_E5q_buf_48|         array|
|p_ZZ22transformer_blk_s4_topPKfPfS0_E5q_buf_48_we0                      |  out|    1|   ap_memory|                 p_ZZ22transformer_blk_s4_topPKfPfS0_E5q_buf_48|         array|
|p_ZZ22transformer_blk_s4_topPKfPfS0_E5q_buf_48_d0                       |  out|   32|   ap_memory|                 p_ZZ22transformer_blk_s4_topPKfPfS0_E5q_buf_48|         array|
|p_ZZ22transformer_blk_s4_topPKfPfS0_E5q_buf_49_address0                 |  out|    7|   ap_memory|                 p_ZZ22transformer_blk_s4_topPKfPfS0_E5q_buf_49|         array|
|p_ZZ22transformer_blk_s4_topPKfPfS0_E5q_buf_49_ce0                      |  out|    1|   ap_memory|                 p_ZZ22transformer_blk_s4_topPKfPfS0_E5q_buf_49|         array|
|p_ZZ22transformer_blk_s4_topPKfPfS0_E5q_buf_49_we0                      |  out|    1|   ap_memory|                 p_ZZ22transformer_blk_s4_topPKfPfS0_E5q_buf_49|         array|
|p_ZZ22transformer_blk_s4_topPKfPfS0_E5q_buf_49_d0                       |  out|   32|   ap_memory|                 p_ZZ22transformer_blk_s4_topPKfPfS0_E5q_buf_49|         array|
|p_ZZ22transformer_blk_s4_topPKfPfS0_E5q_buf_50_address0                 |  out|    7|   ap_memory|                 p_ZZ22transformer_blk_s4_topPKfPfS0_E5q_buf_50|         array|
|p_ZZ22transformer_blk_s4_topPKfPfS0_E5q_buf_50_ce0                      |  out|    1|   ap_memory|                 p_ZZ22transformer_blk_s4_topPKfPfS0_E5q_buf_50|         array|
|p_ZZ22transformer_blk_s4_topPKfPfS0_E5q_buf_50_we0                      |  out|    1|   ap_memory|                 p_ZZ22transformer_blk_s4_topPKfPfS0_E5q_buf_50|         array|
|p_ZZ22transformer_blk_s4_topPKfPfS0_E5q_buf_50_d0                       |  out|   32|   ap_memory|                 p_ZZ22transformer_blk_s4_topPKfPfS0_E5q_buf_50|         array|
|p_ZZ22transformer_blk_s4_topPKfPfS0_E5q_buf_51_address0                 |  out|    7|   ap_memory|                 p_ZZ22transformer_blk_s4_topPKfPfS0_E5q_buf_51|         array|
|p_ZZ22transformer_blk_s4_topPKfPfS0_E5q_buf_51_ce0                      |  out|    1|   ap_memory|                 p_ZZ22transformer_blk_s4_topPKfPfS0_E5q_buf_51|         array|
|p_ZZ22transformer_blk_s4_topPKfPfS0_E5q_buf_51_we0                      |  out|    1|   ap_memory|                 p_ZZ22transformer_blk_s4_topPKfPfS0_E5q_buf_51|         array|
|p_ZZ22transformer_blk_s4_topPKfPfS0_E5q_buf_51_d0                       |  out|   32|   ap_memory|                 p_ZZ22transformer_blk_s4_topPKfPfS0_E5q_buf_51|         array|
|p_ZZ22transformer_blk_s4_topPKfPfS0_E5q_buf_52_address0                 |  out|    7|   ap_memory|                 p_ZZ22transformer_blk_s4_topPKfPfS0_E5q_buf_52|         array|
|p_ZZ22transformer_blk_s4_topPKfPfS0_E5q_buf_52_ce0                      |  out|    1|   ap_memory|                 p_ZZ22transformer_blk_s4_topPKfPfS0_E5q_buf_52|         array|
|p_ZZ22transformer_blk_s4_topPKfPfS0_E5q_buf_52_we0                      |  out|    1|   ap_memory|                 p_ZZ22transformer_blk_s4_topPKfPfS0_E5q_buf_52|         array|
|p_ZZ22transformer_blk_s4_topPKfPfS0_E5q_buf_52_d0                       |  out|   32|   ap_memory|                 p_ZZ22transformer_blk_s4_topPKfPfS0_E5q_buf_52|         array|
|p_ZZ22transformer_blk_s4_topPKfPfS0_E5q_buf_53_address0                 |  out|    7|   ap_memory|                 p_ZZ22transformer_blk_s4_topPKfPfS0_E5q_buf_53|         array|
|p_ZZ22transformer_blk_s4_topPKfPfS0_E5q_buf_53_ce0                      |  out|    1|   ap_memory|                 p_ZZ22transformer_blk_s4_topPKfPfS0_E5q_buf_53|         array|
|p_ZZ22transformer_blk_s4_topPKfPfS0_E5q_buf_53_we0                      |  out|    1|   ap_memory|                 p_ZZ22transformer_blk_s4_topPKfPfS0_E5q_buf_53|         array|
|p_ZZ22transformer_blk_s4_topPKfPfS0_E5q_buf_53_d0                       |  out|   32|   ap_memory|                 p_ZZ22transformer_blk_s4_topPKfPfS0_E5q_buf_53|         array|
|p_ZZ22transformer_blk_s4_topPKfPfS0_E5q_buf_54_address0                 |  out|    7|   ap_memory|                 p_ZZ22transformer_blk_s4_topPKfPfS0_E5q_buf_54|         array|
|p_ZZ22transformer_blk_s4_topPKfPfS0_E5q_buf_54_ce0                      |  out|    1|   ap_memory|                 p_ZZ22transformer_blk_s4_topPKfPfS0_E5q_buf_54|         array|
|p_ZZ22transformer_blk_s4_topPKfPfS0_E5q_buf_54_we0                      |  out|    1|   ap_memory|                 p_ZZ22transformer_blk_s4_topPKfPfS0_E5q_buf_54|         array|
|p_ZZ22transformer_blk_s4_topPKfPfS0_E5q_buf_54_d0                       |  out|   32|   ap_memory|                 p_ZZ22transformer_blk_s4_topPKfPfS0_E5q_buf_54|         array|
|p_ZZ22transformer_blk_s4_topPKfPfS0_E5q_buf_55_address0                 |  out|    7|   ap_memory|                 p_ZZ22transformer_blk_s4_topPKfPfS0_E5q_buf_55|         array|
|p_ZZ22transformer_blk_s4_topPKfPfS0_E5q_buf_55_ce0                      |  out|    1|   ap_memory|                 p_ZZ22transformer_blk_s4_topPKfPfS0_E5q_buf_55|         array|
|p_ZZ22transformer_blk_s4_topPKfPfS0_E5q_buf_55_we0                      |  out|    1|   ap_memory|                 p_ZZ22transformer_blk_s4_topPKfPfS0_E5q_buf_55|         array|
|p_ZZ22transformer_blk_s4_topPKfPfS0_E5q_buf_55_d0                       |  out|   32|   ap_memory|                 p_ZZ22transformer_blk_s4_topPKfPfS0_E5q_buf_55|         array|
|p_ZZ22transformer_blk_s4_topPKfPfS0_E5q_buf_56_address0                 |  out|    7|   ap_memory|                 p_ZZ22transformer_blk_s4_topPKfPfS0_E5q_buf_56|         array|
|p_ZZ22transformer_blk_s4_topPKfPfS0_E5q_buf_56_ce0                      |  out|    1|   ap_memory|                 p_ZZ22transformer_blk_s4_topPKfPfS0_E5q_buf_56|         array|
|p_ZZ22transformer_blk_s4_topPKfPfS0_E5q_buf_56_we0                      |  out|    1|   ap_memory|                 p_ZZ22transformer_blk_s4_topPKfPfS0_E5q_buf_56|         array|
|p_ZZ22transformer_blk_s4_topPKfPfS0_E5q_buf_56_d0                       |  out|   32|   ap_memory|                 p_ZZ22transformer_blk_s4_topPKfPfS0_E5q_buf_56|         array|
|p_ZZ22transformer_blk_s4_topPKfPfS0_E5q_buf_57_address0                 |  out|    7|   ap_memory|                 p_ZZ22transformer_blk_s4_topPKfPfS0_E5q_buf_57|         array|
|p_ZZ22transformer_blk_s4_topPKfPfS0_E5q_buf_57_ce0                      |  out|    1|   ap_memory|                 p_ZZ22transformer_blk_s4_topPKfPfS0_E5q_buf_57|         array|
|p_ZZ22transformer_blk_s4_topPKfPfS0_E5q_buf_57_we0                      |  out|    1|   ap_memory|                 p_ZZ22transformer_blk_s4_topPKfPfS0_E5q_buf_57|         array|
|p_ZZ22transformer_blk_s4_topPKfPfS0_E5q_buf_57_d0                       |  out|   32|   ap_memory|                 p_ZZ22transformer_blk_s4_topPKfPfS0_E5q_buf_57|         array|
|p_ZZ22transformer_blk_s4_topPKfPfS0_E5q_buf_58_address0                 |  out|    7|   ap_memory|                 p_ZZ22transformer_blk_s4_topPKfPfS0_E5q_buf_58|         array|
|p_ZZ22transformer_blk_s4_topPKfPfS0_E5q_buf_58_ce0                      |  out|    1|   ap_memory|                 p_ZZ22transformer_blk_s4_topPKfPfS0_E5q_buf_58|         array|
|p_ZZ22transformer_blk_s4_topPKfPfS0_E5q_buf_58_we0                      |  out|    1|   ap_memory|                 p_ZZ22transformer_blk_s4_topPKfPfS0_E5q_buf_58|         array|
|p_ZZ22transformer_blk_s4_topPKfPfS0_E5q_buf_58_d0                       |  out|   32|   ap_memory|                 p_ZZ22transformer_blk_s4_topPKfPfS0_E5q_buf_58|         array|
|p_ZZ22transformer_blk_s4_topPKfPfS0_E5q_buf_59_address0                 |  out|    7|   ap_memory|                 p_ZZ22transformer_blk_s4_topPKfPfS0_E5q_buf_59|         array|
|p_ZZ22transformer_blk_s4_topPKfPfS0_E5q_buf_59_ce0                      |  out|    1|   ap_memory|                 p_ZZ22transformer_blk_s4_topPKfPfS0_E5q_buf_59|         array|
|p_ZZ22transformer_blk_s4_topPKfPfS0_E5q_buf_59_we0                      |  out|    1|   ap_memory|                 p_ZZ22transformer_blk_s4_topPKfPfS0_E5q_buf_59|         array|
|p_ZZ22transformer_blk_s4_topPKfPfS0_E5q_buf_59_d0                       |  out|   32|   ap_memory|                 p_ZZ22transformer_blk_s4_topPKfPfS0_E5q_buf_59|         array|
+------------------------------------------------------------------------+-----+-----+------------+---------------------------------------------------------------+--------------+

