

================================================================
== Vitis HLS Report for 'conv1x1_plain_1'
================================================================
* Date:           Mon Jun  1 16:20:12 2026

* Version:        2022.2 (Build 3670227 on Oct 13 2022)
* Project:        fpn_192
* Solution:       solution1 (Vivado IP Flow Target)
* Product family: zynquplus
* Target device:  xczu9eg-ffvb1156-2-e


================================================================
== Performance Estimates
================================================================
+ Timing: 
    * Summary: 
    +--------+---------+----------+------------+
    |  Clock |  Target | Estimated| Uncertainty|
    +--------+---------+----------+------------+
    |ap_clk  |  5.00 ns|  3.397 ns|     1.35 ns|
    +--------+---------+----------+------------+

+ Latency: 
    * Summary: 
    +----------+----------+-----------+-----------+----------+----------+---------+
    |   Latency (cycles)  |   Latency (absolute)  |       Interval      | Pipeline|
    |    min   |    max   |    min    |    max    |    min   |    max   |   Type  |
    +----------+----------+-----------+-----------+----------+----------+---------+
    |  12289105|  12289105|  61.446 ms|  61.446 ms|  12289105|  12289105|       no|
    +----------+----------+-----------+-----------+----------+----------+---------+

    + Detail: 
        * Instance: 
        +---------------------------------------------------+----------------------------------------+---------+---------+----------+----------+--------+--------+---------+
        |                                                   |                                        |  Latency (cycles) |  Latency (absolute) |     Interval    | Pipeline|
        |                      Instance                     |                 Module                 |   min   |   max   |    min   |    max   |   min  |   max  |   Type  |
        +---------------------------------------------------+----------------------------------------+---------+---------+----------+----------+--------+--------+---------+
        |grp_conv1x1_plain_1_Pipeline_C1P_HW_C1P_IC_fu_119  |conv1x1_plain_1_Pipeline_C1P_HW_C1P_IC  |   256019|   256019|  1.280 ms|  1.280 ms|  256019|  256019|       no|
        +---------------------------------------------------+----------------------------------------+---------+---------+----------+----------+--------+--------+---------+

        * Loop: 
        +----------+----------+----------+----------+-----------+-----------+------+----------+
        |          |   Latency (cycles)  | Iteration|  Initiation Interval  | Trip |          |
        | Loop Name|    min   |    max   |  Latency |  achieved |   target  | Count| Pipelined|
        +----------+----------+----------+----------+-----------+-----------+------+----------+
        |- C1P_OC  |  12289104|  12289104|    256023|          -|          -|    48|        no|
        +----------+----------+----------+----------+-----------+-----------+------+----------+



================================================================
== Utilization Estimates
================================================================
* Summary: 
+-----------------+---------+------+--------+--------+-----+
|       Name      | BRAM_18K|  DSP |   FF   |   LUT  | URAM|
+-----------------+---------+------+--------+--------+-----+
|DSP              |        -|     -|       -|       -|    -|
|Expression       |        -|     -|       0|     148|    -|
|FIFO             |        -|     -|       -|       -|    -|
|Instance         |        -|     1|     869|    1079|    -|
|Memory           |        -|     -|       -|       -|    -|
|Multiplexer      |        -|     -|       -|      95|    -|
|Register         |        -|     -|     267|       -|    -|
+-----------------+---------+------+--------+--------+-----+
|Total            |        0|     1|    1136|    1322|    0|
+-----------------+---------+------+--------+--------+-----+
|Available        |     1824|  2520|  548160|  274080|    0|
+-----------------+---------+------+--------+--------+-----+
|Utilization (%)  |        0|    ~0|      ~0|      ~0|    0|
+-----------------+---------+------+--------+--------+-----+

+ Detail: 
    * Instance: 
    +---------------------------------------------------+----------------------------------------+---------+----+-----+------+-----+
    |                      Instance                     |                 Module                 | BRAM_18K| DSP|  FF |  LUT | URAM|
    +---------------------------------------------------+----------------------------------------+---------+----+-----+------+-----+
    |grp_conv1x1_plain_1_Pipeline_C1P_HW_C1P_IC_fu_119  |conv1x1_plain_1_Pipeline_C1P_HW_C1P_IC  |        0|   1|  869|  1017|    0|
    |mul_8ns_10ns_17_1_1_U33                            |mul_8ns_10ns_17_1_1                     |        0|   0|    0|    62|    0|
    +---------------------------------------------------+----------------------------------------+---------+----+-----+------+-----+
    |Total                                              |                                        |        0|   1|  869|  1079|    0|
    +---------------------------------------------------+----------------------------------------+---------+----+-----+------+-----+

    * DSP: 
    N/A

    * Memory: 
    N/A

    * FIFO: 
    N/A

    * Expression: 
    +----------------------+----------+----+---+----+------------+------------+
    |     Variable Name    | Operation| DSP| FF| LUT| Bitwidth P0| Bitwidth P1|
    +----------------------+----------+----+---+----+------------+------------+
    |add_ln395_fu_257_p2   |         +|   0|  0|  15|           8|           3|
    |empty_78_fu_163_p2    |         +|   0|  0|  18|          11|          10|
    |empty_80_fu_179_p2    |         +|   0|  0|  18|          11|          10|
    |empty_81_fu_185_p2    |         +|   0|  0|  18|          11|          10|
    |empty_83_fu_201_p2    |         +|   0|  0|  18|          11|          10|
    |icmp_ln395_fu_145_p2  |      icmp|   0|  0|  11|           8|           8|
    |empty_79_fu_169_p2    |        or|   0|  0|  10|          10|           3|
    |empty_82_fu_191_p2    |        or|   0|  0|  10|          10|           4|
    |empty_84_fu_293_p2    |        or|   0|  0|  15|          15|           8|
    |empty_85_fu_300_p2    |        or|   0|  0|  15|          15|           9|
    +----------------------+----------+----+---+----+------------+------------+
    |Total                 |          |   0|  0| 148|         110|          75|
    +----------------------+----------+----+---+----+------------+------------+

    * Multiplexer: 
    +--------------------+----+-----------+-----+-----------+
    |        Name        | LUT| Input Size| Bits| Total Bits|
    +--------------------+----+-----------+-----+-----------+
    |ap_NS_fsm           |  31|          6|    1|          6|
    |grp_fu_421_ce       |   9|          2|    1|          2|
    |grp_fu_425_ce       |   9|          2|    1|          2|
    |grp_fu_429_ce       |   9|          2|    1|          2|
    |oc_fu_74            |   9|          2|    8|         16|
    |w_meta_Addr_A_orig  |  14|          3|   32|         96|
    |w_meta_Addr_B_orig  |  14|          3|   32|         96|
    +--------------------+----+-----------+-----+-----------+
    |Total               |  95|         20|   76|        220|
    +--------------------+----+-----------+-----+-----------+

    * Register: 
    +----------------------------------------------------------------+----+----+-----+-----------+
    |                              Name                              | FF | LUT| Bits| Const Bits|
    +----------------------------------------------------------------+----+----+-----+-----------+
    |acc0_reg_401                                                    |  32|   0|   32|          0|
    |acc1_reg_406                                                    |  32|   0|   32|          0|
    |acc2_reg_411                                                    |  32|   0|   32|          0|
    |acc3_reg_416                                                    |  32|   0|   32|          0|
    |ap_CS_fsm                                                       |   5|   0|    5|          0|
    |empty_84_reg_391                                                |   7|   0|   15|          8|
    |empty_85_reg_396                                                |   6|   0|   15|          9|
    |empty_86_reg_361                                                |  17|   0|   17|          0|
    |grp_conv1x1_plain_1_Pipeline_C1P_HW_C1P_IC_fu_119_ap_start_reg  |   1|   0|    1|          0|
    |oc_3_reg_332                                                    |   8|   0|    8|          0|
    |oc_fu_74                                                        |   8|   0|    8|          0|
    |tmp_10_reg_351                                                  |   8|   0|    9|          1|
    |tmp_11_reg_356                                                  |   7|   0|    9|          2|
    |tmp_s_reg_386                                                   |   8|   0|   15|          7|
    |w_meta_load_7_reg_371                                           |  32|   0|   32|          0|
    |w_meta_load_reg_366                                             |  32|   0|   32|          0|
    +----------------------------------------------------------------+----+----+-----+-----------+
    |Total                                                           | 267|   0|  294|         27|
    +----------------------------------------------------------------+----+----+-----+-----------+



================================================================
== Interface
================================================================
* Summary: 
+---------------------+-----+-----+------------+-----------------+--------------+
|      RTL Ports      | Dir | Bits|  Protocol  |  Source Object  |    C Type    |
+---------------------+-----+-----+------------+-----------------+--------------+
|ap_clk               |   in|    1|  ap_ctrl_hs|  conv1x1_plain.1|  return value|
|ap_rst               |   in|    1|  ap_ctrl_hs|  conv1x1_plain.1|  return value|
|ap_start             |   in|    1|  ap_ctrl_hs|  conv1x1_plain.1|  return value|
|ap_done              |  out|    1|  ap_ctrl_hs|  conv1x1_plain.1|  return value|
|ap_idle              |  out|    1|  ap_ctrl_hs|  conv1x1_plain.1|  return value|
|ap_ready             |  out|    1|  ap_ctrl_hs|  conv1x1_plain.1|  return value|
|grp_fu_144_p_din0    |  out|   32|  ap_ctrl_hs|  conv1x1_plain.1|  return value|
|grp_fu_144_p_din1    |  out|   32|  ap_ctrl_hs|  conv1x1_plain.1|  return value|
|grp_fu_144_p_opcode  |  out|    2|  ap_ctrl_hs|  conv1x1_plain.1|  return value|
|grp_fu_144_p_dout0   |   in|   32|  ap_ctrl_hs|  conv1x1_plain.1|  return value|
|grp_fu_144_p_ce      |  out|    1|  ap_ctrl_hs|  conv1x1_plain.1|  return value|
|grp_fu_148_p_din0    |  out|   32|  ap_ctrl_hs|  conv1x1_plain.1|  return value|
|grp_fu_148_p_din1    |  out|   32|  ap_ctrl_hs|  conv1x1_plain.1|  return value|
|grp_fu_148_p_dout0   |   in|   32|  ap_ctrl_hs|  conv1x1_plain.1|  return value|
|grp_fu_148_p_ce      |  out|    1|  ap_ctrl_hs|  conv1x1_plain.1|  return value|
|grp_fu_152_p_din0    |  out|   32|  ap_ctrl_hs|  conv1x1_plain.1|  return value|
|grp_fu_152_p_dout0   |   in|   32|  ap_ctrl_hs|  conv1x1_plain.1|  return value|
|grp_fu_152_p_ce      |  out|    1|  ap_ctrl_hs|  conv1x1_plain.1|  return value|
|c3_Addr_A            |  out|   32|        bram|               c3|         array|
|c3_EN_A              |  out|    1|        bram|               c3|         array|
|c3_WEN_A             |  out|    4|        bram|               c3|         array|
|c3_Din_A             |  out|   32|        bram|               c3|         array|
|c3_Dout_A            |   in|   32|        bram|               c3|         array|
|w_conv_Addr_A        |  out|   32|        bram|           w_conv|         array|
|w_conv_EN_A          |  out|    1|        bram|           w_conv|         array|
|w_conv_WEN_A         |  out|    1|        bram|           w_conv|         array|
|w_conv_Din_A         |  out|    8|        bram|           w_conv|         array|
|w_conv_Dout_A        |   in|    8|        bram|           w_conv|         array|
|w_conv_Addr_B        |  out|   32|        bram|           w_conv|         array|
|w_conv_EN_B          |  out|    1|        bram|           w_conv|         array|
|w_conv_WEN_B         |  out|    1|        bram|           w_conv|         array|
|w_conv_Din_B         |  out|    8|        bram|           w_conv|         array|
|w_conv_Dout_B        |   in|    8|        bram|           w_conv|         array|
|w_meta_Addr_A        |  out|   32|        bram|           w_meta|         array|
|w_meta_EN_A          |  out|    1|        bram|           w_meta|         array|
|w_meta_WEN_A         |  out|    4|        bram|           w_meta|         array|
|w_meta_Din_A         |  out|   32|        bram|           w_meta|         array|
|w_meta_Dout_A        |   in|   32|        bram|           w_meta|         array|
|w_meta_Addr_B        |  out|   32|        bram|           w_meta|         array|
|w_meta_EN_B          |  out|    1|        bram|           w_meta|         array|
|w_meta_WEN_B         |  out|    4|        bram|           w_meta|         array|
|w_meta_Din_B         |  out|   32|        bram|           w_meta|         array|
|w_meta_Dout_B        |   in|   32|        bram|           w_meta|         array|
|lat3_address0        |  out|   17|   ap_memory|             lat3|         array|
|lat3_ce0             |  out|    1|   ap_memory|             lat3|         array|
|lat3_we0             |  out|    1|   ap_memory|             lat3|         array|
|lat3_d0              |  out|   32|   ap_memory|             lat3|         array|
+---------------------+-----+-----+------------+-----------------+--------------+

