

================================================================
== Vitis HLS Report for 'conv1x1_plain_Pipeline_C1P_HW_C1P_IC'
================================================================
* Date:           Mon Jun  1 16:20:11 2026

* Version:        2022.2 (Build 3670227 on Oct 13 2022)
* Project:        fpn_192
* Solution:       solution1 (Vivado IP Flow Target)
* Product family: zynquplus
* Target device:  xczu9eg-ffvb1156-2-e


================================================================
== Performance Estimates
================================================================
+ Timing: 
    * Summary: 
    +--------+---------+----------+------------+
    |  Clock |  Target | Estimated| Uncertainty|
    +--------+---------+----------+------------+
    |ap_clk  |  5.00 ns|  3.415 ns|     1.35 ns|
    +--------+---------+----------+------------+

+ Latency: 
    * Summary: 
    +---------+---------+----------+----------+--------+--------+---------+
    |  Latency (cycles) |  Latency (absolute) |     Interval    | Pipeline|
    |   min   |   max   |    min   |    max   |   min  |   max  |   Type  |
    +---------+---------+----------+----------+--------+--------+---------+
    |   320019|   320019|  1.600 ms|  1.600 ms|  320019|  320019|       no|
    +---------+---------+----------+----------+--------+--------+---------+

    + Detail: 
        * Instance: 
        N/A

        * Loop: 
        +-----------------+---------+---------+----------+-----------+-----------+-------+----------+
        |                 |  Latency (cycles) | Iteration|  Initiation Interval  |  Trip |          |
        |    Loop Name    |   min   |   max   |  Latency |  achieved |   target  | Count | Pipelined|
        +-----------------+---------+---------+----------+-----------+-----------+-------+----------+
        |- C1P_HW_C1P_IC  |   320017|   320017|        23|          5|          1|  64000|       yes|
        +-----------------+---------+---------+----------+-----------+-----------+-------+----------+



================================================================
== Utilization Estimates
================================================================
* Summary: 
+-----------------+---------+------+--------+--------+-----+
|       Name      | BRAM_18K|  DSP |   FF   |   LUT  | URAM|
+-----------------+---------+------+--------+--------+-----+
|DSP              |        -|     1|       -|       -|    -|
|Expression       |        -|     -|       0|     522|    -|
|FIFO             |        -|     -|       -|       -|    -|
|Instance         |        -|     -|       -|       -|    -|
|Memory           |        -|     -|       -|       -|    -|
|Multiplexer      |        -|     -|       -|     392|    -|
|Register         |        -|     -|     826|     128|    -|
+-----------------+---------+------+--------+--------+-----+
|Total            |        0|     1|     826|    1042|    0|
+-----------------+---------+------+--------+--------+-----+
|Available        |     1824|  2520|  548160|  274080|    0|
+-----------------+---------+------+--------+--------+-----+
|Utilization (%)  |        0|    ~0|      ~0|      ~0|    0|
+-----------------+---------+------+--------+--------+-----+

+ Detail: 
    * Instance: 
    N/A

    * DSP: 
    +-----------------------------------+--------------------------------+--------------+
    |              Instance             |             Module             |  Expression  |
    +-----------------------------------+--------------------------------+--------------+
    |mac_muladd_10ns_7ns_7ns_16_4_1_U4  |mac_muladd_10ns_7ns_7ns_16_4_1  |  i0 * i1 + i2|
    +-----------------------------------+--------------------------------+--------------+

    * Memory: 
    N/A

    * FIFO: 
    N/A

    * Expression: 
    +--------------------------+----------+----+---+----+------------+------------+
    |       Variable Name      | Operation| DSP| FF| LUT| Bitwidth P0| Bitwidth P1|
    +--------------------------+----------+----+---+----+------------+------------+
    |add_ln396_1_fu_418_p2     |         +|   0|  0|  14|           7|           1|
    |add_ln396_fu_308_p2       |         +|   0|  0|  23|          16|           1|
    |add_ln401_fu_350_p2       |         +|   0|  0|  17|          10|           1|
    |add_ln404_fu_339_p2       |         +|   0|  0|  24|          17|          17|
    |add_ln405_1_fu_375_p2     |         +|   0|  0|  18|          11|          10|
    |add_ln405_fu_385_p2       |         +|   0|  0|  24|          17|          17|
    |add_ln406_1_fu_395_p2     |         +|   0|  0|  18|          11|          11|
    |add_ln406_fu_405_p2       |         +|   0|  0|  24|          17|          17|
    |add_ln407_1_fu_443_p2     |         +|   0|  0|  19|          12|          11|
    |add_ln407_fu_453_p2       |         +|   0|  0|  24|          17|          17|
    |add_ln409_fu_538_p2       |         +|   0|  0|  22|          15|          15|
    |add_ln410_1_fu_556_p2     |         +|   0|  0|  15|           8|           7|
    |add_ln410_fu_566_p2       |         +|   0|  0|  22|          15|          15|
    |add_ln411_1_fu_584_p2     |         +|   0|  0|  16|           9|           8|
    |add_ln411_fu_594_p2       |         +|   0|  0|  22|          15|          15|
    |add_ln412_1_fu_609_p2     |         +|   0|  0|  16|           9|           9|
    |add_ln412_fu_618_p2       |         +|   0|  0|  22|          15|          15|
    |icmp_ln396_fu_302_p2      |      icmp|   0|  0|  13|          16|          12|
    |icmp_ln401_1_fu_356_p2    |      icmp|   0|  0|  11|          10|          10|
    |icmp_ln401_fu_317_p2      |      icmp|   0|  0|  11|          10|          10|
    |select_ln396_1_fu_523_p3  |    select|   0|  0|  32|           1|          32|
    |select_ln396_2_fu_513_p3  |    select|   0|  0|  32|           1|          32|
    |select_ln396_3_fu_503_p3  |    select|   0|  0|  32|           1|          32|
    |select_ln396_4_fu_493_p3  |    select|   0|  0|  32|           1|          32|
    |select_ln396_5_fu_424_p3  |    select|   0|  0|   7|           1|           7|
    |select_ln396_fu_323_p3    |    select|   0|  0|  10|           1|           1|
    |ap_enable_pp0             |       xor|   0|  0|   2|           1|           2|
    +--------------------------+----------+----+---+----+------------+------------+
    |Total                     |          |   0|  0| 522|         264|         357|
    +--------------------------+----------+----+---+----+------------+------------+

    * Multiplexer: 
    +--------------------------------------+----+-----------+-----+-----------+
    |                 Name                 | LUT| Input Size| Bits| Total Bits|
    +--------------------------------------+----+-----------+-----+-----------+
    |acc0_02_fu_88                         |   9|          2|   32|         64|
    |acc1_3_fu_92                          |   9|          2|   32|         64|
    |acc2_3_fu_96                          |   9|          2|   32|         64|
    |acc3_3_fu_100                         |   9|          2|   32|         64|
    |ap_NS_fsm                             |  31|          6|    1|          6|
    |ap_done_int                           |   9|          2|    1|          2|
    |ap_enable_reg_pp0_iter0               |   9|          2|    1|          2|
    |ap_enable_reg_pp0_iter1               |   9|          2|    1|          2|
    |ap_enable_reg_pp0_iter4               |   9|          2|    1|          2|
    |ap_loop_exit_ready_pp0_iter1_reg      |   9|          2|    1|          2|
    |ap_loop_exit_ready_pp0_iter2_reg      |   9|          2|    1|          2|
    |ap_loop_exit_ready_pp0_iter3_reg      |   9|          2|    1|          2|
    |ap_sig_allocacmp_acc0_02_load         |   9|          2|   32|         64|
    |ap_sig_allocacmp_acc1_3_load          |   9|          2|   32|         64|
    |ap_sig_allocacmp_acc2_3_load          |   9|          2|   32|         64|
    |ap_sig_allocacmp_acc3_3_load          |   9|          2|   32|         64|
    |ap_sig_allocacmp_ic_load              |   9|          2|   10|         20|
    |ap_sig_allocacmp_indvar_flatten_load  |   9|          2|   16|         32|
    |grp_fu_243_p0                         |  26|          5|   32|        160|
    |grp_fu_243_p1                         |  26|          5|   32|        160|
    |grp_fu_247_p0                         |  14|          3|   32|         96|
    |grp_fu_247_p1                         |  26|          5|   32|        160|
    |grp_fu_251_p0                         |  26|          5|   32|        160|
    |hw_fu_108                             |   9|          2|    7|         14|
    |ic_fu_104                             |   9|          2|   10|         20|
    |indvar_flatten_fu_112                 |   9|          2|   16|         32|
    |lat4_address0                         |  26|          5|   15|         75|
    |reg_254                               |   9|          2|    8|         16|
    |w_conv_Addr_A_orig                    |  14|          3|   32|         96|
    |w_conv_Addr_B_orig                    |  14|          3|   32|         96|
    +--------------------------------------+----+-----------+-----+-----------+
    |Total                                 | 392|         82|  570|       1669|
    +--------------------------------------+----+-----------+-----+-----------+

    * Register: 
    +----------------------------------+----+----+-----+-----------+
    |               Name               | FF | LUT| Bits| Const Bits|
    +----------------------------------+----+----+-----+-----------+
    |acc0_02_fu_88                     |  32|   0|   32|          0|
    |acc1_3_fu_92                      |  32|   0|   32|          0|
    |acc2_3_fu_96                      |  32|   0|   32|          0|
    |acc3_3_fu_100                     |  32|   0|   32|          0|
    |ap_CS_fsm                         |   5|   0|    5|          0|
    |ap_done_reg                       |   1|   0|    1|          0|
    |ap_enable_reg_pp0_iter0_reg       |   1|   0|    1|          0|
    |ap_enable_reg_pp0_iter1           |   1|   0|    1|          0|
    |ap_enable_reg_pp0_iter2           |   1|   0|    1|          0|
    |ap_enable_reg_pp0_iter3           |   1|   0|    1|          0|
    |ap_enable_reg_pp0_iter4           |   1|   0|    1|          0|
    |ap_loop_exit_ready_pp0_iter1_reg  |   1|   0|    1|          0|
    |ap_loop_exit_ready_pp0_iter2_reg  |   1|   0|    1|          0|
    |ap_loop_exit_ready_pp0_iter3_reg  |   1|   0|    1|          0|
    |c4_load_reg_801                   |  32|   0|   32|          0|
    |conv1_reg_826                     |  32|   0|   32|          0|
    |conv2_reg_831                     |  32|   0|   32|          0|
    |conv3_reg_836                     |  32|   0|   32|          0|
    |conv_reg_816                      |  32|   0|   32|          0|
    |hw_fu_108                         |   7|   0|    7|          0|
    |ic_fu_104                         |  10|   0|   10|          0|
    |icmp_ln396_reg_721                |   1|   0|    1|          0|
    |icmp_ln401_1_reg_750              |   1|   0|    1|          0|
    |icmp_ln401_reg_725                |   1|   0|    1|          0|
    |indvar_flatten_fu_112             |  16|   0|   16|          0|
    |mul1_reg_851                      |  32|   0|   32|          0|
    |mul2_reg_861                      |  32|   0|   32|          0|
    |mul3_reg_871                      |  32|   0|   32|          0|
    |mul_reg_841                       |  32|   0|   32|          0|
    |reg_254                           |   8|   0|    8|          0|
    |reg_259                           |  32|   0|   32|          0|
    |select_ln396_5_reg_764            |   7|   0|    7|          0|
    |select_ln396_reg_734              |  10|   0|   10|          0|
    |w_conv_load_5_reg_781             |   8|   0|    8|          0|
    |x_reg_821                         |  32|   0|   32|          0|
    |zext_ln396_1_reg_881              |   7|   0|    9|          2|
    |icmp_ln396_reg_721                |  64|  32|    1|          0|
    |icmp_ln401_1_reg_750              |  64|  32|    1|          0|
    |icmp_ln401_reg_725                |  64|  32|    1|          0|
    |select_ln396_5_reg_764            |  64|  32|    7|          0|
    +----------------------------------+----+----+-----+-----------+
    |Total                             | 826| 128|  582|          2|
    +----------------------------------+----+----+-----+-----------+



================================================================
== Interface
================================================================
* Summary: 
+---------------------+-----+-----+------------+--------------------------------------+--------------+
|      RTL Ports      | Dir | Bits|  Protocol  |             Source Object            |    C Type    |
+---------------------+-----+-----+------------+--------------------------------------+--------------+
|ap_clk               |   in|    1|  ap_ctrl_hs|  conv1x1_plain_Pipeline_C1P_HW_C1P_IC|  return value|
|ap_rst               |   in|    1|  ap_ctrl_hs|  conv1x1_plain_Pipeline_C1P_HW_C1P_IC|  return value|
|ap_start             |   in|    1|  ap_ctrl_hs|  conv1x1_plain_Pipeline_C1P_HW_C1P_IC|  return value|
|ap_done              |  out|    1|  ap_ctrl_hs|  conv1x1_plain_Pipeline_C1P_HW_C1P_IC|  return value|
|ap_idle              |  out|    1|  ap_ctrl_hs|  conv1x1_plain_Pipeline_C1P_HW_C1P_IC|  return value|
|ap_ready             |  out|    1|  ap_ctrl_hs|  conv1x1_plain_Pipeline_C1P_HW_C1P_IC|  return value|
|grp_fu_365_p_din0    |  out|   32|  ap_ctrl_hs|  conv1x1_plain_Pipeline_C1P_HW_C1P_IC|  return value|
|grp_fu_365_p_din1    |  out|   32|  ap_ctrl_hs|  conv1x1_plain_Pipeline_C1P_HW_C1P_IC|  return value|
|grp_fu_365_p_opcode  |  out|    2|  ap_ctrl_hs|  conv1x1_plain_Pipeline_C1P_HW_C1P_IC|  return value|
|grp_fu_365_p_dout0   |   in|   32|  ap_ctrl_hs|  conv1x1_plain_Pipeline_C1P_HW_C1P_IC|  return value|
|grp_fu_365_p_ce      |  out|    1|  ap_ctrl_hs|  conv1x1_plain_Pipeline_C1P_HW_C1P_IC|  return value|
|grp_fu_369_p_din0    |  out|   32|  ap_ctrl_hs|  conv1x1_plain_Pipeline_C1P_HW_C1P_IC|  return value|
|grp_fu_369_p_din1    |  out|   32|  ap_ctrl_hs|  conv1x1_plain_Pipeline_C1P_HW_C1P_IC|  return value|
|grp_fu_369_p_dout0   |   in|   32|  ap_ctrl_hs|  conv1x1_plain_Pipeline_C1P_HW_C1P_IC|  return value|
|grp_fu_369_p_ce      |  out|    1|  ap_ctrl_hs|  conv1x1_plain_Pipeline_C1P_HW_C1P_IC|  return value|
|grp_fu_373_p_din0    |  out|   32|  ap_ctrl_hs|  conv1x1_plain_Pipeline_C1P_HW_C1P_IC|  return value|
|grp_fu_373_p_dout0   |   in|   32|  ap_ctrl_hs|  conv1x1_plain_Pipeline_C1P_HW_C1P_IC|  return value|
|grp_fu_373_p_ce      |  out|    1|  ap_ctrl_hs|  conv1x1_plain_Pipeline_C1P_HW_C1P_IC|  return value|
|acc3                 |   in|   32|     ap_none|                                  acc3|        scalar|
|acc2                 |   in|   32|     ap_none|                                  acc2|        scalar|
|acc1                 |   in|   32|     ap_none|                                  acc1|        scalar|
|acc0                 |   in|   32|     ap_none|                                  acc0|        scalar|
|c4_Addr_A            |  out|   32|        bram|                                    c4|         array|
|c4_EN_A              |  out|    1|        bram|                                    c4|         array|
|c4_WEN_A             |  out|    4|        bram|                                    c4|         array|
|c4_Din_A             |  out|   32|        bram|                                    c4|         array|
|c4_Dout_A            |   in|   32|        bram|                                    c4|         array|
|empty_25             |   in|   17|     ap_none|                              empty_25|        scalar|
|w_conv_Addr_A        |  out|   32|        bram|                                w_conv|         array|
|w_conv_EN_A          |  out|    1|        bram|                                w_conv|         array|
|w_conv_WEN_A         |  out|    1|        bram|                                w_conv|         array|
|w_conv_Din_A         |  out|    8|        bram|                                w_conv|         array|
|w_conv_Dout_A        |   in|    8|        bram|                                w_conv|         array|
|w_conv_Addr_B        |  out|   32|        bram|                                w_conv|         array|
|w_conv_EN_B          |  out|    1|        bram|                                w_conv|         array|
|w_conv_WEN_B         |  out|    1|        bram|                                w_conv|         array|
|w_conv_Din_B         |  out|    8|        bram|                                w_conv|         array|
|w_conv_Dout_B        |   in|    8|        bram|                                w_conv|         array|
|empty                |   in|   15|     ap_none|                                 empty|        scalar|
|lat4_address0        |  out|   15|   ap_memory|                                  lat4|         array|
|lat4_ce0             |  out|    1|   ap_memory|                                  lat4|         array|
|lat4_we0             |  out|    1|   ap_memory|                                  lat4|         array|
|lat4_d0              |  out|   32|   ap_memory|                                  lat4|         array|
+---------------------+-----+-----+------------+--------------------------------------+--------------+

