

================================================================
== Synthesis Summary Report of 'fpn_p4p5_top'
================================================================
+ General Information: 
    * Date:           Mon Jun  1 16:20:16 2026
    * Version:        2022.2 (Build 3670227 on Oct 13 2022)
    * Project:        fpn_192
    * Solution:       solution1 (Vivado IP Flow Target)
    * Product family: zynquplus
    * Target device:  xczu9eg-ffvb1156-2-e
    

+ Performance & Resource Estimates: 
    
    PS: '+' for module; 'o' for loop; '*' for dataflow
    +-----------------------------------------------------+--------+-------+-----------+-----------+----------+-----------+-------+----------+-----------+----------+------------+------------+-----+
    |                       Modules                       |  Issue |       |  Latency  |  Latency  | Iteration|           |  Trip |          |           |          |            |            |     |
    |                       & Loops                       |  Type  | Slack |  (cycles) |    (ns)   |  Latency |  Interval | Count | Pipelined|   BRAM    |    DSP   |     FF     |     LUT    | URAM|
    +-----------------------------------------------------+--------+-------+-----------+-----------+----------+-----------+-------+----------+-----------+----------+------------+------------+-----+
    |+ fpn_p4p5_top                                       |  Timing|  -0.17|  235797420|  1.179e+09|         -|  235797421|      -|        no|  328 (17%)|  18 (~0%)|  10446 (1%)|  15087 (5%)|    -|
    | + conv1x1_plain                                     |       -|   0.23|   15361105|  7.681e+07|         -|   15361105|      -|        no|          -|   1 (~0%)|  1073 (~0%)|  1263 (~0%)|    -|
    |  o C1P_OC                                           |       -|   3.65|   15361104|  7.681e+07|    320023|          -|     48|        no|          -|         -|           -|           -|    -|
    |   + conv1x1_plain_Pipeline_C1P_HW_C1P_IC            |       -|   0.23|     320019|  1.600e+06|         -|     320019|      -|        no|          -|   1 (~0%)|   826 (~0%)|  1042 (~0%)|    -|
    |    o C1P_HW_C1P_IC                                  |      II|   3.65|     320017|  1.600e+06|        23|          5|  64000|       yes|          -|         -|           -|           -|    -|
    | + conv1x1_plain_1                                   |       -|   0.25|   12289105|  6.145e+07|         -|   12289105|      -|        no|          -|   1 (~0%)|  1136 (~0%)|  1322 (~0%)|    -|
    |  o C1P_OC                                           |       -|   3.65|   12289104|  6.145e+07|    256023|          -|     48|        no|          -|         -|           -|           -|    -|
    |   + conv1x1_plain_1_Pipeline_C1P_HW_C1P_IC          |       -|   0.25|     256019|  1.280e+06|         -|     256019|      -|        no|          -|   1 (~0%)|   869 (~0%)|  1017 (~0%)|    -|
    |    o C1P_HW_C1P_IC                                  |      II|   3.65|     256017|  1.280e+06|        23|          5|  51200|       yes|          -|         -|           -|           -|    -|
    | + fpn_p4p5_top_Pipeline_UP_C_UP_H_UP_W              |       -|   0.03|      38425|  1.921e+05|         -|      38425|      -|        no|          -|   5 (~0%)|  3678 (~0%)|   3318 (1%)|    -|
    |  o UP_C_UP_H_UP_W                                   |      II|   3.65|      38423|  1.921e+05|        26|          2|  19200|       yes|          -|         -|           -|           -|    -|
    | + fpn_p4p5_top_Pipeline_EAI                         |       -|   0.20|      76811|  3.841e+05|         -|      76811|      -|        no|          -|   2 (~0%)|   563 (~0%)|   472 (~0%)|    -|
    |  o EAI                                              |       -|   3.65|      76809|  3.840e+05|        11|          1|  76800|       yes|          -|         -|           -|           -|    -|
    | + fpn_conv3x3                                       |  Timing|  -0.17|   41625601|  2.081e+08|         -|   41625601|      -|        no|          -|   1 (~0%)|  1408 (~0%)|   3018 (1%)|    -|
    |  o FPN3_OC_FPN3_OH_FPN3_OW                          |       -|   3.65|   41625600|  2.081e+08|      8672|          -|   4800|        no|          -|         -|           -|           -|    -|
    |   + fpn_conv3x3_Pipeline_FPN3_IC_FPN3_KH_FPN3_KW    |  Timing|  -0.17|       8659|  4.330e+04|         -|       8659|      -|        no|          -|   1 (~0%)|   953 (~0%)|  1573 (~0%)|    -|
    |    o FPN3_IC_FPN3_KH_FPN3_KW                        |      II|   3.65|       8657|  4.328e+04|        23|          5|   1728|       yes|          -|         -|           -|           -|    -|
    | + fpn_conv3x3_2                                     |  Timing|  -0.17|  166521602|  8.326e+08|         -|  166521602|      -|        no|          -|   1 (~0%)|  1442 (~0%)|   3134 (1%)|    -|
    |  o FPN3_OC_FPN3_OH_FPN3_OW                          |       -|   3.65|  166521601|  8.326e+08|      8673|          -|  19200|        no|          -|         -|           -|           -|    -|
    |   + fpn_conv3x3_2_Pipeline_FPN3_IC_FPN3_KH_FPN3_KW  |  Timing|  -0.17|       8659|  4.330e+04|         -|       8659|      -|        no|          -|   1 (~0%)|   957 (~0%)|  1588 (~0%)|    -|
    |    o FPN3_IC_FPN3_KH_FPN3_KW                        |      II|   3.65|       8657|  4.328e+04|        23|          5|   1728|       yes|          -|         -|           -|           -|    -|
    | + fpn_p4p5_top_Pipeline_MP_C_MP_H_MP_W              |       -|   0.05|       4803|  2.402e+04|         -|       4803|      -|        no|          -|         -|   110 (~0%)|   625 (~0%)|    -|
    |  o MP_C_MP_H_MP_W                                   |       -|   3.65|       4801|  2.400e+04|         3|          1|   4800|       yes|          -|         -|           -|           -|    -|
    +-----------------------------------------------------+--------+-------+-----------+-----------+----------+-----------+-------+----------+-----------+----------+------------+------------+-----+


================================================================
== HW Interfaces
================================================================
* BRAM
+--------------+------------+---------------+
| Interface    | Data Width | Address Width |
+--------------+------------+---------------+
| c3_PORTA     | 32         | 32            |
| c4_PORTA     | 32         | 32            |
| p4_PORTA     | 32         | 32            |
| p4_PORTB     | 32         | 32            |
| p5_PORTA     | 32         | 32            |
| p5_PORTB     | 32         | 32            |
| p6_PORTA     | 32         | 32            |
| w_conv_PORTA | 8          | 32            |
| w_conv_PORTB | 8          | 32            |
| w_meta_PORTA | 32         | 32            |
| w_meta_PORTB | 32         | 32            |
+--------------+------------+---------------+

* TOP LEVEL CONTROL
+-----------+------------+-----------------------------------+
| Interface | Type       | Ports                             |
+-----------+------------+-----------------------------------+
| ap_clk    | clock      | ap_clk                            |
| ap_rst    | reset      | ap_rst                            |
| ap_ctrl   | ap_ctrl_hs | ap_done ap_idle ap_ready ap_start |
+-----------+------------+-----------------------------------+


================================================================
== SW I/O Information
================================================================
* Top Function Arguments
+----------+-----------+---------------------+
| Argument | Direction | Datatype            |
+----------+-----------+---------------------+
| c4       | in        | float const *       |
| c3       | in        | float const *       |
| w_conv   | in        | signed char const * |
| w_meta   | in        | float const *       |
| p5       | inout     | float*              |
| p4       | out       | float*              |
| p6       | out       | float*              |
+----------+-----------+---------------------+

* SW-to-HW Mapping
+----------+--------------+-----------+
| Argument | HW Interface | HW Type   |
+----------+--------------+-----------+
| c4       | c4_PORTA     | interface |
| c3       | c3_PORTA     | interface |
| w_conv   | w_conv_PORTA | interface |
| w_conv   | w_conv_PORTB | interface |
| w_meta   | w_meta_PORTA | interface |
| w_meta   | w_meta_PORTB | interface |
| p5       | p5_PORTA     | interface |
| p5       | p5_PORTB     | interface |
| p4       | p4_PORTA     | interface |
| p4       | p4_PORTB     | interface |
| p6       | p6_PORTA     | interface |
+----------+--------------+-----------+


================================================================
== Bind Op Report
================================================================
+----------------------------------------------------+-----+--------+-------------+------+---------+---------+
| Name                                               | DSP | Pragma | Variable    | Op   | Impl    | Latency |
+----------------------------------------------------+-----+--------+-------------+------+---------+---------+
| + fpn_p4p5_top                                     | 18  |        |             |      |         |         |
|  + conv1x1_plain                                   | 1   |        |             |      |         |         |
|    empty_88_fu_174_p2                              | -   |        | empty_88    | add  | fabric  | 0       |
|    empty_89_fu_257_p2                              | -   |        | empty_89    | add  | fabric  | 0       |
|    mul_8ns_8ns_15_1_1_U13                          | -   |        | empty_90    | mul  | auto    | 0       |
|    add_ln395_fu_205_p2                             | -   |        | add_ln395   | add  | fabric  | 0       |
|   + conv1x1_plain_Pipeline_C1P_HW_C1P_IC           | 1   |        |             |      |         |         |
|     add_ln396_fu_308_p2                            | -   |        | add_ln396   | add  | fabric  | 0       |
|     add_ln396_1_fu_418_p2                          | -   |        | add_ln396_1 | add  | fabric  | 0       |
|     mac_muladd_10ns_7ns_7ns_16_4_1_U4              | 1   |        | mul_ln403   | mul  | dsp48   | 3       |
|     mac_muladd_10ns_7ns_7ns_16_4_1_U4              | 1   |        | add_ln403   | add  | dsp48   | 3       |
|     add_ln404_fu_339_p2                            | -   |        | add_ln404   | add  | fabric  | 0       |
|     add_ln405_1_fu_375_p2                          | -   |        | add_ln405_1 | add  | fabric  | 0       |
|     add_ln405_fu_385_p2                            | -   |        | add_ln405   | add  | fabric  | 0       |
|     add_ln406_1_fu_395_p2                          | -   |        | add_ln406_1 | add  | fabric  | 0       |
|     add_ln406_fu_405_p2                            | -   |        | add_ln406   | add  | fabric  | 0       |
|     add_ln407_1_fu_443_p2                          | -   |        | add_ln407_1 | add  | fabric  | 0       |
|     add_ln407_fu_453_p2                            | -   |        | add_ln407   | add  | fabric  | 0       |
|     add_ln401_fu_350_p2                            | -   |        | add_ln401   | add  | fabric  | 0       |
|     add_ln409_fu_538_p2                            | -   |        | add_ln409   | add  | fabric  | 0       |
|     add_ln410_1_fu_556_p2                          | -   |        | add_ln410_1 | add  | fabric  | 0       |
|     add_ln410_fu_566_p2                            | -   |        | add_ln410   | add  | fabric  | 0       |
|     add_ln411_1_fu_584_p2                          | -   |        | add_ln411_1 | add  | fabric  | 0       |
|     add_ln411_fu_594_p2                            | -   |        | add_ln411   | add  | fabric  | 0       |
|     add_ln412_1_fu_609_p2                          | -   |        | add_ln412_1 | add  | fabric  | 0       |
|     add_ln412_fu_618_p2                            | -   |        | add_ln412   | add  | fabric  | 0       |
|  + conv1x1_plain_1                                 | 1   |        |             |      |         |         |
|    empty_78_fu_163_p2                              | -   |        | empty_78    | add  | fabric  | 0       |
|    empty_80_fu_179_p2                              | -   |        | empty_80    | add  | fabric  | 0       |
|    empty_81_fu_185_p2                              | -   |        | empty_81    | add  | fabric  | 0       |
|    empty_83_fu_201_p2                              | -   |        | empty_83    | add  | fabric  | 0       |
|    mul_8ns_10ns_17_1_1_U33                         | -   |        | empty_86    | mul  | auto    | 0       |
|    add_ln395_fu_257_p2                             | -   |        | add_ln395   | add  | fabric  | 0       |
|   + conv1x1_plain_1_Pipeline_C1P_HW_C1P_IC         | 1   |        |             |      |         |         |
|     add_ln396_1_fu_335_p2                          | -   |        | add_ln396_1 | add  | fabric  | 0       |
|     add_ln396_fu_462_p2                            | -   |        | add_ln396   | add  | fabric  | 0       |
|     mac_muladd_8ns_9ns_9ns_16_4_1_U22              | 1   |        | mul_ln403   | mul  | dsp48   | 3       |
|     mac_muladd_8ns_9ns_9ns_16_4_1_U22              | 1   |        | add_ln403   | add  | dsp48   | 3       |
|     add_ln404_fu_378_p2                            | -   |        | add_ln404   | add  | fabric  | 0       |
|     add_ln405_fu_389_p2                            | -   |        | add_ln405   | add  | fabric  | 0       |
|     add_ln406_fu_431_p2                            | -   |        | add_ln406   | add  | fabric  | 0       |
|     add_ln406_1_fu_445_p2                          | -   |        | add_ln406_1 | add  | fabric  | 0       |
|     add_ln407_fu_400_p2                            | -   |        | add_ln407   | add  | fabric  | 0       |
|     add_ln401_fu_406_p2                            | -   |        | add_ln401   | add  | fabric  | 0       |
|     add_ln409_fu_558_p2                            | -   |        | add_ln409   | add  | fabric  | 0       |
|     add_ln410_1_fu_576_p2                          | -   |        | add_ln410_1 | add  | fabric  | 0       |
|     add_ln410_fu_586_p2                            | -   |        | add_ln410   | add  | fabric  | 0       |
|     add_ln411_1_fu_629_p2                          | -   |        | add_ln411_1 | add  | fabric  | 0       |
|     add_ln411_fu_638_p2                            | -   |        | add_ln411   | add  | fabric  | 0       |
|     add_ln412_1_fu_604_p2                          | -   |        | add_ln412_1 | add  | fabric  | 0       |
|     add_ln412_fu_614_p2                            | -   |        | add_ln412   | add  | fabric  | 0       |
|  + fpn_p4p5_top_Pipeline_UP_C_UP_H_UP_W            | 5   |        |             |      |         |         |
|    mul_8ns_10ns_17_1_1_U39                         | -   |        | empty       | mul  | auto    | 0       |
|    empty_26_fu_399_p2                              | -   |        | empty_26    | add  | fabric  | 0       |
|    empty_27_fu_543_p2                              | -   |        | empty_27    | add  | fabric  | 0       |
|    tmp1_fu_548_p2                                  | -   |        | tmp1        | add  | fabric  | 0       |
|    empty_28_fu_557_p2                              | -   |        | empty_28    | add  | fabric  | 0       |
|    add_ln548_1_fu_405_p2                           | -   |        | add_ln548_1 | add  | fabric  | 0       |
|    add_ln544_fu_305_p2                             | -   |        | add_ln544   | add  | fabric  | 0       |
|    add_ln544_1_fu_317_p2                           | -   |        | add_ln544_1 | add  | fabric  | 0       |
|    mac_muladd_8ns_7ns_4ns_15_4_1_U45               | 1   |        | mul_ln544   | mul  | dsp48   | 3       |
|    mul_8ns_10ns_17_1_1_U40                         | -   |        | p_mid119    | mul  | auto    | 0       |
|    p_mid147_fu_568_p2                              | -   |        | p_mid147    | add  | fabric  | 0       |
|    add_ln545_fu_453_p2                             | -   |        | add_ln545   | add  | fabric  | 0       |
|    p_mid1_fu_504_p2                                | -   |        | p_mid1      | add  | fabric  | 0       |
|    p_mid14_fu_583_p2                               | -   |        | p_mid14     | add  | fabric  | 0       |
|    tmp1_mid1_fu_595_p2                             | -   |        | tmp1_mid1   | add  | fabric  | 0       |
|    p_mid16_fu_604_p2                               | -   |        | p_mid16     | add  | fabric  | 0       |
|    add_ln548_3_fu_510_p2                           | -   |        | add_ln548_3 | add  | fabric  | 0       |
|    mac_muladd_8ns_7ns_4ns_15_4_1_U45               | 1   |        | add_ln548_2 | add  | dsp48   | 3       |
|    add_ln548_fu_692_p2                             | -   |        | add_ln548   | add  | fabric  | 0       |
|    grp_fu_636_p0                                   | -   |        | add_ln549   | add  | fabric  | 0       |
|    mul_mul_17ns_18ns_35_4_1_U46                    | 1   |        | mul_ln549   | mul  | dsp48   | 3       |
|    grp_fu_658_p0                                   | -   |        | add_ln550   | add  | fabric  | 0       |
|    mul_mul_17ns_18ns_35_4_1_U47                    | 1   |        | mul_ln550   | mul  | dsp48   | 3       |
|    add_ln551_fu_664_p2                             | -   |        | add_ln551   | add  | fabric  | 0       |
|    mul_mul_17ns_18ns_35_4_1_U48                    | 1   |        | mul_ln551   | mul  | dsp48   | 3       |
|    add_ln552_fu_670_p2                             | -   |        | add_ln552   | add  | fabric  | 0       |
|    mul_mul_17ns_18ns_35_4_1_U49                    | 1   |        | mul_ln552   | mul  | dsp48   | 3       |
|    add_ln546_fu_524_p2                             | -   |        | add_ln546   | add  | fabric  | 0       |
|    add_ln545_1_fu_335_p2                           | -   |        | add_ln545_1 | add  | fabric  | 0       |
|  + fpn_p4p5_top_Pipeline_EAI                       | 2   |        |             |      |         |         |
|    add_ln535_fu_150_p2                             | -   |        | add_ln535   | add  | fabric  | 0       |
|    add_ln535_1_fu_200_p2                           | -   |        | add_ln535_1 | add  | fabric  | 0       |
|    add_ln537_fu_164_p2                             | -   |        | add_ln537   | add  | fabric  | 0       |
|    fadd_32ns_32ns_32_8_full_dsp_1_U57              | 2   |        | add_i       | fadd | fulldsp | 7       |
|  + fpn_conv3x3                                     | 1   |        |             |      |         |         |
|    empty_fu_358_p2                                 | -   |        | empty       | sub  | fabric  | 0       |
|    empty_65_fu_376_p2                              | -   |        | empty_65    | add  | fabric  | 0       |
|    mul_8ns_8ns_15_1_1_U83                          | -   |        | empty_66    | mul  | auto    | 0       |
|    empty_68_fu_418_p2                              | -   |        | empty_68    | add  | fabric  | 0       |
|    empty_69_fu_424_p2                              | -   |        | empty_69    | add  | fabric  | 0       |
|    empty_71_fu_440_p2                              | -   |        | empty_71    | add  | fabric  | 0       |
|    empty_72_fu_486_p2                              | -   |        | empty_72    | add  | fabric  | 0       |
|    tmp_fu_520_p2                                   | -   |        | tmp         | add  | fabric  | 0       |
|    empty_73_fu_530_p2                              | -   |        | empty_73    | add  | fabric  | 0       |
|    tmp1_fu_536_p2                                  | -   |        | tmp1        | add  | fabric  | 0       |
|    empty_74_fu_546_p2                              | -   |        | empty_74    | add  | fabric  | 0       |
|    tmp2_fu_552_p2                                  | -   |        | tmp2        | add  | fabric  | 0       |
|    add_ln456_2_fu_558_p2                           | -   |        | add_ln456_2 | add  | fabric  | 0       |
|    add_ln436_fu_570_p2                             | -   |        | add_ln436   | add  | fabric  | 0       |
|    add_ln436_2_fu_596_p2                           | -   |        | add_ln436_2 | add  | fabric  | 0       |
|    p_mid1128_fu_733_p2                             | -   |        | p_mid1128   | sub  | fabric  | 0       |
|    p_mid1134_fu_763_p2                             | -   |        | p_mid1134   | add  | fabric  | 0       |
|    mul_8ns_8ns_15_1_1_U84                          | -   |        | p_mid1140   | mul  | auto    | 0       |
|    p_mid1144_fu_802_p2                             | -   |        | p_mid1144   | add  | fabric  | 0       |
|    p_mid1146_fu_808_p2                             | -   |        | p_mid1146   | add  | fabric  | 0       |
|    p_mid1150_fu_824_p2                             | -   |        | p_mid1150   | add  | fabric  | 0       |
|    p_mid1168_fu_904_p2                             | -   |        | p_mid1168   | add  | fabric  | 0       |
|    p_mid1192_fu_922_p2                             | -   |        | p_mid1192   | add  | fabric  | 0       |
|    p_mid1208_fu_934_p2                             | -   |        | p_mid1208   | add  | fabric  | 0       |
|    add_ln437_fu_638_p2                             | -   |        | add_ln437   | add  | fabric  | 0       |
|    tmp_mid1_fu_995_p2                              | -   |        | tmp_mid1    | add  | fabric  | 0       |
|    p_mid181_fu_1005_p2                             | -   |        | p_mid181    | add  | fabric  | 0       |
|    tmp1_mid1_fu_1018_p2                            | -   |        | tmp1_mid1   | add  | fabric  | 0       |
|    p_mid187_fu_1028_p2                             | -   |        | p_mid187    | add  | fabric  | 0       |
|    tmp2_mid1_fu_1041_p2                            | -   |        | tmp2_mid1   | add  | fabric  | 0       |
|    add_ln456_3_fu_1054_p2                          | -   |        | add_ln456_3 | add  | fabric  | 0       |
|    p_mid140_fu_1078_p2                             | -   |        | p_mid140    | add  | fabric  | 0       |
|    add_ln447_fu_1111_p2                            | -   |        | add_ln447   | add  | fabric  | 0       |
|    add_ln456_fu_1124_p2                            | -   |        | add_ln456   | add  | fabric  | 0       |
|    add_ln457_fu_1244_p2                            | -   |        | add_ln457   | add  | fabric  | 0       |
|    add_ln45721_fu_1254_p2                          | -   |        | add_ln45721 | add  | fabric  | 0       |
|    add_ln458_fu_1270_p2                            | -   |        | add_ln458   | add  | fabric  | 0       |
|    add_ln458_2_fu_1280_p2                          | -   |        | add_ln458_2 | add  | fabric  | 0       |
|    add_ln459_2_fu_1146_p2                          | -   |        | add_ln459_2 | add  | fabric  | 0       |
|    add_ln438_fu_666_p2                             | -   |        | add_ln438   | add  | fabric  | 0       |
|    add_ln437_2_fu_672_p2                           | -   |        | add_ln437_2 | add  | fabric  | 0       |
|   + fpn_conv3x3_Pipeline_FPN3_IC_FPN3_KH_FPN3_KW   | 1   |        |             |      |         |         |
|     empty_fu_367_p2                                | -   |        | empty       | add  | fabric  | 0       |
|     tmp3_fu_636_p2                                 | -   |        | tmp3        | add  | fabric  | 0       |
|     empty_33_fu_646_p2                             | -   |        | empty_33    | add  | fabric  | 0       |
|     tmp4_fu_667_p2                                 | -   |        | tmp4        | add  | fabric  | 0       |
|     empty_35_fu_677_p2                             | -   |        | empty_35    | add  | fabric  | 0       |
|     add_ln448_fu_698_p2                            | -   |        | add_ln448   | add  | fabric  | 0       |
|     add_ln449_fu_389_p2                            | -   |        | add_ln449   | add  | fabric  | 0       |
|     add_ln450_fu_704_p2                            | -   |        | add_ln450   | add  | fabric  | 0       |
|     add_ln451_fu_710_p2                            | -   |        | add_ln451   | add  | fabric  | 0       |
|     tmp5_fu_913_p2                                 | -   |        | tmp5        | add  | fabric  | 0       |
|     empty_37_fu_922_p2                             | -   |        | empty_37    | add  | fabric  | 0       |
|     empty_38_fu_411_p2                             | -   |        | empty_38    | sub  | fabric  | 0       |
|     add_ln447_1_fu_1016_p2                         | -   |        | add_ln447_1 | add  | fabric  | 0       |
|     add_ln440_fu_423_p2                            | -   |        | add_ln440   | add  | fabric  | 0       |
|     add_ln440_1_fu_449_p2                          | -   |        | add_ln440_1 | add  | fabric  | 0       |
|     mac_muladd_8ns_7ns_5s_15_4_1_U68               | 1   |        | mul_ln440   | mul  | dsp48   | 3       |
|     p_mid126_fu_471_p2                             | -   |        | p_mid126    | add  | fabric  | 0       |
|     tmp3_mid1_fu_740_p2                            | -   |        | tmp3_mid1   | add  | fabric  | 0       |
|     p_mid128_fu_750_p2                             | -   |        | p_mid128    | add  | fabric  | 0       |
|     tmp4_mid1_fu_771_p2                            | -   |        | tmp4_mid1   | add  | fabric  | 0       |
|     p_mid130_fu_781_p2                             | -   |        | p_mid130    | add  | fabric  | 0       |
|     add_ln448_1_fu_802_p2                          | -   |        | add_ln448_1 | add  | fabric  | 0       |
|     add_ln449_1_fu_493_p2                          | -   |        | add_ln449_1 | add  | fabric  | 0       |
|     add_ln450_1_fu_820_p2                          | -   |        | add_ln450_1 | add  | fabric  | 0       |
|     add_ln451_1_fu_833_p2                          | -   |        | add_ln451_1 | add  | fabric  | 0       |
|     add_ln441_fu_517_p2                            | -   |        | add_ln441   | add  | fabric  | 0       |
|     p_mid1_fu_942_p2                               | -   |        | p_mid1      | add  | fabric  | 0       |
|     p_mid13_fu_553_p2                              | -   |        | p_mid13     | sub  | fabric  | 0       |
|     add_ln447_2_fu_1046_p2                         | -   |        | add_ln447_2 | add  | fabric  | 0       |
|     add_ln445_fu_960_p2                            | -   |        | add_ln445   | add  | fabric  | 0       |
|     add_ln445_1_fu_969_p2                          | -   |        | add_ln445_1 | add  | fabric  | 0       |
|     mac_muladd_8ns_7ns_5s_15_4_1_U68               | 1   |        | add_ln447_3 | add  | dsp48   | 3       |
|     add_ln447_fu_1063_p2                           | -   |        | add_ln447   | add  | fabric  | 0       |
|     add_ln448_3_fu_869_p2                          | -   |        | add_ln448_3 | add  | fabric  | 0       |
|     add_ln448_2_fu_879_p2                          | -   |        | add_ln448_2 | add  | fabric  | 0       |
|     add_ln449_2_fu_890_p2                          | -   |        | add_ln449_2 | add  | fabric  | 0       |
|     add_ln450_2_fu_901_p2                          | -   |        | add_ln450_2 | add  | fabric  | 0       |
|     add_ln451_2_fu_907_p2                          | -   |        | add_ln451_2 | add  | fabric  | 0       |
|     add_ln442_fu_567_p2                            | -   |        | add_ln442   | add  | fabric  | 0       |
|     add_ln441_1_fu_573_p2                          | -   |        | add_ln441_1 | add  | fabric  | 0       |
|  + fpn_conv3x3_2                                   | 1   |        |             |      |         |         |
|    empty_fu_360_p2                                 | -   |        | empty       | sub  | fabric  | 0       |
|    empty_54_fu_377_p2                              | -   |        | empty_54    | add  | fabric  | 0       |
|    mul_8ns_10ns_17_1_1_U107                        | -   |        | empty_55    | mul  | auto    | 0       |
|    empty_57_fu_400_p2                              | -   |        | empty_57    | add  | fabric  | 0       |
|    empty_58_fu_406_p2                              | -   |        | empty_58    | add  | fabric  | 0       |
|    empty_60_fu_422_p2                              | -   |        | empty_60    | add  | fabric  | 0       |
|    empty_61_fu_468_p2                              | -   |        | empty_61    | add  | fabric  | 0       |
|    tmp_fu_502_p2                                   | -   |        | tmp         | add  | fabric  | 0       |
|    empty_62_fu_512_p2                              | -   |        | empty_62    | add  | fabric  | 0       |
|    tmp1_fu_518_p2                                  | -   |        | tmp1        | add  | fabric  | 0       |
|    empty_63_fu_528_p2                              | -   |        | empty_63    | add  | fabric  | 0       |
|    tmp2_fu_534_p2                                  | -   |        | tmp2        | add  | fabric  | 0       |
|    add_ln456_1_fu_539_p2                           | -   |        | add_ln456_1 | add  | fabric  | 0       |
|    add_ln436_fu_551_p2                             | -   |        | add_ln436   | add  | fabric  | 0       |
|    add_ln436_1_fu_577_p2                           | -   |        | add_ln436_1 | add  | fabric  | 0       |
|    p_mid1127_fu_712_p2                             | -   |        | p_mid1127   | sub  | fabric  | 0       |
|    p_mid1133_fu_742_p2                             | -   |        | p_mid1133   | add  | fabric  | 0       |
|    mul_8ns_10ns_17_1_1_U108                        | -   |        | p_mid1137   | mul  | auto    | 0       |
|    p_mid1141_fu_770_p2                             | -   |        | p_mid1141   | add  | fabric  | 0       |
|    p_mid1143_fu_776_p2                             | -   |        | p_mid1143   | add  | fabric  | 0       |
|    p_mid1147_fu_792_p2                             | -   |        | p_mid1147   | add  | fabric  | 0       |
|    p_mid1165_fu_872_p2                             | -   |        | p_mid1165   | add  | fabric  | 0       |
|    p_mid1191_fu_890_p2                             | -   |        | p_mid1191   | add  | fabric  | 0       |
|    p_mid1207_fu_902_p2                             | -   |        | p_mid1207   | add  | fabric  | 0       |
|    add_ln437_fu_617_p2                             | -   |        | add_ln437   | add  | fabric  | 0       |
|    tmp_mid1_fu_963_p2                              | -   |        | tmp_mid1    | add  | fabric  | 0       |
|    p_mid181_fu_973_p2                              | -   |        | p_mid181    | add  | fabric  | 0       |
|    tmp1_mid1_fu_986_p2                             | -   |        | tmp1_mid1   | add  | fabric  | 0       |
|    p_mid187_fu_996_p2                              | -   |        | p_mid187    | add  | fabric  | 0       |
|    tmp2_mid1_fu_1009_p2                            | -   |        | tmp2_mid1   | add  | fabric  | 0       |
|    add_ln456_2_fu_1022_p2                          | -   |        | add_ln456_2 | add  | fabric  | 0       |
|    p_mid140_fu_1046_p2                             | -   |        | p_mid140    | add  | fabric  | 0       |
|    add_ln447_3_fu_1079_p2                          | -   |        | add_ln447_3 | add  | fabric  | 0       |
|    add_ln456_fu_1092_p2                            | -   |        | add_ln456   | add  | fabric  | 0       |
|    add_ln457_fu_1212_p2                            | -   |        | add_ln457   | add  | fabric  | 0       |
|    add_ln457_1_fu_1222_p2                          | -   |        | add_ln457_1 | add  | fabric  | 0       |
|    add_ln458_fu_1238_p2                            | -   |        | add_ln458   | add  | fabric  | 0       |
|    add_ln458_1_fu_1248_p2                          | -   |        | add_ln458_1 | add  | fabric  | 0       |
|    add_ln459_1_fu_1114_p2                          | -   |        | add_ln459_1 | add  | fabric  | 0       |
|    add_ln438_fu_645_p2                             | -   |        | add_ln438   | add  | fabric  | 0       |
|    add_ln437_1_fu_651_p2                           | -   |        | add_ln437_1 | add  | fabric  | 0       |
|   + fpn_conv3x3_2_Pipeline_FPN3_IC_FPN3_KH_FPN3_KW | 1   |        |             |      |         |         |
|     empty_fu_365_p2                                | -   |        | empty       | add  | fabric  | 0       |
|     tmp3_fu_634_p2                                 | -   |        | tmp3        | add  | fabric  | 0       |
|     empty_44_fu_644_p2                             | -   |        | empty_44    | add  | fabric  | 0       |
|     tmp4_fu_665_p2                                 | -   |        | tmp4        | add  | fabric  | 0       |
|     empty_46_fu_675_p2                             | -   |        | empty_46    | add  | fabric  | 0       |
|     add_ln448_fu_696_p2                            | -   |        | add_ln448   | add  | fabric  | 0       |
|     add_ln449_fu_387_p2                            | -   |        | add_ln449   | add  | fabric  | 0       |
|     add_ln450_fu_702_p2                            | -   |        | add_ln450   | add  | fabric  | 0       |
|     add_ln451_fu_708_p2                            | -   |        | add_ln451   | add  | fabric  | 0       |
|     tmp5_fu_915_p2                                 | -   |        | tmp5        | add  | fabric  | 0       |
|     empty_48_fu_924_p2                             | -   |        | empty_48    | add  | fabric  | 0       |
|     empty_49_fu_409_p2                             | -   |        | empty_49    | sub  | fabric  | 0       |
|     add_ln447_1_fu_1018_p2                         | -   |        | add_ln447_1 | add  | fabric  | 0       |
|     add_ln440_1_fu_421_p2                          | -   |        | add_ln440_1 | add  | fabric  | 0       |
|     add_ln440_fu_447_p2                            | -   |        | add_ln440   | add  | fabric  | 0       |
|     mac_muladd_8ns_9ns_6s_17_4_1_U92               | 1   |        | mul_ln440   | mul  | dsp48   | 3       |
|     p_mid126_fu_469_p2                             | -   |        | p_mid126    | add  | fabric  | 0       |
|     tmp3_mid1_fu_738_p2                            | -   |        | tmp3_mid1   | add  | fabric  | 0       |
|     p_mid128_fu_748_p2                             | -   |        | p_mid128    | add  | fabric  | 0       |
|     tmp4_mid1_fu_769_p2                            | -   |        | tmp4_mid1   | add  | fabric  | 0       |
|     p_mid130_fu_779_p2                             | -   |        | p_mid130    | add  | fabric  | 0       |
|     add_ln448_3_fu_800_p2                          | -   |        | add_ln448_3 | add  | fabric  | 0       |
|     add_ln449_2_fu_491_p2                          | -   |        | add_ln449_2 | add  | fabric  | 0       |
|     add_ln450_2_fu_818_p2                          | -   |        | add_ln450_2 | add  | fabric  | 0       |
|     add_ln451_2_fu_831_p2                          | -   |        | add_ln451_2 | add  | fabric  | 0       |
|     add_ln441_fu_515_p2                            | -   |        | add_ln441   | add  | fabric  | 0       |
|     p_mid1_fu_944_p2                               | -   |        | p_mid1      | add  | fabric  | 0       |
|     p_mid13_fu_551_p2                              | -   |        | p_mid13     | sub  | fabric  | 0       |
|     add_ln447_4_fu_1048_p2                         | -   |        | add_ln447_4 | add  | fabric  | 0       |
|     add_ln445_fu_962_p2                            | -   |        | add_ln445   | add  | fabric  | 0       |
|     add_ln445_1_fu_971_p2                          | -   |        | add_ln445_1 | add  | fabric  | 0       |
|     mac_muladd_8ns_9ns_6s_17_4_1_U92               | 1   |        | add_ln447_2 | add  | dsp48   | 3       |
|     add_ln447_fu_1065_p2                           | -   |        | add_ln447   | add  | fabric  | 0       |
|     add_ln448_2_fu_867_p2                          | -   |        | add_ln448_2 | add  | fabric  | 0       |
|     add_ln448_1_fu_881_p2                          | -   |        | add_ln448_1 | add  | fabric  | 0       |
|     add_ln449_1_fu_892_p2                          | -   |        | add_ln449_1 | add  | fabric  | 0       |
|     add_ln450_1_fu_903_p2                          | -   |        | add_ln450_1 | add  | fabric  | 0       |
|     add_ln451_1_fu_909_p2                          | -   |        | add_ln451_1 | add  | fabric  | 0       |
|     add_ln442_fu_565_p2                            | -   |        | add_ln442   | add  | fabric  | 0       |
|     add_ln441_1_fu_571_p2                          | -   |        | add_ln441_1 | add  | fabric  | 0       |
|  + fpn_p4p5_top_Pipeline_MP_C_MP_H_MP_W            | 0   |        |             |      |         |         |
|    mul_8ns_8ns_15_1_1_U113                         | -   |        | empty       | mul  | auto    | 0       |
|    mul_8ns_6ns_13_1_1_U115                         | -   |        | empty_30    | mul  | auto    | 0       |
|    add_ln564_fu_169_p2                             | -   |        | add_ln564   | add  | fabric  | 0       |
|    add_ln564_1_fu_195_p2                           | -   |        | add_ln564_1 | add  | fabric  | 0       |
|    mul_8ns_8ns_15_1_1_U114                         | -   |        | p_mid174    | mul  | auto    | 0       |
|    mul_8ns_6ns_13_1_1_U116                         | -   |        | p_mid176    | mul  | auto    | 0       |
|    add_ln565_fu_237_p2                             | -   |        | add_ln565   | add  | fabric  | 0       |
|    add_ln568_fu_486_p2                             | -   |        | add_ln568   | add  | fabric  | 0       |
|    add_ln568_1_fu_497_p2                           | -   |        | add_ln568_1 | add  | fabric  | 0       |
|    add_ln566_fu_265_p2                             | -   |        | add_ln566   | add  | fabric  | 0       |
|    add_ln565_1_fu_271_p2                           | -   |        | add_ln565_1 | add  | fabric  | 0       |
+----------------------------------------------------+-----+--------+-------------+------+---------+---------+


================================================================
== Bind Storage Report
================================================================
+--------------------------------------------------------------------------------+------+------+--------+----------------------------------------------------------------------------+---------+------+---------+
| Name                                                                           | BRAM | URAM | Pragma | Variable                                                                   | Storage | Impl | Latency |
+--------------------------------------------------------------------------------+------+------+--------+----------------------------------------------------------------------------+---------+------+---------+
| + fpn_p4p5_top                                                                 | 328  | 0    |        |                                                                            |         |      |         |
|   lat4_U                                                                       | 38   | -    | pragma | lat4                                                                       | ram_t2p | bram | 1       |
|   lat3_U                                                                       | 140  | -    | pragma | lat3                                                                       | ram_t2p | bram | 1       |
|   fpn_p4p5_top_float_const_float_const_signed_char_const_float_const_float_2_U | 50   | -    | pragma | fpn_p4p5_top_float_const_float_const_signed_char_const_float_const_float_2 | ram_t2p | bram | 1       |
|   fpn_p4p5_top_float_const_float_const_signed_char_const_float_const_float_1_U | 50   | -    | pragma | fpn_p4p5_top_float_const_float_const_signed_char_const_float_const_float_1 | ram_t2p | bram | 1       |
|   fpn_p4p5_top_float_const_float_const_signed_char_const_float_const_float_U   | 50   | -    | pragma | fpn_p4p5_top_float_const_float_const_signed_char_const_float_const_float   | ram_t2p | bram | 1       |
+--------------------------------------------------------------------------------+------+------+--------+----------------------------------------------------------------------------+---------+------+---------+


================================================================
== Pragma Report
================================================================
* Valid Pragma Syntax
+-----------------+--------------------------------------+-------------------------------------------------------+
| Type            | Options                              | Location                                              |
+-----------------+--------------------------------------+-------------------------------------------------------+
| inline          |                                      | fpn_192/fpga_utils.h:27 in relu                       |
| inline          |                                      | fpn_192/fpga_utils.h:32 in silu                       |
| inline          |                                      | fpn_192/fpga_utils.h:44 in sigmoid                    |
| inline          |                                      | fpn_192/fpga_utils.h:58 in fused_bn                   |
| inline          |                                      | fpn_192/fpga_utils.h:67 in layer_norm_seq             |
| pipeline        | II=1                                 | fpn_192/fpga_utils.h:73 in layer_norm_seq             |
| pipeline        | II=1                                 | fpn_192/fpga_utils.h:79 in layer_norm_seq             |
| pipeline        | II=1                                 | fpn_192/fpga_utils.h:84 in layer_norm_seq             |
| inline          |                                      | fpn_192/fpga_utils.h:91 in softmax_row                |
| pipeline        | II=1                                 | fpn_192/fpga_utils.h:94 in softmax_row                |
| pipeline        | II=1                                 | fpn_192/fpga_utils.h:99 in softmax_row                |
| pipeline        | II=1                                 | fpn_192/fpga_utils.h:103 in softmax_row               |
| pipeline        | II=1                                 | fpn_192/fpga_utils.h:115 in linear_layer              |
| unroll          | factor=16                            | fpn_192/fpga_utils.h:118 in linear_layer              |
| pipeline        | II=1                                 | fpn_192/fpga_utils.h:138 in conv3x3_bn_silu           |
| unroll          | factor=16                            | fpn_192/fpga_utils.h:141 in conv3x3_bn_silu           |
| unroll          |                                      | fpn_192/fpga_utils.h:143 in conv3x3_bn_silu           |
| unroll          |                                      | fpn_192/fpga_utils.h:145 in conv3x3_bn_silu           |
| pipeline        | II=1                                 | fpn_192/fpga_utils.h:166 in conv3x3_bn                |
| unroll          | factor=16                            | fpn_192/fpga_utils.h:169 in conv3x3_bn                |
| unroll          |                                      | fpn_192/fpga_utils.h:171 in conv3x3_bn                |
| unroll          |                                      | fpn_192/fpga_utils.h:173 in conv3x3_bn                |
| inline          |                                      | fpn_192/fpga_utils.h:198 in conv1x1_bn_silu           |
| array_partition | variable=partial0 complete dim=1     | fpn_192/fpga_utils.h:204 in conv1x1_bn_silu, partial0 |
| array_partition | variable=partial1 complete dim=1     | fpn_192/fpga_utils.h:205 in conv1x1_bn_silu, partial1 |
| array_partition | variable=partial2 complete dim=1     | fpn_192/fpga_utils.h:206 in conv1x1_bn_silu, partial2 |
| array_partition | variable=partial3 complete dim=1     | fpn_192/fpga_utils.h:207 in conv1x1_bn_silu, partial3 |
| array_partition | variable=l0_0 complete dim=1         | fpn_192/fpga_utils.h:213 in conv1x1_bn_silu, l0_0     |
| array_partition | variable=l0_1 complete dim=1         | fpn_192/fpga_utils.h:214 in conv1x1_bn_silu, l0_1     |
| array_partition | variable=l0_2 complete dim=1         | fpn_192/fpga_utils.h:215 in conv1x1_bn_silu, l0_2     |
| array_partition | variable=l0_3 complete dim=1         | fpn_192/fpga_utils.h:216 in conv1x1_bn_silu, l0_3     |
| array_partition | variable=l1_0 complete dim=1         | fpn_192/fpga_utils.h:217 in conv1x1_bn_silu, l1_0     |
| array_partition | variable=l1_1 complete dim=1         | fpn_192/fpga_utils.h:218 in conv1x1_bn_silu, l1_1     |
| array_partition | variable=l1_2 complete dim=1         | fpn_192/fpga_utils.h:219 in conv1x1_bn_silu, l1_2     |
| array_partition | variable=l1_3 complete dim=1         | fpn_192/fpga_utils.h:220 in conv1x1_bn_silu, l1_3     |
| array_partition | variable=l2_0 complete dim=1         | fpn_192/fpga_utils.h:221 in conv1x1_bn_silu, l2_0     |
| array_partition | variable=l2_1 complete dim=1         | fpn_192/fpga_utils.h:222 in conv1x1_bn_silu, l2_1     |
| array_partition | variable=l2_2 complete dim=1         | fpn_192/fpga_utils.h:223 in conv1x1_bn_silu, l2_2     |
| array_partition | variable=l2_3 complete dim=1         | fpn_192/fpga_utils.h:224 in conv1x1_bn_silu, l2_3     |
| array_partition | variable=l3_0 complete dim=1         | fpn_192/fpga_utils.h:225 in conv1x1_bn_silu, l3_0     |
| array_partition | variable=l3_1 complete dim=1         | fpn_192/fpga_utils.h:226 in conv1x1_bn_silu, l3_1     |
| array_partition | variable=l3_2 complete dim=1         | fpn_192/fpga_utils.h:227 in conv1x1_bn_silu, l3_2     |
| array_partition | variable=l3_3 complete dim=1         | fpn_192/fpga_utils.h:228 in conv1x1_bn_silu, l3_3     |
| unroll          |                                      | fpn_192/fpga_utils.h:231 in conv1x1_bn_silu           |
| pipeline        | II=1                                 | fpn_192/fpga_utils.h:237 in conv1x1_bn_silu           |
| unroll          |                                      | fpn_192/fpga_utils.h:240 in conv1x1_bn_silu           |
| unroll          |                                      | fpn_192/fpga_utils.h:252 in conv1x1_bn_silu           |
| unroll          |                                      | fpn_192/fpga_utils.h:257 in conv1x1_bn_silu           |
| unroll          |                                      | fpn_192/fpga_utils.h:262 in conv1x1_bn_silu           |
| unroll          |                                      | fpn_192/fpga_utils.h:267 in conv1x1_bn_silu           |
| inline          |                                      | fpn_192/fpga_utils.h:293 in conv1x1_bn                |
| array_partition | variable=partial0 complete dim=1     | fpn_192/fpga_utils.h:299 in conv1x1_bn, partial0      |
| array_partition | variable=partial1 complete dim=1     | fpn_192/fpga_utils.h:300 in conv1x1_bn, partial1      |
| array_partition | variable=partial2 complete dim=1     | fpn_192/fpga_utils.h:301 in conv1x1_bn, partial2      |
| array_partition | variable=partial3 complete dim=1     | fpn_192/fpga_utils.h:302 in conv1x1_bn, partial3      |
| array_partition | variable=l0_0 complete dim=1         | fpn_192/fpga_utils.h:308 in conv1x1_bn, l0_0          |
| array_partition | variable=l0_1 complete dim=1         | fpn_192/fpga_utils.h:309 in conv1x1_bn, l0_1          |
| array_partition | variable=l0_2 complete dim=1         | fpn_192/fpga_utils.h:310 in conv1x1_bn, l0_2          |
| array_partition | variable=l0_3 complete dim=1         | fpn_192/fpga_utils.h:311 in conv1x1_bn, l0_3          |
| array_partition | variable=l1_0 complete dim=1         | fpn_192/fpga_utils.h:312 in conv1x1_bn, l1_0          |
| array_partition | variable=l1_1 complete dim=1         | fpn_192/fpga_utils.h:313 in conv1x1_bn, l1_1          |
| array_partition | variable=l1_2 complete dim=1         | fpn_192/fpga_utils.h:314 in conv1x1_bn, l1_2          |
| array_partition | variable=l1_3 complete dim=1         | fpn_192/fpga_utils.h:315 in conv1x1_bn, l1_3          |
| array_partition | variable=l2_0 complete dim=1         | fpn_192/fpga_utils.h:316 in conv1x1_bn, l2_0          |
| array_partition | variable=l2_1 complete dim=1         | fpn_192/fpga_utils.h:317 in conv1x1_bn, l2_1          |
| array_partition | variable=l2_2 complete dim=1         | fpn_192/fpga_utils.h:318 in conv1x1_bn, l2_2          |
| array_partition | variable=l2_3 complete dim=1         | fpn_192/fpga_utils.h:319 in conv1x1_bn, l2_3          |
| array_partition | variable=l3_0 complete dim=1         | fpn_192/fpga_utils.h:320 in conv1x1_bn, l3_0          |
| array_partition | variable=l3_1 complete dim=1         | fpn_192/fpga_utils.h:321 in conv1x1_bn, l3_1          |
| array_partition | variable=l3_2 complete dim=1         | fpn_192/fpga_utils.h:322 in conv1x1_bn, l3_2          |
| array_partition | variable=l3_3 complete dim=1         | fpn_192/fpga_utils.h:323 in conv1x1_bn, l3_3          |
| unroll          |                                      | fpn_192/fpga_utils.h:326 in conv1x1_bn                |
| pipeline        | II=1                                 | fpn_192/fpga_utils.h:332 in conv1x1_bn                |
| unroll          |                                      | fpn_192/fpga_utils.h:335 in conv1x1_bn                |
| unroll          |                                      | fpn_192/fpga_utils.h:347 in conv1x1_bn                |
| unroll          |                                      | fpn_192/fpga_utils.h:352 in conv1x1_bn                |
| unroll          |                                      | fpn_192/fpga_utils.h:357 in conv1x1_bn                |
| unroll          |                                      | fpn_192/fpga_utils.h:362 in conv1x1_bn                |
| pipeline        | II=1                                 | fpn_192/fpga_utils.h:402 in conv1x1_plain             |
| pipeline        | II=1                                 | fpn_192/fpga_utils.h:443 in fpn_conv3x3               |
| inline          |                                      | fpn_192/fpga_utils.h:476 in dw_conv3x3_bn_silu        |
| pipeline        | II=1                                 | fpn_192/fpga_utils.h:481 in dw_conv3x3_bn_silu        |
| unroll          |                                      | fpn_192/fpga_utils.h:484 in dw_conv3x3_bn_silu        |
| unroll          |                                      | fpn_192/fpga_utils.h:486 in dw_conv3x3_bn_silu        |
| inline          |                                      | fpn_192/fpga_utils.h:507 in dw_conv3x3_bn             |
| pipeline        | II=1                                 | fpn_192/fpga_utils.h:512 in dw_conv3x3_bn             |
| unroll          |                                      | fpn_192/fpga_utils.h:515 in dw_conv3x3_bn             |
| unroll          |                                      | fpn_192/fpga_utils.h:517 in dw_conv3x3_bn             |
| inline          |                                      | fpn_192/fpga_utils.h:534 in elem_add_inplace          |
| pipeline        | II=1                                 | fpn_192/fpga_utils.h:536 in elem_add_inplace          |
| inline          |                                      | fpn_192/fpga_utils.h:543 in upsample_2x               |
| pipeline        | II=1                                 | fpn_192/fpga_utils.h:547 in upsample_2x               |
| inline          |                                      | fpn_192/fpga_utils.h:562 in maxpool2x2                |
| pipeline        | II=1                                 | fpn_192/fpga_utils.h:567 in maxpool2x2                |
| inline          |                                      | fpn_192/fpga_utils.h:575 in buf_copy                  |
| pipeline        | II=1                                 | fpn_192/fpga_utils.h:577 in buf_copy                  |
| interface       | bram port=c4                         | fpn_192/fpn_p4p5_top.cpp:50 in fpn_p4p5_top, c4       |
| interface       | bram port=c3                         | fpn_192/fpn_p4p5_top.cpp:51 in fpn_p4p5_top, c3       |
| interface       | bram port=w_conv                     | fpn_192/fpn_p4p5_top.cpp:52 in fpn_p4p5_top, w_conv   |
| interface       | bram port=w_meta                     | fpn_192/fpn_p4p5_top.cpp:53 in fpn_p4p5_top, w_meta   |
| interface       | bram port=p5                         | fpn_192/fpn_p4p5_top.cpp:54 in fpn_p4p5_top, p5       |
| interface       | bram port=p4                         | fpn_192/fpn_p4p5_top.cpp:55 in fpn_p4p5_top, p4       |
| interface       | bram port=p6                         | fpn_192/fpn_p4p5_top.cpp:56 in fpn_p4p5_top, p6       |
| interface       | ap_ctrl_hs port=return               | fpn_192/fpn_p4p5_top.cpp:57 in fpn_p4p5_top, return   |
| bind_storage    | variable=lat4 type=RAM_T2P impl=BRAM | fpn_192/fpn_p4p5_top.cpp:61 in fpn_p4p5_top, lat4     |
| bind_storage    | variable=lat3 type=RAM_T2P impl=BRAM | fpn_192/fpn_p4p5_top.cpp:65 in fpn_p4p5_top, lat3     |
| bind_storage    | variable=up4 type=RAM_T2P impl=BRAM  | fpn_192/fpn_p4p5_top.cpp:69 in fpn_p4p5_top, up4      |
| interface       | bram port=c4                         | fpn_192/fpn_p5_top.cpp:33 in fpn_p5_top, c4           |
| interface       | bram port=w_conv                     | fpn_192/fpn_p5_top.cpp:34 in fpn_p5_top, w_conv       |
| interface       | bram port=w_meta                     | fpn_192/fpn_p5_top.cpp:35 in fpn_p5_top, w_meta       |
| interface       | bram port=p5                         | fpn_192/fpn_p5_top.cpp:36 in fpn_p5_top, p5           |
| interface       | bram port=p6                         | fpn_192/fpn_p5_top.cpp:37 in fpn_p5_top, p6           |
| interface       | ap_ctrl_hs port=return               | fpn_192/fpn_p5_top.cpp:38 in fpn_p5_top, return       |
| bind_storage    | variable=lat4 type=RAM_T2P impl=BRAM | fpn_192/fpn_p5_top.cpp:44 in fpn_p5_top, lat4         |
+-----------------+--------------------------------------+-------------------------------------------------------+


