

================================================================
== Vitis HLS Report for 'fpn_conv3x3'
================================================================
* Date:           Mon Jun  1 16:20:13 2026

* Version:        2022.2 (Build 3670227 on Oct 13 2022)
* Project:        fpn_192
* Solution:       solution1 (Vivado IP Flow Target)
* Product family: zynquplus
* Target device:  xczu9eg-ffvb1156-2-e


================================================================
== Performance Estimates
================================================================
+ Timing: 
    * Summary: 
    +--------+---------+----------+------------+
    |  Clock |  Target | Estimated| Uncertainty|
    +--------+---------+----------+------------+
    |ap_clk  |  5.00 ns|  3.824 ns|     1.35 ns|
    +--------+---------+----------+------------+

+ Latency: 
    * Summary: 
    +----------+----------+-----------+-----------+----------+----------+---------+
    |   Latency (cycles)  |   Latency (absolute)  |       Interval      | Pipeline|
    |    min   |    max   |    min    |    max    |    min   |    max   |   Type  |
    +----------+----------+-----------+-----------+----------+----------+---------+
    |  41625601|  41625601|  0.208 sec|  0.208 sec|  41625601|  41625601|       no|
    +----------+----------+-----------+-----------+----------+----------+---------+

    + Detail: 
        * Instance: 
        +---------------------------------------------------------+----------------------------------------------+---------+---------+-----------+-----------+------+------+---------+
        |                                                         |                                              |  Latency (cycles) |   Latency (absolute)  |   Interval  | Pipeline|
        |                         Instance                        |                    Module                    |   min   |   max   |    min    |    max    |  min |  max |   Type  |
        +---------------------------------------------------------+----------------------------------------------+---------+---------+-----------+-----------+------+------+---------+
        |grp_fpn_conv3x3_Pipeline_FPN3_IC_FPN3_KH_FPN3_KW_fu_254  |fpn_conv3x3_Pipeline_FPN3_IC_FPN3_KH_FPN3_KW  |     8659|     8659|  43.295 us|  43.295 us|  8659|  8659|       no|
        +---------------------------------------------------------+----------------------------------------------+---------+---------+-----------+-----------+------+------+---------+

        * Loop: 
        +---------------------------+----------+----------+----------+-----------+-----------+------+----------+
        |                           |   Latency (cycles)  | Iteration|  Initiation Interval  | Trip |          |
        |         Loop Name         |    min   |    max   |  Latency |  achieved |   target  | Count| Pipelined|
        +---------------------------+----------+----------+----------+-----------+-----------+------+----------+
        |- FPN3_OC_FPN3_OH_FPN3_OW  |  41625600|  41625600|      8672|          -|          -|  4800|        no|
        +---------------------------+----------+----------+----------+-----------+-----------+------+----------+



================================================================
== Utilization Estimates
================================================================
* Summary: 
+-----------------+---------+------+--------+--------+-----+
|       Name      | BRAM_18K|  DSP |   FF   |   LUT  | URAM|
+-----------------+---------+------+--------+--------+-----+
|DSP              |        -|     -|       -|       -|    -|
|Expression       |        -|     -|       0|    1070|    -|
|FIFO             |        -|     -|       -|       -|    -|
|Instance         |        -|     1|     953|    1653|    -|
|Memory           |        -|     -|       -|       -|    -|
|Multiplexer      |        -|     -|       -|     295|    -|
|Register         |        -|     -|     455|       -|    -|
+-----------------+---------+------+--------+--------+-----+
|Total            |        0|     1|    1408|    3018|    0|
+-----------------+---------+------+--------+--------+-----+
|Available        |     1824|  2520|  548160|  274080|    0|
+-----------------+---------+------+--------+--------+-----+
|Utilization (%)  |        0|    ~0|      ~0|       1|    0|
+-----------------+---------+------+--------+--------+-----+

+ Detail: 
    * Instance: 
    +---------------------------------------------------------+----------------------------------------------+---------+----+-----+------+-----+
    |                         Instance                        |                    Module                    | BRAM_18K| DSP|  FF |  LUT | URAM|
    +---------------------------------------------------------+----------------------------------------------+---------+----+-----+------+-----+
    |grp_fpn_conv3x3_Pipeline_FPN3_IC_FPN3_KH_FPN3_KW_fu_254  |fpn_conv3x3_Pipeline_FPN3_IC_FPN3_KH_FPN3_KW  |        0|   1|  953|  1573|    0|
    |mul_8ns_8ns_15_1_1_U83                                   |mul_8ns_8ns_15_1_1                            |        0|   0|    0|    40|    0|
    |mul_8ns_8ns_15_1_1_U84                                   |mul_8ns_8ns_15_1_1                            |        0|   0|    0|    40|    0|
    +---------------------------------------------------------+----------------------------------------------+---------+----+-----+------+-----+
    |Total                                                    |                                              |        0|   1|  953|  1653|    0|
    +---------------------------------------------------------+----------------------------------------------+---------+----+-----+------+-----+

    * DSP: 
    N/A

    * Memory: 
    N/A

    * FIFO: 
    N/A

    * Expression: 
    +----------------------------+----------+----+---+----+------------+------------+
    |        Variable Name       | Operation| DSP| FF| LUT| Bitwidth P0| Bitwidth P1|
    +----------------------------+----------+----+---+----+------------+------------+
    |add_ln436_2_fu_596_p2       |         +|   0|  0|  15|           8|           3|
    |add_ln436_fu_570_p2         |         +|   0|  0|  20|          13|           1|
    |add_ln437_2_fu_672_p2       |         +|   0|  0|  15|           8|           1|
    |add_ln437_fu_638_p2         |         +|   0|  0|  12|           4|           1|
    |add_ln438_fu_666_p2         |         +|   0|  0|  12|           4|           1|
    |add_ln447_fu_1111_p2        |         +|   0|  0|  15|           8|           8|
    |add_ln456_2_fu_558_p2       |         +|   0|  0|  22|          15|          15|
    |add_ln456_3_fu_1054_p2      |         +|   0|  0|  22|          15|          15|
    |add_ln456_fu_1124_p2        |         +|   0|  0|  22|          15|          15|
    |add_ln45721_fu_1254_p2      |         +|   0|  0|  22|          15|          15|
    |add_ln457_fu_1244_p2        |         +|   0|  0|  19|          12|          12|
    |add_ln458_2_fu_1280_p2      |         +|   0|  0|  22|          15|          15|
    |add_ln458_fu_1270_p2        |         +|   0|  0|  19|          12|          12|
    |add_ln459_2_fu_1146_p2      |         +|   0|  0|  22|          15|          15|
    |add_ln459_3_fu_1136_p2      |         +|   0|  0|  18|           9|           9|
    |add_ln459_fu_1130_p2        |         +|   0|  0|  18|           9|           9|
    |empty_65_fu_376_p2          |         +|   0|  0|  19|          12|          11|
    |empty_68_fu_418_p2          |         +|   0|  0|  19|          12|          11|
    |empty_69_fu_424_p2          |         +|   0|  0|  19|          12|          11|
    |empty_71_fu_440_p2          |         +|   0|  0|  19|          12|          11|
    |empty_72_fu_486_p2          |         +|   0|  0|  18|          11|          11|
    |empty_73_fu_530_p2          |         +|   0|  0|  18|          11|          11|
    |empty_74_fu_546_p2          |         +|   0|  0|  18|          11|          11|
    |p_mid1134_fu_763_p2         |         +|   0|  0|  19|          12|          11|
    |p_mid1144_fu_802_p2         |         +|   0|  0|  19|          12|          11|
    |p_mid1146_fu_808_p2         |         +|   0|  0|  19|          12|          11|
    |p_mid1150_fu_824_p2         |         +|   0|  0|  19|          12|          11|
    |p_mid1168_fu_904_p2         |         +|   0|  0|  18|          11|          11|
    |p_mid1192_fu_922_p2         |         +|   0|  0|  18|          11|           4|
    |p_mid1208_fu_934_p2         |         +|   0|  0|  18|          11|           5|
    |p_mid140_fu_1078_p2         |         +|   0|  0|  12|           5|           2|
    |p_mid181_fu_1005_p2         |         +|   0|  0|  18|          11|          11|
    |p_mid187_fu_1028_p2         |         +|   0|  0|  18|          11|          11|
    |tmp1_fu_536_p2              |         +|   0|  0|  12|           5|           5|
    |tmp1_mid1_fu_1018_p2        |         +|   0|  0|  12|           5|           5|
    |tmp2_fu_552_p2              |         +|   0|  0|  22|          15|          15|
    |tmp2_mid1_fu_1041_p2        |         +|   0|  0|  22|          15|          15|
    |tmp_fu_520_p2               |         +|   0|  0|  12|           5|           4|
    |tmp_mid1_fu_995_p2          |         +|   0|  0|  12|           5|           4|
    |empty_fu_358_p2             |         -|   0|  0|  24|          17|          17|
    |p_mid1128_fu_733_p2         |         -|   0|  0|  24|          17|          17|
    |and_ln436_fu_624_p2         |       and|   0|  0|   2|           1|           1|
    |icmp_ln436_fu_564_p2        |      icmp|   0|  0|  12|          13|          13|
    |icmp_ln437_fu_582_p2        |      icmp|   0|  0|  11|           8|           7|
    |icmp_ln438_fu_618_p2        |      icmp|   0|  0|   9|           4|           4|
    |icmp_ln446_fu_1104_p2       |      icmp|   0|  0|   9|           5|           4|
    |empty_67_fu_408_p2          |        or|   0|  0|  10|          10|           3|
    |empty_70_fu_430_p2          |        or|   0|  0|  10|          10|           4|
    |or_ln436_fu_745_p2          |        or|   0|  0|  17|          17|           8|
    |or_ln437_fu_644_p2          |        or|   0|  0|   2|           1|           1|
    |p_mid1142_fu_792_p2         |        or|   0|  0|  10|          10|           3|
    |p_mid1148_fu_814_p2         |        or|   0|  0|  10|          10|           4|
    |select_ln436_14_fu_739_p3   |    select|   0|  0|  16|           1|          17|
    |select_ln436_15_fu_787_p3   |    select|   0|  0|  15|           1|          15|
    |select_ln436_16_fu_840_p3   |    select|   0|  0|  10|           1|          10|
    |select_ln436_17_fu_861_p3   |    select|   0|  0|  10|           1|          10|
    |select_ln436_18_fu_882_p3   |    select|   0|  0|  10|           1|          10|
    |select_ln436_19_fu_898_p3   |    select|   0|  0|  10|           1|          10|
    |select_ln436_20_fu_910_p3   |    select|   0|  0|  10|           1|          11|
    |select_ln436_21_fu_916_p3   |    select|   0|  0|   7|           1|           1|
    |select_ln436_22_fu_928_p3   |    select|   0|  0|  10|           1|          11|
    |select_ln436_23_fu_940_p3   |    select|   0|  0|  10|           1|          11|
    |select_ln436_24_fu_946_p3   |    select|   0|  0|  15|           1|          15|
    |select_ln436_25_fu_951_p3   |    select|   0|  0|  15|           1|          15|
    |select_ln436_26_fu_630_p3   |    select|   0|  0|   8|           1|           8|
    |select_ln436_fu_588_p3      |    select|   0|  0|   4|           1|           1|
    |select_ln437_10_fu_1011_p3  |    select|   0|  0|  10|           1|          11|
    |select_ln437_11_fu_1034_p3  |    select|   0|  0|  10|           1|          11|
    |select_ln437_12_fu_1047_p3  |    select|   0|  0|  15|           1|          15|
    |select_ln437_13_fu_1060_p3  |    select|   0|  0|  15|           1|          15|
    |select_ln437_14_fu_678_p3   |    select|   0|  0|   8|           1|           1|
    |select_ln437_8_fu_658_p3    |    select|   0|  0|   4|           1|           4|
    |select_ln437_9_fu_984_p3    |    select|   0|  0|   7|           1|           7|
    |select_ln437_fu_650_p3      |    select|   0|  0|   4|           1|           1|
    |xor_ln436_fu_612_p2         |       xor|   0|  0|   2|           1|           2|
    +----------------------------+----------+----+---+----+------------+------------+
    |Total                       |          |   0|  0|1070|         562|         658|
    +----------------------------+----------+----+---+----+------------+------------+

    * Multiplexer: 
    +--------------------------+----+-----------+-----+-----------+
    |           Name           | LUT| Input Size| Bits| Total Bits|
    +--------------------------+----+-----------+-----+-----------+
    |ap_NS_fsm                 |  65|         15|    1|         15|
    |grp_fu_1597_ce            |   9|          2|    1|          2|
    |grp_fu_1601_ce            |   9|          2|    1|          2|
    |grp_fu_1605_ce            |   9|          2|    1|          2|
    |grp_fu_272_p0             |  14|          3|   32|         96|
    |grp_fu_272_p1             |  14|          3|   32|         96|
    |grp_fu_276_p0             |  14|          3|   32|         96|
    |grp_fu_276_p1             |  14|          3|   32|         96|
    |indvar_flatten228_fu_152  |   9|          2|   13|         26|
    |indvar_flatten93_fu_144   |   9|          2|    8|         16|
    |oc_fu_148                 |   9|          2|    8|         16|
    |oh_fu_140                 |   9|          2|    4|          8|
    |ow_fu_136                 |   9|          2|    4|          8|
    |p5_Addr_A_orig            |  14|          3|   32|         96|
    |p5_Addr_B_orig            |  14|          3|   32|         96|
    |p5_Din_A                  |  14|          3|   32|         96|
    |p5_Din_B                  |  14|          3|   32|         96|
    |p5_WEN_A                  |   9|          2|    4|          8|
    |p5_WEN_B                  |   9|          2|    4|          8|
    |w_meta_Addr_A_orig        |  14|          3|   32|         96|
    |w_meta_Addr_B_orig        |  14|          3|   32|         96|
    +--------------------------+----+-----------+-----+-----------+
    |Total                     | 295|         65|  369|       1071|
    +--------------------------+----+-----------+-----+-----------+

    * Register: 
    +----------------------------------------------------------------------+----+----+-----+-----------+
    |                                 Name                                 | FF | LUT| Bits| Const Bits|
    +----------------------------------------------------------------------+----+----+-----+-----------+
    |add_ln436_2_reg_1442                                                  |   8|   0|    8|          0|
    |add_ln437_reg_1467                                                    |   4|   0|    4|          0|
    |add_ln447_reg_1535                                                    |   7|   0|    8|          1|
    |add_ln456_2_reg_1418                                                  |  15|   0|   15|          0|
    |add_ln456_reg_1540                                                    |  15|   0|   15|          0|
    |add_ln458_2_reg_1592                                                  |  15|   0|   15|          0|
    |add_ln459_2_reg_1545                                                  |  15|   0|   15|          0|
    |and_ln436_reg_1458                                                    |   1|   0|    1|          0|
    |ap_CS_fsm                                                             |  14|   0|   14|          0|
    |empty_66_reg_1368                                                     |  15|   0|   15|          0|
    |empty_72_reg_1393                                                     |  10|   0|   11|          1|
    |empty_73_reg_1403                                                     |  11|   0|   11|          0|
    |empty_74_reg_1408                                                     |  11|   0|   11|          0|
    |empty_reg_1363                                                        |  11|   0|   17|          6|
    |grp_fpn_conv3x3_Pipeline_FPN3_IC_FPN3_KH_FPN3_KW_fu_254_ap_start_reg  |   1|   0|    1|          0|
    |icmp_ln437_reg_1426                                                   |   1|   0|    1|          0|
    |icmp_ln446_reg_1530                                                   |   1|   0|    1|          0|
    |indvar_flatten228_fu_152                                              |  13|   0|   13|          0|
    |indvar_flatten93_fu_144                                               |   8|   0|    8|          0|
    |oc_fu_148                                                             |   8|   0|    8|          0|
    |oh_fu_140                                                             |   4|   0|    4|          0|
    |or_ln436_reg_1488                                                     |   9|   0|   17|          8|
    |ow_fu_136                                                             |   4|   0|    4|          0|
    |p_mid1140_reg_1451                                                    |  15|   0|   15|          0|
    |p_shl8_reg_1398                                                       |   4|   0|    7|          3|
    |reg_280                                                               |  32|   0|   32|          0|
    |reg_284                                                               |  32|   0|   32|          0|
    |reg_288                                                               |  32|   0|   32|          0|
    |reg_292                                                               |  32|   0|   32|          0|
    |select_ln436_18_reg_1503                                              |   9|   0|   10|          1|
    |select_ln436_19_reg_1508                                              |   8|   0|   10|          2|
    |select_ln437_10_reg_1513                                              |  11|   0|   11|          0|
    |select_ln437_11_reg_1519                                              |  11|   0|   11|          0|
    |select_ln437_8_reg_1482                                               |   4|   0|    4|          0|
    |select_ln437_reg_1474                                                 |   4|   0|    4|          0|
    |tmp2_reg_1413                                                         |  15|   0|   15|          0|
    |tmp_3_reg_1525                                                        |   9|   0|    9|          0|
    |tmp_4_reg_1373                                                        |  10|   0|   10|          0|
    |tmp_5_reg_1378                                                        |   9|   0|   10|          1|
    |tmp_6_reg_1383                                                        |   9|   0|   10|          1|
    |tmp_7_reg_1388                                                        |   8|   0|   10|          2|
    +----------------------------------------------------------------------+----+----+-----+-----------+
    |Total                                                                 | 455|   0|  481|         26|
    +----------------------------------------------------------------------+----+----+-----+-----------+



================================================================
== Interface
================================================================
* Summary: 
+---------------------+-----+-----+------------+--------------+--------------+
|      RTL Ports      | Dir | Bits|  Protocol  | Source Object|    C Type    |
+---------------------+-----+-----+------------+--------------+--------------+
|ap_clk               |   in|    1|  ap_ctrl_hs|   fpn_conv3x3|  return value|
|ap_rst               |   in|    1|  ap_ctrl_hs|   fpn_conv3x3|  return value|
|ap_start             |   in|    1|  ap_ctrl_hs|   fpn_conv3x3|  return value|
|ap_done              |  out|    1|  ap_ctrl_hs|   fpn_conv3x3|  return value|
|ap_idle              |  out|    1|  ap_ctrl_hs|   fpn_conv3x3|  return value|
|ap_ready             |  out|    1|  ap_ctrl_hs|   fpn_conv3x3|  return value|
|grp_fu_144_p_din0    |  out|   32|  ap_ctrl_hs|   fpn_conv3x3|  return value|
|grp_fu_144_p_din1    |  out|   32|  ap_ctrl_hs|   fpn_conv3x3|  return value|
|grp_fu_144_p_opcode  |  out|    2|  ap_ctrl_hs|   fpn_conv3x3|  return value|
|grp_fu_144_p_dout0   |   in|   32|  ap_ctrl_hs|   fpn_conv3x3|  return value|
|grp_fu_144_p_ce      |  out|    1|  ap_ctrl_hs|   fpn_conv3x3|  return value|
|grp_fu_148_p_din0    |  out|   32|  ap_ctrl_hs|   fpn_conv3x3|  return value|
|grp_fu_148_p_din1    |  out|   32|  ap_ctrl_hs|   fpn_conv3x3|  return value|
|grp_fu_148_p_dout0   |   in|   32|  ap_ctrl_hs|   fpn_conv3x3|  return value|
|grp_fu_148_p_ce      |  out|    1|  ap_ctrl_hs|   fpn_conv3x3|  return value|
|grp_fu_152_p_din0    |  out|   32|  ap_ctrl_hs|   fpn_conv3x3|  return value|
|grp_fu_152_p_dout0   |   in|   32|  ap_ctrl_hs|   fpn_conv3x3|  return value|
|grp_fu_152_p_ce      |  out|    1|  ap_ctrl_hs|   fpn_conv3x3|  return value|
|grp_fu_155_p_din0    |  out|   32|  ap_ctrl_hs|   fpn_conv3x3|  return value|
|grp_fu_155_p_din1    |  out|   32|  ap_ctrl_hs|   fpn_conv3x3|  return value|
|grp_fu_155_p_opcode  |  out|    2|  ap_ctrl_hs|   fpn_conv3x3|  return value|
|grp_fu_155_p_dout0   |   in|   32|  ap_ctrl_hs|   fpn_conv3x3|  return value|
|grp_fu_155_p_ce      |  out|    1|  ap_ctrl_hs|   fpn_conv3x3|  return value|
|grp_fu_159_p_din0    |  out|   32|  ap_ctrl_hs|   fpn_conv3x3|  return value|
|grp_fu_159_p_din1    |  out|   32|  ap_ctrl_hs|   fpn_conv3x3|  return value|
|grp_fu_159_p_opcode  |  out|    2|  ap_ctrl_hs|   fpn_conv3x3|  return value|
|grp_fu_159_p_dout0   |   in|   32|  ap_ctrl_hs|   fpn_conv3x3|  return value|
|grp_fu_159_p_ce      |  out|    1|  ap_ctrl_hs|   fpn_conv3x3|  return value|
|p5_Addr_A            |  out|   32|        bram|            p5|         array|
|p5_EN_A              |  out|    1|        bram|            p5|         array|
|p5_WEN_A             |  out|    4|        bram|            p5|         array|
|p5_Din_A             |  out|   32|        bram|            p5|         array|
|p5_Dout_A            |   in|   32|        bram|            p5|         array|
|p5_Addr_B            |  out|   32|        bram|            p5|         array|
|p5_EN_B              |  out|    1|        bram|            p5|         array|
|p5_WEN_B             |  out|    4|        bram|            p5|         array|
|p5_Din_B             |  out|   32|        bram|            p5|         array|
|p5_Dout_B            |   in|   32|        bram|            p5|         array|
|w_conv_Addr_A        |  out|   32|        bram|        w_conv|         array|
|w_conv_EN_A          |  out|    1|        bram|        w_conv|         array|
|w_conv_WEN_A         |  out|    1|        bram|        w_conv|         array|
|w_conv_Din_A         |  out|    8|        bram|        w_conv|         array|
|w_conv_Dout_A        |   in|    8|        bram|        w_conv|         array|
|w_conv_Addr_B        |  out|   32|        bram|        w_conv|         array|
|w_conv_EN_B          |  out|    1|        bram|        w_conv|         array|
|w_conv_WEN_B         |  out|    1|        bram|        w_conv|         array|
|w_conv_Din_B         |  out|    8|        bram|        w_conv|         array|
|w_conv_Dout_B        |   in|    8|        bram|        w_conv|         array|
|w_meta_Addr_A        |  out|   32|        bram|        w_meta|         array|
|w_meta_EN_A          |  out|    1|        bram|        w_meta|         array|
|w_meta_WEN_A         |  out|    4|        bram|        w_meta|         array|
|w_meta_Din_A         |  out|   32|        bram|        w_meta|         array|
|w_meta_Dout_A        |   in|   32|        bram|        w_meta|         array|
|w_meta_Addr_B        |  out|   32|        bram|        w_meta|         array|
|w_meta_EN_B          |  out|    1|        bram|        w_meta|         array|
|w_meta_WEN_B         |  out|    4|        bram|        w_meta|         array|
|w_meta_Din_B         |  out|   32|        bram|        w_meta|         array|
|w_meta_Dout_B        |   in|   32|        bram|        w_meta|         array|
|lat4_address0        |  out|   15|   ap_memory|          lat4|         array|
|lat4_ce0             |  out|    1|   ap_memory|          lat4|         array|
|lat4_q0              |   in|   32|   ap_memory|          lat4|         array|
+---------------------+-----+-----+------------+--------------+--------------+

