

================================================================
== Vitis HLS Report for 'fpn_p4p5_top'
================================================================
* Date:           Mon Jun  1 16:20:15 2026

* Version:        2022.2 (Build 3670227 on Oct 13 2022)
* Project:        fpn_192
* Solution:       solution1 (Vivado IP Flow Target)
* Product family: zynquplus
* Target device:  xczu9eg-ffvb1156-2-e


================================================================
== Performance Estimates
================================================================
+ Timing: 
    * Summary: 
    +--------+---------+----------+------------+
    |  Clock |  Target | Estimated| Uncertainty|
    +--------+---------+----------+------------+
    |ap_clk  |  5.00 ns|  3.824 ns|     1.35 ns|
    +--------+---------+----------+------------+

+ Latency: 
    * Summary: 
    +-----------+-----------+-----------+-----------+-----------+-----------+---------+
    |    Latency (cycles)   |   Latency (absolute)  |        Interval       | Pipeline|
    |    min    |    max    |    min    |    max    |    min    |    max    |   Type  |
    +-----------+-----------+-----------+-----------+-----------+-----------+---------+
    |  235797420|  235797420|  1.179 sec|  1.179 sec|  235797421|  235797421|       no|
    +-----------+-----------+-----------+-----------+-----------+-----------+---------+

    + Detail: 
        * Instance: 
        +-------------------------------------------------+--------------------------------------+-----------+-----------+-----------+-----------+-----------+-----------+---------+
        |                                                 |                                      |    Latency (cycles)   |   Latency (absolute)  |        Interval       | Pipeline|
        |                     Instance                    |                Module                |    min    |    max    |    min    |    max    |    min    |    max    |   Type  |
        +-------------------------------------------------+--------------------------------------+-----------+-----------+-----------+-----------+-----------+-----------+---------+
        |grp_conv1x1_plain_fu_64                          |conv1x1_plain                         |   15361105|   15361105|  76.806 ms|  76.806 ms|   15361105|   15361105|       no|
        |grp_conv1x1_plain_1_fu_76                        |conv1x1_plain_1                       |   12289105|   12289105|  61.446 ms|  61.446 ms|   12289105|   12289105|       no|
        |grp_fpn_p4p5_top_Pipeline_UP_C_UP_H_UP_W_fu_88   |fpn_p4p5_top_Pipeline_UP_C_UP_H_UP_W  |      38425|      38425|   0.192 ms|   0.192 ms|      38425|      38425|       no|
        |grp_fpn_p4p5_top_Pipeline_EAI_fu_100             |fpn_p4p5_top_Pipeline_EAI             |      76811|      76811|   0.384 ms|   0.384 ms|      76811|      76811|       no|
        |grp_fpn_conv3x3_fu_112                           |fpn_conv3x3                           |   41625601|   41625601|  0.208 sec|  0.208 sec|   41625601|   41625601|       no|
        |grp_fpn_conv3x3_2_fu_124                         |fpn_conv3x3_2                         |  166521602|  166521602|  0.833 sec|  0.833 sec|  166521602|  166521602|       no|
        |grp_fpn_p4p5_top_Pipeline_MP_C_MP_H_MP_W_fu_136  |fpn_p4p5_top_Pipeline_MP_C_MP_H_MP_W  |       4803|       4803|  24.015 us|  24.015 us|       4803|       4803|       no|
        +-------------------------------------------------+--------------------------------------+-----------+-----------+-----------+-----------+-----------+-----------+---------+

        * Loop: 
        N/A



================================================================
== Utilization Estimates
================================================================
* Summary: 
+-----------------+---------+------+--------+--------+-----+
|       Name      | BRAM_18K|  DSP |   FF   |   LUT  | URAM|
+-----------------+---------+------+--------+--------+-----+
|DSP              |        -|     -|       -|       -|    -|
|Expression       |        -|     -|       0|       6|    -|
|FIFO             |        -|     -|       -|       -|    -|
|Instance         |        -|    18|   10431|   14186|    -|
|Memory           |      328|     -|       0|       0|    -|
|Multiplexer      |        -|     -|       -|     895|    -|
|Register         |        -|     -|      15|       -|    -|
+-----------------+---------+------+--------+--------+-----+
|Total            |      328|    18|   10446|   15087|    0|
+-----------------+---------+------+--------+--------+-----+
|Available        |     1824|  2520|  548160|  274080|    0|
+-----------------+---------+------+--------+--------+-----+
|Utilization (%)  |       17|    ~0|       1|       5|    0|
+-----------------+---------+------+--------+--------+-----+

+ Detail: 
    * Instance: 
    +-------------------------------------------------+--------------------------------------+---------+----+------+------+-----+
    |                     Instance                    |                Module                | BRAM_18K| DSP|  FF  |  LUT | URAM|
    +-------------------------------------------------+--------------------------------------+---------+----+------+------+-----+
    |grp_conv1x1_plain_fu_64                          |conv1x1_plain                         |        0|   1|  1073|  1263|    0|
    |grp_conv1x1_plain_1_fu_76                        |conv1x1_plain_1                       |        0|   1|  1136|  1322|    0|
    |fadd_32ns_32ns_32_6_no_dsp_1_U118                |fadd_32ns_32ns_32_6_no_dsp_1          |        0|   0|   278|   411|    0|
    |fadd_32ns_32ns_32_8_full_dsp_1_U121              |fadd_32ns_32ns_32_8_full_dsp_1        |        0|   2|   296|   239|    0|
    |fadd_32ns_32ns_32_8_full_dsp_1_U122              |fadd_32ns_32ns_32_8_full_dsp_1        |        0|   2|   296|   239|    0|
    |fmul_32ns_32ns_32_5_max_dsp_1_U119               |fmul_32ns_32ns_32_5_max_dsp_1         |        0|   3|   151|   145|    0|
    |grp_fpn_conv3x3_fu_112                           |fpn_conv3x3                           |        0|   1|  1408|  3018|    0|
    |grp_fpn_conv3x3_2_fu_124                         |fpn_conv3x3_2                         |        0|   1|  1442|  3134|    0|
    |grp_fpn_p4p5_top_Pipeline_EAI_fu_100             |fpn_p4p5_top_Pipeline_EAI             |        0|   2|   563|   472|    0|
    |grp_fpn_p4p5_top_Pipeline_MP_C_MP_H_MP_W_fu_136  |fpn_p4p5_top_Pipeline_MP_C_MP_H_MP_W  |        0|   0|   110|   625|    0|
    |grp_fpn_p4p5_top_Pipeline_UP_C_UP_H_UP_W_fu_88   |fpn_p4p5_top_Pipeline_UP_C_UP_H_UP_W  |        0|   5|  3678|  3318|    0|
    |sitofp_32s_32_6_no_dsp_1_U120                    |sitofp_32s_32_6_no_dsp_1              |        0|   0|     0|     0|    0|
    +-------------------------------------------------+--------------------------------------+---------+----+------+------+-----+
    |Total                                            |                                      |        0|  18| 10431| 14186|    0|
    +-------------------------------------------------+--------------------------------------+---------+----+------+------+-----+

    * DSP: 
    N/A

    * Memory: 
    +------------------------------------------------------------------------------+----------------------------------------------------------------------------------+---------+---+----+-----+-------+-----+------+-------------+
    |                                    Memory                                    |                                      Module                                      | BRAM_18K| FF| LUT| URAM| Words | Bits| Banks| W*Bits*Banks|
    +------------------------------------------------------------------------------+----------------------------------------------------------------------------------+---------+---+----+-----+-------+-----+------+-------------+
    |fpn_p4p5_top_float_const_float_const_signed_char_const_float_const_float_2_U  |fpn_p4p5_top_float_const_float_const_signed_char_const_float_const_float_2_RAbkb  |       50|  0|   0|    0|  25600|   32|     1|       819200|
    |fpn_p4p5_top_float_const_float_const_signed_char_const_float_const_float_1_U  |fpn_p4p5_top_float_const_float_const_signed_char_const_float_const_float_2_RAbkb  |       50|  0|   0|    0|  25600|   32|     1|       819200|
    |fpn_p4p5_top_float_const_float_const_signed_char_const_float_const_float_U    |fpn_p4p5_top_float_const_float_const_signed_char_const_float_const_float_2_RAbkb  |       50|  0|   0|    0|  25600|   32|     1|       819200|
    |lat3_U                                                                        |lat3_RAM_T2P_BRAM_1R1W                                                            |      140|  0|   0|    0|  76800|   32|     1|      2457600|
    |lat4_U                                                                        |lat4_RAM_T2P_BRAM_1R1W                                                            |       38|  0|   0|    0|  19200|   32|     1|       614400|
    +------------------------------------------------------------------------------+----------------------------------------------------------------------------------+---------+---+----+-----+-------+-----+------+-------------+
    |Total                                                                         |                                                                                  |      328|  0|   0|    0| 172800|  160|     5|      5529600|
    +------------------------------------------------------------------------------+----------------------------------------------------------------------------------+---------+---+----+-----+-------+-----+------+-------------+

    * FIFO: 
    N/A

    * Expression: 
    +---------------------------------+----------+----+---+----+------------+------------+
    |          Variable Name          | Operation| DSP| FF| LUT| Bitwidth P0| Bitwidth P1|
    +---------------------------------+----------+----+---+----+------------+------------+
    |ap_block_state4_on_subcall_done  |        or|   0|  0|   2|           1|           1|
    |ap_block_state6_on_subcall_done  |        or|   0|  0|   2|           1|           1|
    |ap_block_state8_on_subcall_done  |        or|   0|  0|   2|           1|           1|
    +---------------------------------+----------+----+---+----+------------+------------+
    |Total                            |          |   0|  0|   6|           3|           3|
    +---------------------------------+----------+----+---+----+------------+------------+

    * Multiplexer: 
    +-------------------------------------------------------------------------------------+----+-----------+-----+-----------+
    |                                         Name                                        | LUT| Input Size| Bits| Total Bits|
    +-------------------------------------------------------------------------------------+----+-----------+-----+-----------+
    |ap_NS_fsm                                                                            |  49|          9|    1|          9|
    |fpn_p4p5_top_float_const_float_const_signed_char_const_float_const_float_1_address0  |  14|          3|   15|         45|
    |fpn_p4p5_top_float_const_float_const_signed_char_const_float_const_float_1_ce0       |  14|          3|    1|          3|
    |fpn_p4p5_top_float_const_float_const_signed_char_const_float_const_float_1_ce1       |   9|          2|    1|          2|
    |fpn_p4p5_top_float_const_float_const_signed_char_const_float_const_float_1_we0       |   9|          2|    1|          2|
    |fpn_p4p5_top_float_const_float_const_signed_char_const_float_const_float_1_we1       |   9|          2|    1|          2|
    |fpn_p4p5_top_float_const_float_const_signed_char_const_float_const_float_2_address0  |  14|          3|   15|         45|
    |fpn_p4p5_top_float_const_float_const_signed_char_const_float_const_float_2_ce0       |  14|          3|    1|          3|
    |fpn_p4p5_top_float_const_float_const_signed_char_const_float_const_float_2_ce1       |   9|          2|    1|          2|
    |fpn_p4p5_top_float_const_float_const_signed_char_const_float_const_float_2_we0       |   9|          2|    1|          2|
    |fpn_p4p5_top_float_const_float_const_signed_char_const_float_const_float_2_we1       |   9|          2|    1|          2|
    |fpn_p4p5_top_float_const_float_const_signed_char_const_float_const_float_address0    |  14|          3|   15|         45|
    |fpn_p4p5_top_float_const_float_const_signed_char_const_float_const_float_ce0         |  14|          3|    1|          3|
    |fpn_p4p5_top_float_const_float_const_signed_char_const_float_const_float_ce1         |   9|          2|    1|          2|
    |fpn_p4p5_top_float_const_float_const_signed_char_const_float_const_float_we0         |   9|          2|    1|          2|
    |fpn_p4p5_top_float_const_float_const_signed_char_const_float_const_float_we1         |   9|          2|    1|          2|
    |grp_fu_144_ce                                                                        |  26|          5|    1|          5|
    |grp_fu_144_p0                                                                        |  26|          5|   32|        160|
    |grp_fu_144_p1                                                                        |  26|          5|   32|        160|
    |grp_fu_148_ce                                                                        |  26|          5|    1|          5|
    |grp_fu_148_p0                                                                        |  26|          5|   32|        160|
    |grp_fu_148_p1                                                                        |  26|          5|   32|        160|
    |grp_fu_152_ce                                                                        |  26|          5|    1|          5|
    |grp_fu_152_p0                                                                        |  26|          5|   32|        160|
    |grp_fu_155_ce                                                                        |  14|          3|    1|          3|
    |grp_fu_155_p0                                                                        |  14|          3|   32|         96|
    |grp_fu_155_p1                                                                        |  14|          3|   32|         96|
    |grp_fu_159_ce                                                                        |  14|          3|    1|          3|
    |grp_fu_159_p0                                                                        |  14|          3|   32|         96|
    |grp_fu_159_p1                                                                        |  14|          3|   32|         96|
    |lat3_address0                                                                        |  20|          4|   17|         68|
    |lat3_ce0                                                                             |  20|          4|    1|          4|
    |lat3_ce1                                                                             |   9|          2|    1|          2|
    |lat3_d0                                                                              |  14|          3|   32|         96|
    |lat3_we0                                                                             |  14|          3|    1|          3|
    |lat4_address0                                                                        |  20|          4|   15|         60|
    |lat4_ce0                                                                             |  20|          4|    1|          4|
    |lat4_we0                                                                             |   9|          2|    1|          2|
    |p5_Addr_A                                                                            |  14|          3|   32|         96|
    |p5_EN_A                                                                              |  14|          3|    1|          3|
    |p5_EN_B                                                                              |   9|          2|    1|          2|
    |p5_WEN_A                                                                             |   9|          2|    4|          8|
    |p5_WEN_B                                                                             |   9|          2|    4|          8|
    |w_conv_Addr_A                                                                        |  26|          5|   32|        160|
    |w_conv_Addr_B                                                                        |  26|          5|   32|        160|
    |w_conv_EN_A                                                                          |  26|          5|    1|          5|
    |w_conv_EN_B                                                                          |  26|          5|    1|          5|
    |w_meta_Addr_A                                                                        |  26|          5|   32|        160|
    |w_meta_Addr_B                                                                        |  26|          5|   32|        160|
    |w_meta_EN_A                                                                          |  26|          5|    1|          5|
    |w_meta_EN_B                                                                          |  26|          5|    1|          5|
    +-------------------------------------------------------------------------------------+----+-----------+-----+-----------+
    |Total                                                                                | 895|        181|  594|       2392|
    +-------------------------------------------------------------------------------------+----+-----------+-----+-----------+

    * Register: 
    +--------------------------------------------------------------+---+----+-----+-----------+
    |                             Name                             | FF| LUT| Bits| Const Bits|
    +--------------------------------------------------------------+---+----+-----+-----------+
    |ap_CS_fsm                                                     |  8|   0|    8|          0|
    |grp_conv1x1_plain_1_fu_76_ap_start_reg                        |  1|   0|    1|          0|
    |grp_conv1x1_plain_fu_64_ap_start_reg                          |  1|   0|    1|          0|
    |grp_fpn_conv3x3_2_fu_124_ap_start_reg                         |  1|   0|    1|          0|
    |grp_fpn_conv3x3_fu_112_ap_start_reg                           |  1|   0|    1|          0|
    |grp_fpn_p4p5_top_Pipeline_EAI_fu_100_ap_start_reg             |  1|   0|    1|          0|
    |grp_fpn_p4p5_top_Pipeline_MP_C_MP_H_MP_W_fu_136_ap_start_reg  |  1|   0|    1|          0|
    |grp_fpn_p4p5_top_Pipeline_UP_C_UP_H_UP_W_fu_88_ap_start_reg   |  1|   0|    1|          0|
    +--------------------------------------------------------------+---+----+-----+-----------+
    |Total                                                         | 15|   0|   15|          0|
    +--------------------------------------------------------------+---+----+-----+-----------+



================================================================
== Interface
================================================================
* Summary: 
+---------------+-----+-----+------------+--------------+--------------+
|   RTL Ports   | Dir | Bits|  Protocol  | Source Object|    C Type    |
+---------------+-----+-----+------------+--------------+--------------+
|ap_clk         |   in|    1|  ap_ctrl_hs|  fpn_p4p5_top|  return value|
|ap_rst         |   in|    1|  ap_ctrl_hs|  fpn_p4p5_top|  return value|
|ap_start       |   in|    1|  ap_ctrl_hs|  fpn_p4p5_top|  return value|
|ap_done        |  out|    1|  ap_ctrl_hs|  fpn_p4p5_top|  return value|
|ap_idle        |  out|    1|  ap_ctrl_hs|  fpn_p4p5_top|  return value|
|ap_ready       |  out|    1|  ap_ctrl_hs|  fpn_p4p5_top|  return value|
|c4_Addr_A      |  out|   32|        bram|            c4|         array|
|c4_EN_A        |  out|    1|        bram|            c4|         array|
|c4_WEN_A       |  out|    4|        bram|            c4|         array|
|c4_Din_A       |  out|   32|        bram|            c4|         array|
|c4_Dout_A      |   in|   32|        bram|            c4|         array|
|c4_Clk_A       |  out|    1|        bram|            c4|         array|
|c4_Rst_A       |  out|    1|        bram|            c4|         array|
|c3_Addr_A      |  out|   32|        bram|            c3|         array|
|c3_EN_A        |  out|    1|        bram|            c3|         array|
|c3_WEN_A       |  out|    4|        bram|            c3|         array|
|c3_Din_A       |  out|   32|        bram|            c3|         array|
|c3_Dout_A      |   in|   32|        bram|            c3|         array|
|c3_Clk_A       |  out|    1|        bram|            c3|         array|
|c3_Rst_A       |  out|    1|        bram|            c3|         array|
|w_conv_Addr_A  |  out|   32|        bram|        w_conv|         array|
|w_conv_EN_A    |  out|    1|        bram|        w_conv|         array|
|w_conv_WEN_A   |  out|    1|        bram|        w_conv|         array|
|w_conv_Din_A   |  out|    8|        bram|        w_conv|         array|
|w_conv_Dout_A  |   in|    8|        bram|        w_conv|         array|
|w_conv_Clk_A   |  out|    1|        bram|        w_conv|         array|
|w_conv_Rst_A   |  out|    1|        bram|        w_conv|         array|
|w_conv_Addr_B  |  out|   32|        bram|        w_conv|         array|
|w_conv_EN_B    |  out|    1|        bram|        w_conv|         array|
|w_conv_WEN_B   |  out|    1|        bram|        w_conv|         array|
|w_conv_Din_B   |  out|    8|        bram|        w_conv|         array|
|w_conv_Dout_B  |   in|    8|        bram|        w_conv|         array|
|w_conv_Clk_B   |  out|    1|        bram|        w_conv|         array|
|w_conv_Rst_B   |  out|    1|        bram|        w_conv|         array|
|w_meta_Addr_A  |  out|   32|        bram|        w_meta|         array|
|w_meta_EN_A    |  out|    1|        bram|        w_meta|         array|
|w_meta_WEN_A   |  out|    4|        bram|        w_meta|         array|
|w_meta_Din_A   |  out|   32|        bram|        w_meta|         array|
|w_meta_Dout_A  |   in|   32|        bram|        w_meta|         array|
|w_meta_Clk_A   |  out|    1|        bram|        w_meta|         array|
|w_meta_Rst_A   |  out|    1|        bram|        w_meta|         array|
|w_meta_Addr_B  |  out|   32|        bram|        w_meta|         array|
|w_meta_EN_B    |  out|    1|        bram|        w_meta|         array|
|w_meta_WEN_B   |  out|    4|        bram|        w_meta|         array|
|w_meta_Din_B   |  out|   32|        bram|        w_meta|         array|
|w_meta_Dout_B  |   in|   32|        bram|        w_meta|         array|
|w_meta_Clk_B   |  out|    1|        bram|        w_meta|         array|
|w_meta_Rst_B   |  out|    1|        bram|        w_meta|         array|
|p5_Addr_A      |  out|   32|        bram|            p5|         array|
|p5_EN_A        |  out|    1|        bram|            p5|         array|
|p5_WEN_A       |  out|    4|        bram|            p5|         array|
|p5_Din_A       |  out|   32|        bram|            p5|         array|
|p5_Dout_A      |   in|   32|        bram|            p5|         array|
|p5_Clk_A       |  out|    1|        bram|            p5|         array|
|p5_Rst_A       |  out|    1|        bram|            p5|         array|
|p5_Addr_B      |  out|   32|        bram|            p5|         array|
|p5_EN_B        |  out|    1|        bram|            p5|         array|
|p5_WEN_B       |  out|    4|        bram|            p5|         array|
|p5_Din_B       |  out|   32|        bram|            p5|         array|
|p5_Dout_B      |   in|   32|        bram|            p5|         array|
|p5_Clk_B       |  out|    1|        bram|            p5|         array|
|p5_Rst_B       |  out|    1|        bram|            p5|         array|
|p4_Addr_A      |  out|   32|        bram|            p4|         array|
|p4_EN_A        |  out|    1|        bram|            p4|         array|
|p4_WEN_A       |  out|    4|        bram|            p4|         array|
|p4_Din_A       |  out|   32|        bram|            p4|         array|
|p4_Dout_A      |   in|   32|        bram|            p4|         array|
|p4_Clk_A       |  out|    1|        bram|            p4|         array|
|p4_Rst_A       |  out|    1|        bram|            p4|         array|
|p4_Addr_B      |  out|   32|        bram|            p4|         array|
|p4_EN_B        |  out|    1|        bram|            p4|         array|
|p4_WEN_B       |  out|    4|        bram|            p4|         array|
|p4_Din_B       |  out|   32|        bram|            p4|         array|
|p4_Dout_B      |   in|   32|        bram|            p4|         array|
|p4_Clk_B       |  out|    1|        bram|            p4|         array|
|p4_Rst_B       |  out|    1|        bram|            p4|         array|
|p6_Addr_A      |  out|   32|        bram|            p6|         array|
|p6_EN_A        |  out|    1|        bram|            p6|         array|
|p6_WEN_A       |  out|    4|        bram|            p6|         array|
|p6_Din_A       |  out|   32|        bram|            p6|         array|
|p6_Dout_A      |   in|   32|        bram|            p6|         array|
|p6_Clk_A       |  out|    1|        bram|            p6|         array|
|p6_Rst_A       |  out|    1|        bram|            p6|         array|
+---------------+-----+-----+------------+--------------+--------------+

