

================================================================
== Vitis HLS Report for 'fpn_conv3x3_2'
================================================================
* Date:           Mon Jun  1 16:20:14 2026

* Version:        2022.2 (Build 3670227 on Oct 13 2022)
* Project:        fpn_192
* Solution:       solution1 (Vivado IP Flow Target)
* Product family: zynquplus
* Target device:  xczu9eg-ffvb1156-2-e


================================================================
== Performance Estimates
================================================================
+ Timing: 
    * Summary: 
    +--------+---------+----------+------------+
    |  Clock |  Target | Estimated| Uncertainty|
    +--------+---------+----------+------------+
    |ap_clk  |  5.00 ns|  3.824 ns|     1.35 ns|
    +--------+---------+----------+------------+

+ Latency: 
    * Summary: 
    +-----------+-----------+-----------+-----------+-----------+-----------+---------+
    |    Latency (cycles)   |   Latency (absolute)  |        Interval       | Pipeline|
    |    min    |    max    |    min    |    max    |    min    |    max    |   Type  |
    +-----------+-----------+-----------+-----------+-----------+-----------+---------+
    |  166521602|  166521602|  0.833 sec|  0.833 sec|  166521602|  166521602|       no|
    +-----------+-----------+-----------+-----------+-----------+-----------+---------+

    + Detail: 
        * Instance: 
        +-----------------------------------------------------------+------------------------------------------------+---------+---------+-----------+-----------+------+------+---------+
        |                                                           |                                                |  Latency (cycles) |   Latency (absolute)  |   Interval  | Pipeline|
        |                          Instance                         |                     Module                     |   min   |   max   |    min    |    max    |  min |  max |   Type  |
        +-----------------------------------------------------------+------------------------------------------------+---------+---------+-----------+-----------+------+------+---------+
        |grp_fpn_conv3x3_2_Pipeline_FPN3_IC_FPN3_KH_FPN3_KW_fu_252  |fpn_conv3x3_2_Pipeline_FPN3_IC_FPN3_KH_FPN3_KW  |     8659|     8659|  43.295 us|  43.295 us|  8659|  8659|       no|
        +-----------------------------------------------------------+------------------------------------------------+---------+---------+-----------+-----------+------+------+---------+

        * Loop: 
        +---------------------------+-----------+-----------+----------+-----------+-----------+-------+----------+
        |                           |    Latency (cycles)   | Iteration|  Initiation Interval  |  Trip |          |
        |         Loop Name         |    min    |    max    |  Latency |  achieved |   target  | Count | Pipelined|
        +---------------------------+-----------+-----------+----------+-----------+-----------+-------+----------+
        |- FPN3_OC_FPN3_OH_FPN3_OW  |  166521601|  166521601|      8673|          -|          -|  19200|        no|
        +---------------------------+-----------+-----------+----------+-----------+-----------+-------+----------+



================================================================
== Utilization Estimates
================================================================
* Summary: 
+-----------------+---------+------+--------+--------+-----+
|       Name      | BRAM_18K|  DSP |   FF   |   LUT  | URAM|
+-----------------+---------+------+--------+--------+-----+
|DSP              |        -|     -|       -|       -|    -|
|Expression       |        -|     -|       0|    1127|    -|
|FIFO             |        -|     -|       -|       -|    -|
|Instance         |        -|     1|     957|    1712|    -|
|Memory           |        -|     -|       -|       -|    -|
|Multiplexer      |        -|     -|       -|     295|    -|
|Register         |        -|     -|     485|       -|    -|
+-----------------+---------+------+--------+--------+-----+
|Total            |        0|     1|    1442|    3134|    0|
+-----------------+---------+------+--------+--------+-----+
|Available        |     1824|  2520|  548160|  274080|    0|
+-----------------+---------+------+--------+--------+-----+
|Utilization (%)  |        0|    ~0|      ~0|       1|    0|
+-----------------+---------+------+--------+--------+-----+

+ Detail: 
    * Instance: 
    +-----------------------------------------------------------+------------------------------------------------+---------+----+-----+------+-----+
    |                          Instance                         |                     Module                     | BRAM_18K| DSP|  FF |  LUT | URAM|
    +-----------------------------------------------------------+------------------------------------------------+---------+----+-----+------+-----+
    |grp_fpn_conv3x3_2_Pipeline_FPN3_IC_FPN3_KH_FPN3_KW_fu_252  |fpn_conv3x3_2_Pipeline_FPN3_IC_FPN3_KH_FPN3_KW  |        0|   1|  957|  1588|    0|
    |mul_8ns_10ns_17_1_1_U107                                   |mul_8ns_10ns_17_1_1                             |        0|   0|    0|    62|    0|
    |mul_8ns_10ns_17_1_1_U108                                   |mul_8ns_10ns_17_1_1                             |        0|   0|    0|    62|    0|
    +-----------------------------------------------------------+------------------------------------------------+---------+----+-----+------+-----+
    |Total                                                      |                                                |        0|   1|  957|  1712|    0|
    +-----------------------------------------------------------+------------------------------------------------+---------+----+-----+------+-----+

    * DSP: 
    N/A

    * Memory: 
    N/A

    * FIFO: 
    N/A

    * Expression: 
    +---------------------------+----------+----+---+----+------------+------------+
    |       Variable Name       | Operation| DSP| FF| LUT| Bitwidth P0| Bitwidth P1|
    +---------------------------+----------+----+---+----+------------+------------+
    |add_ln436_1_fu_577_p2      |         +|   0|  0|  15|           8|           3|
    |add_ln436_fu_551_p2        |         +|   0|  0|  22|          15|           1|
    |add_ln437_1_fu_651_p2      |         +|   0|  0|  17|          10|           1|
    |add_ln437_fu_617_p2        |         +|   0|  0|  12|           5|           1|
    |add_ln438_fu_645_p2        |         +|   0|  0|  12|           5|           1|
    |add_ln447_3_fu_1079_p2     |         +|   0|  0|  17|          10|          10|
    |add_ln456_1_fu_539_p2      |         +|   0|  0|  24|          17|          17|
    |add_ln456_2_fu_1022_p2     |         +|   0|  0|  24|          17|          17|
    |add_ln456_fu_1092_p2       |         +|   0|  0|  24|          17|          17|
    |add_ln457_1_fu_1222_p2     |         +|   0|  0|  24|          17|          17|
    |add_ln457_fu_1212_p2       |         +|   0|  0|  21|          14|          14|
    |add_ln458_1_fu_1248_p2     |         +|   0|  0|  24|          17|          17|
    |add_ln458_fu_1238_p2       |         +|   0|  0|  21|          14|          14|
    |add_ln459_1_fu_1114_p2     |         +|   0|  0|  24|          17|          17|
    |add_ln459_2_fu_1104_p2     |         +|   0|  0|  17|          11|          11|
    |add_ln459_fu_1098_p2       |         +|   0|  0|  17|          11|          11|
    |empty_54_fu_377_p2         |         +|   0|  0|  19|          12|          12|
    |empty_57_fu_400_p2         |         +|   0|  0|  19|          12|          12|
    |empty_58_fu_406_p2         |         +|   0|  0|  19|          12|          12|
    |empty_60_fu_422_p2         |         +|   0|  0|  19|          12|          12|
    |empty_61_fu_468_p2         |         +|   0|  0|  19|          12|          12|
    |empty_62_fu_512_p2         |         +|   0|  0|  19|          12|          12|
    |empty_63_fu_528_p2         |         +|   0|  0|  19|          12|          12|
    |p_mid1133_fu_742_p2        |         +|   0|  0|  19|          12|          12|
    |p_mid1141_fu_770_p2        |         +|   0|  0|  19|          12|          12|
    |p_mid1143_fu_776_p2        |         +|   0|  0|  19|          12|          12|
    |p_mid1147_fu_792_p2        |         +|   0|  0|  19|          12|          12|
    |p_mid1165_fu_872_p2        |         +|   0|  0|  19|          12|          12|
    |p_mid1191_fu_890_p2        |         +|   0|  0|  19|          12|           5|
    |p_mid1207_fu_902_p2        |         +|   0|  0|  19|          12|           6|
    |p_mid140_fu_1046_p2        |         +|   0|  0|  13|           6|           2|
    |p_mid181_fu_973_p2         |         +|   0|  0|  19|          12|          12|
    |p_mid187_fu_996_p2         |         +|   0|  0|  19|          12|          12|
    |tmp1_fu_518_p2             |         +|   0|  0|  13|           6|           6|
    |tmp1_mid1_fu_986_p2        |         +|   0|  0|  13|           6|           6|
    |tmp2_fu_534_p2             |         +|   0|  0|  24|          17|          17|
    |tmp2_mid1_fu_1009_p2       |         +|   0|  0|  24|          17|          17|
    |tmp_fu_502_p2              |         +|   0|  0|  13|           6|           5|
    |tmp_mid1_fu_963_p2         |         +|   0|  0|  13|           6|           5|
    |empty_fu_360_p2            |         -|   0|  0|  24|          17|          17|
    |p_mid1127_fu_712_p2        |         -|   0|  0|  24|          17|          17|
    |and_ln436_fu_604_p2        |       and|   0|  0|   2|           1|           1|
    |icmp_ln436_fu_545_p2       |      icmp|   0|  0|  12|          15|          15|
    |icmp_ln437_fu_563_p2       |      icmp|   0|  0|  11|          10|           9|
    |icmp_ln438_fu_598_p2       |      icmp|   0|  0|   9|           5|           5|
    |icmp_ln446_2_fu_1072_p2    |      icmp|   0|  0|  10|           6|           5|
    |empty_56_fu_390_p2         |        or|   0|  0|  10|          10|           3|
    |empty_59_fu_412_p2         |        or|   0|  0|  10|          10|           4|
    |or_ln436_fu_724_p2         |        or|   0|  0|  17|          17|           8|
    |or_ln437_fu_623_p2         |        or|   0|  0|   2|           1|           1|
    |p_mid1139_fu_760_p2        |        or|   0|  0|  10|          10|           3|
    |p_mid1145_fu_782_p2        |        or|   0|  0|  10|          10|           4|
    |select_ln436_10_fu_908_p3  |    select|   0|  0|  11|           1|          12|
    |select_ln436_11_fu_914_p3  |    select|   0|  0|  16|           1|          17|
    |select_ln436_12_fu_919_p3  |    select|   0|  0|  16|           1|          17|
    |select_ln436_13_fu_610_p3  |    select|   0|  0|   8|           1|           8|
    |select_ln436_1_fu_718_p3   |    select|   0|  0|  16|           1|          17|
    |select_ln436_2_fu_755_p3   |    select|   0|  0|  16|           1|          17|
    |select_ln436_3_fu_808_p3   |    select|   0|  0|  10|           1|          10|
    |select_ln436_4_fu_829_p3   |    select|   0|  0|  10|           1|          10|
    |select_ln436_5_fu_850_p3   |    select|   0|  0|  10|           1|          10|
    |select_ln436_6_fu_866_p3   |    select|   0|  0|  10|           1|          10|
    |select_ln436_7_fu_878_p3   |    select|   0|  0|  11|           1|          12|
    |select_ln436_8_fu_884_p3   |    select|   0|  0|   9|           1|           1|
    |select_ln436_9_fu_896_p3   |    select|   0|  0|  11|           1|          12|
    |select_ln436_fu_569_p3     |    select|   0|  0|   5|           1|           1|
    |select_ln437_1_fu_637_p3   |    select|   0|  0|   5|           1|           5|
    |select_ln437_2_fu_952_p3   |    select|   0|  0|   9|           1|           9|
    |select_ln437_3_fu_979_p3   |    select|   0|  0|  11|           1|          12|
    |select_ln437_4_fu_1002_p3  |    select|   0|  0|  11|           1|          12|
    |select_ln437_5_fu_1015_p3  |    select|   0|  0|  16|           1|          17|
    |select_ln437_6_fu_1028_p3  |    select|   0|  0|  16|           1|          17|
    |select_ln437_7_fu_657_p3   |    select|   0|  0|  10|           1|           1|
    |select_ln437_fu_629_p3     |    select|   0|  0|   5|           1|           1|
    |xor_ln436_fu_592_p2        |       xor|   0|  0|   2|           1|           2|
    +---------------------------+----------+----+---+----+------------+------------+
    |Total                      |          |   0|  0|1127|         613|         728|
    +---------------------------+----------+----+---+----+------------+------------+

    * Multiplexer: 
    +--------------------------+----+-----------+-----+-----------+
    |           Name           | LUT| Input Size| Bits| Total Bits|
    +--------------------------+----+-----------+-----+-----------+
    |ap_NS_fsm                 |  65|         16|    1|         16|
    |grp_fu_1568_ce            |   9|          2|    1|          2|
    |grp_fu_1572_ce            |   9|          2|    1|          2|
    |grp_fu_1576_ce            |   9|          2|    1|          2|
    |grp_fu_270_p0             |  14|          3|   32|         96|
    |grp_fu_270_p1             |  14|          3|   32|         96|
    |grp_fu_274_p0             |  14|          3|   32|         96|
    |grp_fu_274_p1             |  14|          3|   32|         96|
    |indvar_flatten227_fu_150  |   9|          2|   15|         30|
    |indvar_flatten93_fu_142   |   9|          2|   10|         20|
    |oc_fu_146                 |   9|          2|    8|         16|
    |oh_fu_138                 |   9|          2|    5|         10|
    |ow_fu_134                 |   9|          2|    5|         10|
    |p4_Addr_A_orig            |  14|          3|   32|         96|
    |p4_Addr_B_orig            |  14|          3|   32|         96|
    |p4_Din_A                  |  14|          3|   32|         96|
    |p4_Din_B                  |  14|          3|   32|         96|
    |p4_WEN_A                  |   9|          2|    4|          8|
    |p4_WEN_B                  |   9|          2|    4|          8|
    |w_meta_Addr_A_orig        |  14|          3|   32|         96|
    |w_meta_Addr_B_orig        |  14|          3|   32|         96|
    +--------------------------+----+-----------+-----+-----------+
    |Total                     | 295|         66|  375|       1084|
    +--------------------------+----+-----------+-----+-----------+

    * Register: 
    +------------------------------------------------------------------------+----+----+-----+-----------+
    |                                  Name                                  | FF | LUT| Bits| Const Bits|
    +------------------------------------------------------------------------+----+----+-----+-----------+
    |add_ln436_1_reg_1414                                                    |   8|   0|    8|          0|
    |add_ln437_reg_1438                                                      |   5|   0|    5|          0|
    |add_ln447_3_reg_1506                                                    |   8|   0|   10|          2|
    |add_ln456_1_reg_1390                                                    |  17|   0|   17|          0|
    |add_ln456_reg_1511                                                      |  17|   0|   17|          0|
    |add_ln458_1_reg_1563                                                    |  17|   0|   17|          0|
    |add_ln459_1_reg_1516                                                    |  17|   0|   17|          0|
    |and_ln436_reg_1429                                                      |   1|   0|    1|          0|
    |ap_CS_fsm                                                               |  15|   0|   15|          0|
    |empty_55_reg_1334                                                       |  17|   0|   17|          0|
    |empty_61_reg_1365                                                       |  10|   0|   12|          2|
    |empty_62_reg_1375                                                       |  12|   0|   12|          0|
    |empty_63_reg_1380                                                       |  12|   0|   12|          0|
    |empty_reg_1340                                                          |  11|   0|   17|          6|
    |grp_fpn_conv3x3_2_Pipeline_FPN3_IC_FPN3_KH_FPN3_KW_fu_252_ap_start_reg  |   1|   0|    1|          0|
    |icmp_ln437_reg_1398                                                     |   1|   0|    1|          0|
    |icmp_ln446_2_reg_1501                                                   |   1|   0|    1|          0|
    |indvar_flatten227_fu_150                                                |  15|   0|   15|          0|
    |indvar_flatten93_fu_142                                                 |  10|   0|   10|          0|
    |oc_fu_146                                                               |   8|   0|    8|          0|
    |oh_fu_138                                                               |   5|   0|    5|          0|
    |or_ln436_reg_1459                                                       |   9|   0|   17|          8|
    |ow_fu_134                                                               |   5|   0|    5|          0|
    |p_mid1137_reg_1422                                                      |  17|   0|   17|          0|
    |p_shl8_reg_1370                                                         |   5|   0|    9|          4|
    |reg_278                                                                 |  32|   0|   32|          0|
    |reg_282                                                                 |  32|   0|   32|          0|
    |reg_286                                                                 |  32|   0|   32|          0|
    |reg_290                                                                 |  32|   0|   32|          0|
    |select_ln436_5_reg_1474                                                 |   9|   0|   10|          1|
    |select_ln436_6_reg_1479                                                 |   8|   0|   10|          2|
    |select_ln437_1_reg_1453                                                 |   5|   0|    5|          0|
    |select_ln437_3_reg_1484                                                 |  12|   0|   12|          0|
    |select_ln437_4_reg_1490                                                 |  12|   0|   12|          0|
    |select_ln437_reg_1445                                                   |   5|   0|    5|          0|
    |tmp2_reg_1385                                                           |  17|   0|   17|          0|
    |tmp_1_reg_1496                                                          |   9|   0|    9|          0|
    |tmp_5_reg_1345                                                          |  10|   0|   10|          0|
    |tmp_6_reg_1350                                                          |   9|   0|   10|          1|
    |tmp_7_reg_1355                                                          |   9|   0|   10|          1|
    |tmp_8_reg_1360                                                          |   8|   0|   10|          2|
    +------------------------------------------------------------------------+----+----+-----+-----------+
    |Total                                                                   | 485|   0|  514|         29|
    +------------------------------------------------------------------------+----+----+-----+-----------+



================================================================
== Interface
================================================================
* Summary: 
+---------------------+-----+-----+------------+---------------+--------------+
|      RTL Ports      | Dir | Bits|  Protocol  | Source Object |    C Type    |
+---------------------+-----+-----+------------+---------------+--------------+
|ap_clk               |   in|    1|  ap_ctrl_hs|  fpn_conv3x3.2|  return value|
|ap_rst               |   in|    1|  ap_ctrl_hs|  fpn_conv3x3.2|  return value|
|ap_start             |   in|    1|  ap_ctrl_hs|  fpn_conv3x3.2|  return value|
|ap_done              |  out|    1|  ap_ctrl_hs|  fpn_conv3x3.2|  return value|
|ap_idle              |  out|    1|  ap_ctrl_hs|  fpn_conv3x3.2|  return value|
|ap_ready             |  out|    1|  ap_ctrl_hs|  fpn_conv3x3.2|  return value|
|grp_fu_144_p_din0    |  out|   32|  ap_ctrl_hs|  fpn_conv3x3.2|  return value|
|grp_fu_144_p_din1    |  out|   32|  ap_ctrl_hs|  fpn_conv3x3.2|  return value|
|grp_fu_144_p_opcode  |  out|    2|  ap_ctrl_hs|  fpn_conv3x3.2|  return value|
|grp_fu_144_p_dout0   |   in|   32|  ap_ctrl_hs|  fpn_conv3x3.2|  return value|
|grp_fu_144_p_ce      |  out|    1|  ap_ctrl_hs|  fpn_conv3x3.2|  return value|
|grp_fu_148_p_din0    |  out|   32|  ap_ctrl_hs|  fpn_conv3x3.2|  return value|
|grp_fu_148_p_din1    |  out|   32|  ap_ctrl_hs|  fpn_conv3x3.2|  return value|
|grp_fu_148_p_dout0   |   in|   32|  ap_ctrl_hs|  fpn_conv3x3.2|  return value|
|grp_fu_148_p_ce      |  out|    1|  ap_ctrl_hs|  fpn_conv3x3.2|  return value|
|grp_fu_152_p_din0    |  out|   32|  ap_ctrl_hs|  fpn_conv3x3.2|  return value|
|grp_fu_152_p_dout0   |   in|   32|  ap_ctrl_hs|  fpn_conv3x3.2|  return value|
|grp_fu_152_p_ce      |  out|    1|  ap_ctrl_hs|  fpn_conv3x3.2|  return value|
|grp_fu_155_p_din0    |  out|   32|  ap_ctrl_hs|  fpn_conv3x3.2|  return value|
|grp_fu_155_p_din1    |  out|   32|  ap_ctrl_hs|  fpn_conv3x3.2|  return value|
|grp_fu_155_p_opcode  |  out|    2|  ap_ctrl_hs|  fpn_conv3x3.2|  return value|
|grp_fu_155_p_dout0   |   in|   32|  ap_ctrl_hs|  fpn_conv3x3.2|  return value|
|grp_fu_155_p_ce      |  out|    1|  ap_ctrl_hs|  fpn_conv3x3.2|  return value|
|grp_fu_159_p_din0    |  out|   32|  ap_ctrl_hs|  fpn_conv3x3.2|  return value|
|grp_fu_159_p_din1    |  out|   32|  ap_ctrl_hs|  fpn_conv3x3.2|  return value|
|grp_fu_159_p_opcode  |  out|    2|  ap_ctrl_hs|  fpn_conv3x3.2|  return value|
|grp_fu_159_p_dout0   |   in|   32|  ap_ctrl_hs|  fpn_conv3x3.2|  return value|
|grp_fu_159_p_ce      |  out|    1|  ap_ctrl_hs|  fpn_conv3x3.2|  return value|
|p4_Addr_A            |  out|   32|        bram|             p4|         array|
|p4_EN_A              |  out|    1|        bram|             p4|         array|
|p4_WEN_A             |  out|    4|        bram|             p4|         array|
|p4_Din_A             |  out|   32|        bram|             p4|         array|
|p4_Dout_A            |   in|   32|        bram|             p4|         array|
|p4_Addr_B            |  out|   32|        bram|             p4|         array|
|p4_EN_B              |  out|    1|        bram|             p4|         array|
|p4_WEN_B             |  out|    4|        bram|             p4|         array|
|p4_Din_B             |  out|   32|        bram|             p4|         array|
|p4_Dout_B            |   in|   32|        bram|             p4|         array|
|w_conv_Addr_A        |  out|   32|        bram|         w_conv|         array|
|w_conv_EN_A          |  out|    1|        bram|         w_conv|         array|
|w_conv_WEN_A         |  out|    1|        bram|         w_conv|         array|
|w_conv_Din_A         |  out|    8|        bram|         w_conv|         array|
|w_conv_Dout_A        |   in|    8|        bram|         w_conv|         array|
|w_conv_Addr_B        |  out|   32|        bram|         w_conv|         array|
|w_conv_EN_B          |  out|    1|        bram|         w_conv|         array|
|w_conv_WEN_B         |  out|    1|        bram|         w_conv|         array|
|w_conv_Din_B         |  out|    8|        bram|         w_conv|         array|
|w_conv_Dout_B        |   in|    8|        bram|         w_conv|         array|
|w_meta_Addr_A        |  out|   32|        bram|         w_meta|         array|
|w_meta_EN_A          |  out|    1|        bram|         w_meta|         array|
|w_meta_WEN_A         |  out|    4|        bram|         w_meta|         array|
|w_meta_Din_A         |  out|   32|        bram|         w_meta|         array|
|w_meta_Dout_A        |   in|   32|        bram|         w_meta|         array|
|w_meta_Addr_B        |  out|   32|        bram|         w_meta|         array|
|w_meta_EN_B          |  out|    1|        bram|         w_meta|         array|
|w_meta_WEN_B         |  out|    4|        bram|         w_meta|         array|
|w_meta_Din_B         |  out|   32|        bram|         w_meta|         array|
|w_meta_Dout_B        |   in|   32|        bram|         w_meta|         array|
|lat3_address0        |  out|   17|   ap_memory|           lat3|         array|
|lat3_ce0             |  out|    1|   ap_memory|           lat3|         array|
|lat3_q0              |   in|   32|   ap_memory|           lat3|         array|
+---------------------+-----+-----+------------+---------------+--------------+

