

================================================================
== Vitis HLS Report for 'conv1x1_plain_3_Pipeline_C1P_HW_C1P_IC'
================================================================
* Date:           Mon Jun  1 17:31:50 2026

* Version:        2022.2 (Build 3670227 on Oct 13 2022)
* Project:        fpn_192
* Solution:       solution1 (Vivado IP Flow Target)
* Product family: zynquplus
* Target device:  xczu9eg-ffvb1156-2-e


================================================================
== Performance Estimates
================================================================
+ Timing: 
    * Summary: 
    +--------+---------+----------+------------+
    |  Clock |  Target | Estimated| Uncertainty|
    +--------+---------+----------+------------+
    |ap_clk  |  5.00 ns|  3.397 ns|     1.35 ns|
    +--------+---------+----------+------------+

+ Latency: 
    * Summary: 
    +---------+---------+-----------+-----------+---------+---------+---------+
    |  Latency (cycles) |   Latency (absolute)  |      Interval     | Pipeline|
    |   min   |   max   |    min    |    max    |   min   |   max   |   Type  |
    +---------+---------+-----------+-----------+---------+---------+---------+
    |  2048019|  2048019|  10.240 ms|  10.240 ms|  2048019|  2048019|       no|
    +---------+---------+-----------+-----------+---------+---------+---------+

    + Detail: 
        * Instance: 
        N/A

        * Loop: 
        +-----------------+---------+---------+----------+-----------+-----------+--------+----------+
        |                 |  Latency (cycles) | Iteration|  Initiation Interval  |  Trip  |          |
        |    Loop Name    |   min   |   max   |  Latency |  achieved |   target  |  Count | Pipelined|
        +-----------------+---------+---------+----------+-----------+-----------+--------+----------+
        |- C1P_HW_C1P_IC  |  2048017|  2048017|        23|          5|          1|  409600|       yes|
        +-----------------+---------+---------+----------+-----------+-----------+--------+----------+



================================================================
== Utilization Estimates
================================================================
* Summary: 
+-----------------+---------+------+--------+--------+-----+
|       Name      | BRAM_18K|  DSP |   FF   |   LUT  | URAM|
+-----------------+---------+------+--------+--------+-----+
|DSP              |        -|     1|       -|       -|    -|
|Expression       |        -|     -|       0|     533|    -|
|FIFO             |        -|     -|       -|       -|    -|
|Instance         |        -|     -|       -|       -|    -|
|Memory           |        -|     -|       -|       -|    -|
|Multiplexer      |        -|     -|       -|     383|    -|
|Register         |        -|     -|     881|     128|    -|
+-----------------+---------+------+--------+--------+-----+
|Total            |        0|     1|     881|    1044|    0|
+-----------------+---------+------+--------+--------+-----+
|Available        |     1824|  2520|  548160|  274080|    0|
+-----------------+---------+------+--------+--------+-----+
|Utilization (%)  |        0|    ~0|      ~0|      ~0|    0|
+-----------------+---------+------+--------+--------+-----+

+ Detail: 
    * Instance: 
    N/A

    * DSP: 
    +-------------------------------------+---------------------------------+--------------+
    |               Instance              |              Module             |  Expression  |
    +-------------------------------------+---------------------------------+--------------+
    |mac_muladd_7ns_13ns_13ns_19_4_1_U61  |mac_muladd_7ns_13ns_13ns_19_4_1  |  i0 * i1 + i2|
    +-------------------------------------+---------------------------------+--------------+

    * Memory: 
    N/A

    * FIFO: 
    N/A

    * Expression: 
    +--------------------------+----------+----+---+----+------------+------------+
    |       Variable Name      | Operation| DSP| FF| LUT| Bitwidth P0| Bitwidth P1|
    +--------------------------+----------+----+---+----+------------+------------+
    |add_ln396_1_fu_335_p2     |         +|   0|  0|  26|          19|           1|
    |add_ln396_fu_446_p2       |         +|   0|  0|  20|          13|           1|
    |add_ln401_fu_398_p2       |         +|   0|  0|  14|           7|           1|
    |add_ln404_fu_370_p2       |         +|   0|  0|  25|          18|          18|
    |add_ln405_fu_381_p2       |         +|   0|  0|  25|          18|          18|
    |add_ln406_1_fu_429_p2     |         +|   0|  0|  18|          18|          18|
    |add_ln406_fu_423_p2       |         +|   0|  0|  18|          18|          18|
    |add_ln407_fu_392_p2       |         +|   0|  0|  25|          18|          18|
    |add_ln409_fu_542_p2       |         +|   0|  0|  28|          21|          21|
    |add_ln410_1_fu_560_p2     |         +|   0|  0|  21|          14|          13|
    |add_ln410_fu_570_p2       |         +|   0|  0|  28|          21|          21|
    |add_ln411_1_fu_588_p2     |         +|   0|  0|  22|          15|          14|
    |add_ln411_fu_598_p2       |         +|   0|  0|  28|          21|          21|
    |add_ln412_1_fu_613_p2     |         +|   0|  0|  22|          15|          15|
    |add_ln412_fu_622_p2       |         +|   0|  0|  28|          21|          21|
    |icmp_ln396_fu_329_p2      |      icmp|   0|  0|  14|          19|          18|
    |icmp_ln401_1_fu_404_p2    |      icmp|   0|  0|  11|           7|           8|
    |icmp_ln401_fu_344_p2      |      icmp|   0|  0|  11|           7|           8|
    |select_ln396_1_fu_527_p3  |    select|   0|  0|  32|           1|          32|
    |select_ln396_2_fu_517_p3  |    select|   0|  0|  32|           1|          32|
    |select_ln396_3_fu_507_p3  |    select|   0|  0|  32|           1|          32|
    |select_ln396_4_fu_497_p3  |    select|   0|  0|  32|           1|          32|
    |select_ln396_5_fu_452_p3  |    select|   0|  0|  12|           1|          13|
    |select_ln396_fu_350_p3    |    select|   0|  0|   7|           1|           1|
    |ap_enable_pp0             |       xor|   0|  0|   2|           1|           2|
    +--------------------------+----------+----+---+----+------------+------------+
    |Total                     |          |   0|  0| 533|         297|         397|
    +--------------------------+----------+----+---+----+------------+------------+

    * Multiplexer: 
    +--------------------------------------+----+-----------+-----+-----------+
    |                 Name                 | LUT| Input Size| Bits| Total Bits|
    +--------------------------------------+----+-----------+-----+-----------+
    |acc0_02_fu_92                         |   9|          2|   32|         64|
    |acc1_03_fu_96                         |   9|          2|   32|         64|
    |acc2_04_fu_100                        |   9|          2|   32|         64|
    |acc3_05_fu_104                        |   9|          2|   32|         64|
    |ap_NS_fsm                             |  31|          6|    1|          6|
    |ap_done_int                           |   9|          2|    1|          2|
    |ap_enable_reg_pp0_iter0               |   9|          2|    1|          2|
    |ap_enable_reg_pp0_iter1               |   9|          2|    1|          2|
    |ap_enable_reg_pp0_iter4               |   9|          2|    1|          2|
    |ap_loop_exit_ready_pp0_iter1_reg      |   9|          2|    1|          2|
    |ap_loop_exit_ready_pp0_iter2_reg      |   9|          2|    1|          2|
    |ap_loop_exit_ready_pp0_iter3_reg      |   9|          2|    1|          2|
    |ap_sig_allocacmp_acc0_02_load         |   9|          2|   32|         64|
    |ap_sig_allocacmp_acc1_03_load         |   9|          2|   32|         64|
    |ap_sig_allocacmp_acc2_04_load         |   9|          2|   32|         64|
    |ap_sig_allocacmp_acc3_05_load         |   9|          2|   32|         64|
    |ap_sig_allocacmp_ic_load              |   9|          2|    7|         14|
    |ap_sig_allocacmp_indvar_flatten_load  |   9|          2|   19|         38|
    |grp_fu_259_p0                         |  26|          5|   32|        160|
    |grp_fu_259_p1                         |  26|          5|   32|        160|
    |grp_fu_263_p0                         |  14|          3|   32|         96|
    |grp_fu_263_p1                         |  26|          5|   32|        160|
    |grp_fu_267_p0                         |  26|          5|   32|        160|
    |hw_fu_112                             |   9|          2|   13|         26|
    |ic_fu_108                             |   9|          2|    7|         14|
    |indvar_flatten_fu_116                 |   9|          2|   19|         38|
    |lat1_address0                         |  26|          5|   21|        105|
    |w_conv_Addr_A_orig                    |  14|          3|   32|         96|
    |w_conv_Addr_B_orig                    |  14|          3|   32|         96|
    +--------------------------------------+----+-----------+-----+-----------+
    |Total                                 | 383|         80|  574|       1695|
    +--------------------------------------+----+-----------+-----+-----------+

    * Register: 
    +----------------------------------+----+----+-----+-----------+
    |               Name               | FF | LUT| Bits| Const Bits|
    +----------------------------------+----+----+-----+-----------+
    |acc0_02_fu_92                     |  32|   0|   32|          0|
    |acc1_03_fu_96                     |  32|   0|   32|          0|
    |acc2_04_fu_100                    |  32|   0|   32|          0|
    |acc3_05_fu_104                    |  32|   0|   32|          0|
    |add_ln407_reg_756                 |  18|   0|   18|          0|
    |ap_CS_fsm                         |   5|   0|    5|          0|
    |ap_done_reg                       |   1|   0|    1|          0|
    |ap_enable_reg_pp0_iter0_reg       |   1|   0|    1|          0|
    |ap_enable_reg_pp0_iter1           |   1|   0|    1|          0|
    |ap_enable_reg_pp0_iter2           |   1|   0|    1|          0|
    |ap_enable_reg_pp0_iter3           |   1|   0|    1|          0|
    |ap_enable_reg_pp0_iter4           |   1|   0|    1|          0|
    |ap_loop_exit_ready_pp0_iter1_reg  |   1|   0|    1|          0|
    |ap_loop_exit_ready_pp0_iter2_reg  |   1|   0|    1|          0|
    |ap_loop_exit_ready_pp0_iter3_reg  |   1|   0|    1|          0|
    |c1_load_reg_812                   |  32|   0|   32|          0|
    |conv4_reg_837                     |  32|   0|   32|          0|
    |conv5_reg_842                     |  32|   0|   32|          0|
    |conv6_reg_847                     |  32|   0|   32|          0|
    |conv_reg_827                      |  32|   0|   32|          0|
    |hw_fu_112                         |  13|   0|   13|          0|
    |ic_fu_108                         |   7|   0|    7|          0|
    |icmp_ln396_reg_723                |   1|   0|    1|          0|
    |icmp_ln401_1_reg_761              |   1|   0|    1|          0|
    |icmp_ln401_reg_727                |   1|   0|    1|          0|
    |indvar_flatten_fu_116             |  19|   0|   19|          0|
    |mul4_reg_862                      |  32|   0|   32|          0|
    |mul5_reg_872                      |  32|   0|   32|          0|
    |mul6_reg_882                      |  32|   0|   32|          0|
    |mul_reg_852                       |  32|   0|   32|          0|
    |p_cast17_cast_reg_718             |  14|   0|   18|          4|
    |reg_270                           |   8|   0|    8|          0|
    |reg_274                           |  32|   0|   32|          0|
    |select_ln396_5_reg_780            |  13|   0|   13|          0|
    |select_ln396_reg_736              |   7|   0|    7|          0|
    |w_conv_load_13_reg_765            |   8|   0|    8|          0|
    |w_conv_load_15_reg_797            |   8|   0|    8|          0|
    |x_reg_832                         |  32|   0|   32|          0|
    |zext_ln396_1_reg_892              |  13|   0|   15|          2|
    |icmp_ln396_reg_723                |  64|  32|    1|          0|
    |icmp_ln401_1_reg_761              |  64|  32|    1|          0|
    |icmp_ln401_reg_727                |  64|  32|    1|          0|
    |select_ln396_5_reg_780            |  64|  32|   13|          0|
    +----------------------------------+----+----+-----+-----------+
    |Total                             | 881| 128|  647|          6|
    +----------------------------------+----+----+-----+-----------+



================================================================
== Interface
================================================================
* Summary: 
+---------------------+-----+-----+------------+----------------------------------------+--------------+
|      RTL Ports      | Dir | Bits|  Protocol  |              Source Object             |    C Type    |
+---------------------+-----+-----+------------+----------------------------------------+--------------+
|ap_clk               |   in|    1|  ap_ctrl_hs|  conv1x1_plain.3_Pipeline_C1P_HW_C1P_IC|  return value|
|ap_rst               |   in|    1|  ap_ctrl_hs|  conv1x1_plain.3_Pipeline_C1P_HW_C1P_IC|  return value|
|ap_start             |   in|    1|  ap_ctrl_hs|  conv1x1_plain.3_Pipeline_C1P_HW_C1P_IC|  return value|
|ap_done              |  out|    1|  ap_ctrl_hs|  conv1x1_plain.3_Pipeline_C1P_HW_C1P_IC|  return value|
|ap_idle              |  out|    1|  ap_ctrl_hs|  conv1x1_plain.3_Pipeline_C1P_HW_C1P_IC|  return value|
|ap_ready             |  out|    1|  ap_ctrl_hs|  conv1x1_plain.3_Pipeline_C1P_HW_C1P_IC|  return value|
|grp_fu_426_p_din0    |  out|   32|  ap_ctrl_hs|  conv1x1_plain.3_Pipeline_C1P_HW_C1P_IC|  return value|
|grp_fu_426_p_din1    |  out|   32|  ap_ctrl_hs|  conv1x1_plain.3_Pipeline_C1P_HW_C1P_IC|  return value|
|grp_fu_426_p_opcode  |  out|    2|  ap_ctrl_hs|  conv1x1_plain.3_Pipeline_C1P_HW_C1P_IC|  return value|
|grp_fu_426_p_dout0   |   in|   32|  ap_ctrl_hs|  conv1x1_plain.3_Pipeline_C1P_HW_C1P_IC|  return value|
|grp_fu_426_p_ce      |  out|    1|  ap_ctrl_hs|  conv1x1_plain.3_Pipeline_C1P_HW_C1P_IC|  return value|
|grp_fu_430_p_din0    |  out|   32|  ap_ctrl_hs|  conv1x1_plain.3_Pipeline_C1P_HW_C1P_IC|  return value|
|grp_fu_430_p_din1    |  out|   32|  ap_ctrl_hs|  conv1x1_plain.3_Pipeline_C1P_HW_C1P_IC|  return value|
|grp_fu_430_p_dout0   |   in|   32|  ap_ctrl_hs|  conv1x1_plain.3_Pipeline_C1P_HW_C1P_IC|  return value|
|grp_fu_430_p_ce      |  out|    1|  ap_ctrl_hs|  conv1x1_plain.3_Pipeline_C1P_HW_C1P_IC|  return value|
|grp_fu_434_p_din0    |  out|   32|  ap_ctrl_hs|  conv1x1_plain.3_Pipeline_C1P_HW_C1P_IC|  return value|
|grp_fu_434_p_dout0   |   in|   32|  ap_ctrl_hs|  conv1x1_plain.3_Pipeline_C1P_HW_C1P_IC|  return value|
|grp_fu_434_p_ce      |  out|    1|  ap_ctrl_hs|  conv1x1_plain.3_Pipeline_C1P_HW_C1P_IC|  return value|
|acc3                 |   in|   32|     ap_none|                                    acc3|        scalar|
|acc2                 |   in|   32|     ap_none|                                    acc2|        scalar|
|acc1                 |   in|   32|     ap_none|                                    acc1|        scalar|
|acc0                 |   in|   32|     ap_none|                                    acc0|        scalar|
|c1_Addr_A            |  out|   32|        bram|                                      c1|         array|
|c1_EN_A              |  out|    1|        bram|                                      c1|         array|
|c1_WEN_A             |  out|    4|        bram|                                      c1|         array|
|c1_Din_A             |  out|   32|        bram|                                      c1|         array|
|c1_Dout_A            |   in|   32|        bram|                                      c1|         array|
|p_cast16             |   in|   14|     ap_none|                                p_cast16|        scalar|
|w_conv_Addr_A        |  out|   32|        bram|                                  w_conv|         array|
|w_conv_EN_A          |  out|    1|        bram|                                  w_conv|         array|
|w_conv_WEN_A         |  out|    1|        bram|                                  w_conv|         array|
|w_conv_Din_A         |  out|    8|        bram|                                  w_conv|         array|
|w_conv_Dout_A        |   in|    8|        bram|                                  w_conv|         array|
|w_conv_Addr_B        |  out|   32|        bram|                                  w_conv|         array|
|w_conv_EN_B          |  out|    1|        bram|                                  w_conv|         array|
|w_conv_WEN_B         |  out|    1|        bram|                                  w_conv|         array|
|w_conv_Din_B         |  out|    8|        bram|                                  w_conv|         array|
|w_conv_Dout_B        |   in|    8|        bram|                                  w_conv|         array|
|p_cast17             |   in|   14|     ap_none|                                p_cast17|        scalar|
|p_cast18             |   in|   14|     ap_none|                                p_cast18|        scalar|
|empty                |   in|   21|     ap_none|                                   empty|        scalar|
|lat1_address0        |  out|   21|   ap_memory|                                    lat1|         array|
|lat1_ce0             |  out|    1|   ap_memory|                                    lat1|         array|
|lat1_we0             |  out|    1|   ap_memory|                                    lat1|         array|
|lat1_d0              |  out|   32|   ap_memory|                                    lat1|         array|
+---------------------+-----+-----+------------+----------------------------------------+--------------+

