

================================================================
== Vitis HLS Report for 'conv1x1_plain_2'
================================================================
* Date:           Mon Jun  1 17:31:50 2026

* Version:        2022.2 (Build 3670227 on Oct 13 2022)
* Project:        fpn_192
* Solution:       solution1 (Vivado IP Flow Target)
* Product family: zynquplus
* Target device:  xczu9eg-ffvb1156-2-e


================================================================
== Performance Estimates
================================================================
+ Timing: 
    * Summary: 
    +--------+---------+----------+------------+
    |  Clock |  Target | Estimated| Uncertainty|
    +--------+---------+----------+------------+
    |ap_clk  |  5.00 ns|  3.397 ns|     1.35 ns|
    +--------+---------+----------+------------+

+ Latency: 
    * Summary: 
    +----------+----------+-----------+-----------+----------+----------+---------+
    |   Latency (cycles)  |   Latency (absolute)  |       Interval      | Pipeline|
    |    min   |    max   |    min    |    max    |    min   |    max   |   Type  |
    +----------+----------+-----------+-----------+----------+----------+---------+
    |  36865201|  36865201|  0.184 sec|  0.184 sec|  36865201|  36865201|       no|
    +----------+----------+-----------+-----------+----------+----------+---------+

    + Detail: 
        * Instance: 
        +---------------------------------------------------+----------------------------------------+---------+---------+----------+----------+--------+--------+---------+
        |                                                   |                                        |  Latency (cycles) |  Latency (absolute) |     Interval    | Pipeline|
        |                      Instance                     |                 Module                 |   min   |   max   |    min   |    max   |   min  |   max  |   Type  |
        +---------------------------------------------------+----------------------------------------+---------+---------+----------+----------+--------+--------+---------+
        |grp_conv1x1_plain_2_Pipeline_C1P_HW_C1P_IC_fu_121  |conv1x1_plain_2_Pipeline_C1P_HW_C1P_IC  |   768019|   768019|  3.840 ms|  3.840 ms|  768019|  768019|       no|
        +---------------------------------------------------+----------------------------------------+---------+---------+----------+----------+--------+--------+---------+

        * Loop: 
        +----------+----------+----------+----------+-----------+-----------+------+----------+
        |          |   Latency (cycles)  | Iteration|  Initiation Interval  | Trip |          |
        | Loop Name|    min   |    max   |  Latency |  achieved |   target  | Count| Pipelined|
        +----------+----------+----------+----------+-----------+-----------+------+----------+
        |- C1P_OC  |  36865200|  36865200|    768025|          -|          -|    48|        no|
        +----------+----------+----------+----------+-----------+-----------+------+----------+



================================================================
== Utilization Estimates
================================================================
* Summary: 
+-----------------+---------+------+--------+--------+-----+
|       Name      | BRAM_18K|  DSP |   FF   |   LUT  | URAM|
+-----------------+---------+------+--------+--------+-----+
|DSP              |        -|     1|       -|       -|    -|
|Expression       |        -|     -|       0|     161|    -|
|FIFO             |        -|     -|       -|       -|    -|
|Instance         |        -|     1|     860|    1033|    -|
|Memory           |        -|     -|       -|       -|    -|
|Multiplexer      |        -|     -|       -|     107|    -|
|Register         |        -|     -|     272|       -|    -|
+-----------------+---------+------+--------+--------+-----+
|Total            |        0|     2|    1132|    1301|    0|
+-----------------+---------+------+--------+--------+-----+
|Available        |     1824|  2520|  548160|  274080|    0|
+-----------------+---------+------+--------+--------+-----+
|Utilization (%)  |        0|    ~0|      ~0|      ~0|    0|
+-----------------+---------+------+--------+--------+-----+

+ Detail: 
    * Instance: 
    +---------------------------------------------------+----------------------------------------+---------+----+-----+------+-----+
    |                      Instance                     |                 Module                 | BRAM_18K| DSP|  FF |  LUT | URAM|
    +---------------------------------------------------+----------------------------------------+---------+----+-----+------+-----+
    |grp_conv1x1_plain_2_Pipeline_C1P_HW_C1P_IC_fu_121  |conv1x1_plain_2_Pipeline_C1P_HW_C1P_IC  |        0|   1|  860|  1033|    0|
    +---------------------------------------------------+----------------------------------------+---------+----+-----+------+-----+
    |Total                                              |                                        |        0|   1|  860|  1033|    0|
    +---------------------------------------------------+----------------------------------------+---------+----+-----+------+-----+

    * DSP: 
    +-----------------------------+-------------------------+-----------+
    |           Instance          |          Module         | Expression|
    +-----------------------------+-------------------------+-----------+
    |mul_mul_8ns_11ns_19_4_1_U52  |mul_mul_8ns_11ns_19_4_1  |    i0 * i1|
    +-----------------------------+-------------------------+-----------+

    * Memory: 
    N/A

    * FIFO: 
    N/A

    * Expression: 
    +----------------------+----------+----+---+----+------------+------------+
    |     Variable Name    | Operation| DSP| FF| LUT| Bitwidth P0| Bitwidth P1|
    +----------------------+----------+----+---+----+------------+------------+
    |add_ln395_fu_156_p2   |         +|   0|  0|  15|           8|           3|
    |empty_109_fu_178_p2   |         +|   0|  0|  19|          12|          11|
    |empty_111_fu_194_p2   |         +|   0|  0|  19|          12|          11|
    |empty_112_fu_200_p2   |         +|   0|  0|  19|          12|          11|
    |empty_114_fu_255_p2   |         +|   0|  0|  19|          12|          11|
    |empty_115_fu_302_p2   |         -|   0|  0|  23|          16|          16|
    |icmp_ln395_fu_146_p2  |      icmp|   0|  0|  11|           8|           8|
    |empty_110_fu_184_p2   |        or|   0|  0|  10|          10|           3|
    |empty_113_fu_246_p2   |        or|   0|  0|  10|          10|           4|
    |empty_116_fu_309_p2   |        or|   0|  0|  16|          16|           7|
    +----------------------+----------+----+---+----+------------+------------+
    |Total                 |          |   0|  0| 161|         116|          85|
    +----------------------+----------+----+---+----+------------+------------+

    * Multiplexer: 
    +--------------------+----+-----------+-----+-----------+
    |        Name        | LUT| Input Size| Bits| Total Bits|
    +--------------------+----+-----------+-----+-----------+
    |ap_NS_fsm           |  43|          8|    1|          8|
    |grp_fu_437_ce       |   9|          2|    1|          2|
    |grp_fu_441_ce       |   9|          2|    1|          2|
    |grp_fu_445_ce       |   9|          2|    1|          2|
    |oc_fu_76            |   9|          2|    8|         16|
    |w_meta_Addr_A_orig  |  14|          3|   32|         96|
    |w_meta_Addr_B_orig  |  14|          3|   32|         96|
    +--------------------+----+-----------+-----+-----------+
    |Total               | 107|         22|   76|        222|
    +--------------------+----+-----------+-----+-----------+

    * Register: 
    +----------------------------------------------------------------+----+----+-----+-----------+
    |                              Name                              | FF | LUT| Bits| Const Bits|
    +----------------------------------------------------------------+----+----+-----+-----------+
    |acc0_reg_417                                                    |  32|   0|   32|          0|
    |acc1_reg_422                                                    |  32|   0|   32|          0|
    |acc2_reg_427                                                    |  32|   0|   32|          0|
    |acc3_reg_432                                                    |  32|   0|   32|          0|
    |ap_CS_fsm                                                       |   7|   0|    7|          0|
    |empty_115_reg_407                                               |  11|   0|   16|          5|
    |empty_116_reg_412                                               |   9|   0|   16|          7|
    |empty_117_reg_382                                               |  19|   0|   19|          0|
    |grp_conv1x1_plain_2_Pipeline_C1P_HW_C1P_IC_fu_121_ap_start_reg  |   1|   0|    1|          0|
    |oc_6_reg_347                                                    |   8|   0|    8|          0|
    |oc_fu_76                                                        |   8|   0|    8|          0|
    |tmp_35_reg_377                                                  |   9|   0|   10|          1|
    |tmp_reg_362                                                     |   8|   0|   10|          2|
    |w_meta_load_16_reg_392                                          |  32|   0|   32|          0|
    |w_meta_load_reg_387                                             |  32|   0|   32|          0|
    +----------------------------------------------------------------+----+----+-----+-----------+
    |Total                                                           | 272|   0|  287|         15|
    +----------------------------------------------------------------+----+----+-----+-----------+



================================================================
== Interface
================================================================
* Summary: 
+---------------------+-----+-----+------------+-----------------+--------------+
|      RTL Ports      | Dir | Bits|  Protocol  |  Source Object  |    C Type    |
+---------------------+-----+-----+------------+-----------------+--------------+
|ap_clk               |   in|    1|  ap_ctrl_hs|  conv1x1_plain.2|  return value|
|ap_rst               |   in|    1|  ap_ctrl_hs|  conv1x1_plain.2|  return value|
|ap_start             |   in|    1|  ap_ctrl_hs|  conv1x1_plain.2|  return value|
|ap_done              |  out|    1|  ap_ctrl_hs|  conv1x1_plain.2|  return value|
|ap_idle              |  out|    1|  ap_ctrl_hs|  conv1x1_plain.2|  return value|
|ap_ready             |  out|    1|  ap_ctrl_hs|  conv1x1_plain.2|  return value|
|grp_fu_208_p_din0    |  out|   32|  ap_ctrl_hs|  conv1x1_plain.2|  return value|
|grp_fu_208_p_din1    |  out|   32|  ap_ctrl_hs|  conv1x1_plain.2|  return value|
|grp_fu_208_p_opcode  |  out|    2|  ap_ctrl_hs|  conv1x1_plain.2|  return value|
|grp_fu_208_p_dout0   |   in|   32|  ap_ctrl_hs|  conv1x1_plain.2|  return value|
|grp_fu_208_p_ce      |  out|    1|  ap_ctrl_hs|  conv1x1_plain.2|  return value|
|grp_fu_212_p_din0    |  out|   32|  ap_ctrl_hs|  conv1x1_plain.2|  return value|
|grp_fu_212_p_din1    |  out|   32|  ap_ctrl_hs|  conv1x1_plain.2|  return value|
|grp_fu_212_p_dout0   |   in|   32|  ap_ctrl_hs|  conv1x1_plain.2|  return value|
|grp_fu_212_p_ce      |  out|    1|  ap_ctrl_hs|  conv1x1_plain.2|  return value|
|grp_fu_216_p_din0    |  out|   32|  ap_ctrl_hs|  conv1x1_plain.2|  return value|
|grp_fu_216_p_dout0   |   in|   32|  ap_ctrl_hs|  conv1x1_plain.2|  return value|
|grp_fu_216_p_ce      |  out|    1|  ap_ctrl_hs|  conv1x1_plain.2|  return value|
|c2_Addr_A            |  out|   32|        bram|               c2|         array|
|c2_EN_A              |  out|    1|        bram|               c2|         array|
|c2_WEN_A             |  out|    4|        bram|               c2|         array|
|c2_Din_A             |  out|   32|        bram|               c2|         array|
|c2_Dout_A            |   in|   32|        bram|               c2|         array|
|w_conv_Addr_A        |  out|   32|        bram|           w_conv|         array|
|w_conv_EN_A          |  out|    1|        bram|           w_conv|         array|
|w_conv_WEN_A         |  out|    1|        bram|           w_conv|         array|
|w_conv_Din_A         |  out|    8|        bram|           w_conv|         array|
|w_conv_Dout_A        |   in|    8|        bram|           w_conv|         array|
|w_conv_Addr_B        |  out|   32|        bram|           w_conv|         array|
|w_conv_EN_B          |  out|    1|        bram|           w_conv|         array|
|w_conv_WEN_B         |  out|    1|        bram|           w_conv|         array|
|w_conv_Din_B         |  out|    8|        bram|           w_conv|         array|
|w_conv_Dout_B        |   in|    8|        bram|           w_conv|         array|
|w_meta_Addr_A        |  out|   32|        bram|           w_meta|         array|
|w_meta_EN_A          |  out|    1|        bram|           w_meta|         array|
|w_meta_WEN_A         |  out|    4|        bram|           w_meta|         array|
|w_meta_Din_A         |  out|   32|        bram|           w_meta|         array|
|w_meta_Dout_A        |   in|   32|        bram|           w_meta|         array|
|w_meta_Addr_B        |  out|   32|        bram|           w_meta|         array|
|w_meta_EN_B          |  out|    1|        bram|           w_meta|         array|
|w_meta_WEN_B         |  out|    4|        bram|           w_meta|         array|
|w_meta_Din_B         |  out|   32|        bram|           w_meta|         array|
|w_meta_Dout_B        |   in|   32|        bram|           w_meta|         array|
|lat2_address0        |  out|   19|   ap_memory|             lat2|         array|
|lat2_ce0             |  out|    1|   ap_memory|             lat2|         array|
|lat2_we0             |  out|    1|   ap_memory|             lat2|         array|
|lat2_d0              |  out|   32|   ap_memory|             lat2|         array|
+---------------------+-----+-----+------------+-----------------+--------------+

