

================================================================
== Vitis HLS Report for 'conv1x1_plain_2_Pipeline_C1P_HW_C1P_IC'
================================================================
* Date:           Mon Jun  1 17:31:49 2026

* Version:        2022.2 (Build 3670227 on Oct 13 2022)
* Project:        fpn_192
* Solution:       solution1 (Vivado IP Flow Target)
* Product family: zynquplus
* Target device:  xczu9eg-ffvb1156-2-e


================================================================
== Performance Estimates
================================================================
+ Timing: 
    * Summary: 
    +--------+---------+----------+------------+
    |  Clock |  Target | Estimated| Uncertainty|
    +--------+---------+----------+------------+
    |ap_clk  |  5.00 ns|  3.397 ns|     1.35 ns|
    +--------+---------+----------+------------+

+ Latency: 
    * Summary: 
    +---------+---------+----------+----------+--------+--------+---------+
    |  Latency (cycles) |  Latency (absolute) |     Interval    | Pipeline|
    |   min   |   max   |    min   |    max   |   min  |   max  |   Type  |
    +---------+---------+----------+----------+--------+--------+---------+
    |   768019|   768019|  3.840 ms|  3.840 ms|  768019|  768019|       no|
    +---------+---------+----------+----------+--------+--------+---------+

    + Detail: 
        * Instance: 
        N/A

        * Loop: 
        +-----------------+---------+---------+----------+-----------+-----------+--------+----------+
        |                 |  Latency (cycles) | Iteration|  Initiation Interval  |  Trip  |          |
        |    Loop Name    |   min   |   max   |  Latency |  achieved |   target  |  Count | Pipelined|
        +-----------------+---------+---------+----------+-----------+-----------+--------+----------+
        |- C1P_HW_C1P_IC  |   768017|   768017|        23|          5|          1|  153600|       yes|
        +-----------------+---------+---------+----------+-----------+-----------+--------+----------+



================================================================
== Utilization Estimates
================================================================
* Summary: 
+-----------------+---------+------+--------+--------+-----+
|       Name      | BRAM_18K|  DSP |   FF   |   LUT  | URAM|
+-----------------+---------+------+--------+--------+-----+
|DSP              |        -|     1|       -|       -|    -|
|Expression       |        -|     -|       0|     522|    -|
|FIFO             |        -|     -|       -|       -|    -|
|Instance         |        -|     -|       -|       -|    -|
|Memory           |        -|     -|       -|       -|    -|
|Multiplexer      |        -|     -|       -|     383|    -|
|Register         |        -|     -|     860|     128|    -|
+-----------------+---------+------+--------+--------+-----+
|Total            |        0|     1|     860|    1033|    0|
+-----------------+---------+------+--------+--------+-----+
|Available        |     1824|  2520|  548160|  274080|    0|
+-----------------+---------+------+--------+--------+-----+
|Utilization (%)  |        0|    ~0|      ~0|      ~0|    0|
+-----------------+---------+------+--------+--------+-----+

+ Detail: 
    * Instance: 
    N/A

    * DSP: 
    +-------------------------------------+---------------------------------+--------------+
    |               Instance              |              Module             |  Expression  |
    +-------------------------------------+---------------------------------+--------------+
    |mac_muladd_7ns_11ns_11ns_18_4_1_U42  |mac_muladd_7ns_11ns_11ns_18_4_1  |  i0 * i1 + i2|
    +-------------------------------------+---------------------------------+--------------+

    * Memory: 
    N/A

    * FIFO: 
    N/A

    * Expression: 
    +---------------------------+----------+----+---+----+------------+------------+
    |       Variable Name       | Operation| DSP| FF| LUT| Bitwidth P0| Bitwidth P1|
    +---------------------------+----------+----+---+----+------------+------------+
    |add_ln396_2_fu_437_p2      |         +|   0|  0|  18|          11|           1|
    |add_ln396_fu_325_p2        |         +|   0|  0|  25|          18|           1|
    |add_ln401_fu_382_p2        |         +|   0|  0|  14|           7|           1|
    |add_ln404_fu_360_p2        |         +|   0|  0|  25|          18|          18|
    |add_ln405_fu_371_p2        |         +|   0|  0|  25|          18|          18|
    |add_ln406_2_fu_409_p2      |         +|   0|  0|  18|          18|          18|
    |add_ln406_fu_404_p2        |         +|   0|  0|  18|          18|          18|
    |add_ln407_1_fu_424_p2      |         +|   0|  0|  18|          18|          18|
    |add_ln407_fu_419_p2        |         +|   0|  0|  18|          18|          18|
    |add_ln409_fu_533_p2        |         +|   0|  0|  26|          19|          19|
    |add_ln410_2_fu_551_p2      |         +|   0|  0|  19|          12|          11|
    |add_ln410_fu_561_p2        |         +|   0|  0|  26|          19|          19|
    |add_ln411_2_fu_579_p2      |         +|   0|  0|  20|          13|          12|
    |add_ln411_fu_589_p2        |         +|   0|  0|  26|          19|          19|
    |add_ln412_2_fu_604_p2      |         +|   0|  0|  20|          13|          13|
    |add_ln412_fu_613_p2        |         +|   0|  0|  26|          19|          19|
    |icmp_ln396_fu_319_p2       |      icmp|   0|  0|  13|          18|          18|
    |icmp_ln401_2_fu_388_p2     |      icmp|   0|  0|  10|           7|           7|
    |icmp_ln401_fu_334_p2       |      icmp|   0|  0|  10|           7|           7|
    |select_ln396_10_fu_443_p3  |    select|   0|  0|  10|           1|          11|
    |select_ln396_6_fu_518_p3   |    select|   0|  0|  32|           1|          32|
    |select_ln396_7_fu_508_p3   |    select|   0|  0|  32|           1|          32|
    |select_ln396_8_fu_498_p3   |    select|   0|  0|  32|           1|          32|
    |select_ln396_9_fu_488_p3   |    select|   0|  0|  32|           1|          32|
    |select_ln396_fu_340_p3     |    select|   0|  0|   7|           1|           1|
    |ap_enable_pp0              |       xor|   0|  0|   2|           1|           2|
    +---------------------------+----------+----+---+----+------------+------------+
    |Total                      |          |   0|  0| 522|         297|         397|
    +---------------------------+----------+----+---+----+------------+------------+

    * Multiplexer: 
    +--------------------------------------+----+-----------+-----+-----------+
    |                 Name                 | LUT| Input Size| Bits| Total Bits|
    +--------------------------------------+----+-----------+-----+-----------+
    |acc0_02_fu_92                         |   9|          2|   32|         64|
    |acc1_03_fu_96                         |   9|          2|   32|         64|
    |acc2_04_fu_100                        |   9|          2|   32|         64|
    |acc3_05_fu_104                        |   9|          2|   32|         64|
    |ap_NS_fsm                             |  31|          6|    1|          6|
    |ap_done_int                           |   9|          2|    1|          2|
    |ap_enable_reg_pp0_iter0               |   9|          2|    1|          2|
    |ap_enable_reg_pp0_iter1               |   9|          2|    1|          2|
    |ap_enable_reg_pp0_iter4               |   9|          2|    1|          2|
    |ap_loop_exit_ready_pp0_iter1_reg      |   9|          2|    1|          2|
    |ap_loop_exit_ready_pp0_iter2_reg      |   9|          2|    1|          2|
    |ap_loop_exit_ready_pp0_iter3_reg      |   9|          2|    1|          2|
    |ap_sig_allocacmp_acc0_02_load         |   9|          2|   32|         64|
    |ap_sig_allocacmp_acc1_03_load         |   9|          2|   32|         64|
    |ap_sig_allocacmp_acc2_04_load         |   9|          2|   32|         64|
    |ap_sig_allocacmp_acc3_05_load         |   9|          2|   32|         64|
    |ap_sig_allocacmp_ic_load              |   9|          2|    7|         14|
    |ap_sig_allocacmp_indvar_flatten_load  |   9|          2|   18|         36|
    |grp_fu_253_p0                         |  26|          5|   32|        160|
    |grp_fu_253_p1                         |  26|          5|   32|        160|
    |grp_fu_257_p0                         |  14|          3|   32|         96|
    |grp_fu_257_p1                         |  26|          5|   32|        160|
    |grp_fu_261_p0                         |  26|          5|   32|        160|
    |hw_fu_112                             |   9|          2|   11|         22|
    |ic_fu_108                             |   9|          2|    7|         14|
    |indvar_flatten_fu_116                 |   9|          2|   18|         36|
    |lat2_address0                         |  26|          5|   19|         95|
    |w_conv_Addr_A_orig                    |  14|          3|   32|         96|
    |w_conv_Addr_B_orig                    |  14|          3|   32|         96|
    +--------------------------------------+----+-----------+-----+-----------+
    |Total                                 | 383|         80|  568|       1677|
    +--------------------------------------+----+-----------+-----+-----------+

    * Register: 
    +----------------------------------+----+----+-----+-----------+
    |               Name               | FF | LUT| Bits| Const Bits|
    +----------------------------------+----+----+-----+-----------+
    |acc0_02_fu_92                     |  32|   0|   32|          0|
    |acc1_03_fu_96                     |  32|   0|   32|          0|
    |acc2_04_fu_100                    |  32|   0|   32|          0|
    |acc3_05_fu_104                    |  32|   0|   32|          0|
    |ap_CS_fsm                         |   5|   0|    5|          0|
    |ap_done_reg                       |   1|   0|    1|          0|
    |ap_enable_reg_pp0_iter0_reg       |   1|   0|    1|          0|
    |ap_enable_reg_pp0_iter1           |   1|   0|    1|          0|
    |ap_enable_reg_pp0_iter2           |   1|   0|    1|          0|
    |ap_enable_reg_pp0_iter3           |   1|   0|    1|          0|
    |ap_enable_reg_pp0_iter4           |   1|   0|    1|          0|
    |ap_loop_exit_ready_pp0_iter1_reg  |   1|   0|    1|          0|
    |ap_loop_exit_ready_pp0_iter2_reg  |   1|   0|    1|          0|
    |ap_loop_exit_ready_pp0_iter3_reg  |   1|   0|    1|          0|
    |c2_load_reg_796                   |  32|   0|   32|          0|
    |conv7_reg_821                     |  32|   0|   32|          0|
    |conv8_reg_826                     |  32|   0|   32|          0|
    |conv9_reg_831                     |  32|   0|   32|          0|
    |conv_reg_811                      |  32|   0|   32|          0|
    |hw_fu_112                         |  11|   0|   11|          0|
    |ic_fu_108                         |   7|   0|    7|          0|
    |icmp_ln396_reg_715                |   1|   0|    1|          0|
    |icmp_ln401_2_reg_745              |   1|   0|    1|          0|
    |icmp_ln401_reg_719                |   1|   0|    1|          0|
    |indvar_flatten_fu_116             |  18|   0|   18|          0|
    |mul7_reg_846                      |  32|   0|   32|          0|
    |mul8_reg_856                      |  32|   0|   32|          0|
    |mul9_reg_866                      |  32|   0|   32|          0|
    |mul_reg_836                       |  32|   0|   32|          0|
    |p_cast22_cast_reg_709             |  18|   0|   18|          0|
    |reg_264                           |   8|   0|    8|          0|
    |reg_268                           |  32|   0|   32|          0|
    |select_ln396_10_reg_764           |  11|   0|   11|          0|
    |w_conv_load_16_reg_749            |   8|   0|    8|          0|
    |w_conv_load_18_reg_781            |   8|   0|    8|          0|
    |x_reg_816                         |  32|   0|   32|          0|
    |zext_ln396_4_reg_876              |  11|   0|   13|          2|
    |zext_ln401_reg_728                |   7|   0|   18|         11|
    |icmp_ln396_reg_715                |  64|  32|    1|          0|
    |icmp_ln401_2_reg_745              |  64|  32|    1|          0|
    |icmp_ln401_reg_719                |  64|  32|    1|          0|
    |select_ln396_10_reg_764           |  64|  32|   11|          0|
    +----------------------------------+----+----+-----+-----------+
    |Total                             | 860| 128|  631|         13|
    +----------------------------------+----+----+-----+-----------+



================================================================
== Interface
================================================================
* Summary: 
+---------------------+-----+-----+------------+----------------------------------------+--------------+
|      RTL Ports      | Dir | Bits|  Protocol  |              Source Object             |    C Type    |
+---------------------+-----+-----+------------+----------------------------------------+--------------+
|ap_clk               |   in|    1|  ap_ctrl_hs|  conv1x1_plain.2_Pipeline_C1P_HW_C1P_IC|  return value|
|ap_rst               |   in|    1|  ap_ctrl_hs|  conv1x1_plain.2_Pipeline_C1P_HW_C1P_IC|  return value|
|ap_start             |   in|    1|  ap_ctrl_hs|  conv1x1_plain.2_Pipeline_C1P_HW_C1P_IC|  return value|
|ap_done              |  out|    1|  ap_ctrl_hs|  conv1x1_plain.2_Pipeline_C1P_HW_C1P_IC|  return value|
|ap_idle              |  out|    1|  ap_ctrl_hs|  conv1x1_plain.2_Pipeline_C1P_HW_C1P_IC|  return value|
|ap_ready             |  out|    1|  ap_ctrl_hs|  conv1x1_plain.2_Pipeline_C1P_HW_C1P_IC|  return value|
|grp_fu_437_p_din0    |  out|   32|  ap_ctrl_hs|  conv1x1_plain.2_Pipeline_C1P_HW_C1P_IC|  return value|
|grp_fu_437_p_din1    |  out|   32|  ap_ctrl_hs|  conv1x1_plain.2_Pipeline_C1P_HW_C1P_IC|  return value|
|grp_fu_437_p_opcode  |  out|    2|  ap_ctrl_hs|  conv1x1_plain.2_Pipeline_C1P_HW_C1P_IC|  return value|
|grp_fu_437_p_dout0   |   in|   32|  ap_ctrl_hs|  conv1x1_plain.2_Pipeline_C1P_HW_C1P_IC|  return value|
|grp_fu_437_p_ce      |  out|    1|  ap_ctrl_hs|  conv1x1_plain.2_Pipeline_C1P_HW_C1P_IC|  return value|
|grp_fu_441_p_din0    |  out|   32|  ap_ctrl_hs|  conv1x1_plain.2_Pipeline_C1P_HW_C1P_IC|  return value|
|grp_fu_441_p_din1    |  out|   32|  ap_ctrl_hs|  conv1x1_plain.2_Pipeline_C1P_HW_C1P_IC|  return value|
|grp_fu_441_p_dout0   |   in|   32|  ap_ctrl_hs|  conv1x1_plain.2_Pipeline_C1P_HW_C1P_IC|  return value|
|grp_fu_441_p_ce      |  out|    1|  ap_ctrl_hs|  conv1x1_plain.2_Pipeline_C1P_HW_C1P_IC|  return value|
|grp_fu_445_p_din0    |  out|   32|  ap_ctrl_hs|  conv1x1_plain.2_Pipeline_C1P_HW_C1P_IC|  return value|
|grp_fu_445_p_dout0   |   in|   32|  ap_ctrl_hs|  conv1x1_plain.2_Pipeline_C1P_HW_C1P_IC|  return value|
|grp_fu_445_p_ce      |  out|    1|  ap_ctrl_hs|  conv1x1_plain.2_Pipeline_C1P_HW_C1P_IC|  return value|
|acc3                 |   in|   32|     ap_none|                                    acc3|        scalar|
|acc2                 |   in|   32|     ap_none|                                    acc2|        scalar|
|acc1                 |   in|   32|     ap_none|                                    acc1|        scalar|
|acc0                 |   in|   32|     ap_none|                                    acc0|        scalar|
|c2_Addr_A            |  out|   32|        bram|                                      c2|         array|
|c2_EN_A              |  out|    1|        bram|                                      c2|         array|
|c2_WEN_A             |  out|    4|        bram|                                      c2|         array|
|c2_Din_A             |  out|   32|        bram|                                      c2|         array|
|c2_Dout_A            |   in|   32|        bram|                                      c2|         array|
|p_cast16             |   in|   16|     ap_none|                                p_cast16|        scalar|
|w_conv_Addr_A        |  out|   32|        bram|                                  w_conv|         array|
|w_conv_EN_A          |  out|    1|        bram|                                  w_conv|         array|
|w_conv_WEN_A         |  out|    1|        bram|                                  w_conv|         array|
|w_conv_Din_A         |  out|    8|        bram|                                  w_conv|         array|
|w_conv_Dout_A        |   in|    8|        bram|                                  w_conv|         array|
|w_conv_Addr_B        |  out|   32|        bram|                                  w_conv|         array|
|w_conv_EN_B          |  out|    1|        bram|                                  w_conv|         array|
|w_conv_WEN_B         |  out|    1|        bram|                                  w_conv|         array|
|w_conv_Din_B         |  out|    8|        bram|                                  w_conv|         array|
|w_conv_Dout_B        |   in|    8|        bram|                                  w_conv|         array|
|p_cast22             |   in|   16|     ap_none|                                p_cast22|        scalar|
|empty                |   in|   19|     ap_none|                                   empty|        scalar|
|lat2_address0        |  out|   19|   ap_memory|                                    lat2|         array|
|lat2_ce0             |  out|    1|   ap_memory|                                    lat2|         array|
|lat2_we0             |  out|    1|   ap_memory|                                    lat2|         array|
|lat2_d0              |  out|   32|   ap_memory|                                    lat2|         array|
+---------------------+-----+-----+------------+----------------------------------------+--------------+

