

================================================================
== Synthesis Summary Report of 'fpn_full_top'
================================================================
+ General Information: 
    * Date:           Mon Jun  1 17:31:58 2026
    * Version:        2022.2 (Build 3670227 on Oct 13 2022)
    * Project:        fpn_192
    * Solution:       solution1 (Vivado IP Flow Target)
    * Product family: zynquplus
    * Target device:  xczu9eg-ffvb1156-2-e
    

+ Performance & Resource Estimates: 
    
    PS: '+' for module; 'o' for loop; '*' for dataflow
    +--------------------------------------------------------+--------+-------+------------+-----------+----------+------------+---------+----------+-------------+---------+------------+------------+-----+
    |                         Modules                        |  Issue |       |  Latency   |  Latency  | Iteration|            |   Trip  |          |             |         |            |            |     |
    |                         & Loops                        |  Type  | Slack |  (cycles)  |    (ns)   |  Latency |  Interval  |  Count  | Pipelined|    BRAM     |   DSP   |     FF     |     LUT    | URAM|
    +--------------------------------------------------------+--------+-------+------------+-----------+----------+------------+---------+----------+-------------+---------+------------+------------+-----+
    |+ fpn_full_top                                          |  Timing|  -0.17|  3702551838|  1.851e+10|         -|  3702551839|        -|        no|  2900 (158%)|  29 (1%)|  13014 (2%)|  22405 (8%)|    -|
    | + conv1x1_plain                                        |       -|   0.23|    15361105|  7.681e+07|         -|    15361105|        -|        no|            -|  1 (~0%)|  1073 (~0%)|  1263 (~0%)|    -|
    |  o C1P_OC                                              |       -|   3.65|    15361104|  7.681e+07|    320023|           -|       48|        no|            -|        -|           -|           -|    -|
    |   + conv1x1_plain_Pipeline_C1P_HW_C1P_IC               |       -|   0.23|      320019|  1.600e+06|         -|      320019|        -|        no|            -|  1 (~0%)|   826 (~0%)|  1042 (~0%)|    -|
    |    o C1P_HW_C1P_IC                                     |      II|   3.65|      320017|  1.600e+06|        23|           5|    64000|       yes|            -|        -|           -|           -|    -|
    | + conv1x1_plain_1                                      |       -|   0.25|    12289105|  6.145e+07|         -|    12289105|        -|        no|            -|  1 (~0%)|  1136 (~0%)|  1322 (~0%)|    -|
    |  o C1P_OC                                              |       -|   3.65|    12289104|  6.145e+07|    256023|           -|       48|        no|            -|        -|           -|           -|    -|
    |   + conv1x1_plain_1_Pipeline_C1P_HW_C1P_IC             |       -|   0.25|      256019|  1.280e+06|         -|      256019|        -|        no|            -|  1 (~0%)|   869 (~0%)|  1017 (~0%)|    -|
    |    o C1P_HW_C1P_IC                                     |      II|   3.65|      256017|  1.280e+06|        23|           5|    51200|       yes|            -|        -|           -|           -|    -|
    | + conv1x1_plain_2                                      |       -|   0.25|    36865201|  1.843e+08|         -|    36865201|        -|        no|            -|  2 (~0%)|  1132 (~0%)|  1301 (~0%)|    -|
    |  o C1P_OC                                              |       -|   3.65|    36865200|  1.843e+08|    768025|           -|       48|        no|            -|        -|           -|           -|    -|
    |   + conv1x1_plain_2_Pipeline_C1P_HW_C1P_IC             |       -|   0.25|      768019|  3.840e+06|         -|      768019|        -|        no|            -|  1 (~0%)|   860 (~0%)|  1033 (~0%)|    -|
    |    o C1P_HW_C1P_IC                                     |      II|   3.65|      768017|  3.840e+06|        23|           5|   153600|       yes|            -|        -|           -|           -|    -|
    | + fpn_full_top_Pipeline_ADD_UP_C_ADD_UP_OH_ADD_UP_OW   |       -|   0.20|       76814|  3.841e+05|         -|       76814|        -|        no|            -|  2 (~0%)|   399 (~0%)|   464 (~0%)|    -|
    |  o ADD_UP_C_ADD_UP_OH_ADD_UP_OW                        |       -|   3.65|       76812|  3.841e+05|        14|           1|    76800|       yes|            -|        -|           -|           -|    -|
    | + conv1x1_plain_3                                      |       -|   0.25|    98305201|  4.915e+08|         -|    98305201|        -|        no|            -|  2 (~0%)|  1156 (~0%)|  1301 (~0%)|    -|
    |  o C1P_OC                                              |       -|   3.65|    98305200|  4.915e+08|   2048025|           -|       48|        no|            -|        -|           -|           -|    -|
    |   + conv1x1_plain_3_Pipeline_C1P_HW_C1P_IC             |       -|   0.25|     2048019|  1.024e+07|         -|     2048019|        -|        no|            -|  1 (~0%)|   881 (~0%)|  1044 (~0%)|    -|
    |    o C1P_HW_C1P_IC                                     |      II|   3.65|     2048017|  1.024e+07|        23|           5|   409600|       yes|            -|        -|           -|           -|    -|
    | + fpn_full_top_Pipeline_ADD_UP_C_ADD_UP_OH_ADD_UP_OW1  |       -|   0.20|      307214|  1.536e+06|         -|      307214|        -|        no|            -|  2 (~0%)|   417 (~0%)|   503 (~0%)|    -|
    |  o ADD_UP_C_ADD_UP_OH_ADD_UP_OW                        |       -|   3.65|      307212|  1.536e+06|        14|           1|   307200|       yes|            -|        -|           -|           -|    -|
    | + fpn_full_top_Pipeline_ADD_UP_C_ADD_UP_OH_ADD_UP_OW2  |       -|   0.20|     1228814|  6.144e+06|         -|     1228814|        -|        no|            -|  4 (~0%)|   726 (~0%)|   773 (~0%)|    -|
    |  o ADD_UP_C_ADD_UP_OH_ADD_UP_OW                        |       -|   3.65|     1228812|  6.144e+06|        14|           1|  1228800|       yes|            -|        -|           -|           -|    -|
    | + fpn_conv3x3                                          |  Timing|  -0.17|    41625601|  2.081e+08|         -|    41625601|        -|        no|            -|  1 (~0%)|  1400 (~0%)|   2911 (1%)|    -|
    |  o FPN3_OC_FPN3_OH_FPN3_OW                             |       -|   3.65|    41625600|  2.081e+08|      8672|           -|     4800|        no|            -|        -|           -|           -|    -|
    |   + fpn_conv3x3_Pipeline_FPN3_IC_FPN3_KH_FPN3_KW       |  Timing|  -0.17|        8659|  4.330e+04|         -|        8659|        -|        no|            -|  1 (~0%)|   951 (~0%)|  1585 (~0%)|    -|
    |    o FPN3_IC_FPN3_KH_FPN3_KW                           |      II|   3.65|        8657|  4.328e+04|        23|           5|     1728|       yes|            -|        -|           -|           -|    -|
    | + fpn_conv3x3_4                                        |  Timing|  -0.17|   166521602|  8.326e+08|         -|   166521602|        -|        no|            -|  1 (~0%)|  1446 (~0%)|   3152 (1%)|    -|
    |  o FPN3_OC_FPN3_OH_FPN3_OW                             |       -|   3.65|   166521601|  8.326e+08|      8673|           -|    19200|        no|            -|        -|           -|           -|    -|
    |   + fpn_conv3x3_4_Pipeline_FPN3_IC_FPN3_KH_FPN3_KW     |  Timing|  -0.17|        8659|  4.330e+04|         -|        8659|        -|        no|            -|  1 (~0%)|   955 (~0%)|  1598 (~0%)|    -|
    |    o FPN3_IC_FPN3_KH_FPN3_KW                           |      II|   3.65|        8657|  4.328e+04|        23|           5|     1728|       yes|            -|        -|           -|           -|    -|
    | + fpn_full_top_Pipeline_MP_C_MP_H_MP_W                 |       -|   0.05|        4803|  2.402e+04|         -|        4803|        -|        no|            -|        -|   110 (~0%)|   625 (~0%)|    -|
    |  o MP_C_MP_H_MP_W                                      |       -|   3.65|        4801|  2.400e+04|         3|           1|     4800|       yes|            -|        -|           -|           -|    -|
    | + fpn_conv3x3_5                                        |  Timing|  -0.17|   666316804|  3.332e+09|         -|   666316804|        -|        no|            -|  3 (~0%)|  1469 (~0%)|   3120 (1%)|    -|
    |  o FPN3_OC_FPN3_OH_FPN3_OW                             |       -|   3.65|   666316803|  3.332e+09|      8676|           -|    76800|        no|            -|        -|           -|           -|    -|
    |   + fpn_conv3x3_5_Pipeline_FPN3_IC_FPN3_KH_FPN3_KW     |  Timing|  -0.17|        8659|  4.330e+04|         -|        8659|        -|        no|            -|  1 (~0%)|   959 (~0%)|  1614 (~0%)|    -|
    |    o FPN3_IC_FPN3_KH_FPN3_KW                           |      II|   3.65|        8657|  4.328e+04|        23|           5|     1728|       yes|            -|        -|           -|           -|    -|
    | + fpn_conv3x3_6                                        |  Timing|  -0.17|  2665267204|  1.333e+10|         -|  2665267204|        -|        no|            -|  3 (~0%)|  1501 (~0%)|   3215 (1%)|    -|
    |  o FPN3_OC_FPN3_OH_FPN3_OW                             |       -|   3.65|  2665267203|  1.333e+10|      8676|           -|   307200|        no|            -|        -|           -|           -|    -|
    |   + fpn_conv3x3_6_Pipeline_FPN3_IC_FPN3_KH_FPN3_KW     |  Timing|  -0.17|        8659|  4.330e+04|         -|        8659|        -|        no|            -|  1 (~0%)|   963 (~0%)|  1634 (~0%)|    -|
    |    o FPN3_IC_FPN3_KH_FPN3_KW                           |      II|   3.65|        8657|  4.328e+04|        23|           5|     1728|       yes|            -|        -|           -|           -|    -|
    +--------------------------------------------------------+--------+-------+------------+-----------+----------+------------+---------+----------+-------------+---------+------------+------------+-----+


================================================================
== HW Interfaces
================================================================
* BRAM
+--------------+------------+---------------+
| Interface    | Data Width | Address Width |
+--------------+------------+---------------+
| c1_PORTA     | 32         | 32            |
| c2_PORTA     | 32         | 32            |
| c3_PORTA     | 32         | 32            |
| c4_PORTA     | 32         | 32            |
| p2_PORTA     | 32         | 32            |
| p2_PORTB     | 32         | 32            |
| p3_PORTA     | 32         | 32            |
| p3_PORTB     | 32         | 32            |
| p4_PORTA     | 32         | 32            |
| p4_PORTB     | 32         | 32            |
| p5_PORTA     | 32         | 32            |
| p5_PORTB     | 32         | 32            |
| p6_PORTA     | 32         | 32            |
| w_conv_PORTA | 8          | 32            |
| w_conv_PORTB | 8          | 32            |
| w_meta_PORTA | 32         | 32            |
| w_meta_PORTB | 32         | 32            |
+--------------+------------+---------------+

* TOP LEVEL CONTROL
+-----------+------------+-----------------------------------+
| Interface | Type       | Ports                             |
+-----------+------------+-----------------------------------+
| ap_clk    | clock      | ap_clk                            |
| ap_rst    | reset      | ap_rst                            |
| ap_ctrl   | ap_ctrl_hs | ap_done ap_idle ap_ready ap_start |
+-----------+------------+-----------------------------------+


================================================================
== SW I/O Information
================================================================
* Top Function Arguments
+----------+-----------+---------------------+
| Argument | Direction | Datatype            |
+----------+-----------+---------------------+
| c4       | in        | float const *       |
| c3       | in        | float const *       |
| c2       | in        | float const *       |
| c1       | in        | float const *       |
| w_conv   | in        | signed char const * |
| w_meta   | in        | float const *       |
| p5       | inout     | float*              |
| p4       | out       | float*              |
| p3       | out       | float*              |
| p2       | out       | float*              |
| p6       | out       | float*              |
+----------+-----------+---------------------+

* SW-to-HW Mapping
+----------+--------------+-----------+
| Argument | HW Interface | HW Type   |
+----------+--------------+-----------+
| c4       | c4_PORTA     | interface |
| c3       | c3_PORTA     | interface |
| c2       | c2_PORTA     | interface |
| c1       | c1_PORTA     | interface |
| w_conv   | w_conv_PORTA | interface |
| w_conv   | w_conv_PORTB | interface |
| w_meta   | w_meta_PORTA | interface |
| w_meta   | w_meta_PORTB | interface |
| p5       | p5_PORTA     | interface |
| p5       | p5_PORTB     | interface |
| p4       | p4_PORTA     | interface |
| p4       | p4_PORTB     | interface |
| p3       | p3_PORTA     | interface |
| p3       | p3_PORTB     | interface |
| p2       | p2_PORTA     | interface |
| p2       | p2_PORTB     | interface |
| p6       | p6_PORTA     | interface |
+----------+--------------+-----------+


================================================================
== Bind Op Report
================================================================
+--------------------------------------------------------+-----+--------+-------------+------+---------+---------+
| Name                                                   | DSP | Pragma | Variable    | Op   | Impl    | Latency |
+--------------------------------------------------------+-----+--------+-------------+------+---------+---------+
| + fpn_full_top                                         | 29  |        |             |      |         |         |
|  + conv1x1_plain                                       | 1   |        |             |      |         |         |
|    empty_129_fu_174_p2                                 | -   |        | empty_129   | add  | fabric  | 0       |
|    empty_130_fu_257_p2                                 | -   |        | empty_130   | add  | fabric  | 0       |
|    mul_8ns_8ns_15_1_1_U13                              | -   |        | empty_131   | mul  | auto    | 0       |
|    add_ln395_fu_205_p2                                 | -   |        | add_ln395   | add  | fabric  | 0       |
|   + conv1x1_plain_Pipeline_C1P_HW_C1P_IC               | 1   |        |             |      |         |         |
|     add_ln396_fu_308_p2                                | -   |        | add_ln396   | add  | fabric  | 0       |
|     add_ln396_1_fu_418_p2                              | -   |        | add_ln396_1 | add  | fabric  | 0       |
|     mac_muladd_10ns_7ns_7ns_16_4_1_U4                  | 1   |        | mul_ln403   | mul  | dsp48   | 3       |
|     mac_muladd_10ns_7ns_7ns_16_4_1_U4                  | 1   |        | add_ln403   | add  | dsp48   | 3       |
|     add_ln404_fu_339_p2                                | -   |        | add_ln404   | add  | fabric  | 0       |
|     add_ln405_1_fu_375_p2                              | -   |        | add_ln405_1 | add  | fabric  | 0       |
|     add_ln405_fu_385_p2                                | -   |        | add_ln405   | add  | fabric  | 0       |
|     add_ln406_1_fu_395_p2                              | -   |        | add_ln406_1 | add  | fabric  | 0       |
|     add_ln406_fu_405_p2                                | -   |        | add_ln406   | add  | fabric  | 0       |
|     add_ln407_1_fu_443_p2                              | -   |        | add_ln407_1 | add  | fabric  | 0       |
|     add_ln407_fu_453_p2                                | -   |        | add_ln407   | add  | fabric  | 0       |
|     add_ln401_fu_350_p2                                | -   |        | add_ln401   | add  | fabric  | 0       |
|     add_ln409_fu_538_p2                                | -   |        | add_ln409   | add  | fabric  | 0       |
|     add_ln410_1_fu_556_p2                              | -   |        | add_ln410_1 | add  | fabric  | 0       |
|     add_ln410_fu_566_p2                                | -   |        | add_ln410   | add  | fabric  | 0       |
|     add_ln411_1_fu_584_p2                              | -   |        | add_ln411_1 | add  | fabric  | 0       |
|     add_ln411_fu_594_p2                                | -   |        | add_ln411   | add  | fabric  | 0       |
|     add_ln412_1_fu_609_p2                              | -   |        | add_ln412_1 | add  | fabric  | 0       |
|     add_ln412_fu_618_p2                                | -   |        | add_ln412   | add  | fabric  | 0       |
|  + conv1x1_plain_1                                     | 1   |        |             |      |         |         |
|    empty_119_fu_163_p2                                 | -   |        | empty_119   | add  | fabric  | 0       |
|    empty_121_fu_179_p2                                 | -   |        | empty_121   | add  | fabric  | 0       |
|    empty_122_fu_185_p2                                 | -   |        | empty_122   | add  | fabric  | 0       |
|    empty_124_fu_201_p2                                 | -   |        | empty_124   | add  | fabric  | 0       |
|    mul_8ns_10ns_17_1_1_U33                             | -   |        | empty_127   | mul  | auto    | 0       |
|    add_ln395_fu_257_p2                                 | -   |        | add_ln395   | add  | fabric  | 0       |
|   + conv1x1_plain_1_Pipeline_C1P_HW_C1P_IC             | 1   |        |             |      |         |         |
|     add_ln396_fu_335_p2                                | -   |        | add_ln396   | add  | fabric  | 0       |
|     add_ln396_3_fu_462_p2                              | -   |        | add_ln396_3 | add  | fabric  | 0       |
|     mac_muladd_8ns_9ns_9ns_16_4_1_U22                  | 1   |        | mul_ln403   | mul  | dsp48   | 3       |
|     mac_muladd_8ns_9ns_9ns_16_4_1_U22                  | 1   |        | add_ln403   | add  | dsp48   | 3       |
|     add_ln404_fu_378_p2                                | -   |        | add_ln404   | add  | fabric  | 0       |
|     add_ln405_fu_389_p2                                | -   |        | add_ln405   | add  | fabric  | 0       |
|     add_ln406_fu_431_p2                                | -   |        | add_ln406   | add  | fabric  | 0       |
|     add_ln406_3_fu_445_p2                              | -   |        | add_ln406_3 | add  | fabric  | 0       |
|     add_ln407_fu_400_p2                                | -   |        | add_ln407   | add  | fabric  | 0       |
|     add_ln401_fu_406_p2                                | -   |        | add_ln401   | add  | fabric  | 0       |
|     add_ln409_fu_558_p2                                | -   |        | add_ln409   | add  | fabric  | 0       |
|     add_ln410_3_fu_576_p2                              | -   |        | add_ln410_3 | add  | fabric  | 0       |
|     add_ln410_fu_586_p2                                | -   |        | add_ln410   | add  | fabric  | 0       |
|     add_ln411_3_fu_629_p2                              | -   |        | add_ln411_3 | add  | fabric  | 0       |
|     add_ln411_fu_638_p2                                | -   |        | add_ln411   | add  | fabric  | 0       |
|     add_ln412_3_fu_604_p2                              | -   |        | add_ln412_3 | add  | fabric  | 0       |
|     add_ln412_fu_614_p2                                | -   |        | add_ln412   | add  | fabric  | 0       |
|  + conv1x1_plain_2                                     | 2   |        |             |      |         |         |
|    empty_109_fu_178_p2                                 | -   |        | empty_109   | add  | fabric  | 0       |
|    empty_111_fu_194_p2                                 | -   |        | empty_111   | add  | fabric  | 0       |
|    empty_112_fu_200_p2                                 | -   |        | empty_112   | add  | fabric  | 0       |
|    empty_114_fu_255_p2                                 | -   |        | empty_114   | add  | fabric  | 0       |
|    empty_115_fu_302_p2                                 | -   |        | empty_115   | sub  | fabric  | 0       |
|    mul_mul_8ns_11ns_19_4_1_U52                         | 1   |        | empty_117   | mul  | dsp48   | 3       |
|    add_ln395_fu_156_p2                                 | -   |        | add_ln395   | add  | fabric  | 0       |
|   + conv1x1_plain_2_Pipeline_C1P_HW_C1P_IC             | 1   |        |             |      |         |         |
|     add_ln396_fu_325_p2                                | -   |        | add_ln396   | add  | fabric  | 0       |
|     add_ln396_2_fu_437_p2                              | -   |        | add_ln396_2 | add  | fabric  | 0       |
|     mac_muladd_7ns_11ns_11ns_18_4_1_U42                | 1   |        | mul_ln403   | mul  | dsp48   | 3       |
|     mac_muladd_7ns_11ns_11ns_18_4_1_U42                | 1   |        | add_ln403   | add  | dsp48   | 3       |
|     add_ln404_fu_360_p2                                | -   |        | add_ln404   | add  | fabric  | 0       |
|     add_ln405_fu_371_p2                                | -   |        | add_ln405   | add  | fabric  | 0       |
|     add_ln401_fu_382_p2                                | -   |        | add_ln401   | add  | fabric  | 0       |
|     add_ln409_fu_533_p2                                | -   |        | add_ln409   | add  | fabric  | 0       |
|     add_ln410_2_fu_551_p2                              | -   |        | add_ln410_2 | add  | fabric  | 0       |
|     add_ln410_fu_561_p2                                | -   |        | add_ln410   | add  | fabric  | 0       |
|     add_ln411_2_fu_579_p2                              | -   |        | add_ln411_2 | add  | fabric  | 0       |
|     add_ln411_fu_589_p2                                | -   |        | add_ln411   | add  | fabric  | 0       |
|     add_ln412_2_fu_604_p2                              | -   |        | add_ln412_2 | add  | fabric  | 0       |
|     add_ln412_fu_613_p2                                | -   |        | add_ln412   | add  | fabric  | 0       |
|  + fpn_full_top_Pipeline_ADD_UP_C_ADD_UP_OH_ADD_UP_OW  | 2   |        |             |      |         |         |
|    add_ln574_3_fu_392_p2                               | -   |        | add_ln574_3 | add  | fabric  | 0       |
|    add_ln573_3_fu_398_p2                               | -   |        | add_ln573_3 | add  | fabric  | 0       |
|    add_ln569_1_fu_172_p2                               | -   |        | add_ln569_1 | add  | fabric  | 0       |
|    add_ln569_fu_190_p2                                 | -   |        | add_ln569   | add  | fabric  | 0       |
|    mac_muladd_8ns_9ns_5ns_17_4_1_U79                   | 1   |        | mul_ln569   | mul  | dsp48   | 3       |
|    mac_muladd_8ns_7ns_4ns_15_4_1_U80                   | 1   |        | mul_ln569_1 | mul  | dsp48   | 3       |
|    add_ln570_fu_281_p2                                 | -   |        | add_ln570   | add  | fabric  | 0       |
|    add_ln574_5_fu_458_p2                               | -   |        | add_ln574_5 | add  | fabric  | 0       |
|    add_ln573_5_fu_475_p2                               | -   |        | add_ln573_5 | add  | fabric  | 0       |
|    mac_muladd_8ns_7ns_4ns_15_4_1_U80                   | 1   |        | add_ln574_4 | add  | dsp48   | 3       |
|    add_ln574_fu_492_p2                                 | -   |        | add_ln574   | add  | fabric  | 0       |
|    mac_muladd_8ns_9ns_5ns_17_4_1_U79                   | 1   |        | add_ln573_4 | add  | dsp48   | 3       |
|    add_ln573_fu_502_p2                                 | -   |        | add_ln573   | add  | fabric  | 0       |
|    add_ln571_fu_336_p2                                 | -   |        | add_ln571   | add  | fabric  | 0       |
|    add_ln570_2_fu_212_p2                               | -   |        | add_ln570_2 | add  | fabric  | 0       |
|  + conv1x1_plain_3                                     | 2   |        |             |      |         |         |
|    empty_99_fu_177_p2                                  | -   |        | empty_99    | add  | fabric  | 0       |
|    empty_101_fu_193_p2                                 | -   |        | empty_101   | add  | fabric  | 0       |
|    empty_102_fu_199_p2                                 | -   |        | empty_102   | add  | fabric  | 0       |
|    empty_104_fu_254_p2                                 | -   |        | empty_104   | add  | fabric  | 0       |
|    mul_mul_8ns_13ns_21_4_1_U72                         | 1   |        | empty_107   | mul  | dsp48   | 3       |
|    add_ln395_fu_155_p2                                 | -   |        | add_ln395   | add  | fabric  | 0       |
|   + conv1x1_plain_3_Pipeline_C1P_HW_C1P_IC             | 1   |        |             |      |         |         |
|     add_ln396_1_fu_335_p2                              | -   |        | add_ln396_1 | add  | fabric  | 0       |
|     add_ln396_fu_446_p2                                | -   |        | add_ln396   | add  | fabric  | 0       |
|     mac_muladd_7ns_13ns_13ns_19_4_1_U61                | 1   |        | mul_ln403   | mul  | dsp48   | 3       |
|     mac_muladd_7ns_13ns_13ns_19_4_1_U61                | 1   |        | add_ln403   | add  | dsp48   | 3       |
|     add_ln404_fu_370_p2                                | -   |        | add_ln404   | add  | fabric  | 0       |
|     add_ln405_fu_381_p2                                | -   |        | add_ln405   | add  | fabric  | 0       |
|     add_ln407_fu_392_p2                                | -   |        | add_ln407   | add  | fabric  | 0       |
|     add_ln401_fu_398_p2                                | -   |        | add_ln401   | add  | fabric  | 0       |
|     add_ln409_fu_542_p2                                | -   |        | add_ln409   | add  | fabric  | 0       |
|     add_ln410_1_fu_560_p2                              | -   |        | add_ln410_1 | add  | fabric  | 0       |
|     add_ln410_fu_570_p2                                | -   |        | add_ln410   | add  | fabric  | 0       |
|     add_ln411_1_fu_588_p2                              | -   |        | add_ln411_1 | add  | fabric  | 0       |
|     add_ln411_fu_598_p2                                | -   |        | add_ln411   | add  | fabric  | 0       |
|     add_ln412_1_fu_613_p2                              | -   |        | add_ln412_1 | add  | fabric  | 0       |
|     add_ln412_fu_622_p2                                | -   |        | add_ln412   | add  | fabric  | 0       |
|  + fpn_full_top_Pipeline_ADD_UP_C_ADD_UP_OH_ADD_UP_OW1 | 2   |        |             |      |         |         |
|    add_ln574_fu_398_p2                                 | -   |        | add_ln574   | add  | fabric  | 0       |
|    add_ln573_fu_404_p2                                 | -   |        | add_ln573   | add  | fabric  | 0       |
|    add_ln569_fu_182_p2                                 | -   |        | add_ln569   | add  | fabric  | 0       |
|    add_ln569_2_fu_200_p2                               | -   |        | add_ln569_2 | add  | fabric  | 0       |
|    mul_mul_8ns_11ns_19_4_1_U86                         | 1   |        | mul_ln569   | mul  | dsp48   | 3       |
|    mac_muladd_8ns_9ns_5ns_17_4_1_U87                   | 1   |        | mul_ln569_2 | mul  | dsp48   | 3       |
|    add_ln570_1_fu_291_p2                               | -   |        | add_ln570_1 | add  | fabric  | 0       |
|    add_ln574_3_fu_464_p2                               | -   |        | add_ln574_3 | add  | fabric  | 0       |
|    add_ln573_3_fu_481_p2                               | -   |        | add_ln573_3 | add  | fabric  | 0       |
|    mac_muladd_8ns_9ns_5ns_17_4_1_U87                   | 1   |        | add_ln574_4 | add  | dsp48   | 3       |
|    add_ln574_1_fu_498_p2                               | -   |        | add_ln574_1 | add  | fabric  | 0       |
|    add_ln573_1_fu_524_p2                               | -   |        | add_ln573_1 | add  | fabric  | 0       |
|    add_ln571_fu_342_p2                                 | -   |        | add_ln571   | add  | fabric  | 0       |
|    add_ln570_fu_222_p2                                 | -   |        | add_ln570   | add  | fabric  | 0       |
|  + fpn_full_top_Pipeline_ADD_UP_C_ADD_UP_OH_ADD_UP_OW2 | 4   |        |             |      |         |         |
|    add_ln574_fu_390_p2                                 | -   |        | add_ln574   | add  | fabric  | 0       |
|    add_ln573_fu_396_p2                                 | -   |        | add_ln573   | add  | fabric  | 0       |
|    add_ln569_fu_188_p2                                 | -   |        | add_ln569   | add  | fabric  | 0       |
|    add_ln569_1_fu_206_p2                               | -   |        | add_ln569_1 | add  | fabric  | 0       |
|    mul_mul_8ns_13ns_21_4_1_U91                         | 1   |        | mul_ln569   | mul  | dsp48   | 3       |
|    mul_mul_8ns_11ns_19_4_1_U92                         | 1   |        | mul_ln569_1 | mul  | dsp48   | 3       |
|    add_ln570_fu_297_p2                                 | -   |        | add_ln570   | add  | fabric  | 0       |
|    add_ln574_1_fu_456_p2                               | -   |        | add_ln574_1 | add  | fabric  | 0       |
|    add_ln573_1_fu_473_p2                               | -   |        | add_ln573_1 | add  | fabric  | 0       |
|    add_ln574_2_fu_516_p2                               | -   |        | add_ln574_2 | add  | fabric  | 0       |
|    add_ln573_2_fu_543_p2                               | -   |        | add_ln573_2 | add  | fabric  | 0       |
|    fadd_32ns_32ns_32_8_full_dsp_1_U90                  | 2   |        | add22_i2    | fadd | fulldsp | 7       |
|    add_ln571_fu_334_p2                                 | -   |        | add_ln571   | add  | fabric  | 0       |
|    add_ln570_1_fu_228_p2                               | -   |        | add_ln570_1 | add  | fabric  | 0       |
|  + fpn_conv3x3                                         | 1   |        |             |      |         |         |
|    empty_fu_362_p2                                     | -   |        | empty       | sub  | fabric  | 0       |
|    mul_8ns_8ns_15_1_1_U113                             | -   |        | empty_88    | mul  | auto    | 0       |
|    empty_90_fu_412_p2                                  | -   |        | empty_90    | add  | fabric  | 0       |
|    empty_92_fu_468_p2                                  | -   |        | empty_92    | add  | fabric  | 0       |
|    tmp_fu_502_p2                                       | -   |        | tmp         | add  | fabric  | 0       |
|    empty_93_fu_512_p2                                  | -   |        | empty_93    | add  | fabric  | 0       |
|    tmp1_fu_518_p2                                      | -   |        | tmp1        | add  | fabric  | 0       |
|    empty_94_fu_528_p2                                  | -   |        | empty_94    | add  | fabric  | 0       |
|    tmp2_fu_534_p2                                      | -   |        | tmp2        | add  | fabric  | 0       |
|    add_ln456_4_fu_540_p2                               | -   |        | add_ln456_4 | add  | fabric  | 0       |
|    add_ln436_fu_546_p2                                 | -   |        | add_ln436   | add  | fabric  | 0       |
|    add_ln436_4_fu_558_p2                               | -   |        | add_ln436_4 | add  | fabric  | 0       |
|    p_mid1131_fu_696_p2                                 | -   |        | p_mid1131   | sub  | fabric  | 0       |
|    mul_8ns_8ns_15_1_1_U114                             | -   |        | p_mid1141   | mul  | auto    | 0       |
|    p_mid1145_fu_755_p2                                 | -   |        | p_mid1145   | add  | fabric  | 0       |
|    p_mid1177_fu_851_p2                                 | -   |        | p_mid1177   | add  | fabric  | 0       |
|    p_mid1201_fu_869_p2                                 | -   |        | p_mid1201   | add  | fabric  | 0       |
|    p_mid1217_fu_881_p2                                 | -   |        | p_mid1217   | add  | fabric  | 0       |
|    add_ln437_fu_903_p2                                 | -   |        | add_ln437   | add  | fabric  | 0       |
|    tmp_mid1_fu_958_p2                                  | -   |        | tmp_mid1    | add  | fabric  | 0       |
|    p_mid181_fu_968_p2                                  | -   |        | p_mid181    | add  | fabric  | 0       |
|    tmp1_mid1_fu_981_p2                                 | -   |        | tmp1_mid1   | add  | fabric  | 0       |
|    p_mid187_fu_991_p2                                  | -   |        | p_mid187    | add  | fabric  | 0       |
|    tmp2_mid1_fu_1004_p2                                | -   |        | tmp2_mid1   | add  | fabric  | 0       |
|    add_ln456_5_fu_1017_p2                              | -   |        | add_ln456_5 | add  | fabric  | 0       |
|    p_mid140_fu_1041_p2                                 | -   |        | p_mid140    | add  | fabric  | 0       |
|    add_ln447_fu_1074_p2                                | -   |        | add_ln447   | add  | fabric  | 0       |
|    add_ln456_fu_1087_p2                                | -   |        | add_ln456   | add  | fabric  | 0       |
|    add_ln457_fu_1216_p2                                | -   |        | add_ln457   | add  | fabric  | 0       |
|    add_ln45721_fu_1226_p2                              | -   |        | add_ln45721 | add  | fabric  | 0       |
|    add_ln458_fu_1242_p2                                | -   |        | add_ln458   | add  | fabric  | 0       |
|    add_ln458_4_fu_1252_p2                              | -   |        | add_ln458_4 | add  | fabric  | 0       |
|    add_ln459_4_fu_1109_p2                              | -   |        | add_ln459_4 | add  | fabric  | 0       |
|    add_ln438_fu_634_p2                                 | -   |        | add_ln438   | add  | fabric  | 0       |
|    add_ln437_4_fu_640_p2                               | -   |        | add_ln437_4 | add  | fabric  | 0       |
|   + fpn_conv3x3_Pipeline_FPN3_IC_FPN3_KH_FPN3_KW       | 1   |        |             |      |         |         |
|     empty_fu_367_p2                                    | -   |        | empty       | add  | fabric  | 0       |
|     tmp3_fu_602_p2                                     | -   |        | tmp3        | add  | fabric  | 0       |
|     empty_35_fu_612_p2                                 | -   |        | empty_35    | add  | fabric  | 0       |
|     tmp4_fu_629_p2                                     | -   |        | tmp4        | add  | fabric  | 0       |
|     empty_36_fu_639_p2                                 | -   |        | empty_36    | add  | fabric  | 0       |
|     add_ln448_fu_656_p2                                | -   |        | add_ln448   | add  | fabric  | 0       |
|     add_ln449_fu_662_p2                                | -   |        | add_ln449   | add  | fabric  | 0       |
|     add_ln450_fu_668_p2                                | -   |        | add_ln450   | add  | fabric  | 0       |
|     add_ln451_fu_674_p2                                | -   |        | add_ln451   | add  | fabric  | 0       |
|     tmp5_fu_891_p2                                     | -   |        | tmp5        | add  | fabric  | 0       |
|     empty_37_fu_900_p2                                 | -   |        | empty_37    | add  | fabric  | 0       |
|     empty_38_fu_389_p2                                 | -   |        | empty_38    | sub  | fabric  | 0       |
|     add_ln447_1_fu_994_p2                              | -   |        | add_ln447_1 | add  | fabric  | 0       |
|     add_ln440_fu_401_p2                                | -   |        | add_ln440   | add  | fabric  | 0       |
|     add_ln440_1_fu_427_p2                              | -   |        | add_ln440_1 | add  | fabric  | 0       |
|     mac_muladd_8ns_7ns_5s_15_4_1_U98                   | 1   |        | mul_ln440   | mul  | dsp48   | 3       |
|     p_mid126_fu_449_p2                                 | -   |        | p_mid126    | add  | fabric  | 0       |
|     tmp3_mid1_fu_714_p2                                | -   |        | tmp3_mid1   | add  | fabric  | 0       |
|     p_mid128_fu_724_p2                                 | -   |        | p_mid128    | add  | fabric  | 0       |
|     tmp4_mid1_fu_741_p2                                | -   |        | tmp4_mid1   | add  | fabric  | 0       |
|     p_mid130_fu_751_p2                                 | -   |        | p_mid130    | add  | fabric  | 0       |
|     add_ln448_1_fu_768_p2                              | -   |        | add_ln448_1 | add  | fabric  | 0       |
|     add_ln449_1_fu_781_p2                              | -   |        | add_ln449_1 | add  | fabric  | 0       |
|     add_ln450_1_fu_794_p2                              | -   |        | add_ln450_1 | add  | fabric  | 0       |
|     add_ln451_1_fu_807_p2                              | -   |        | add_ln451_1 | add  | fabric  | 0       |
|     add_ln441_fu_473_p2                                | -   |        | add_ln441   | add  | fabric  | 0       |
|     p_mid1_fu_920_p2                                   | -   |        | p_mid1      | add  | fabric  | 0       |
|     p_mid13_fu_509_p2                                  | -   |        | p_mid13     | sub  | fabric  | 0       |
|     add_ln447_2_fu_1024_p2                             | -   |        | add_ln447_2 | add  | fabric  | 0       |
|     add_ln445_fu_938_p2                                | -   |        | add_ln445   | add  | fabric  | 0       |
|     add_ln445_1_fu_947_p2                              | -   |        | add_ln445_1 | add  | fabric  | 0       |
|     mac_muladd_8ns_7ns_5s_15_4_1_U98                   | 1   |        | add_ln447_3 | add  | dsp48   | 3       |
|     add_ln447_fu_1041_p2                               | -   |        | add_ln447   | add  | fabric  | 0       |
|     add_ln448_2_fu_843_p2                              | -   |        | add_ln448_2 | add  | fabric  | 0       |
|     add_ln448_3_fu_853_p2                              | -   |        | add_ln448_3 | add  | fabric  | 0       |
|     add_ln449_2_fu_868_p2                              | -   |        | add_ln449_2 | add  | fabric  | 0       |
|     add_ln450_2_fu_879_p2                              | -   |        | add_ln450_2 | add  | fabric  | 0       |
|     add_ln451_2_fu_885_p2                              | -   |        | add_ln451_2 | add  | fabric  | 0       |
|     add_ln442_fu_523_p2                                | -   |        | add_ln442   | add  | fabric  | 0       |
|     add_ln441_1_fu_529_p2                              | -   |        | add_ln441_1 | add  | fabric  | 0       |
|  + fpn_conv3x3_4                                       | 1   |        |             |      |         |         |
|    empty_fu_360_p2                                     | -   |        | empty       | sub  | fabric  | 0       |
|    empty_77_fu_377_p2                                  | -   |        | empty_77    | add  | fabric  | 0       |
|    mul_8ns_10ns_17_1_1_U137                            | -   |        | empty_78    | mul  | auto    | 0       |
|    empty_80_fu_404_p2                                  | -   |        | empty_80    | add  | fabric  | 0       |
|    empty_81_fu_410_p2                                  | -   |        | empty_81    | add  | fabric  | 0       |
|    empty_83_fu_426_p2                                  | -   |        | empty_83    | add  | fabric  | 0       |
|    empty_84_fu_472_p2                                  | -   |        | empty_84    | add  | fabric  | 0       |
|    tmp_fu_506_p2                                       | -   |        | tmp         | add  | fabric  | 0       |
|    empty_85_fu_516_p2                                  | -   |        | empty_85    | add  | fabric  | 0       |
|    tmp1_fu_522_p2                                      | -   |        | tmp1        | add  | fabric  | 0       |
|    empty_86_fu_532_p2                                  | -   |        | empty_86    | add  | fabric  | 0       |
|    tmp2_fu_538_p2                                      | -   |        | tmp2        | add  | fabric  | 0       |
|    add_ln456_3_fu_543_p2                               | -   |        | add_ln456_3 | add  | fabric  | 0       |
|    add_ln436_fu_555_p2                                 | -   |        | add_ln436   | add  | fabric  | 0       |
|    add_ln436_3_fu_581_p2                               | -   |        | add_ln436_3 | add  | fabric  | 0       |
|    p_mid1127_fu_697_p2                                 | -   |        | p_mid1127   | sub  | fabric  | 0       |
|    p_mid1133_fu_727_p2                                 | -   |        | p_mid1133   | add  | fabric  | 0       |
|    mul_8ns_10ns_17_1_1_U138                            | -   |        | p_mid1137   | mul  | auto    | 0       |
|    p_mid1141_fu_759_p2                                 | -   |        | p_mid1141   | add  | fabric  | 0       |
|    p_mid1143_fu_765_p2                                 | -   |        | p_mid1143   | add  | fabric  | 0       |
|    p_mid1147_fu_781_p2                                 | -   |        | p_mid1147   | add  | fabric  | 0       |
|    p_mid1165_fu_861_p2                                 | -   |        | p_mid1165   | add  | fabric  | 0       |
|    p_mid1191_fu_879_p2                                 | -   |        | p_mid1191   | add  | fabric  | 0       |
|    p_mid1207_fu_891_p2                                 | -   |        | p_mid1207   | add  | fabric  | 0       |
|    add_ln437_fu_913_p2                                 | -   |        | add_ln437   | add  | fabric  | 0       |
|    tmp_mid1_fu_968_p2                                  | -   |        | tmp_mid1    | add  | fabric  | 0       |
|    p_mid181_fu_978_p2                                  | -   |        | p_mid181    | add  | fabric  | 0       |
|    tmp1_mid1_fu_991_p2                                 | -   |        | tmp1_mid1   | add  | fabric  | 0       |
|    p_mid187_fu_1001_p2                                 | -   |        | p_mid187    | add  | fabric  | 0       |
|    tmp2_mid1_fu_1014_p2                                | -   |        | tmp2_mid1   | add  | fabric  | 0       |
|    add_ln456_4_fu_1027_p2                              | -   |        | add_ln456_4 | add  | fabric  | 0       |
|    p_mid140_fu_1051_p2                                 | -   |        | p_mid140    | add  | fabric  | 0       |
|    add_ln447_7_fu_1084_p2                              | -   |        | add_ln447_7 | add  | fabric  | 0       |
|    add_ln456_fu_1097_p2                                | -   |        | add_ln456   | add  | fabric  | 0       |
|    add_ln457_fu_1222_p2                                | -   |        | add_ln457   | add  | fabric  | 0       |
|    add_ln45721_fu_1232_p2                              | -   |        | add_ln45721 | add  | fabric  | 0       |
|    add_ln458_fu_1248_p2                                | -   |        | add_ln458   | add  | fabric  | 0       |
|    add_ln458_3_fu_1258_p2                              | -   |        | add_ln458_3 | add  | fabric  | 0       |
|    add_ln459_3_fu_1119_p2                              | -   |        | add_ln459_3 | add  | fabric  | 0       |
|    add_ln438_fu_635_p2                                 | -   |        | add_ln438   | add  | fabric  | 0       |
|    add_ln437_3_fu_641_p2                               | -   |        | add_ln437_3 | add  | fabric  | 0       |
|   + fpn_conv3x3_4_Pipeline_FPN3_IC_FPN3_KH_FPN3_KW     | 1   |        |             |      |         |         |
|     empty_fu_365_p2                                    | -   |        | empty       | add  | fabric  | 0       |
|     tmp3_fu_600_p2                                     | -   |        | tmp3        | add  | fabric  | 0       |
|     empty_72_fu_610_p2                                 | -   |        | empty_72    | add  | fabric  | 0       |
|     tmp4_fu_627_p2                                     | -   |        | tmp4        | add  | fabric  | 0       |
|     empty_73_fu_637_p2                                 | -   |        | empty_73    | add  | fabric  | 0       |
|     add_ln448_fu_654_p2                                | -   |        | add_ln448   | add  | fabric  | 0       |
|     add_ln449_fu_660_p2                                | -   |        | add_ln449   | add  | fabric  | 0       |
|     add_ln450_fu_666_p2                                | -   |        | add_ln450   | add  | fabric  | 0       |
|     add_ln451_fu_672_p2                                | -   |        | add_ln451   | add  | fabric  | 0       |
|     tmp5_fu_893_p2                                     | -   |        | tmp5        | add  | fabric  | 0       |
|     empty_74_fu_902_p2                                 | -   |        | empty_74    | add  | fabric  | 0       |
|     empty_75_fu_387_p2                                 | -   |        | empty_75    | sub  | fabric  | 0       |
|     add_ln447_5_fu_996_p2                              | -   |        | add_ln447_5 | add  | fabric  | 0       |
|     add_ln440_fu_399_p2                                | -   |        | add_ln440   | add  | fabric  | 0       |
|     add_ln440_3_fu_425_p2                              | -   |        | add_ln440_3 | add  | fabric  | 0       |
|     mac_muladd_8ns_9ns_6s_17_4_1_U122                  | 1   |        | mul_ln440   | mul  | dsp48   | 3       |
|     p_mid126_fu_447_p2                                 | -   |        | p_mid126    | add  | fabric  | 0       |
|     tmp3_mid1_fu_712_p2                                | -   |        | tmp3_mid1   | add  | fabric  | 0       |
|     p_mid128_fu_722_p2                                 | -   |        | p_mid128    | add  | fabric  | 0       |
|     tmp4_mid1_fu_739_p2                                | -   |        | tmp4_mid1   | add  | fabric  | 0       |
|     p_mid130_fu_749_p2                                 | -   |        | p_mid130    | add  | fabric  | 0       |
|     add_ln448_5_fu_766_p2                              | -   |        | add_ln448_5 | add  | fabric  | 0       |
|     add_ln449_4_fu_779_p2                              | -   |        | add_ln449_4 | add  | fabric  | 0       |
|     add_ln450_4_fu_792_p2                              | -   |        | add_ln450_4 | add  | fabric  | 0       |
|     add_ln451_4_fu_805_p2                              | -   |        | add_ln451_4 | add  | fabric  | 0       |
|     add_ln441_fu_471_p2                                | -   |        | add_ln441   | add  | fabric  | 0       |
|     p_mid1_fu_922_p2                                   | -   |        | p_mid1      | add  | fabric  | 0       |
|     p_mid13_fu_507_p2                                  | -   |        | p_mid13     | sub  | fabric  | 0       |
|     add_ln447_8_fu_1026_p2                             | -   |        | add_ln447_8 | add  | fabric  | 0       |
|     add_ln445_fu_940_p2                                | -   |        | add_ln445   | add  | fabric  | 0       |
|     add_ln445_3_fu_949_p2                              | -   |        | add_ln445_3 | add  | fabric  | 0       |
|     mac_muladd_8ns_9ns_6s_17_4_1_U122                  | 1   |        | add_ln447_6 | add  | dsp48   | 3       |
|     add_ln447_fu_1043_p2                               | -   |        | add_ln447   | add  | fabric  | 0       |
|     add_ln448_4_fu_841_p2                              | -   |        | add_ln448_4 | add  | fabric  | 0       |
|     add_ln448_3_fu_855_p2                              | -   |        | add_ln448_3 | add  | fabric  | 0       |
|     add_ln449_3_fu_870_p2                              | -   |        | add_ln449_3 | add  | fabric  | 0       |
|     add_ln450_3_fu_881_p2                              | -   |        | add_ln450_3 | add  | fabric  | 0       |
|     add_ln451_3_fu_887_p2                              | -   |        | add_ln451_3 | add  | fabric  | 0       |
|     add_ln442_fu_521_p2                                | -   |        | add_ln442   | add  | fabric  | 0       |
|     add_ln441_3_fu_527_p2                              | -   |        | add_ln441_3 | add  | fabric  | 0       |
|  + fpn_full_top_Pipeline_MP_C_MP_H_MP_W                | 0   |        |             |      |         |         |
|    mul_8ns_8ns_15_1_1_U191                             | -   |        | empty       | mul  | auto    | 0       |
|    mul_8ns_6ns_13_1_1_U193                             | -   |        | empty_33    | mul  | auto    | 0       |
|    add_ln586_fu_169_p2                                 | -   |        | add_ln586   | add  | fabric  | 0       |
|    add_ln586_1_fu_195_p2                               | -   |        | add_ln586_1 | add  | fabric  | 0       |
|    mul_8ns_8ns_15_1_1_U192                             | -   |        | p_mid1196   | mul  | auto    | 0       |
|    mul_8ns_6ns_13_1_1_U194                             | -   |        | p_mid1198   | mul  | auto    | 0       |
|    add_ln587_fu_237_p2                                 | -   |        | add_ln587   | add  | fabric  | 0       |
|    add_ln590_fu_486_p2                                 | -   |        | add_ln590   | add  | fabric  | 0       |
|    add_ln590_1_fu_497_p2                               | -   |        | add_ln590_1 | add  | fabric  | 0       |
|    add_ln588_fu_265_p2                                 | -   |        | add_ln588   | add  | fabric  | 0       |
|    add_ln587_1_fu_271_p2                               | -   |        | add_ln587_1 | add  | fabric  | 0       |
|  + fpn_conv3x3_5                                       | 3   |        |             |      |         |         |
|    empty_fu_351_p2                                     | -   |        | empty       | sub  | fabric  | 0       |
|    empty_61_fu_368_p2                                  | -   |        | empty_61    | add  | fabric  | 0       |
|    mul_mul_8ns_11ns_19_4_1_U161                        | 1   |        | empty_62    | mul  | dsp48   | 3       |
|    empty_64_fu_402_p2                                  | -   |        | empty_64    | add  | fabric  | 0       |
|    empty_65_fu_408_p2                                  | -   |        | empty_65    | add  | fabric  | 0       |
|    empty_67_fu_424_p2                                  | -   |        | empty_67    | add  | fabric  | 0       |
|    empty_68_fu_470_p2                                  | -   |        | empty_68    | add  | fabric  | 0       |
|    tmp_fu_504_p2                                       | -   |        | tmp         | add  | fabric  | 0       |
|    empty_69_fu_514_p2                                  | -   |        | empty_69    | add  | fabric  | 0       |
|    tmp1_fu_520_p2                                      | -   |        | tmp1        | add  | fabric  | 0       |
|    empty_70_fu_530_p2                                  | -   |        | empty_70    | add  | fabric  | 0       |
|    tmp2_fu_536_p2                                      | -   |        | tmp2        | add  | fabric  | 0       |
|    add_ln456_2_fu_541_p2                               | -   |        | add_ln456_2 | add  | fabric  | 0       |
|    add_ln436_fu_553_p2                                 | -   |        | add_ln436   | add  | fabric  | 0       |
|    add_ln436_2_fu_579_p2                               | -   |        | add_ln436_2 | add  | fabric  | 0       |
|    p_mid1128_fu_689_p2                                 | -   |        | p_mid1128   | sub  | fabric  | 0       |
|    p_mid1134_fu_719_p2                                 | -   |        | p_mid1134   | add  | fabric  | 0       |
|    mul_mul_8ns_11ns_19_4_1_U162                        | 1   |        | p_mid1140   | mul  | dsp48   | 3       |
|    p_mid1144_fu_753_p2                                 | -   |        | p_mid1144   | add  | fabric  | 0       |
|    p_mid1146_fu_759_p2                                 | -   |        | p_mid1146   | add  | fabric  | 0       |
|    p_mid1150_fu_775_p2                                 | -   |        | p_mid1150   | add  | fabric  | 0       |
|    p_mid1168_fu_855_p2                                 | -   |        | p_mid1168   | add  | fabric  | 0       |
|    p_mid1194_fu_867_p2                                 | -   |        | p_mid1194   | add  | fabric  | 0       |
|    p_mid1210_fu_879_p2                                 | -   |        | p_mid1210   | add  | fabric  | 0       |
|    add_ln437_fu_891_p2                                 | -   |        | add_ln437   | add  | fabric  | 0       |
|    tmp_mid1_fu_911_p2                                  | -   |        | tmp_mid1    | add  | fabric  | 0       |
|    p_mid181_fu_921_p2                                  | -   |        | p_mid181    | add  | fabric  | 0       |
|    tmp1_mid1_fu_934_p2                                 | -   |        | tmp1_mid1   | add  | fabric  | 0       |
|    p_mid187_fu_944_p2                                  | -   |        | p_mid187    | add  | fabric  | 0       |
|    tmp2_mid1_fu_1084_p2                                | -   |        | tmp2_mid1   | add  | fabric  | 0       |
|    add_ln456_3_fu_1097_p2                              | -   |        | add_ln456_3 | add  | fabric  | 0       |
|    p_mid140_fu_968_p2                                  | -   |        | p_mid140    | add  | fabric  | 0       |
|    add_ln447_5_fu_1001_p2                              | -   |        | add_ln447_5 | add  | fabric  | 0       |
|    add_ln456_fu_1121_p2                                | -   |        | add_ln456   | add  | fabric  | 0       |
|    add_ln457_fu_1216_p2                                | -   |        | add_ln457   | add  | fabric  | 0       |
|    add_ln45721_fu_1226_p2                              | -   |        | add_ln45721 | add  | fabric  | 0       |
|    add_ln458_fu_1241_p2                                | -   |        | add_ln458   | add  | fabric  | 0       |
|    add_ln458_2_fu_1251_p2                              | -   |        | add_ln458_2 | add  | fabric  | 0       |
|    add_ln459_fu_1134_p2                                | -   |        | add_ln459   | add  | fabric  | 0       |
|    add_ln459_2_fu_1144_p2                              | -   |        | add_ln459_2 | add  | fabric  | 0       |
|    add_ln438_fu_627_p2                                 | -   |        | add_ln438   | add  | fabric  | 0       |
|    add_ln437_2_fu_633_p2                               | -   |        | add_ln437_2 | add  | fabric  | 0       |
|   + fpn_conv3x3_5_Pipeline_FPN3_IC_FPN3_KH_FPN3_KW     | 1   |        |             |      |         |         |
|     empty_fu_365_p2                                    | -   |        | empty       | add  | fabric  | 0       |
|     tmp3_fu_600_p2                                     | -   |        | tmp3        | add  | fabric  | 0       |
|     empty_56_fu_610_p2                                 | -   |        | empty_56    | add  | fabric  | 0       |
|     tmp4_fu_627_p2                                     | -   |        | tmp4        | add  | fabric  | 0       |
|     empty_57_fu_637_p2                                 | -   |        | empty_57    | add  | fabric  | 0       |
|     add_ln448_fu_654_p2                                | -   |        | add_ln448   | add  | fabric  | 0       |
|     add_ln449_fu_660_p2                                | -   |        | add_ln449   | add  | fabric  | 0       |
|     add_ln450_fu_666_p2                                | -   |        | add_ln450   | add  | fabric  | 0       |
|     add_ln451_fu_672_p2                                | -   |        | add_ln451   | add  | fabric  | 0       |
|     tmp5_fu_893_p2                                     | -   |        | tmp5        | add  | fabric  | 0       |
|     empty_58_fu_902_p2                                 | -   |        | empty_58    | add  | fabric  | 0       |
|     empty_59_fu_387_p2                                 | -   |        | empty_59    | sub  | fabric  | 0       |
|     add_ln447_3_fu_996_p2                              | -   |        | add_ln447_3 | add  | fabric  | 0       |
|     add_ln440_fu_399_p2                                | -   |        | add_ln440   | add  | fabric  | 0       |
|     add_ln440_2_fu_425_p2                              | -   |        | add_ln440_2 | add  | fabric  | 0       |
|     mac_muladd_8ns_11ns_7s_19_4_1_U146                 | 1   |        | mul_ln440   | mul  | dsp48   | 3       |
|     p_mid126_fu_447_p2                                 | -   |        | p_mid126    | add  | fabric  | 0       |
|     tmp3_mid1_fu_712_p2                                | -   |        | tmp3_mid1   | add  | fabric  | 0       |
|     p_mid128_fu_722_p2                                 | -   |        | p_mid128    | add  | fabric  | 0       |
|     tmp4_mid1_fu_739_p2                                | -   |        | tmp4_mid1   | add  | fabric  | 0       |
|     p_mid130_fu_749_p2                                 | -   |        | p_mid130    | add  | fabric  | 0       |
|     add_ln448_4_fu_766_p2                              | -   |        | add_ln448_4 | add  | fabric  | 0       |
|     add_ln449_3_fu_783_p2                              | -   |        | add_ln449_3 | add  | fabric  | 0       |
|     add_ln450_3_fu_796_p2                              | -   |        | add_ln450_3 | add  | fabric  | 0       |
|     add_ln451_3_fu_809_p2                              | -   |        | add_ln451_3 | add  | fabric  | 0       |
|     add_ln441_fu_471_p2                                | -   |        | add_ln441   | add  | fabric  | 0       |
|     p_mid1_fu_922_p2                                   | -   |        | p_mid1      | add  | fabric  | 0       |
|     p_mid13_fu_507_p2                                  | -   |        | p_mid13     | sub  | fabric  | 0       |
|     add_ln447_6_fu_1026_p2                             | -   |        | add_ln447_6 | add  | fabric  | 0       |
|     add_ln445_fu_940_p2                                | -   |        | add_ln445   | add  | fabric  | 0       |
|     add_ln445_2_fu_949_p2                              | -   |        | add_ln445_2 | add  | fabric  | 0       |
|     mac_muladd_8ns_11ns_7s_19_4_1_U146                 | 1   |        | add_ln447_4 | add  | dsp48   | 3       |
|     add_ln447_fu_1043_p2                               | -   |        | add_ln447   | add  | fabric  | 0       |
|     add_ln448_3_fu_845_p2                              | -   |        | add_ln448_3 | add  | fabric  | 0       |
|     add_ln448_2_fu_859_p2                              | -   |        | add_ln448_2 | add  | fabric  | 0       |
|     add_ln449_2_fu_870_p2                              | -   |        | add_ln449_2 | add  | fabric  | 0       |
|     add_ln450_2_fu_881_p2                              | -   |        | add_ln450_2 | add  | fabric  | 0       |
|     add_ln451_2_fu_887_p2                              | -   |        | add_ln451_2 | add  | fabric  | 0       |
|     add_ln442_fu_521_p2                                | -   |        | add_ln442   | add  | fabric  | 0       |
|     add_ln441_2_fu_527_p2                              | -   |        | add_ln441_2 | add  | fabric  | 0       |
|  + fpn_conv3x3_6                                       | 3   |        |             |      |         |         |
|    empty_fu_345_p2                                     | -   |        | empty       | sub  | fabric  | 0       |
|    empty_45_fu_362_p2                                  | -   |        | empty_45    | add  | fabric  | 0       |
|    mul_mul_8ns_13ns_21_4_1_U185                        | 1   |        | empty_46    | mul  | dsp48   | 3       |
|    empty_48_fu_389_p2                                  | -   |        | empty_48    | add  | fabric  | 0       |
|    empty_49_fu_395_p2                                  | -   |        | empty_49    | add  | fabric  | 0       |
|    empty_51_fu_411_p2                                  | -   |        | empty_51    | add  | fabric  | 0       |
|    empty_52_fu_457_p2                                  | -   |        | empty_52    | add  | fabric  | 0       |
|    tmp_fu_491_p2                                       | -   |        | tmp         | add  | fabric  | 0       |
|    empty_53_fu_501_p2                                  | -   |        | empty_53    | add  | fabric  | 0       |
|    tmp1_fu_507_p2                                      | -   |        | tmp1        | add  | fabric  | 0       |
|    empty_54_fu_517_p2                                  | -   |        | empty_54    | add  | fabric  | 0       |
|    tmp2_fu_523_p2                                      | -   |        | tmp2        | add  | fabric  | 0       |
|    add_ln456_1_fu_528_p2                               | -   |        | add_ln456_1 | add  | fabric  | 0       |
|    add_ln436_fu_540_p2                                 | -   |        | add_ln436   | add  | fabric  | 0       |
|    add_ln436_1_fu_566_p2                               | -   |        | add_ln436_1 | add  | fabric  | 0       |
|    p_mid1127_fu_676_p2                                 | -   |        | p_mid1127   | sub  | fabric  | 0       |
|    p_mid1133_fu_706_p2                                 | -   |        | p_mid1133   | add  | fabric  | 0       |
|    mul_mul_8ns_13ns_21_4_1_U186                        | 1   |        | p_mid1137   | mul  | dsp48   | 3       |
|    p_mid1141_fu_733_p2                                 | -   |        | p_mid1141   | add  | fabric  | 0       |
|    p_mid1143_fu_739_p2                                 | -   |        | p_mid1143   | add  | fabric  | 0       |
|    p_mid1147_fu_755_p2                                 | -   |        | p_mid1147   | add  | fabric  | 0       |
|    p_mid1165_fu_835_p2                                 | -   |        | p_mid1165   | add  | fabric  | 0       |
|    p_mid1191_fu_847_p2                                 | -   |        | p_mid1191   | add  | fabric  | 0       |
|    p_mid1207_fu_859_p2                                 | -   |        | p_mid1207   | add  | fabric  | 0       |
|    add_ln437_fu_871_p2                                 | -   |        | add_ln437   | add  | fabric  | 0       |
|    tmp_mid1_fu_891_p2                                  | -   |        | tmp_mid1    | add  | fabric  | 0       |
|    p_mid181_fu_901_p2                                  | -   |        | p_mid181    | add  | fabric  | 0       |
|    tmp1_mid1_fu_914_p2                                 | -   |        | tmp1_mid1   | add  | fabric  | 0       |
|    p_mid187_fu_924_p2                                  | -   |        | p_mid187    | add  | fabric  | 0       |
|    tmp2_mid1_fu_1064_p2                                | -   |        | tmp2_mid1   | add  | fabric  | 0       |
|    add_ln456_2_fu_1077_p2                              | -   |        | add_ln456_2 | add  | fabric  | 0       |
|    p_mid140_fu_948_p2                                  | -   |        | p_mid140    | add  | fabric  | 0       |
|    add_ln447_3_fu_981_p2                               | -   |        | add_ln447_3 | add  | fabric  | 0       |
|    add_ln456_fu_1101_p2                                | -   |        | add_ln456   | add  | fabric  | 0       |
|    add_ln457_fu_1196_p2                                | -   |        | add_ln457   | add  | fabric  | 0       |
|    add_ln457_1_fu_1206_p2                              | -   |        | add_ln457_1 | add  | fabric  | 0       |
|    add_ln458_fu_1221_p2                                | -   |        | add_ln458   | add  | fabric  | 0       |
|    add_ln458_1_fu_1231_p2                              | -   |        | add_ln458_1 | add  | fabric  | 0       |
|    add_ln459_fu_1114_p2                                | -   |        | add_ln459   | add  | fabric  | 0       |
|    add_ln459_1_fu_1124_p2                              | -   |        | add_ln459_1 | add  | fabric  | 0       |
|    add_ln438_fu_614_p2                                 | -   |        | add_ln438   | add  | fabric  | 0       |
|    add_ln437_1_fu_620_p2                               | -   |        | add_ln437_1 | add  | fabric  | 0       |
|   + fpn_conv3x3_6_Pipeline_FPN3_IC_FPN3_KH_FPN3_KW     | 1   |        |             |      |         |         |
|     empty_fu_367_p2                                    | -   |        | empty       | add  | fabric  | 0       |
|     tmp3_fu_602_p2                                     | -   |        | tmp3        | add  | fabric  | 0       |
|     empty_40_fu_612_p2                                 | -   |        | empty_40    | add  | fabric  | 0       |
|     tmp4_fu_629_p2                                     | -   |        | tmp4        | add  | fabric  | 0       |
|     empty_41_fu_639_p2                                 | -   |        | empty_41    | add  | fabric  | 0       |
|     add_ln448_fu_656_p2                                | -   |        | add_ln448   | add  | fabric  | 0       |
|     add_ln449_fu_662_p2                                | -   |        | add_ln449   | add  | fabric  | 0       |
|     add_ln450_fu_668_p2                                | -   |        | add_ln450   | add  | fabric  | 0       |
|     add_ln451_fu_674_p2                                | -   |        | add_ln451   | add  | fabric  | 0       |
|     tmp5_fu_887_p2                                     | -   |        | tmp5        | add  | fabric  | 0       |
|     empty_42_fu_896_p2                                 | -   |        | empty_42    | add  | fabric  | 0       |
|     empty_43_fu_389_p2                                 | -   |        | empty_43    | sub  | fabric  | 0       |
|     add_ln447_1_fu_990_p2                              | -   |        | add_ln447_1 | add  | fabric  | 0       |
|     add_ln440_1_fu_401_p2                              | -   |        | add_ln440_1 | add  | fabric  | 0       |
|     add_ln440_fu_427_p2                                | -   |        | add_ln440   | add  | fabric  | 0       |
|     mac_muladd_8ns_13ns_8s_21_4_1_U170                 | 1   |        | mul_ln440   | mul  | dsp48   | 3       |
|     p_mid126_fu_449_p2                                 | -   |        | p_mid126    | add  | fabric  | 0       |
|     tmp3_mid1_fu_714_p2                                | -   |        | tmp3_mid1   | add  | fabric  | 0       |
|     p_mid128_fu_724_p2                                 | -   |        | p_mid128    | add  | fabric  | 0       |
|     tmp4_mid1_fu_741_p2                                | -   |        | tmp4_mid1   | add  | fabric  | 0       |
|     p_mid130_fu_751_p2                                 | -   |        | p_mid130    | add  | fabric  | 0       |
|     add_ln448_3_fu_768_p2                              | -   |        | add_ln448_3 | add  | fabric  | 0       |
|     add_ln449_2_fu_785_p2                              | -   |        | add_ln449_2 | add  | fabric  | 0       |
|     add_ln450_2_fu_798_p2                              | -   |        | add_ln450_2 | add  | fabric  | 0       |
|     add_ln451_2_fu_811_p2                              | -   |        | add_ln451_2 | add  | fabric  | 0       |
|     add_ln441_fu_473_p2                                | -   |        | add_ln441   | add  | fabric  | 0       |
|     p_mid1_fu_916_p2                                   | -   |        | p_mid1      | add  | fabric  | 0       |
|     p_mid13_fu_509_p2                                  | -   |        | p_mid13     | sub  | fabric  | 0       |
|     add_ln447_4_fu_1020_p2                             | -   |        | add_ln447_4 | add  | fabric  | 0       |
|     add_ln445_fu_934_p2                                | -   |        | add_ln445   | add  | fabric  | 0       |
|     add_ln445_1_fu_943_p2                              | -   |        | add_ln445_1 | add  | fabric  | 0       |
|     mac_muladd_8ns_13ns_8s_21_4_1_U170                 | 1   |        | add_ln447_2 | add  | dsp48   | 3       |
|     add_ln447_fu_1037_p2                               | -   |        | add_ln447   | add  | fabric  | 0       |
|     add_ln448_2_fu_847_p2                              | -   |        | add_ln448_2 | add  | fabric  | 0       |
|     add_ln448_1_fu_853_p2                              | -   |        | add_ln448_1 | add  | fabric  | 0       |
|     add_ln449_1_fu_864_p2                              | -   |        | add_ln449_1 | add  | fabric  | 0       |
|     add_ln450_1_fu_875_p2                              | -   |        | add_ln450_1 | add  | fabric  | 0       |
|     add_ln451_1_fu_881_p2                              | -   |        | add_ln451_1 | add  | fabric  | 0       |
|     add_ln442_fu_523_p2                                | -   |        | add_ln442   | add  | fabric  | 0       |
|     add_ln441_1_fu_529_p2                              | -   |        | add_ln441_1 | add  | fabric  | 0       |
+--------------------------------------------------------+-----+--------+-------------+------+---------+---------+


================================================================
== Bind Storage Report
================================================================
+----------------+------+------+--------+----------+---------+------+---------+
| Name           | BRAM | URAM | Pragma | Variable | Storage | Impl | Latency |
+----------------+------+------+--------+----------+---------+------+---------+
| + fpn_full_top | 2900 | 0    |        |          |         |      |         |
|   lat4_U       | 38   | -    | pragma | lat4     | ram_t2p | bram | 1       |
|   lat3_U       | 140  | -    | pragma | lat3     | ram_t2p | bram | 1       |
|   lat2_U       | 546  | -    | pragma | lat2     | ram_t2p | bram | 1       |
|   lat1_U       | 2176 | -    | pragma | lat1     | ram_t2p | bram | 1       |
+----------------+------+------+--------+----------+---------+------+---------+


================================================================
== Pragma Report
================================================================
* Valid Pragma Syntax
+-----------------+--------------------------------------+---------------------------------------------------------+
| Type            | Options                              | Location                                                |
+-----------------+--------------------------------------+---------------------------------------------------------+
| inline          |                                      | fpn_192/fpga_utils.h:27 in relu                         |
| inline          |                                      | fpn_192/fpga_utils.h:32 in silu                         |
| inline          |                                      | fpn_192/fpga_utils.h:44 in sigmoid                      |
| inline          |                                      | fpn_192/fpga_utils.h:58 in fused_bn                     |
| inline          |                                      | fpn_192/fpga_utils.h:67 in layer_norm_seq               |
| pipeline        | II=1                                 | fpn_192/fpga_utils.h:73 in layer_norm_seq               |
| pipeline        | II=1                                 | fpn_192/fpga_utils.h:79 in layer_norm_seq               |
| pipeline        | II=1                                 | fpn_192/fpga_utils.h:84 in layer_norm_seq               |
| inline          |                                      | fpn_192/fpga_utils.h:91 in softmax_row                  |
| pipeline        | II=1                                 | fpn_192/fpga_utils.h:94 in softmax_row                  |
| pipeline        | II=1                                 | fpn_192/fpga_utils.h:99 in softmax_row                  |
| pipeline        | II=1                                 | fpn_192/fpga_utils.h:103 in softmax_row                 |
| pipeline        | II=1                                 | fpn_192/fpga_utils.h:115 in linear_layer                |
| unroll          | factor=16                            | fpn_192/fpga_utils.h:118 in linear_layer                |
| pipeline        | II=1                                 | fpn_192/fpga_utils.h:138 in conv3x3_bn_silu             |
| unroll          | factor=16                            | fpn_192/fpga_utils.h:141 in conv3x3_bn_silu             |
| unroll          |                                      | fpn_192/fpga_utils.h:143 in conv3x3_bn_silu             |
| unroll          |                                      | fpn_192/fpga_utils.h:145 in conv3x3_bn_silu             |
| pipeline        | II=1                                 | fpn_192/fpga_utils.h:166 in conv3x3_bn                  |
| unroll          | factor=16                            | fpn_192/fpga_utils.h:169 in conv3x3_bn                  |
| unroll          |                                      | fpn_192/fpga_utils.h:171 in conv3x3_bn                  |
| unroll          |                                      | fpn_192/fpga_utils.h:173 in conv3x3_bn                  |
| inline          |                                      | fpn_192/fpga_utils.h:198 in conv1x1_bn_silu             |
| array_partition | variable=partial0 complete dim=1     | fpn_192/fpga_utils.h:204 in conv1x1_bn_silu, partial0   |
| array_partition | variable=partial1 complete dim=1     | fpn_192/fpga_utils.h:205 in conv1x1_bn_silu, partial1   |
| array_partition | variable=partial2 complete dim=1     | fpn_192/fpga_utils.h:206 in conv1x1_bn_silu, partial2   |
| array_partition | variable=partial3 complete dim=1     | fpn_192/fpga_utils.h:207 in conv1x1_bn_silu, partial3   |
| array_partition | variable=l0_0 complete dim=1         | fpn_192/fpga_utils.h:213 in conv1x1_bn_silu, l0_0       |
| array_partition | variable=l0_1 complete dim=1         | fpn_192/fpga_utils.h:214 in conv1x1_bn_silu, l0_1       |
| array_partition | variable=l0_2 complete dim=1         | fpn_192/fpga_utils.h:215 in conv1x1_bn_silu, l0_2       |
| array_partition | variable=l0_3 complete dim=1         | fpn_192/fpga_utils.h:216 in conv1x1_bn_silu, l0_3       |
| array_partition | variable=l1_0 complete dim=1         | fpn_192/fpga_utils.h:217 in conv1x1_bn_silu, l1_0       |
| array_partition | variable=l1_1 complete dim=1         | fpn_192/fpga_utils.h:218 in conv1x1_bn_silu, l1_1       |
| array_partition | variable=l1_2 complete dim=1         | fpn_192/fpga_utils.h:219 in conv1x1_bn_silu, l1_2       |
| array_partition | variable=l1_3 complete dim=1         | fpn_192/fpga_utils.h:220 in conv1x1_bn_silu, l1_3       |
| array_partition | variable=l2_0 complete dim=1         | fpn_192/fpga_utils.h:221 in conv1x1_bn_silu, l2_0       |
| array_partition | variable=l2_1 complete dim=1         | fpn_192/fpga_utils.h:222 in conv1x1_bn_silu, l2_1       |
| array_partition | variable=l2_2 complete dim=1         | fpn_192/fpga_utils.h:223 in conv1x1_bn_silu, l2_2       |
| array_partition | variable=l2_3 complete dim=1         | fpn_192/fpga_utils.h:224 in conv1x1_bn_silu, l2_3       |
| array_partition | variable=l3_0 complete dim=1         | fpn_192/fpga_utils.h:225 in conv1x1_bn_silu, l3_0       |
| array_partition | variable=l3_1 complete dim=1         | fpn_192/fpga_utils.h:226 in conv1x1_bn_silu, l3_1       |
| array_partition | variable=l3_2 complete dim=1         | fpn_192/fpga_utils.h:227 in conv1x1_bn_silu, l3_2       |
| array_partition | variable=l3_3 complete dim=1         | fpn_192/fpga_utils.h:228 in conv1x1_bn_silu, l3_3       |
| unroll          |                                      | fpn_192/fpga_utils.h:231 in conv1x1_bn_silu             |
| pipeline        | II=1                                 | fpn_192/fpga_utils.h:237 in conv1x1_bn_silu             |
| unroll          |                                      | fpn_192/fpga_utils.h:240 in conv1x1_bn_silu             |
| unroll          |                                      | fpn_192/fpga_utils.h:252 in conv1x1_bn_silu             |
| unroll          |                                      | fpn_192/fpga_utils.h:257 in conv1x1_bn_silu             |
| unroll          |                                      | fpn_192/fpga_utils.h:262 in conv1x1_bn_silu             |
| unroll          |                                      | fpn_192/fpga_utils.h:267 in conv1x1_bn_silu             |
| inline          |                                      | fpn_192/fpga_utils.h:293 in conv1x1_bn                  |
| array_partition | variable=partial0 complete dim=1     | fpn_192/fpga_utils.h:299 in conv1x1_bn, partial0        |
| array_partition | variable=partial1 complete dim=1     | fpn_192/fpga_utils.h:300 in conv1x1_bn, partial1        |
| array_partition | variable=partial2 complete dim=1     | fpn_192/fpga_utils.h:301 in conv1x1_bn, partial2        |
| array_partition | variable=partial3 complete dim=1     | fpn_192/fpga_utils.h:302 in conv1x1_bn, partial3        |
| array_partition | variable=l0_0 complete dim=1         | fpn_192/fpga_utils.h:308 in conv1x1_bn, l0_0            |
| array_partition | variable=l0_1 complete dim=1         | fpn_192/fpga_utils.h:309 in conv1x1_bn, l0_1            |
| array_partition | variable=l0_2 complete dim=1         | fpn_192/fpga_utils.h:310 in conv1x1_bn, l0_2            |
| array_partition | variable=l0_3 complete dim=1         | fpn_192/fpga_utils.h:311 in conv1x1_bn, l0_3            |
| array_partition | variable=l1_0 complete dim=1         | fpn_192/fpga_utils.h:312 in conv1x1_bn, l1_0            |
| array_partition | variable=l1_1 complete dim=1         | fpn_192/fpga_utils.h:313 in conv1x1_bn, l1_1            |
| array_partition | variable=l1_2 complete dim=1         | fpn_192/fpga_utils.h:314 in conv1x1_bn, l1_2            |
| array_partition | variable=l1_3 complete dim=1         | fpn_192/fpga_utils.h:315 in conv1x1_bn, l1_3            |
| array_partition | variable=l2_0 complete dim=1         | fpn_192/fpga_utils.h:316 in conv1x1_bn, l2_0            |
| array_partition | variable=l2_1 complete dim=1         | fpn_192/fpga_utils.h:317 in conv1x1_bn, l2_1            |
| array_partition | variable=l2_2 complete dim=1         | fpn_192/fpga_utils.h:318 in conv1x1_bn, l2_2            |
| array_partition | variable=l2_3 complete dim=1         | fpn_192/fpga_utils.h:319 in conv1x1_bn, l2_3            |
| array_partition | variable=l3_0 complete dim=1         | fpn_192/fpga_utils.h:320 in conv1x1_bn, l3_0            |
| array_partition | variable=l3_1 complete dim=1         | fpn_192/fpga_utils.h:321 in conv1x1_bn, l3_1            |
| array_partition | variable=l3_2 complete dim=1         | fpn_192/fpga_utils.h:322 in conv1x1_bn, l3_2            |
| array_partition | variable=l3_3 complete dim=1         | fpn_192/fpga_utils.h:323 in conv1x1_bn, l3_3            |
| unroll          |                                      | fpn_192/fpga_utils.h:326 in conv1x1_bn                  |
| pipeline        | II=1                                 | fpn_192/fpga_utils.h:332 in conv1x1_bn                  |
| unroll          |                                      | fpn_192/fpga_utils.h:335 in conv1x1_bn                  |
| unroll          |                                      | fpn_192/fpga_utils.h:347 in conv1x1_bn                  |
| unroll          |                                      | fpn_192/fpga_utils.h:352 in conv1x1_bn                  |
| unroll          |                                      | fpn_192/fpga_utils.h:357 in conv1x1_bn                  |
| unroll          |                                      | fpn_192/fpga_utils.h:362 in conv1x1_bn                  |
| pipeline        | II=1                                 | fpn_192/fpga_utils.h:402 in conv1x1_plain               |
| pipeline        | II=1                                 | fpn_192/fpga_utils.h:443 in fpn_conv3x3                 |
| inline          |                                      | fpn_192/fpga_utils.h:476 in dw_conv3x3_bn_silu          |
| pipeline        | II=1                                 | fpn_192/fpga_utils.h:481 in dw_conv3x3_bn_silu          |
| unroll          |                                      | fpn_192/fpga_utils.h:484 in dw_conv3x3_bn_silu          |
| unroll          |                                      | fpn_192/fpga_utils.h:486 in dw_conv3x3_bn_silu          |
| inline          |                                      | fpn_192/fpga_utils.h:507 in dw_conv3x3_bn               |
| pipeline        | II=1                                 | fpn_192/fpga_utils.h:512 in dw_conv3x3_bn               |
| unroll          |                                      | fpn_192/fpga_utils.h:515 in dw_conv3x3_bn               |
| unroll          |                                      | fpn_192/fpga_utils.h:517 in dw_conv3x3_bn               |
| inline          |                                      | fpn_192/fpga_utils.h:534 in elem_add_inplace            |
| pipeline        | II=1                                 | fpn_192/fpga_utils.h:536 in elem_add_inplace            |
| inline          |                                      | fpn_192/fpga_utils.h:543 in upsample_2x                 |
| pipeline        | II=1                                 | fpn_192/fpga_utils.h:547 in upsample_2x                 |
| inline          |                                      | fpn_192/fpga_utils.h:567 in add_upsampled_2x_inplace    |
| pipeline        | II=1                                 | fpn_192/fpga_utils.h:572 in add_upsampled_2x_inplace    |
| inline          |                                      | fpn_192/fpga_utils.h:584 in maxpool2x2                  |
| pipeline        | II=1                                 | fpn_192/fpga_utils.h:589 in maxpool2x2                  |
| inline          |                                      | fpn_192/fpga_utils.h:597 in buf_copy                    |
| pipeline        | II=1                                 | fpn_192/fpga_utils.h:599 in buf_copy                    |
| interface       | bram port=c4                         | fpn_192/fpn_full_top.cpp:47 in fpn_full_top, c4         |
| interface       | bram port=c3                         | fpn_192/fpn_full_top.cpp:48 in fpn_full_top, c3         |
| interface       | bram port=c2                         | fpn_192/fpn_full_top.cpp:49 in fpn_full_top, c2         |
| interface       | bram port=c1                         | fpn_192/fpn_full_top.cpp:50 in fpn_full_top, c1         |
| interface       | bram port=w_conv                     | fpn_192/fpn_full_top.cpp:51 in fpn_full_top, w_conv     |
| interface       | bram port=w_meta                     | fpn_192/fpn_full_top.cpp:52 in fpn_full_top, w_meta     |
| interface       | bram port=p5                         | fpn_192/fpn_full_top.cpp:53 in fpn_full_top, p5         |
| interface       | bram port=p4                         | fpn_192/fpn_full_top.cpp:54 in fpn_full_top, p4         |
| interface       | bram port=p3                         | fpn_192/fpn_full_top.cpp:55 in fpn_full_top, p3         |
| interface       | bram port=p2                         | fpn_192/fpn_full_top.cpp:56 in fpn_full_top, p2         |
| interface       | bram port=p6                         | fpn_192/fpn_full_top.cpp:57 in fpn_full_top, p6         |
| interface       | ap_ctrl_hs port=return               | fpn_192/fpn_full_top.cpp:58 in fpn_full_top, return     |
| bind_storage    | variable=lat4 type=RAM_T2P impl=BRAM | fpn_192/fpn_full_top.cpp:64 in fpn_full_top, lat4       |
| bind_storage    | variable=lat3 type=RAM_T2P impl=BRAM | fpn_192/fpn_full_top.cpp:65 in fpn_full_top, lat3       |
| bind_storage    | variable=lat2 type=RAM_T2P impl=BRAM | fpn_192/fpn_full_top.cpp:66 in fpn_full_top, lat2       |
| bind_storage    | variable=lat1 type=RAM_T2P impl=BRAM | fpn_192/fpn_full_top.cpp:67 in fpn_full_top, lat1       |
| dependence      | variable=lat3 inter false            | fpn_192/fpn_full_top.cpp:70 in fpn_full_top, lat3       |
| dependence      | variable=lat2 inter false            | fpn_192/fpn_full_top.cpp:71 in fpn_full_top, lat2       |
| dependence      | variable=lat1 inter false            | fpn_192/fpn_full_top.cpp:72 in fpn_full_top, lat1       |
| interface       | bram port=c4                         | fpn_192/fpn_p3p4p5_top.cpp:63 in fpn_p3p4p5_top, c4     |
| interface       | bram port=c3                         | fpn_192/fpn_p3p4p5_top.cpp:64 in fpn_p3p4p5_top, c3     |
| interface       | bram port=c2                         | fpn_192/fpn_p3p4p5_top.cpp:65 in fpn_p3p4p5_top, c2     |
| interface       | bram port=w_conv                     | fpn_192/fpn_p3p4p5_top.cpp:66 in fpn_p3p4p5_top, w_conv |
| interface       | bram port=w_meta                     | fpn_192/fpn_p3p4p5_top.cpp:67 in fpn_p3p4p5_top, w_meta |
| interface       | bram port=p5                         | fpn_192/fpn_p3p4p5_top.cpp:68 in fpn_p3p4p5_top, p5     |
| interface       | bram port=p4                         | fpn_192/fpn_p3p4p5_top.cpp:69 in fpn_p3p4p5_top, p4     |
| interface       | bram port=p3                         | fpn_192/fpn_p3p4p5_top.cpp:70 in fpn_p3p4p5_top, p3     |
| interface       | bram port=p6                         | fpn_192/fpn_p3p4p5_top.cpp:71 in fpn_p3p4p5_top, p6     |
| interface       | ap_ctrl_hs port=return               | fpn_192/fpn_p3p4p5_top.cpp:72 in fpn_p3p4p5_top, return |
| bind_storage    | variable=lat4 type=RAM_T2P impl=BRAM | fpn_192/fpn_p3p4p5_top.cpp:78 in fpn_p3p4p5_top, lat4   |
| bind_storage    | variable=lat3 type=RAM_T2P impl=BRAM | fpn_192/fpn_p3p4p5_top.cpp:79 in fpn_p3p4p5_top, lat3   |
| bind_storage    | variable=lat2 type=RAM_T2P impl=BRAM | fpn_192/fpn_p3p4p5_top.cpp:80 in fpn_p3p4p5_top, lat2   |
| dependence      | variable=lat3 inter false            | fpn_192/fpn_p3p4p5_top.cpp:84 in fpn_p3p4p5_top, lat3   |
| dependence      | variable=lat2 inter false            | fpn_192/fpn_p3p4p5_top.cpp:85 in fpn_p3p4p5_top, lat2   |
| interface       | bram port=c4                         | fpn_192/fpn_p4p5_top.cpp:50 in fpn_p4p5_top, c4         |
| interface       | bram port=c3                         | fpn_192/fpn_p4p5_top.cpp:51 in fpn_p4p5_top, c3         |
| interface       | bram port=w_conv                     | fpn_192/fpn_p4p5_top.cpp:52 in fpn_p4p5_top, w_conv     |
| interface       | bram port=w_meta                     | fpn_192/fpn_p4p5_top.cpp:53 in fpn_p4p5_top, w_meta     |
| interface       | bram port=p5                         | fpn_192/fpn_p4p5_top.cpp:54 in fpn_p4p5_top, p5         |
| interface       | bram port=p4                         | fpn_192/fpn_p4p5_top.cpp:55 in fpn_p4p5_top, p4         |
| interface       | bram port=p6                         | fpn_192/fpn_p4p5_top.cpp:56 in fpn_p4p5_top, p6         |
| interface       | ap_ctrl_hs port=return               | fpn_192/fpn_p4p5_top.cpp:57 in fpn_p4p5_top, return     |
| bind_storage    | variable=lat4 type=RAM_T2P impl=BRAM | fpn_192/fpn_p4p5_top.cpp:61 in fpn_p4p5_top, lat4       |
| bind_storage    | variable=lat3 type=RAM_T2P impl=BRAM | fpn_192/fpn_p4p5_top.cpp:65 in fpn_p4p5_top, lat3       |
| bind_storage    | variable=up4 type=RAM_T2P impl=BRAM  | fpn_192/fpn_p4p5_top.cpp:69 in fpn_p4p5_top, up4        |
| interface       | bram port=c4                         | fpn_192/fpn_p5_top.cpp:33 in fpn_p5_top, c4             |
| interface       | bram port=w_conv                     | fpn_192/fpn_p5_top.cpp:34 in fpn_p5_top, w_conv         |
| interface       | bram port=w_meta                     | fpn_192/fpn_p5_top.cpp:35 in fpn_p5_top, w_meta         |
| interface       | bram port=p5                         | fpn_192/fpn_p5_top.cpp:36 in fpn_p5_top, p5             |
| interface       | bram port=p6                         | fpn_192/fpn_p5_top.cpp:37 in fpn_p5_top, p6             |
| interface       | ap_ctrl_hs port=return               | fpn_192/fpn_p5_top.cpp:38 in fpn_p5_top, return         |
| bind_storage    | variable=lat4 type=RAM_T2P impl=BRAM | fpn_192/fpn_p5_top.cpp:44 in fpn_p5_top, lat4           |
+-----------------+--------------------------------------+---------------------------------------------------------+


