

================================================================
== Vitis HLS Report for 'fpn_full_top_Pipeline_MP_C_MP_H_MP_W'
================================================================
* Date:           Mon Jun  1 17:31:55 2026

* Version:        2022.2 (Build 3670227 on Oct 13 2022)
* Project:        fpn_192
* Solution:       solution1 (Vivado IP Flow Target)
* Product family: zynquplus
* Target device:  xczu9eg-ffvb1156-2-e


================================================================
== Performance Estimates
================================================================
+ Timing: 
    * Summary: 
    +--------+---------+----------+------------+
    |  Clock |  Target | Estimated| Uncertainty|
    +--------+---------+----------+------------+
    |ap_clk  |  5.00 ns|  3.597 ns|     1.35 ns|
    +--------+---------+----------+------------+

+ Latency: 
    * Summary: 
    +---------+---------+-----------+-----------+------+------+---------+
    |  Latency (cycles) |   Latency (absolute)  |   Interval  | Pipeline|
    |   min   |   max   |    min    |    max    |  min |  max |   Type  |
    +---------+---------+-----------+-----------+------+------+---------+
    |     4803|     4803|  24.015 us|  24.015 us|  4803|  4803|       no|
    +---------+---------+-----------+-----------+------+------+---------+

    + Detail: 
        * Instance: 
        N/A

        * Loop: 
        +------------------+---------+---------+----------+-----------+-----------+------+----------+
        |                  |  Latency (cycles) | Iteration|  Initiation Interval  | Trip |          |
        |     Loop Name    |   min   |   max   |  Latency |  achieved |   target  | Count| Pipelined|
        +------------------+---------+---------+----------+-----------+-----------+------+----------+
        |- MP_C_MP_H_MP_W  |     4801|     4801|         3|          1|          1|  4800|       yes|
        +------------------+---------+---------+----------+-----------+-----------+------+----------+



================================================================
== Utilization Estimates
================================================================
* Summary: 
+-----------------+---------+------+--------+--------+-----+
|       Name      | BRAM_18K|  DSP |   FF   |   LUT  | URAM|
+-----------------+---------+------+--------+--------+-----+
|DSP              |        -|     -|       -|       -|    -|
|Expression       |        -|     -|       0|     384|    -|
|FIFO             |        -|     -|       -|       -|    -|
|Instance         |        -|     0|       0|     160|    -|
|Memory           |        -|     -|       -|       -|    -|
|Multiplexer      |        -|     -|       -|      81|    -|
|Register         |        -|     -|     110|       -|    -|
+-----------------+---------+------+--------+--------+-----+
|Total            |        0|     0|     110|     625|    0|
+-----------------+---------+------+--------+--------+-----+
|Available        |     1824|  2520|  548160|  274080|    0|
+-----------------+---------+------+--------+--------+-----+
|Utilization (%)  |        0|     0|      ~0|      ~0|    0|
+-----------------+---------+------+--------+--------+-----+

+ Detail: 
    * Instance: 
    +-------------------------+--------------------+---------+----+---+----+-----+
    |         Instance        |       Module       | BRAM_18K| DSP| FF| LUT| URAM|
    +-------------------------+--------------------+---------+----+---+----+-----+
    |mul_8ns_6ns_13_1_1_U193  |mul_8ns_6ns_13_1_1  |        0|   0|  0|  40|    0|
    |mul_8ns_6ns_13_1_1_U194  |mul_8ns_6ns_13_1_1  |        0|   0|  0|  40|    0|
    |mul_8ns_8ns_15_1_1_U191  |mul_8ns_8ns_15_1_1  |        0|   0|  0|  40|    0|
    |mul_8ns_8ns_15_1_1_U192  |mul_8ns_8ns_15_1_1  |        0|   0|  0|  40|    0|
    +-------------------------+--------------------+---------+----+---+----+-----+
    |Total                    |                    |        0|   0|  0| 160|    0|
    +-------------------------+--------------------+---------+----+---+----+-----+

    * DSP: 
    N/A

    * Memory: 
    N/A

    * FIFO: 
    N/A

    * Expression: 
    +--------------------------+----------+----+---+----+------------+------------+
    |       Variable Name      | Operation| DSP| FF| LUT| Bitwidth P0| Bitwidth P1|
    +--------------------------+----------+----+---+----+------------+------------+
    |add_ln586_1_fu_195_p2     |         +|   0|  0|  15|           8|           1|
    |add_ln586_fu_169_p2       |         +|   0|  0|  20|          13|           1|
    |add_ln587_1_fu_271_p2     |         +|   0|  0|  13|           6|           1|
    |add_ln587_fu_237_p2       |         +|   0|  0|  10|           3|           1|
    |add_ln588_fu_265_p2       |         +|   0|  0|  10|           3|           1|
    |add_ln590_1_fu_497_p2     |         +|   0|  0|  20|          13|          13|
    |add_ln590_2_fu_353_p2     |         +|   0|  0|  16|          15|          15|
    |add_ln590_3_fu_365_p2     |         +|   0|  0|  17|          13|          13|
    |add_ln590_4_fu_440_p2     |         +|   0|  0|  16|          15|          15|
    |add_ln590_5_fu_459_p2     |         +|   0|  0|  17|          13|          13|
    |add_ln590_fu_486_p2       |         +|   0|  0|  22|          15|          15|
    |tmp12_fu_348_p2           |         +|   0|  0|  16|          15|          15|
    |tmp12_mid1_fu_434_p2      |         +|   0|  0|  16|          15|          15|
    |tmp13_fu_359_p2           |         +|   0|  0|  17|          13|          13|
    |tmp13_mid1_fu_453_p2      |         +|   0|  0|  17|          13|          13|
    |and_ln586_fu_223_p2       |       and|   0|  0|   2|           1|           1|
    |icmp_ln586_fu_163_p2      |      icmp|   0|  0|  12|          13|          13|
    |icmp_ln587_fu_181_p2      |      icmp|   0|  0|  10|           6|           5|
    |icmp_ln588_fu_217_p2      |      icmp|   0|  0|   8|           3|           3|
    |or_ln587_fu_243_p2        |        or|   0|  0|   2|           1|           1|
    |select_ln586_1_fu_374_p3  |    select|   0|  0|  15|           1|          15|
    |select_ln586_2_fu_385_p3  |    select|   0|  0|  12|           1|          13|
    |select_ln586_3_fu_392_p3  |    select|   0|  0|  15|           1|          15|
    |select_ln586_4_fu_398_p3  |    select|   0|  0|  12|           1|          13|
    |select_ln586_5_fu_229_p3  |    select|   0|  0|   8|           1|           8|
    |select_ln586_fu_187_p3    |    select|   0|  0|   3|           1|           1|
    |select_ln587_1_fu_446_p3  |    select|   0|  0|  15|           1|          15|
    |select_ln587_2_fu_465_p3  |    select|   0|  0|  12|           1|          13|
    |select_ln587_3_fu_257_p3  |    select|   0|  0|   3|           1|           3|
    |select_ln587_4_fu_277_p3  |    select|   0|  0|   6|           1|           1|
    |select_ln587_fu_249_p3    |    select|   0|  0|   3|           1|           1|
    |ap_enable_pp0             |       xor|   0|  0|   2|           1|           2|
    |xor_ln586_fu_211_p2       |       xor|   0|  0|   2|           1|           2|
    +--------------------------+----------+----+---+----+------------+------------+
    |Total                     |          |   0|  0| 384|         210|         270|
    +--------------------------+----------+----+---+----+------------+------------+

    * Multiplexer: 
    +-------------------------+----+-----------+-----+-----------+
    |           Name          | LUT| Input Size| Bits| Total Bits|
    +-------------------------+----+-----------+-----+-----------+
    |ap_done_int              |   9|          2|    1|          2|
    |ap_enable_reg_pp0_iter1  |   9|          2|    1|          2|
    |ap_enable_reg_pp0_iter3  |   9|          2|    1|          2|
    |c_fu_84                  |   9|          2|    8|         16|
    |indvar_flatten184_fu_80  |   9|          2|    6|         12|
    |indvar_flatten226_fu_88  |   9|          2|   13|         26|
    |oh_fu_76                 |   9|          2|    3|          6|
    |ow_fu_72                 |   9|          2|    3|          6|
    |p6_WEN_A                 |   9|          2|    4|          8|
    +-------------------------+----+-----------+-----+-----------+
    |Total                    |  81|         18|   40|         80|
    +-------------------------+----+-----------+-----+-----------+

    * Register: 
    +----------------------------------+----+----+-----+-----------+
    |               Name               | FF | LUT| Bits| Const Bits|
    +----------------------------------+----+----+-----+-----------+
    |add_ln586_1_reg_572               |   8|   0|    8|          0|
    |add_ln587_reg_589                 |   3|   0|    3|          0|
    |add_ln590_1_reg_607               |  13|   0|   13|          0|
    |and_ln586_reg_583                 |   1|   0|    1|          0|
    |ap_CS_fsm                         |   1|   0|    1|          0|
    |ap_done_reg                       |   1|   0|    1|          0|
    |ap_enable_reg_pp0_iter1           |   1|   0|    1|          0|
    |ap_enable_reg_pp0_iter2           |   1|   0|    1|          0|
    |ap_enable_reg_pp0_iter3           |   1|   0|    1|          0|
    |ap_loop_exit_ready_pp0_iter2_reg  |   1|   0|    1|          0|
    |c_1_reg_549                       |   8|   0|    8|          0|
    |c_fu_84                           |   8|   0|    8|          0|
    |empty_reg_554                     |  15|   0|   15|          0|
    |icmp_ln586_reg_560                |   1|   0|    1|          0|
    |icmp_ln587_reg_564                |   1|   0|    1|          0|
    |indvar_flatten184_fu_80           |   6|   0|    6|          0|
    |indvar_flatten226_fu_88           |  13|   0|   13|          0|
    |oh_1_reg_542                      |   3|   0|    3|          0|
    |oh_fu_76                          |   3|   0|    3|          0|
    |ow_fu_72                          |   3|   0|    3|          0|
    |p_mid1196_reg_577                 |  15|   0|   15|          0|
    |select_ln587_reg_596              |   3|   0|    3|          0|
    +----------------------------------+----+----+-----+-----------+
    |Total                             | 110|   0|  110|          0|
    +----------------------------------+----+----+-----+-----------+



================================================================
== Interface
================================================================
* Summary: 
+-----------+-----+-----+------------+--------------------------------------+--------------+
| RTL Ports | Dir | Bits|  Protocol  |             Source Object            |    C Type    |
+-----------+-----+-----+------------+--------------------------------------+--------------+
|ap_clk     |   in|    1|  ap_ctrl_hs|  fpn_full_top_Pipeline_MP_C_MP_H_MP_W|  return value|
|ap_rst     |   in|    1|  ap_ctrl_hs|  fpn_full_top_Pipeline_MP_C_MP_H_MP_W|  return value|
|ap_start   |   in|    1|  ap_ctrl_hs|  fpn_full_top_Pipeline_MP_C_MP_H_MP_W|  return value|
|ap_done    |  out|    1|  ap_ctrl_hs|  fpn_full_top_Pipeline_MP_C_MP_H_MP_W|  return value|
|ap_idle    |  out|    1|  ap_ctrl_hs|  fpn_full_top_Pipeline_MP_C_MP_H_MP_W|  return value|
|ap_ready   |  out|    1|  ap_ctrl_hs|  fpn_full_top_Pipeline_MP_C_MP_H_MP_W|  return value|
|p5_Addr_A  |  out|   32|        bram|                                    p5|         array|
|p5_EN_A    |  out|    1|        bram|                                    p5|         array|
|p5_WEN_A   |  out|    4|        bram|                                    p5|         array|
|p5_Din_A   |  out|   32|        bram|                                    p5|         array|
|p5_Dout_A  |   in|   32|        bram|                                    p5|         array|
|p6_Addr_A  |  out|   32|        bram|                                    p6|         array|
|p6_EN_A    |  out|    1|        bram|                                    p6|         array|
|p6_WEN_A   |  out|    4|        bram|                                    p6|         array|
|p6_Din_A   |  out|   32|        bram|                                    p6|         array|
|p6_Dout_A  |   in|   32|        bram|                                    p6|         array|
+-----------+-----+-----+------------+--------------------------------------+--------------+

