

================================================================
== Vitis HLS Report for 'fpn_conv3x3_4'
================================================================
* Date:           Mon Jun  1 17:31:52 2026

* Version:        2022.2 (Build 3670227 on Oct 13 2022)
* Project:        fpn_192
* Solution:       solution1 (Vivado IP Flow Target)
* Product family: zynquplus
* Target device:  xczu9eg-ffvb1156-2-e


================================================================
== Performance Estimates
================================================================
+ Timing: 
    * Summary: 
    +--------+---------+----------+------------+
    |  Clock |  Target | Estimated| Uncertainty|
    +--------+---------+----------+------------+
    |ap_clk  |  5.00 ns|  3.824 ns|     1.35 ns|
    +--------+---------+----------+------------+

+ Latency: 
    * Summary: 
    +-----------+-----------+-----------+-----------+-----------+-----------+---------+
    |    Latency (cycles)   |   Latency (absolute)  |        Interval       | Pipeline|
    |    min    |    max    |    min    |    max    |    min    |    max    |   Type  |
    +-----------+-----------+-----------+-----------+-----------+-----------+---------+
    |  166521602|  166521602|  0.833 sec|  0.833 sec|  166521602|  166521602|       no|
    +-----------+-----------+-----------+-----------+-----------+-----------+---------+

    + Detail: 
        * Instance: 
        +-----------------------------------------------------------+------------------------------------------------+---------+---------+-----------+-----------+------+------+---------+
        |                                                           |                                                |  Latency (cycles) |   Latency (absolute)  |   Interval  | Pipeline|
        |                          Instance                         |                     Module                     |   min   |   max   |    min    |    max    |  min |  max |   Type  |
        +-----------------------------------------------------------+------------------------------------------------+---------+---------+-----------+-----------+------+------+---------+
        |grp_fpn_conv3x3_4_Pipeline_FPN3_IC_FPN3_KH_FPN3_KW_fu_252  |fpn_conv3x3_4_Pipeline_FPN3_IC_FPN3_KH_FPN3_KW  |     8659|     8659|  43.295 us|  43.295 us|  8659|  8659|       no|
        +-----------------------------------------------------------+------------------------------------------------+---------+---------+-----------+-----------+------+------+---------+

        * Loop: 
        +---------------------------+-----------+-----------+----------+-----------+-----------+-------+----------+
        |                           |    Latency (cycles)   | Iteration|  Initiation Interval  |  Trip |          |
        |         Loop Name         |    min    |    max    |  Latency |  achieved |   target  | Count | Pipelined|
        +---------------------------+-----------+-----------+----------+-----------+-----------+-------+----------+
        |- FPN3_OC_FPN3_OH_FPN3_OW  |  166521601|  166521601|      8673|          -|          -|  19200|        no|
        +---------------------------+-----------+-----------+----------+-----------+-----------+-------+----------+



================================================================
== Utilization Estimates
================================================================
* Summary: 
+-----------------+---------+------+--------+--------+-----+
|       Name      | BRAM_18K|  DSP |   FF   |   LUT  | URAM|
+-----------------+---------+------+--------+--------+-----+
|DSP              |        -|     -|       -|       -|    -|
|Expression       |        -|     -|       0|    1135|    -|
|FIFO             |        -|     -|       -|       -|    -|
|Instance         |        -|     1|     955|    1722|    -|
|Memory           |        -|     -|       -|       -|    -|
|Multiplexer      |        -|     -|       -|     295|    -|
|Register         |        -|     -|     491|       -|    -|
+-----------------+---------+------+--------+--------+-----+
|Total            |        0|     1|    1446|    3152|    0|
+-----------------+---------+------+--------+--------+-----+
|Available        |     1824|  2520|  548160|  274080|    0|
+-----------------+---------+------+--------+--------+-----+
|Utilization (%)  |        0|    ~0|      ~0|       1|    0|
+-----------------+---------+------+--------+--------+-----+

+ Detail: 
    * Instance: 
    +-----------------------------------------------------------+------------------------------------------------+---------+----+-----+------+-----+
    |                          Instance                         |                     Module                     | BRAM_18K| DSP|  FF |  LUT | URAM|
    +-----------------------------------------------------------+------------------------------------------------+---------+----+-----+------+-----+
    |grp_fpn_conv3x3_4_Pipeline_FPN3_IC_FPN3_KH_FPN3_KW_fu_252  |fpn_conv3x3_4_Pipeline_FPN3_IC_FPN3_KH_FPN3_KW  |        0|   1|  955|  1598|    0|
    |mul_8ns_10ns_17_1_1_U137                                   |mul_8ns_10ns_17_1_1                             |        0|   0|    0|    62|    0|
    |mul_8ns_10ns_17_1_1_U138                                   |mul_8ns_10ns_17_1_1                             |        0|   0|    0|    62|    0|
    +-----------------------------------------------------------+------------------------------------------------+---------+----+-----+------+-----+
    |Total                                                      |                                                |        0|   1|  955|  1722|    0|
    +-----------------------------------------------------------+------------------------------------------------+---------+----+-----+------+-----+

    * DSP: 
    N/A

    * Memory: 
    N/A

    * FIFO: 
    N/A

    * Expression: 
    +----------------------------+----------+----+---+----+------------+------------+
    |        Variable Name       | Operation| DSP| FF| LUT| Bitwidth P0| Bitwidth P1|
    +----------------------------+----------+----+---+----+------------+------------+
    |add_ln436_3_fu_581_p2       |         +|   0|  0|  15|           8|           3|
    |add_ln436_fu_555_p2         |         +|   0|  0|  22|          15|           1|
    |add_ln437_3_fu_641_p2       |         +|   0|  0|  17|          10|           1|
    |add_ln437_fu_913_p2         |         +|   0|  0|  12|           5|           1|
    |add_ln438_fu_635_p2         |         +|   0|  0|  12|           5|           1|
    |add_ln447_7_fu_1084_p2      |         +|   0|  0|  17|          10|          10|
    |add_ln456_3_fu_543_p2       |         +|   0|  0|  24|          17|          17|
    |add_ln456_4_fu_1027_p2      |         +|   0|  0|  24|          17|          17|
    |add_ln456_fu_1097_p2        |         +|   0|  0|  24|          17|          17|
    |add_ln45721_fu_1232_p2      |         +|   0|  0|  24|          17|          17|
    |add_ln457_fu_1222_p2        |         +|   0|  0|  21|          14|          14|
    |add_ln458_3_fu_1258_p2      |         +|   0|  0|  24|          17|          17|
    |add_ln458_fu_1248_p2        |         +|   0|  0|  21|          14|          14|
    |add_ln459_3_fu_1119_p2      |         +|   0|  0|  24|          17|          17|
    |add_ln459_4_fu_1109_p2      |         +|   0|  0|  17|          11|          11|
    |add_ln459_fu_1103_p2        |         +|   0|  0|  17|          11|          11|
    |empty_77_fu_377_p2          |         +|   0|  0|  20|          13|          12|
    |empty_80_fu_404_p2          |         +|   0|  0|  20|          13|          12|
    |empty_81_fu_410_p2          |         +|   0|  0|  20|          13|          12|
    |empty_83_fu_426_p2          |         +|   0|  0|  20|          13|          12|
    |empty_84_fu_472_p2          |         +|   0|  0|  19|          12|          12|
    |empty_85_fu_516_p2          |         +|   0|  0|  19|          12|          12|
    |empty_86_fu_532_p2          |         +|   0|  0|  19|          12|          12|
    |p_mid1133_fu_727_p2         |         +|   0|  0|  20|          13|          12|
    |p_mid1141_fu_759_p2         |         +|   0|  0|  20|          13|          12|
    |p_mid1143_fu_765_p2         |         +|   0|  0|  20|          13|          12|
    |p_mid1147_fu_781_p2         |         +|   0|  0|  20|          13|          12|
    |p_mid1165_fu_861_p2         |         +|   0|  0|  19|          12|          12|
    |p_mid1191_fu_879_p2         |         +|   0|  0|  19|          12|           5|
    |p_mid1207_fu_891_p2         |         +|   0|  0|  19|          12|           6|
    |p_mid140_fu_1051_p2         |         +|   0|  0|  13|           6|           2|
    |p_mid181_fu_978_p2          |         +|   0|  0|  19|          12|          12|
    |p_mid187_fu_1001_p2         |         +|   0|  0|  19|          12|          12|
    |tmp1_fu_522_p2              |         +|   0|  0|  13|           6|           6|
    |tmp1_mid1_fu_991_p2         |         +|   0|  0|  13|           6|           6|
    |tmp2_fu_538_p2              |         +|   0|  0|  24|          17|          17|
    |tmp2_mid1_fu_1014_p2        |         +|   0|  0|  24|          17|          17|
    |tmp_fu_506_p2               |         +|   0|  0|  13|           6|           5|
    |tmp_mid1_fu_968_p2          |         +|   0|  0|  13|           6|           5|
    |empty_fu_360_p2             |         -|   0|  0|  24|          17|          17|
    |p_mid1127_fu_697_p2         |         -|   0|  0|  24|          17|          17|
    |and_ln436_fu_608_p2         |       and|   0|  0|   2|           1|           1|
    |icmp_ln436_fu_549_p2        |      icmp|   0|  0|  12|          15|          15|
    |icmp_ln437_fu_567_p2        |      icmp|   0|  0|  11|          10|           9|
    |icmp_ln438_fu_602_p2        |      icmp|   0|  0|   9|           5|           5|
    |icmp_ln446_6_fu_1077_p2     |      icmp|   0|  0|  10|           6|           5|
    |empty_79_fu_394_p2          |        or|   0|  0|  10|          10|           3|
    |empty_82_fu_416_p2          |        or|   0|  0|  10|          10|           4|
    |or_ln436_fu_709_p2          |        or|   0|  0|  17|          17|           8|
    |or_ln437_fu_621_p2          |        or|   0|  0|   2|           1|           1|
    |p_mid1139_fu_749_p2         |        or|   0|  0|  10|          10|           3|
    |p_mid1145_fu_771_p2         |        or|   0|  0|  10|          10|           4|
    |select_ln436_27_fu_703_p3   |    select|   0|  0|  16|           1|          17|
    |select_ln436_28_fu_744_p3   |    select|   0|  0|  16|           1|          17|
    |select_ln436_29_fu_797_p3   |    select|   0|  0|  10|           1|          11|
    |select_ln436_30_fu_818_p3   |    select|   0|  0|  10|           1|          11|
    |select_ln436_31_fu_839_p3   |    select|   0|  0|  10|           1|          11|
    |select_ln436_32_fu_855_p3   |    select|   0|  0|  10|           1|          11|
    |select_ln436_33_fu_867_p3   |    select|   0|  0|  11|           1|          12|
    |select_ln436_34_fu_873_p3   |    select|   0|  0|   9|           1|           1|
    |select_ln436_35_fu_885_p3   |    select|   0|  0|  11|           1|          12|
    |select_ln436_36_fu_897_p3   |    select|   0|  0|  11|           1|          12|
    |select_ln436_37_fu_903_p3   |    select|   0|  0|  16|           1|          17|
    |select_ln436_38_fu_908_p3   |    select|   0|  0|  16|           1|          17|
    |select_ln436_39_fu_614_p3   |    select|   0|  0|   8|           1|           8|
    |select_ln436_fu_573_p3      |    select|   0|  0|   5|           1|           1|
    |select_ln437_15_fu_922_p3   |    select|   0|  0|   5|           1|           5|
    |select_ln437_16_fu_957_p3   |    select|   0|  0|   9|           1|           9|
    |select_ln437_17_fu_984_p3   |    select|   0|  0|  11|           1|          12|
    |select_ln437_18_fu_1007_p3  |    select|   0|  0|  11|           1|          12|
    |select_ln437_19_fu_1020_p3  |    select|   0|  0|  16|           1|          17|
    |select_ln437_20_fu_1033_p3  |    select|   0|  0|  16|           1|          17|
    |select_ln437_21_fu_647_p3   |    select|   0|  0|  10|           1|           1|
    |select_ln437_fu_627_p3      |    select|   0|  0|   5|           1|           1|
    |xor_ln436_fu_596_p2         |       xor|   0|  0|   2|           1|           2|
    +----------------------------+----------+----+---+----+------------+------------+
    |Total                       |          |   0|  0|1135|         621|         732|
    +----------------------------+----------+----+---+----+------------+------------+

    * Multiplexer: 
    +--------------------------+----+-----------+-----+-----------+
    |           Name           | LUT| Input Size| Bits| Total Bits|
    +--------------------------+----+-----------+-----+-----------+
    |ap_NS_fsm                 |  65|         16|    1|         16|
    |grp_fu_1577_ce            |   9|          2|    1|          2|
    |grp_fu_1581_ce            |   9|          2|    1|          2|
    |grp_fu_1585_ce            |   9|          2|    1|          2|
    |grp_fu_270_p0             |  14|          3|   32|         96|
    |grp_fu_270_p1             |  14|          3|   32|         96|
    |grp_fu_274_p0             |  14|          3|   32|         96|
    |grp_fu_274_p1             |  14|          3|   32|         96|
    |indvar_flatten227_fu_150  |   9|          2|   15|         30|
    |indvar_flatten93_fu_142   |   9|          2|   10|         20|
    |oc_fu_146                 |   9|          2|    8|         16|
    |oh_fu_138                 |   9|          2|    5|         10|
    |ow_fu_134                 |   9|          2|    5|         10|
    |p4_Addr_A_orig            |  14|          3|   32|         96|
    |p4_Addr_B_orig            |  14|          3|   32|         96|
    |p4_Din_A                  |  14|          3|   32|         96|
    |p4_Din_B                  |  14|          3|   32|         96|
    |p4_WEN_A                  |   9|          2|    4|          8|
    |p4_WEN_B                  |   9|          2|    4|          8|
    |w_meta_Addr_A_orig        |  14|          3|   32|         96|
    |w_meta_Addr_B_orig        |  14|          3|   32|         96|
    +--------------------------+----+-----------+-----+-----------+
    |Total                     | 295|         66|  375|       1084|
    +--------------------------+----+-----------+-----+-----------+

    * Register: 
    +------------------------------------------------------------------------+----+----+-----+-----------+
    |                                  Name                                  | FF | LUT| Bits| Const Bits|
    +------------------------------------------------------------------------+----+----+-----+-----------+
    |add_ln436_3_reg_1430                                                    |   8|   0|    8|          0|
    |add_ln447_7_reg_1515                                                    |   8|   0|   10|          2|
    |add_ln456_3_reg_1400                                                    |  17|   0|   17|          0|
    |add_ln456_reg_1520                                                      |  17|   0|   17|          0|
    |add_ln458_3_reg_1572                                                    |  17|   0|   17|          0|
    |add_ln459_3_reg_1525                                                    |  17|   0|   17|          0|
    |and_ln436_reg_1445                                                      |   1|   0|    1|          0|
    |ap_CS_fsm                                                               |  15|   0|   15|          0|
    |empty_78_reg_1344                                                       |  17|   0|   17|          0|
    |empty_84_reg_1375                                                       |  10|   0|   12|          2|
    |empty_85_reg_1385                                                       |  12|   0|   12|          0|
    |empty_86_reg_1390                                                       |  12|   0|   12|          0|
    |empty_reg_1350                                                          |  11|   0|   17|          6|
    |grp_fpn_conv3x3_4_Pipeline_FPN3_IC_FPN3_KH_FPN3_KW_fu_252_ap_start_reg  |   1|   0|    1|          0|
    |icmp_ln437_reg_1408                                                     |   1|   0|    1|          0|
    |icmp_ln446_6_reg_1510                                                   |   1|   0|    1|          0|
    |indvar_flatten227_fu_150                                                |  15|   0|   15|          0|
    |indvar_flatten93_fu_142                                                 |  10|   0|   10|          0|
    |oc_fu_146                                                               |   8|   0|    8|          0|
    |oh_fu_138                                                               |   5|   0|    5|          0|
    |or_ln436_reg_1463                                                       |   9|   0|   17|          8|
    |ow_fu_134                                                               |   5|   0|    5|          0|
    |p_mid1137_reg_1438                                                      |  17|   0|   17|          0|
    |p_shl8_reg_1380                                                         |   5|   0|    9|          4|
    |reg_278                                                                 |  32|   0|   32|          0|
    |reg_282                                                                 |  32|   0|   32|          0|
    |reg_286                                                                 |  32|   0|   32|          0|
    |reg_290                                                                 |  32|   0|   32|          0|
    |select_ln436_31_reg_1478                                                |  10|   0|   11|          1|
    |select_ln436_32_reg_1483                                                |   9|   0|   11|          2|
    |select_ln436_reg_1424                                                   |   5|   0|    5|          0|
    |select_ln437_15_reg_1488                                                |   5|   0|    5|          0|
    |select_ln437_17_reg_1493                                                |  12|   0|   12|          0|
    |select_ln437_18_reg_1499                                                |  12|   0|   12|          0|
    |select_ln437_reg_1455                                                   |   5|   0|    5|          0|
    |tmp2_reg_1395                                                           |  17|   0|   17|          0|
    |tmp_17_reg_1355                                                         |  11|   0|   11|          0|
    |tmp_18_reg_1360                                                         |  10|   0|   11|          1|
    |tmp_19_reg_1365                                                         |  10|   0|   11|          1|
    |tmp_20_reg_1370                                                         |   9|   0|   11|          2|
    |tmp_8_reg_1505                                                          |   9|   0|    9|          0|
    +------------------------------------------------------------------------+----+----+-----+-----------+
    |Total                                                                   | 491|   0|  520|         29|
    +------------------------------------------------------------------------+----+----+-----+-----------+



================================================================
== Interface
================================================================
* Summary: 
+---------------------+-----+-----+------------+---------------+--------------+
|      RTL Ports      | Dir | Bits|  Protocol  | Source Object |    C Type    |
+---------------------+-----+-----+------------+---------------+--------------+
|ap_clk               |   in|    1|  ap_ctrl_hs|  fpn_conv3x3.4|  return value|
|ap_rst               |   in|    1|  ap_ctrl_hs|  fpn_conv3x3.4|  return value|
|ap_start             |   in|    1|  ap_ctrl_hs|  fpn_conv3x3.4|  return value|
|ap_done              |  out|    1|  ap_ctrl_hs|  fpn_conv3x3.4|  return value|
|ap_idle              |  out|    1|  ap_ctrl_hs|  fpn_conv3x3.4|  return value|
|ap_ready             |  out|    1|  ap_ctrl_hs|  fpn_conv3x3.4|  return value|
|grp_fu_208_p_din0    |  out|   32|  ap_ctrl_hs|  fpn_conv3x3.4|  return value|
|grp_fu_208_p_din1    |  out|   32|  ap_ctrl_hs|  fpn_conv3x3.4|  return value|
|grp_fu_208_p_opcode  |  out|    2|  ap_ctrl_hs|  fpn_conv3x3.4|  return value|
|grp_fu_208_p_dout0   |   in|   32|  ap_ctrl_hs|  fpn_conv3x3.4|  return value|
|grp_fu_208_p_ce      |  out|    1|  ap_ctrl_hs|  fpn_conv3x3.4|  return value|
|grp_fu_212_p_din0    |  out|   32|  ap_ctrl_hs|  fpn_conv3x3.4|  return value|
|grp_fu_212_p_din1    |  out|   32|  ap_ctrl_hs|  fpn_conv3x3.4|  return value|
|grp_fu_212_p_dout0   |   in|   32|  ap_ctrl_hs|  fpn_conv3x3.4|  return value|
|grp_fu_212_p_ce      |  out|    1|  ap_ctrl_hs|  fpn_conv3x3.4|  return value|
|grp_fu_216_p_din0    |  out|   32|  ap_ctrl_hs|  fpn_conv3x3.4|  return value|
|grp_fu_216_p_dout0   |   in|   32|  ap_ctrl_hs|  fpn_conv3x3.4|  return value|
|grp_fu_216_p_ce      |  out|    1|  ap_ctrl_hs|  fpn_conv3x3.4|  return value|
|grp_fu_219_p_din0    |  out|   32|  ap_ctrl_hs|  fpn_conv3x3.4|  return value|
|grp_fu_219_p_din1    |  out|   32|  ap_ctrl_hs|  fpn_conv3x3.4|  return value|
|grp_fu_219_p_opcode  |  out|    2|  ap_ctrl_hs|  fpn_conv3x3.4|  return value|
|grp_fu_219_p_dout0   |   in|   32|  ap_ctrl_hs|  fpn_conv3x3.4|  return value|
|grp_fu_219_p_ce      |  out|    1|  ap_ctrl_hs|  fpn_conv3x3.4|  return value|
|grp_fu_223_p_din0    |  out|   32|  ap_ctrl_hs|  fpn_conv3x3.4|  return value|
|grp_fu_223_p_din1    |  out|   32|  ap_ctrl_hs|  fpn_conv3x3.4|  return value|
|grp_fu_223_p_opcode  |  out|    2|  ap_ctrl_hs|  fpn_conv3x3.4|  return value|
|grp_fu_223_p_dout0   |   in|   32|  ap_ctrl_hs|  fpn_conv3x3.4|  return value|
|grp_fu_223_p_ce      |  out|    1|  ap_ctrl_hs|  fpn_conv3x3.4|  return value|
|p4_Addr_A            |  out|   32|        bram|             p4|         array|
|p4_EN_A              |  out|    1|        bram|             p4|         array|
|p4_WEN_A             |  out|    4|        bram|             p4|         array|
|p4_Din_A             |  out|   32|        bram|             p4|         array|
|p4_Dout_A            |   in|   32|        bram|             p4|         array|
|p4_Addr_B            |  out|   32|        bram|             p4|         array|
|p4_EN_B              |  out|    1|        bram|             p4|         array|
|p4_WEN_B             |  out|    4|        bram|             p4|         array|
|p4_Din_B             |  out|   32|        bram|             p4|         array|
|p4_Dout_B            |   in|   32|        bram|             p4|         array|
|w_conv_Addr_A        |  out|   32|        bram|         w_conv|         array|
|w_conv_EN_A          |  out|    1|        bram|         w_conv|         array|
|w_conv_WEN_A         |  out|    1|        bram|         w_conv|         array|
|w_conv_Din_A         |  out|    8|        bram|         w_conv|         array|
|w_conv_Dout_A        |   in|    8|        bram|         w_conv|         array|
|w_conv_Addr_B        |  out|   32|        bram|         w_conv|         array|
|w_conv_EN_B          |  out|    1|        bram|         w_conv|         array|
|w_conv_WEN_B         |  out|    1|        bram|         w_conv|         array|
|w_conv_Din_B         |  out|    8|        bram|         w_conv|         array|
|w_conv_Dout_B        |   in|    8|        bram|         w_conv|         array|
|w_meta_Addr_A        |  out|   32|        bram|         w_meta|         array|
|w_meta_EN_A          |  out|    1|        bram|         w_meta|         array|
|w_meta_WEN_A         |  out|    4|        bram|         w_meta|         array|
|w_meta_Din_A         |  out|   32|        bram|         w_meta|         array|
|w_meta_Dout_A        |   in|   32|        bram|         w_meta|         array|
|w_meta_Addr_B        |  out|   32|        bram|         w_meta|         array|
|w_meta_EN_B          |  out|    1|        bram|         w_meta|         array|
|w_meta_WEN_B         |  out|    4|        bram|         w_meta|         array|
|w_meta_Din_B         |  out|   32|        bram|         w_meta|         array|
|w_meta_Dout_B        |   in|   32|        bram|         w_meta|         array|
|lat3_address0        |  out|   17|   ap_memory|           lat3|         array|
|lat3_ce0             |  out|    1|   ap_memory|           lat3|         array|
|lat3_q0              |   in|   32|   ap_memory|           lat3|         array|
+---------------------+-----+-----+------------+---------------+--------------+

