

================================================================
== Vitis HLS Report for 'fpn_conv3x3_6_Pipeline_FPN3_IC_FPN3_KH_FPN3_KW'
================================================================
* Date:           Mon Jun  1 17:31:54 2026

* Version:        2022.2 (Build 3670227 on Oct 13 2022)
* Project:        fpn_192
* Solution:       solution1 (Vivado IP Flow Target)
* Product family: zynquplus
* Target device:  xczu9eg-ffvb1156-2-e


================================================================
== Performance Estimates
================================================================
+ Timing: 
    * Summary: 
    +--------+---------+----------+------------+
    |  Clock |  Target | Estimated| Uncertainty|
    +--------+---------+----------+------------+
    |ap_clk  |  5.00 ns|  3.824 ns|     1.35 ns|
    +--------+---------+----------+------------+

+ Latency: 
    * Summary: 
    +---------+---------+-----------+-----------+------+------+---------+
    |  Latency (cycles) |   Latency (absolute)  |   Interval  | Pipeline|
    |   min   |   max   |    min    |    max    |  min |  max |   Type  |
    +---------+---------+-----------+-----------+------+------+---------+
    |     8659|     8659|  43.295 us|  43.295 us|  8659|  8659|       no|
    +---------+---------+-----------+-----------+------+------+---------+

    + Detail: 
        * Instance: 
        N/A

        * Loop: 
        +---------------------------+---------+---------+----------+-----------+-----------+------+----------+
        |                           |  Latency (cycles) | Iteration|  Initiation Interval  | Trip |          |
        |         Loop Name         |   min   |   max   |  Latency |  achieved |   target  | Count| Pipelined|
        +---------------------------+---------+---------+----------+-----------+-----------+------+----------+
        |- FPN3_IC_FPN3_KH_FPN3_KW  |     8657|     8657|        23|          5|          1|  1728|       yes|
        +---------------------------+---------+---------+----------+-----------+-----------+------+----------+



================================================================
== Utilization Estimates
================================================================
* Summary: 
+-----------------+---------+------+--------+--------+-----+
|       Name      | BRAM_18K|  DSP |   FF   |   LUT  | URAM|
+-----------------+---------+------+--------+--------+-----+
|DSP              |        -|     1|       -|       -|    -|
|Expression       |        -|     -|       0|    1136|    -|
|FIFO             |        -|     -|       -|       -|    -|
|Instance         |        -|     -|       -|       -|    -|
|Memory           |        -|     -|       -|       -|    -|
|Multiplexer      |        -|     -|       -|     402|    -|
|Register         |        -|     -|     963|      96|    -|
+-----------------+---------+------+--------+--------+-----+
|Total            |        0|     1|     963|    1634|    0|
+-----------------+---------+------+--------+--------+-----+
|Available        |     1824|  2520|  548160|  274080|    0|
+-----------------+---------+------+--------+--------+-----+
|Utilization (%)  |        0|    ~0|      ~0|      ~0|    0|
+-----------------+---------+------+--------+--------+-----+

+ Detail: 
    * Instance: 
    N/A

    * DSP: 
    +------------------------------------+-------------------------------+--------------+
    |              Instance              |             Module            |  Expression  |
    +------------------------------------+-------------------------------+--------------+
    |mac_muladd_8ns_13ns_8s_21_4_1_U170  |mac_muladd_8ns_13ns_8s_21_4_1  |  i0 + i1 * i2|
    +------------------------------------+-------------------------------+--------------+

    * Memory: 
    N/A

    * FIFO: 
    N/A

    * Expression: 
    +---------------------------+----------+----+---+----+------------+------------+
    |       Variable Name       | Operation| DSP| FF| LUT| Bitwidth P0| Bitwidth P1|
    +---------------------------+----------+----+---+----+------------+------------+
    |add_ln440_1_fu_401_p2      |         +|   0|  0|  18|          11|           1|
    |add_ln440_fu_427_p2        |         +|   0|  0|  15|           8|           1|
    |add_ln441_1_fu_529_p2      |         +|   0|  0|  12|           4|           1|
    |add_ln441_fu_473_p2        |         +|   0|  0|   9|           2|           1|
    |add_ln442_fu_523_p2        |         +|   0|  0|   9|           2|           1|
    |add_ln445_1_fu_943_p2      |         +|   0|  0|  15|           8|           8|
    |add_ln445_fu_934_p2        |         +|   0|  0|   9|           2|           2|
    |add_ln447_1_fu_990_p2      |         +|   0|  0|  21|          14|          14|
    |add_ln447_4_fu_1020_p2     |         +|   0|  0|  21|          14|          14|
    |add_ln447_fu_1037_p2       |         +|   0|  0|  28|          21|          21|
    |add_ln448_1_fu_853_p2      |         +|   0|  0|  28|          21|          21|
    |add_ln448_2_fu_847_p2      |         +|   0|  0|  28|          21|          21|
    |add_ln448_3_fu_768_p2      |         +|   0|  0|  27|          20|          20|
    |add_ln448_fu_656_p2        |         +|   0|  0|  27|          20|          20|
    |add_ln449_1_fu_864_p2      |         +|   0|  0|  28|          21|          21|
    |add_ln449_2_fu_785_p2      |         +|   0|  0|  28|          21|          21|
    |add_ln449_fu_662_p2        |         +|   0|  0|  28|          21|          21|
    |add_ln450_1_fu_875_p2      |         +|   0|  0|  28|          21|          21|
    |add_ln450_2_fu_798_p2      |         +|   0|  0|  28|          21|          21|
    |add_ln450_fu_668_p2        |         +|   0|  0|  28|          21|          21|
    |add_ln451_1_fu_881_p2      |         +|   0|  0|  28|          21|          21|
    |add_ln451_2_fu_811_p2      |         +|   0|  0|  28|          21|          21|
    |add_ln451_fu_674_p2        |         +|   0|  0|  28|          21|          21|
    |empty_40_fu_612_p2         |         +|   0|  0|  25|          18|          18|
    |empty_41_fu_639_p2         |         +|   0|  0|  25|          18|          18|
    |empty_42_fu_896_p2         |         +|   0|  0|  15|           8|           8|
    |empty_fu_367_p2            |         +|   0|  0|  25|          18|          18|
    |p_mid126_fu_449_p2         |         +|   0|  0|  25|          18|          18|
    |p_mid128_fu_724_p2         |         +|   0|  0|  25|          18|          18|
    |p_mid130_fu_751_p2         |         +|   0|  0|  25|          18|          18|
    |p_mid1_fu_916_p2           |         +|   0|  0|  15|           8|           8|
    |tmp3_fu_602_p2             |         +|   0|  0|  16|           9|           8|
    |tmp3_mid1_fu_714_p2        |         +|   0|  0|  16|           9|           8|
    |tmp4_fu_629_p2             |         +|   0|  0|  17|          10|           9|
    |tmp4_mid1_fu_741_p2        |         +|   0|  0|  17|          10|           9|
    |tmp5_fu_887_p2             |         +|   0|  0|   9|           2|           2|
    |empty_43_fu_389_p2         |         -|   0|  0|  12|           5|           5|
    |p_mid13_fu_509_p2          |         -|   0|  0|  12|           5|           5|
    |and_ln440_fu_467_p2        |       and|   0|  0|   2|           1|           1|
    |and_ln446_fu_958_p2        |       and|   0|  0|   2|           1|           1|
    |icmp_ln440_fu_395_p2       |      icmp|   0|  0|  11|          11|          10|
    |icmp_ln441_fu_413_p2       |      icmp|   0|  0|   9|           4|           4|
    |icmp_ln442_fu_461_p2       |      icmp|   0|  0|   8|           2|           2|
    |icmp_ln446_1_fu_952_p2     |      icmp|   0|  0|  11|           8|           7|
    |icmp_ln446_3_fu_921_p2     |      icmp|   0|  0|  11|           8|           7|
    |icmp_ln446_fu_901_p2       |      icmp|   0|  0|  11|           8|           7|
    |or_ln441_fu_479_p2         |        or|   0|  0|   2|           1|           1|
    |acc0_fu_1081_p3            |    select|   0|  0|  32|           1|          32|
    |acc1_fu_1092_p3            |    select|   0|  0|  32|           1|          32|
    |acc2_fu_1103_p3            |    select|   0|  0|  32|           1|          32|
    |acc3_fu_1114_p3            |    select|   0|  0|  32|           1|          32|
    |select_ln440_1_fu_437_p3   |    select|   0|  0|   8|           1|           8|
    |select_ln440_2_fu_774_p3   |    select|   0|  0|  19|           1|          20|
    |select_ln440_3_fu_791_p3   |    select|   0|  0|  20|           1|          21|
    |select_ln440_4_fu_804_p3   |    select|   0|  0|  20|           1|          21|
    |select_ln440_5_fu_817_p3   |    select|   0|  0|  20|           1|          21|
    |select_ln440_6_fu_824_p3   |    select|   0|  0|   5|           1|           1|
    |select_ln440_7_fu_907_p3   |    select|   0|  0|   2|           1|           1|
    |select_ln440_8_fu_996_p3   |    select|   0|  0|  14|           1|          14|
    |select_ln440_fu_419_p3     |    select|   0|  0|   2|           1|           1|
    |select_ln441_1_fu_830_p3   |    select|   0|  0|   5|           1|           5|
    |select_ln441_2_fu_927_p3   |    select|   0|  0|   2|           1|           1|
    |select_ln441_3_fu_1026_p3  |    select|   0|  0|  14|           1|          14|
    |select_ln441_4_fu_515_p3   |    select|   0|  0|   2|           1|           2|
    |select_ln441_5_fu_535_p3   |    select|   0|  0|   4|           1|           1|
    |select_ln441_fu_485_p3     |    select|   0|  0|   2|           1|           1|
    |ap_enable_pp0              |       xor|   0|  0|   2|           1|           2|
    |xor_ln440_fu_455_p2        |       xor|   0|  0|   2|           1|           2|
    +---------------------------+----------+----+---+----+------------+------------+
    |Total                      |          |   0|  0|1136|         596|         809|
    +---------------------------+----------+----+---+----+------------+------------+

    * Multiplexer: 
    +----------------------------------------+----+-----------+-----+-----------+
    |                  Name                  | LUT| Input Size| Bits| Total Bits|
    +----------------------------------------+----+-----------+-----+-----------+
    |acc0_1_fu_128                           |   9|          2|   32|         64|
    |acc1_1_fu_132                           |   9|          2|   32|         64|
    |acc2_1_fu_136                           |   9|          2|   32|         64|
    |acc3_1_fu_140                           |   9|          2|   32|         64|
    |ap_NS_fsm                               |  31|          6|    1|          6|
    |ap_done_int                             |   9|          2|    1|          2|
    |ap_enable_reg_pp0_iter0                 |   9|          2|    1|          2|
    |ap_enable_reg_pp0_iter1                 |   9|          2|    1|          2|
    |ap_enable_reg_pp0_iter4                 |   9|          2|    1|          2|
    |ap_loop_exit_ready_pp0_iter1_reg        |   9|          2|    1|          2|
    |ap_loop_exit_ready_pp0_iter2_reg        |   9|          2|    1|          2|
    |ap_loop_exit_ready_pp0_iter3_reg        |   9|          2|    1|          2|
    |ap_sig_allocacmp_acc0_1_load            |   9|          2|   32|         64|
    |ap_sig_allocacmp_acc1_1_load            |   9|          2|   32|         64|
    |ap_sig_allocacmp_acc2_1_load            |   9|          2|   32|         64|
    |ap_sig_allocacmp_acc3_1_load            |   9|          2|   32|         64|
    |ap_sig_allocacmp_ic_2                   |   9|          2|    8|         16|
    |ap_sig_allocacmp_indvar_flatten68_load  |   9|          2|   11|         22|
    |ap_sig_allocacmp_indvar_flatten_load    |   9|          2|    4|          8|
    |ap_sig_allocacmp_kh_2                   |   9|          2|    2|          4|
    |ap_sig_allocacmp_kw_load                |   9|          2|    2|          4|
    |grp_fu_282_p0                           |  26|          5|   32|        160|
    |grp_fu_282_p1                           |  26|          5|   32|        160|
    |grp_fu_286_p0                           |  14|          3|   32|         96|
    |grp_fu_286_p1                           |  26|          5|   32|        160|
    |grp_fu_290_p0                           |  26|          5|   32|        160|
    |ic_fu_156                               |   9|          2|    8|         16|
    |indvar_flatten68_fu_160                 |   9|          2|   11|         22|
    |indvar_flatten_fu_152                   |   9|          2|    4|          8|
    |kh_fu_148                               |   9|          2|    2|          4|
    |kw_fu_144                               |   9|          2|    2|          4|
    |w_conv_Addr_A_orig                      |  14|          3|   32|         96|
    |w_conv_Addr_B_orig                      |  14|          3|   32|         96|
    +----------------------------------------+----+-----------+-----+-----------+
    |Total                                   | 402|         85|  542|       1568|
    +----------------------------------------+----+-----------+-----+-----------+

    * Register: 
    +----------------------------------+----+----+-----+-----------+
    |               Name               | FF | LUT| Bits| Const Bits|
    +----------------------------------+----+----+-----+-----------+
    |acc0_1_fu_128                     |  32|   0|   32|          0|
    |acc0_1_load_reg_1455              |  32|   0|   32|          0|
    |acc1_1_fu_132                     |  32|   0|   32|          0|
    |acc1_1_load_reg_1466              |  32|   0|   32|          0|
    |acc2_1_fu_136                     |  32|   0|   32|          0|
    |acc2_1_load_reg_1477              |  32|   0|   32|          0|
    |acc3_1_fu_140                     |  32|   0|   32|          0|
    |acc3_1_load_reg_1488              |  32|   0|   32|          0|
    |add_ln440_reg_1298                |   8|   0|    8|          0|
    |add_ln450_1_reg_1345              |  21|   0|   21|          0|
    |add_ln451_1_reg_1350              |  21|   0|   21|          0|
    |and_ln440_reg_1317                |   1|   0|    1|          0|
    |and_ln446_reg_1372                |   1|   0|    1|          0|
    |ap_CS_fsm                         |   5|   0|    5|          0|
    |ap_done_reg                       |   1|   0|    1|          0|
    |ap_enable_reg_pp0_iter0_reg       |   1|   0|    1|          0|
    |ap_enable_reg_pp0_iter1           |   1|   0|    1|          0|
    |ap_enable_reg_pp0_iter2           |   1|   0|    1|          0|
    |ap_enable_reg_pp0_iter3           |   1|   0|    1|          0|
    |ap_enable_reg_pp0_iter4           |   1|   0|    1|          0|
    |ap_loop_exit_ready_pp0_iter1_reg  |   1|   0|    1|          0|
    |ap_loop_exit_ready_pp0_iter2_reg  |   1|   0|    1|          0|
    |ap_loop_exit_ready_pp0_iter3_reg  |   1|   0|    1|          0|
    |conv1_reg_1435                    |  32|   0|   32|          0|
    |conv2_reg_1440                    |  32|   0|   32|          0|
    |conv3_reg_1445                    |  32|   0|   32|          0|
    |conv_reg_1430                     |  32|   0|   32|          0|
    |empty_42_reg_1355                 |   8|   0|    8|          0|
    |empty_43_reg_1273                 |   5|   0|    5|          0|
    |empty_reg_1267                    |  18|   0|   18|          0|
    |ic_2_reg_1259                     |   8|   0|    8|          0|
    |ic_fu_156                         |   8|   0|    8|          0|
    |icmp_ln440_reg_1278               |   1|   0|    1|          0|
    |icmp_ln441_reg_1282               |   1|   0|    1|          0|
    |indvar_flatten68_fu_160           |  11|   0|   11|          0|
    |indvar_flatten_fu_152             |   4|   0|    4|          0|
    |kh_2_reg_1254                     |   2|   0|    2|          0|
    |kh_fu_148                         |   2|   0|    2|          0|
    |kw_fu_144                         |   2|   0|    2|          0|
    |mul1_reg_1461                     |  32|   0|   32|          0|
    |mul2_reg_1472                     |  32|   0|   32|          0|
    |mul3_reg_1483                     |  32|   0|   32|          0|
    |mul_reg_1450                      |  32|   0|   32|          0|
    |p_mid126_reg_1311                 |  18|   0|   18|          0|
    |p_mid13_reg_1330                  |   5|   0|    5|          0|
    |p_mid1_reg_1361                   |   8|   0|    8|          0|
    |reg_293                           |   8|   0|    8|          0|
    |select_ln437_1_cast_reg_1240      |   7|   0|    8|          1|
    |select_ln440_reg_1293             |   2|   0|    2|          0|
    |select_ln441_reg_1324             |   2|   0|    2|          0|
    |sext_ln436_cast_reg_1246          |  18|   0|   18|          0|
    |v_reg_1410                        |  32|   0|   32|          0|
    |w_conv_load_1_reg_1380            |   8|   0|    8|          0|
    |w_conv_load_3_reg_1405            |   8|   0|    8|          0|
    |zext_ln438_cast_reg_1235          |   7|   0|    8|          1|
    |and_ln446_reg_1372                |  64|  32|    1|          0|
    |icmp_ln440_reg_1278               |  64|  32|    1|          0|
    |v_reg_1410                        |  64|  32|   32|          0|
    +----------------------------------+----+----+-----+-----------+
    |Total                             | 963|  96|  807|          2|
    +----------------------------------+----+----+-----+-----------+



================================================================
== Interface
================================================================
* Summary: 
+----------------------+-----+-----+------------+------------------------------------------------+--------------+
|       RTL Ports      | Dir | Bits|  Protocol  |                  Source Object                 |    C Type    |
+----------------------+-----+-----+------------+------------------------------------------------+--------------+
|ap_clk                |   in|    1|  ap_ctrl_hs|  fpn_conv3x3.6_Pipeline_FPN3_IC_FPN3_KH_FPN3_KW|  return value|
|ap_rst                |   in|    1|  ap_ctrl_hs|  fpn_conv3x3.6_Pipeline_FPN3_IC_FPN3_KH_FPN3_KW|  return value|
|ap_start              |   in|    1|  ap_ctrl_hs|  fpn_conv3x3.6_Pipeline_FPN3_IC_FPN3_KH_FPN3_KW|  return value|
|ap_done               |  out|    1|  ap_ctrl_hs|  fpn_conv3x3.6_Pipeline_FPN3_IC_FPN3_KH_FPN3_KW|  return value|
|ap_idle               |  out|    1|  ap_ctrl_hs|  fpn_conv3x3.6_Pipeline_FPN3_IC_FPN3_KH_FPN3_KW|  return value|
|ap_ready              |  out|    1|  ap_ctrl_hs|  fpn_conv3x3.6_Pipeline_FPN3_IC_FPN3_KH_FPN3_KW|  return value|
|grp_fu_1584_p_din0    |  out|   32|  ap_ctrl_hs|  fpn_conv3x3.6_Pipeline_FPN3_IC_FPN3_KH_FPN3_KW|  return value|
|grp_fu_1584_p_din1    |  out|   32|  ap_ctrl_hs|  fpn_conv3x3.6_Pipeline_FPN3_IC_FPN3_KH_FPN3_KW|  return value|
|grp_fu_1584_p_opcode  |  out|    2|  ap_ctrl_hs|  fpn_conv3x3.6_Pipeline_FPN3_IC_FPN3_KH_FPN3_KW|  return value|
|grp_fu_1584_p_dout0   |   in|   32|  ap_ctrl_hs|  fpn_conv3x3.6_Pipeline_FPN3_IC_FPN3_KH_FPN3_KW|  return value|
|grp_fu_1584_p_ce      |  out|    1|  ap_ctrl_hs|  fpn_conv3x3.6_Pipeline_FPN3_IC_FPN3_KH_FPN3_KW|  return value|
|grp_fu_1588_p_din0    |  out|   32|  ap_ctrl_hs|  fpn_conv3x3.6_Pipeline_FPN3_IC_FPN3_KH_FPN3_KW|  return value|
|grp_fu_1588_p_din1    |  out|   32|  ap_ctrl_hs|  fpn_conv3x3.6_Pipeline_FPN3_IC_FPN3_KH_FPN3_KW|  return value|
|grp_fu_1588_p_dout0   |   in|   32|  ap_ctrl_hs|  fpn_conv3x3.6_Pipeline_FPN3_IC_FPN3_KH_FPN3_KW|  return value|
|grp_fu_1588_p_ce      |  out|    1|  ap_ctrl_hs|  fpn_conv3x3.6_Pipeline_FPN3_IC_FPN3_KH_FPN3_KW|  return value|
|grp_fu_1592_p_din0    |  out|   32|  ap_ctrl_hs|  fpn_conv3x3.6_Pipeline_FPN3_IC_FPN3_KH_FPN3_KW|  return value|
|grp_fu_1592_p_dout0   |   in|   32|  ap_ctrl_hs|  fpn_conv3x3.6_Pipeline_FPN3_IC_FPN3_KH_FPN3_KW|  return value|
|grp_fu_1592_p_ce      |  out|    1|  ap_ctrl_hs|  fpn_conv3x3.6_Pipeline_FPN3_IC_FPN3_KH_FPN3_KW|  return value|
|tmp_4                 |   in|    9|     ap_none|                                           tmp_4|        scalar|
|sext_ln436            |   in|   17|     ap_none|                                      sext_ln436|        scalar|
|select_ln437_1        |   in|    7|     ap_none|                                  select_ln437_1|        scalar|
|icmp_ln446_2          |   in|    1|     ap_none|                                    icmp_ln446_2|        scalar|
|add_ln447_3           |   in|   14|     ap_none|                                     add_ln447_3|        scalar|
|zext_ln438            |   in|    7|     ap_none|                                      zext_ln438|        scalar|
|w_conv_Addr_A         |  out|   32|        bram|                                          w_conv|         array|
|w_conv_EN_A           |  out|    1|        bram|                                          w_conv|         array|
|w_conv_WEN_A          |  out|    1|        bram|                                          w_conv|         array|
|w_conv_Din_A          |  out|    8|        bram|                                          w_conv|         array|
|w_conv_Dout_A         |   in|    8|        bram|                                          w_conv|         array|
|w_conv_Addr_B         |  out|   32|        bram|                                          w_conv|         array|
|w_conv_EN_B           |  out|    1|        bram|                                          w_conv|         array|
|w_conv_WEN_B          |  out|    1|        bram|                                          w_conv|         array|
|w_conv_Din_B          |  out|    8|        bram|                                          w_conv|         array|
|w_conv_Dout_B         |   in|    8|        bram|                                          w_conv|         array|
|acc3_1_out            |  out|   32|      ap_vld|                                      acc3_1_out|       pointer|
|acc3_1_out_ap_vld     |  out|    1|      ap_vld|                                      acc3_1_out|       pointer|
|acc2_1_out            |  out|   32|      ap_vld|                                      acc2_1_out|       pointer|
|acc2_1_out_ap_vld     |  out|    1|      ap_vld|                                      acc2_1_out|       pointer|
|acc1_1_out            |  out|   32|      ap_vld|                                      acc1_1_out|       pointer|
|acc1_1_out_ap_vld     |  out|    1|      ap_vld|                                      acc1_1_out|       pointer|
|acc0_1_out            |  out|   32|      ap_vld|                                      acc0_1_out|       pointer|
|acc0_1_out_ap_vld     |  out|    1|      ap_vld|                                      acc0_1_out|       pointer|
|lat1_address0         |  out|   21|   ap_memory|                                            lat1|         array|
|lat1_ce0              |  out|    1|   ap_memory|                                            lat1|         array|
|lat1_q0               |   in|   32|   ap_memory|                                            lat1|         array|
+----------------------+-----+-----+------------+------------------------------------------------+--------------+

