

================================================================
== Vitis HLS Report for 'fpn_conv3x3_6'
================================================================
* Date:           Mon Jun  1 17:31:55 2026

* Version:        2022.2 (Build 3670227 on Oct 13 2022)
* Project:        fpn_192
* Solution:       solution1 (Vivado IP Flow Target)
* Product family: zynquplus
* Target device:  xczu9eg-ffvb1156-2-e


================================================================
== Performance Estimates
================================================================
+ Timing: 
    * Summary: 
    +--------+---------+----------+------------+
    |  Clock |  Target | Estimated| Uncertainty|
    +--------+---------+----------+------------+
    |ap_clk  |  5.00 ns|  3.824 ns|     1.35 ns|
    +--------+---------+----------+------------+

+ Latency: 
    * Summary: 
    +------------+------------+------------+------------+------------+------------+---------+
    |     Latency (cycles)    |    Latency (absolute)   |         Interval        | Pipeline|
    |     min    |     max    |     min    |     max    |     min    |     max    |   Type  |
    +------------+------------+------------+------------+------------+------------+---------+
    |  2665267204|  2665267204|  13.326 sec|  13.326 sec|  2665267204|  2665267204|       no|
    +------------+------------+------------+------------+------------+------------+---------+

    + Detail: 
        * Instance: 
        +-----------------------------------------------------------+------------------------------------------------+---------+---------+-----------+-----------+------+------+---------+
        |                                                           |                                                |  Latency (cycles) |   Latency (absolute)  |   Interval  | Pipeline|
        |                          Instance                         |                     Module                     |   min   |   max   |    min    |    max    |  min |  max |   Type  |
        +-----------------------------------------------------------+------------------------------------------------+---------+---------+-----------+-----------+------+------+---------+
        |grp_fpn_conv3x3_6_Pipeline_FPN3_IC_FPN3_KH_FPN3_KW_fu_250  |fpn_conv3x3_6_Pipeline_FPN3_IC_FPN3_KH_FPN3_KW  |     8659|     8659|  43.295 us|  43.295 us|  8659|  8659|       no|
        +-----------------------------------------------------------+------------------------------------------------+---------+---------+-----------+-----------+------+------+---------+

        * Loop: 
        +---------------------------+------------+------------+----------+-----------+-----------+--------+----------+
        |                           |     Latency (cycles)    | Iteration|  Initiation Interval  |  Trip  |          |
        |         Loop Name         |     min    |     max    |  Latency |  achieved |   target  |  Count | Pipelined|
        +---------------------------+------------+------------+----------+-----------+-----------+--------+----------+
        |- FPN3_OC_FPN3_OH_FPN3_OW  |  2665267203|  2665267203|      8676|          -|          -|  307200|        no|
        +---------------------------+------------+------------+----------+-----------+-----------+--------+----------+



================================================================
== Utilization Estimates
================================================================
* Summary: 
+-----------------+---------+------+--------+--------+-----+
|       Name      | BRAM_18K|  DSP |   FF   |   LUT  | URAM|
+-----------------+---------+------+--------+--------+-----+
|DSP              |        -|     2|       -|       -|    -|
|Expression       |        -|     -|       0|    1261|    -|
|FIFO             |        -|     -|       -|       -|    -|
|Instance         |        -|     1|     963|    1634|    -|
|Memory           |        -|     -|       -|       -|    -|
|Multiplexer      |        -|     -|       -|     320|    -|
|Register         |        -|     -|     538|       -|    -|
+-----------------+---------+------+--------+--------+-----+
|Total            |        0|     3|    1501|    3215|    0|
+-----------------+---------+------+--------+--------+-----+
|Available        |     1824|  2520|  548160|  274080|    0|
+-----------------+---------+------+--------+--------+-----+
|Utilization (%)  |        0|    ~0|      ~0|       1|    0|
+-----------------+---------+------+--------+--------+-----+

+ Detail: 
    * Instance: 
    +-----------------------------------------------------------+------------------------------------------------+---------+----+-----+------+-----+
    |                          Instance                         |                     Module                     | BRAM_18K| DSP|  FF |  LUT | URAM|
    +-----------------------------------------------------------+------------------------------------------------+---------+----+-----+------+-----+
    |grp_fpn_conv3x3_6_Pipeline_FPN3_IC_FPN3_KH_FPN3_KW_fu_250  |fpn_conv3x3_6_Pipeline_FPN3_IC_FPN3_KH_FPN3_KW  |        0|   1|  963|  1634|    0|
    +-----------------------------------------------------------+------------------------------------------------+---------+----+-----+------+-----+
    |Total                                                      |                                                |        0|   1|  963|  1634|    0|
    +-----------------------------------------------------------+------------------------------------------------+---------+----+-----+------+-----+

    * DSP: 
    +------------------------------+-------------------------+-----------+
    |           Instance           |          Module         | Expression|
    +------------------------------+-------------------------+-----------+
    |mul_mul_8ns_13ns_21_4_1_U185  |mul_mul_8ns_13ns_21_4_1  |    i0 * i1|
    |mul_mul_8ns_13ns_21_4_1_U186  |mul_mul_8ns_13ns_21_4_1  |    i0 * i1|
    +------------------------------+-------------------------+-----------+

    * Memory: 
    N/A

    * FIFO: 
    N/A

    * Expression: 
    +----------------------------+----------+----+---+----+------------+------------+
    |        Variable Name       | Operation| DSP| FF| LUT| Bitwidth P0| Bitwidth P1|
    +----------------------------+----------+----+---+----+------------+------------+
    |add_ln436_1_fu_566_p2       |         +|   0|  0|  15|           8|           3|
    |add_ln436_fu_540_p2         |         +|   0|  0|  26|          19|           1|
    |add_ln437_1_fu_620_p2       |         +|   0|  0|  21|          14|           1|
    |add_ln437_fu_871_p2         |         +|   0|  0|  14|           7|           1|
    |add_ln438_fu_614_p2         |         +|   0|  0|  14|           7|           1|
    |add_ln447_3_fu_981_p2       |         +|   0|  0|  21|          14|          14|
    |add_ln456_1_fu_528_p2       |         +|   0|  0|  28|          21|          21|
    |add_ln456_2_fu_1077_p2      |         +|   0|  0|  28|          21|          21|
    |add_ln456_fu_1101_p2        |         +|   0|  0|  28|          21|          21|
    |add_ln457_1_fu_1206_p2      |         +|   0|  0|  28|          21|          21|
    |add_ln457_fu_1196_p2        |         +|   0|  0|  25|          18|          18|
    |add_ln458_1_fu_1231_p2      |         +|   0|  0|  28|          21|          21|
    |add_ln458_fu_1221_p2        |         +|   0|  0|  25|          18|          18|
    |add_ln459_1_fu_1124_p2      |         +|   0|  0|  28|          21|          21|
    |add_ln459_fu_1114_p2        |         +|   0|  0|  22|          15|          15|
    |empty_45_fu_362_p2          |         +|   0|  0|  20|          13|          13|
    |empty_48_fu_389_p2          |         +|   0|  0|  20|          13|          13|
    |empty_49_fu_395_p2          |         +|   0|  0|  20|          13|          13|
    |empty_51_fu_411_p2          |         +|   0|  0|  20|          13|          13|
    |empty_52_fu_457_p2          |         +|   0|  0|  21|          14|          14|
    |empty_53_fu_501_p2          |         +|   0|  0|  21|          14|          14|
    |empty_54_fu_517_p2          |         +|   0|  0|  21|          14|          14|
    |p_mid1133_fu_706_p2         |         +|   0|  0|  20|          13|          13|
    |p_mid1141_fu_733_p2         |         +|   0|  0|  20|          13|          13|
    |p_mid1143_fu_739_p2         |         +|   0|  0|  20|          13|          13|
    |p_mid1147_fu_755_p2         |         +|   0|  0|  20|          13|          13|
    |p_mid1165_fu_835_p2         |         +|   0|  0|  21|          14|          14|
    |p_mid1191_fu_847_p2         |         +|   0|  0|  21|          14|           7|
    |p_mid1207_fu_859_p2         |         +|   0|  0|  21|          14|           8|
    |p_mid140_fu_948_p2          |         +|   0|  0|  15|           8|           2|
    |p_mid181_fu_901_p2          |         +|   0|  0|  21|          14|          14|
    |p_mid187_fu_924_p2          |         +|   0|  0|  21|          14|          14|
    |tmp1_fu_507_p2              |         +|   0|  0|  15|           8|           8|
    |tmp1_mid1_fu_914_p2         |         +|   0|  0|  15|           8|           8|
    |tmp2_fu_523_p2              |         +|   0|  0|  28|          21|          21|
    |tmp2_mid1_fu_1064_p2        |         +|   0|  0|  28|          21|          21|
    |tmp_fu_491_p2               |         +|   0|  0|  15|           8|           7|
    |tmp_mid1_fu_891_p2          |         +|   0|  0|  15|           8|           7|
    |empty_fu_345_p2             |         -|   0|  0|  24|          17|          17|
    |p_mid1127_fu_676_p2         |         -|   0|  0|  24|          17|          17|
    |and_ln436_fu_587_p2         |       and|   0|  0|   2|           1|           1|
    |icmp_ln436_fu_534_p2        |      icmp|   0|  0|  14|          19|          19|
    |icmp_ln437_fu_552_p2        |      icmp|   0|  0|  12|          14|          13|
    |icmp_ln438_fu_581_p2        |      icmp|   0|  0|  10|           7|           7|
    |icmp_ln446_2_fu_974_p2      |      icmp|   0|  0|  11|           8|           7|
    |empty_47_fu_379_p2          |        or|   0|  0|  10|          10|           3|
    |empty_50_fu_401_p2          |        or|   0|  0|  10|          10|           4|
    |or_ln436_fu_688_p2          |        or|   0|  0|  17|          17|           8|
    |or_ln437_fu_600_p2          |        or|   0|  0|   2|           1|           1|
    |p_mid1139_fu_723_p2         |        or|   0|  0|  10|          10|           3|
    |p_mid1145_fu_745_p2         |        or|   0|  0|  10|          10|           4|
    |select_ln436_10_fu_865_p3   |    select|   0|  0|  14|           1|          14|
    |select_ln436_11_fu_1021_p3  |    select|   0|  0|  20|           1|          21|
    |select_ln436_12_fu_1026_p3  |    select|   0|  0|  20|           1|          21|
    |select_ln436_13_fu_593_p3   |    select|   0|  0|   8|           1|           8|
    |select_ln436_1_fu_682_p3    |    select|   0|  0|  16|           1|          17|
    |select_ln436_2_fu_997_p3    |    select|   0|  0|  20|           1|          21|
    |select_ln436_3_fu_771_p3    |    select|   0|  0|  10|           1|          11|
    |select_ln436_4_fu_792_p3    |    select|   0|  0|  10|           1|          11|
    |select_ln436_5_fu_813_p3    |    select|   0|  0|  10|           1|          11|
    |select_ln436_6_fu_829_p3    |    select|   0|  0|  10|           1|          11|
    |select_ln436_7_fu_841_p3    |    select|   0|  0|  14|           1|          14|
    |select_ln436_8_fu_1015_p3   |    select|   0|  0|  12|           1|           1|
    |select_ln436_9_fu_853_p3    |    select|   0|  0|  14|           1|          14|
    |select_ln436_fu_558_p3      |    select|   0|  0|   7|           1|           1|
    |select_ln437_1_fu_880_p3    |    select|   0|  0|   7|           1|           7|
    |select_ln437_2_fu_1053_p3   |    select|   0|  0|  12|           1|          13|
    |select_ln437_3_fu_907_p3    |    select|   0|  0|  14|           1|          14|
    |select_ln437_4_fu_930_p3    |    select|   0|  0|  14|           1|          14|
    |select_ln437_5_fu_1070_p3   |    select|   0|  0|  20|           1|          21|
    |select_ln437_6_fu_1083_p3   |    select|   0|  0|  20|           1|          21|
    |select_ln437_7_fu_626_p3    |    select|   0|  0|  14|           1|           1|
    |select_ln437_fu_606_p3      |    select|   0|  0|   7|           1|           1|
    |xor_ln436_fu_575_p2         |       xor|   0|  0|   2|           1|           2|
    +----------------------------+----------+----+---+----+------------+------------+
    |Total                       |          |   0|  0|1261|         708|         849|
    +----------------------------+----------+----+---+----+------------+------------+

    * Multiplexer: 
    +--------------------------+----+-----------+-----+-----------+
    |           Name           | LUT| Input Size| Bits| Total Bits|
    +--------------------------+----+-----------+-----+-----------+
    |ap_NS_fsm                 |  97|         19|    1|         19|
    |grp_fu_1584_ce            |   9|          2|    1|          2|
    |grp_fu_1588_ce            |   9|          2|    1|          2|
    |grp_fu_1592_ce            |   9|          2|    1|          2|
    |grp_fu_268_p0             |  20|          4|   32|        128|
    |grp_fu_268_p1             |  20|          4|   32|        128|
    |indvar_flatten227_fu_148  |   9|          2|   19|         38|
    |indvar_flatten93_fu_140   |   9|          2|   14|         28|
    |oc_fu_144                 |   9|          2|    8|         16|
    |oh_fu_136                 |   9|          2|    7|         14|
    |ow_fu_132                 |   9|          2|    7|         14|
    |p2_Addr_A_orig            |  14|          3|   32|         96|
    |p2_Addr_B_orig            |  14|          3|   32|         96|
    |p2_Din_A                  |  14|          3|   32|         96|
    |p2_Din_B                  |  14|          3|   32|         96|
    |p2_WEN_A                  |   9|          2|    4|          8|
    |p2_WEN_B                  |   9|          2|    4|          8|
    |reg_276                   |   9|          2|   32|         64|
    |w_meta_Addr_A_orig        |  14|          3|   32|         96|
    |w_meta_Addr_B_orig        |  14|          3|   32|         96|
    +--------------------------+----+-----------+-----+-----------+
    |Total                     | 320|         67|  355|       1047|
    +--------------------------+----+-----------+-----+-----------+

    * Register: 
    +------------------------------------------------------------------------+----+----+-----+-----------+
    |                                  Name                                  | FF | LUT| Bits| Const Bits|
    +------------------------------------------------------------------------+----+----+-----+-----------+
    |add1_reg_1574                                                           |  32|   0|   32|          0|
    |add_ln436_1_reg_1423                                                    |   8|   0|    8|          0|
    |add_ln437_reg_1479                                                      |   7|   0|    7|          0|
    |add_ln447_3_reg_1512                                                    |  10|   0|   14|          4|
    |add_ln456_1_reg_1393                                                    |  21|   0|   21|          0|
    |add_ln456_reg_1548                                                      |  21|   0|   21|          0|
    |add_ln458_1_reg_1579                                                    |  21|   0|   21|          0|
    |add_ln459_1_reg_1553                                                    |  21|   0|   21|          0|
    |and_ln436_reg_1436                                                      |   1|   0|    1|          0|
    |ap_CS_fsm                                                               |  18|   0|   18|          0|
    |empty_46_reg_1343                                                       |  21|   0|   21|          0|
    |empty_52_reg_1368                                                       |  10|   0|   14|          4|
    |empty_53_reg_1378                                                       |  14|   0|   14|          0|
    |empty_54_reg_1383                                                       |  14|   0|   14|          0|
    |empty_reg_1338                                                          |  11|   0|   17|          6|
    |grp_fpn_conv3x3_6_Pipeline_FPN3_IC_FPN3_KH_FPN3_KW_fu_250_ap_start_reg  |   1|   0|    1|          0|
    |icmp_ln437_reg_1401                                                     |   1|   0|    1|          0|
    |icmp_ln446_2_reg_1507                                                   |   1|   0|    1|          0|
    |indvar_flatten227_fu_148                                                |  19|   0|   19|          0|
    |indvar_flatten93_fu_140                                                 |  14|   0|   14|          0|
    |oc_fu_144                                                               |   8|   0|    8|          0|
    |oh_fu_136                                                               |   7|   0|    7|          0|
    |or_ln436_reg_1454                                                       |   9|   0|   17|          8|
    |ow_fu_132                                                               |   7|   0|    7|          0|
    |p_shl8_reg_1373                                                         |   7|   0|   13|          6|
    |reg_276                                                                 |  32|   0|   32|          0|
    |reg_281                                                                 |  32|   0|   32|          0|
    |select_ln436_5_reg_1469                                                 |  10|   0|   11|          1|
    |select_ln436_6_reg_1474                                                 |   9|   0|   11|          2|
    |select_ln436_reg_1417                                                   |   7|   0|    7|          0|
    |select_ln437_1_reg_1485                                                 |   7|   0|    7|          0|
    |select_ln437_3_reg_1490                                                 |  14|   0|   14|          0|
    |select_ln437_4_reg_1496                                                 |  14|   0|   14|          0|
    |select_ln437_reg_1446                                                   |   7|   0|    7|          0|
    |tmp2_reg_1388                                                           |  21|   0|   21|          0|
    |tmp_4_reg_1502                                                          |   9|   0|    9|          0|
    |tmp_6_reg_1348                                                          |  11|   0|   11|          0|
    |tmp_7_reg_1353                                                          |  10|   0|   11|          1|
    |tmp_8_reg_1358                                                          |  10|   0|   11|          1|
    |tmp_9_reg_1363                                                          |   9|   0|   11|          2|
    |w_meta_load_1_reg_1517                                                  |  32|   0|   32|          0|
    +------------------------------------------------------------------------+----+----+-----+-----------+
    |Total                                                                   | 538|   0|  573|         35|
    +------------------------------------------------------------------------+----+----+-----+-----------+



================================================================
== Interface
================================================================
* Summary: 
+---------------------+-----+-----+------------+---------------+--------------+
|      RTL Ports      | Dir | Bits|  Protocol  | Source Object |    C Type    |
+---------------------+-----+-----+------------+---------------+--------------+
|ap_clk               |   in|    1|  ap_ctrl_hs|  fpn_conv3x3.6|  return value|
|ap_rst               |   in|    1|  ap_ctrl_hs|  fpn_conv3x3.6|  return value|
|ap_start             |   in|    1|  ap_ctrl_hs|  fpn_conv3x3.6|  return value|
|ap_done              |  out|    1|  ap_ctrl_hs|  fpn_conv3x3.6|  return value|
|ap_idle              |  out|    1|  ap_ctrl_hs|  fpn_conv3x3.6|  return value|
|ap_ready             |  out|    1|  ap_ctrl_hs|  fpn_conv3x3.6|  return value|
|grp_fu_208_p_din0    |  out|   32|  ap_ctrl_hs|  fpn_conv3x3.6|  return value|
|grp_fu_208_p_din1    |  out|   32|  ap_ctrl_hs|  fpn_conv3x3.6|  return value|
|grp_fu_208_p_opcode  |  out|    2|  ap_ctrl_hs|  fpn_conv3x3.6|  return value|
|grp_fu_208_p_dout0   |   in|   32|  ap_ctrl_hs|  fpn_conv3x3.6|  return value|
|grp_fu_208_p_ce      |  out|    1|  ap_ctrl_hs|  fpn_conv3x3.6|  return value|
|grp_fu_212_p_din0    |  out|   32|  ap_ctrl_hs|  fpn_conv3x3.6|  return value|
|grp_fu_212_p_din1    |  out|   32|  ap_ctrl_hs|  fpn_conv3x3.6|  return value|
|grp_fu_212_p_dout0   |   in|   32|  ap_ctrl_hs|  fpn_conv3x3.6|  return value|
|grp_fu_212_p_ce      |  out|    1|  ap_ctrl_hs|  fpn_conv3x3.6|  return value|
|grp_fu_216_p_din0    |  out|   32|  ap_ctrl_hs|  fpn_conv3x3.6|  return value|
|grp_fu_216_p_dout0   |   in|   32|  ap_ctrl_hs|  fpn_conv3x3.6|  return value|
|grp_fu_216_p_ce      |  out|    1|  ap_ctrl_hs|  fpn_conv3x3.6|  return value|
|grp_fu_219_p_din0    |  out|   32|  ap_ctrl_hs|  fpn_conv3x3.6|  return value|
|grp_fu_219_p_din1    |  out|   32|  ap_ctrl_hs|  fpn_conv3x3.6|  return value|
|grp_fu_219_p_opcode  |  out|    2|  ap_ctrl_hs|  fpn_conv3x3.6|  return value|
|grp_fu_219_p_dout0   |   in|   32|  ap_ctrl_hs|  fpn_conv3x3.6|  return value|
|grp_fu_219_p_ce      |  out|    1|  ap_ctrl_hs|  fpn_conv3x3.6|  return value|
|grp_fu_223_p_din0    |  out|   32|  ap_ctrl_hs|  fpn_conv3x3.6|  return value|
|grp_fu_223_p_din1    |  out|   32|  ap_ctrl_hs|  fpn_conv3x3.6|  return value|
|grp_fu_223_p_opcode  |  out|    2|  ap_ctrl_hs|  fpn_conv3x3.6|  return value|
|grp_fu_223_p_dout0   |   in|   32|  ap_ctrl_hs|  fpn_conv3x3.6|  return value|
|grp_fu_223_p_ce      |  out|    1|  ap_ctrl_hs|  fpn_conv3x3.6|  return value|
|p2_Addr_A            |  out|   32|        bram|             p2|         array|
|p2_EN_A              |  out|    1|        bram|             p2|         array|
|p2_WEN_A             |  out|    4|        bram|             p2|         array|
|p2_Din_A             |  out|   32|        bram|             p2|         array|
|p2_Dout_A            |   in|   32|        bram|             p2|         array|
|p2_Addr_B            |  out|   32|        bram|             p2|         array|
|p2_EN_B              |  out|    1|        bram|             p2|         array|
|p2_WEN_B             |  out|    4|        bram|             p2|         array|
|p2_Din_B             |  out|   32|        bram|             p2|         array|
|p2_Dout_B            |   in|   32|        bram|             p2|         array|
|w_conv_Addr_A        |  out|   32|        bram|         w_conv|         array|
|w_conv_EN_A          |  out|    1|        bram|         w_conv|         array|
|w_conv_WEN_A         |  out|    1|        bram|         w_conv|         array|
|w_conv_Din_A         |  out|    8|        bram|         w_conv|         array|
|w_conv_Dout_A        |   in|    8|        bram|         w_conv|         array|
|w_conv_Addr_B        |  out|   32|        bram|         w_conv|         array|
|w_conv_EN_B          |  out|    1|        bram|         w_conv|         array|
|w_conv_WEN_B         |  out|    1|        bram|         w_conv|         array|
|w_conv_Din_B         |  out|    8|        bram|         w_conv|         array|
|w_conv_Dout_B        |   in|    8|        bram|         w_conv|         array|
|w_meta_Addr_A        |  out|   32|        bram|         w_meta|         array|
|w_meta_EN_A          |  out|    1|        bram|         w_meta|         array|
|w_meta_WEN_A         |  out|    4|        bram|         w_meta|         array|
|w_meta_Din_A         |  out|   32|        bram|         w_meta|         array|
|w_meta_Dout_A        |   in|   32|        bram|         w_meta|         array|
|w_meta_Addr_B        |  out|   32|        bram|         w_meta|         array|
|w_meta_EN_B          |  out|    1|        bram|         w_meta|         array|
|w_meta_WEN_B         |  out|    4|        bram|         w_meta|         array|
|w_meta_Din_B         |  out|   32|        bram|         w_meta|         array|
|w_meta_Dout_B        |   in|   32|        bram|         w_meta|         array|
|lat1_address0        |  out|   21|   ap_memory|           lat1|         array|
|lat1_ce0             |  out|    1|   ap_memory|           lat1|         array|
|lat1_q0              |   in|   32|   ap_memory|           lat1|         array|
+---------------------+-----+-----+------------+---------------+--------------+

