

================================================================
== Synthesis Summary Report of 'transformer_blk_s2_top'
================================================================
+ General Information: 
    * Date:           Wed Jun  3 12:05:18 2026
    * Version:        2022.2 (Build 3670227 on Oct 13 2022)
    * Project:        s2_transformer_block
    * Solution:       without_pragmas (Vivado IP Flow Target)
    * Product family: zynquplus
    * Target device:  xczu28dr-ffvg1517-2-e
    

+ Performance & Resource Estimates: 
    
    PS: '+' for module; 'o' for loop; '*' for dataflow
    +---------------------------------------------+--------+-------+------------+-----------+-----------+------------+--------+----------+------------+----------+------------+------------+-----+
    |                   Modules                   |  Issue |       |  Latency   |  Latency  | Iteration |            |  Trip  |          |            |          |            |            |     |
    |                   & Loops                   |  Type  | Slack |  (cycles)  |    (ns)   |  Latency  |  Interval  |  Count | Pipelined|    BRAM    |    DSP   |     FF     |     LUT    | URAM|
    +---------------------------------------------+--------+-------+------------+-----------+-----------+------------+--------+----------+------------+----------+------------+------------+-----+
    |+ transformer_blk_s2_top                     |  Timing|  -0.32|  1228024873|  6.140e+09|          -|  1228024874|       -|        no|  1156 (53%)|   44 (1%)|  16444 (1%)|  17519 (4%)|    -|
    | + transformer_blk_s2_top_Pipeline_COPY_IN   |       -|   1.18|       57602|  2.880e+05|          -|       57602|       -|        no|           -|         -|    35 (~0%)|    74 (~0%)|    -|
    |  o COPY_IN                                  |       -|   3.65|       57600|  2.880e+05|          2|           1|   57600|       yes|           -|         -|           -|           -|    -|
    | + transformer_blk_s2_top_Pipeline_COPY_OUT  |       -|   1.18|       57602|  2.880e+05|          -|       57602|       -|        no|           -|         -|    35 (~0%)|    74 (~0%)|    -|
    |  o COPY_OUT                                 |       -|   3.65|       57600|  2.880e+05|          2|           1|   57600|       yes|           -|         -|           -|           -|    -|
    | o DEPTH                                     |       -|   3.65|  1227909666|  6.140e+09|  613954833|           -|       2|        no|           -|         -|           -|           -|    -|
    |  + transformer_block                        |  Timing|  -0.32|   613954831|  3.070e+09|          -|   613954831|       -|        no|  1048 (48%)|   44 (1%)|  16324 (1%)|  17201 (4%)|    -|
    |   + layer_norm                              |       -|   0.20|      426401|  2.132e+06|          -|      426401|       -|        no|     2 (~0%)|  14 (~0%)|  3836 (~0%)|  3759 (~0%)|    -|
    |    o VITIS_LOOP_84_1                        |       -|   3.65|      426400|  2.132e+06|       1066|           -|     400|        no|           -|         -|           -|           -|    -|
    |     + layer_norm_Pipeline_LN_MEAN           |       -|   0.20|         107|    535.000|          -|         107|       -|        no|           -|         -|   450 (~0%)|   303 (~0%)|    -|
    |      o LN_MEAN                              |      II|   3.65|         105|    525.000|         36|           2|      36|       yes|           -|         -|           -|           -|    -|
    |     + layer_norm_Pipeline_LN_MRED           |       -|   0.20|         292|  1.460e+03|          -|         292|       -|        no|           -|         -|   114 (~0%)|   146 (~0%)|    -|
    |      o LN_MRED                              |      II|   3.65|         290|  1.450e+03|         11|           8|      36|       yes|           -|         -|           -|           -|    -|
    |     + layer_norm_Pipeline_LN_VAR            |       -|   0.20|         120|    600.000|          -|         120|       -|        no|           -|   4 (~0%)|  1504 (~0%)|  1177 (~0%)|    -|
    |      o LN_VAR                               |      II|   3.65|         118|    590.000|         49|           2|      36|       yes|           -|         -|           -|           -|    -|
    |     + layer_norm_Pipeline_LN_VRED           |       -|   0.20|         292|  1.460e+03|          -|         292|       -|        no|           -|         -|   114 (~0%)|   146 (~0%)|    -|
    |      o LN_VRED                              |      II|   3.65|         290|  1.450e+03|         11|           8|      36|       yes|           -|         -|           -|           -|    -|
    |     + layer_norm_Pipeline_LN_NORM           |       -|   0.20|         173|    865.000|          -|         173|       -|        no|           -|         -|   523 (~0%)|   237 (~0%)|    -|
    |      o LN_NORM                              |       -|   3.65|         171|    855.000|         29|           1|     144|       yes|           -|         -|           -|           -|    -|
    |   + mhsa                                    |  Timing|  -0.32|   344858775|  1.724e+09|          -|   344858775|       -|        no|   620 (28%)|  22 (~0%)|  10050 (1%)|  10256 (2%)|    -|
    |    + linear_f                               |       -|   0.20|    67161601|  3.358e+08|          -|    67161601|       -|        no|           -|   5 (~0%)|   844 (~0%)|   937 (~0%)|    -|
    |     o LF_S_LF_OD                            |       -|   3.65|    67161600|  3.358e+08|       1166|           -|   57600|        no|           -|         -|           -|           -|    -|
    |      + linear_f_Pipeline_LF_ID              |       -|   0.20|        1162|  5.810e+03|          -|        1162|       -|        no|           -|   5 (~0%)|   689 (~0%)|   644 (~0%)|    -|
    |       o LF_ID                               |      II|   3.65|        1160|  5.800e+03|         17|           8|     144|       yes|           -|         -|           -|           -|    -|
    |    + mhsa_Pipeline_MHSA_CPY                 |       -|   1.18|       57602|  2.880e+05|          -|       57602|       -|        no|           -|         -|    35 (~0%)|    74 (~0%)|    -|
    |     o MHSA_CPY                              |       -|   3.65|       57600|  2.880e+05|          2|           1|   57600|       yes|           -|         -|           -|           -|    -|
    |    o MHSA_H                                 |       -|   3.65|    76154760|  3.808e+08|   19038690|           -|       4|        no|           -|         -|           -|           -|    -|
    |     + mhsa_Pipeline_MHSA_QI_MHSA_KI         |  Timing|  -0.32|     2880286|  1.440e+07|          -|     2880286|       -|        no|           -|   4 (~0%)|  5380 (~0%)|   4282 (1%)|    -|
    |      o MHSA_QI_MHSA_KI                      |      II|   3.65|     2880284|  1.440e+07|        303|          18|  160000|       yes|           -|         -|           -|           -|    -|
    |     o MHSA_SM                               |       -|   3.65|     1038400|  5.192e+06|       2596|           -|     400|        no|           -|         -|           -|           -|    -|
    |      + mhsa_Pipeline_SM_MAX                 |       -|   0.13|         802|  4.010e+03|          -|         802|       -|        no|           -|         -|   145 (~0%)|   243 (~0%)|    -|
    |       o SM_MAX                              |      II|   3.65|         800|  4.000e+03|          5|           2|     399|       yes|           -|         -|           -|           -|    -|
    |      + mhsa_Pipeline_SM_EXP                 |       -|   0.01|         424|  2.120e+03|          -|         424|       -|        no|           -|   7 (~0%)|   606 (~0%)|  1061 (~0%)|    -|
    |       o SM_EXP                              |       -|   3.65|         422|  2.110e+03|         24|           1|     400|       yes|           -|         -|           -|           -|    -|
    |      + mhsa_Pipeline_SM_SUM_T               |       -|   0.20|         135|    675.000|          -|         135|       -|        no|           -|   4 (~0%)|  1187 (~0%)|   695 (~0%)|    -|
    |       o SM_SUM_T                            |       -|   3.65|         133|    665.000|         35|           1|     100|       yes|           -|         -|           -|           -|    -|
    |      + mhsa_Pipeline_SM_SUM_R               |       -|   0.20|         804|  4.020e+03|          -|         804|       -|        no|           -|         -|   115 (~0%)|   147 (~0%)|    -|
    |       o SM_SUM_R                            |      II|   3.65|         802|  4.010e+03|         11|           8|     100|       yes|           -|         -|           -|           -|    -|
    |      + mhsa_Pipeline_SM_NORM                |       -|   0.61|         419|  2.095e+03|          -|         419|       -|        no|           -|         -|   183 (~0%)|   122 (~0%)|    -|
    |       o SM_NORM                             |       -|   3.65|         417|  2.085e+03|         19|           1|     400|       yes|           -|         -|           -|           -|    -|
    |     o MHSA_OQ_MHSA_OD                       |       -|   3.65|    15120000|  7.560e+07|       1050|           -|   14400|        no|           -|         -|           -|           -|    -|
    |      + mhsa_Pipeline_MHSA_OK_T              |       -|   0.20|         240|  1.200e+03|          -|         240|       -|        no|           -|         -|   905 (~0%)|   895 (~0%)|    -|
    |       o MHSA_OK_T                           |      II|   3.65|         238|  1.190e+03|         41|           2|     100|       yes|           -|         -|           -|           -|    -|
    |      + mhsa_Pipeline_MHSA_OK_R              |       -|   0.20|         804|  4.020e+03|          -|         804|       -|        no|           -|         -|   115 (~0%)|   147 (~0%)|    -|
    |       o MHSA_OK_R                           |      II|   3.65|         802|  4.010e+03|         11|           8|     100|       yes|           -|         -|           -|           -|    -|
    |   + transformer_block_Pipeline_AR           |       -|   0.20|       57611|  2.881e+05|          -|       57611|       -|        no|           -|         -|   213 (~0%)|   106 (~0%)|    -|
    |    o AR                                     |       -|   3.65|       57609|  2.880e+05|         11|           1|   57600|       yes|           -|         -|           -|           -|    -|
    |   + transformer_block_Pipeline_MLP_ACT      |       -|   0.02|      115221|  5.761e+05|          -|      115221|       -|        no|           -|         -|   334 (~0%)|   236 (~0%)|    -|
    |    o MLP_ACT                                |       -|   3.65|      115219|  5.761e+05|         21|           1|  115200|       yes|           -|         -|           -|           -|    -|
    |   + transformer_block_Pipeline_AR2          |       -|   0.20|       57611|  2.881e+05|          -|       57611|       -|        no|           -|         -|   213 (~0%)|   106 (~0%)|    -|
    |    o AR                                     |       -|   3.65|       57609|  2.880e+05|         11|           1|   57600|       yes|           -|         -|           -|           -|    -|
    |   o LF_S_LF_OD                              |       -|   3.65|   134438400|  6.722e+08|       1167|           -|  115200|        no|           -|         -|           -|           -|    -|
    |    + transformer_block_Pipeline_LF_ID       |       -|   0.20|        1162|  5.810e+03|          -|        1162|       -|        no|           -|         -|   245 (~0%)|   309 (~0%)|    -|
    |     o LF_ID                                 |      II|   3.65|        1160|  5.800e+03|         17|           8|     144|       yes|           -|         -|           -|           -|    -|
    |   o LF_S_LF_OD                              |       -|   3.65|   133574400|  6.679e+08|       2319|           -|   57600|        no|           -|         -|           -|           -|    -|
    |    + transformer_block_Pipeline_LF_ID1      |       -|   0.19|        2314|  1.157e+04|          -|        2314|       -|        no|           -|         -|   245 (~0%)|   313 (~0%)|    -|
    |     o LF_ID                                 |      II|   3.65|        2312|  1.156e+04|         17|           8|     288|       yes|           -|         -|           -|           -|    -|
    +---------------------------------------------+--------+-------+------------+-----------+-----------+------------+--------+----------+------------+----------+------------+------------+-----+


================================================================
== HW Interfaces
================================================================
* AP_MEMORY
+----------------+----------+
| Interface      | Bitwidth |
+----------------+----------+
| in_r_address0  | 16       |
| in_r_q0        | 32       |
| out_r_address0 | 16       |
| out_r_d0       | 32       |
| w_address0     | 19       |
| w_address1     | 19       |
| w_q0           | 32       |
| w_q1           | 32       |
+----------------+----------+

* TOP LEVEL CONTROL
+-----------+------------+-----------------------------------+
| Interface | Type       | Ports                             |
+-----------+------------+-----------------------------------+
| ap_clk    | clock      | ap_clk                            |
| ap_rst    | reset      | ap_rst                            |
| ap_ctrl   | ap_ctrl_hs | ap_done ap_idle ap_ready ap_start |
+-----------+------------+-----------------------------------+


================================================================
== SW I/O Information
================================================================
* Top Function Arguments
+----------+-----------+---------------+
| Argument | Direction | Datatype      |
+----------+-----------+---------------+
| in       | in        | float const * |
| out      | out       | float*        |
| w        | in        | float const * |
+----------+-----------+---------------+

* SW-to-HW Mapping
+----------+----------------+---------+----------+
| Argument | HW Interface   | HW Type | HW Usage |
+----------+----------------+---------+----------+
| in       | in_r_address0  | port    | offset   |
| in       | in_r_ce0       | port    |          |
| in       | in_r_q0        | port    |          |
| out      | out_r_address0 | port    | offset   |
| out      | out_r_ce0      | port    |          |
| out      | out_r_we0      | port    |          |
| out      | out_r_d0       | port    |          |
| w        | w_address0     | port    | offset   |
| w        | w_ce0          | port    |          |
| w        | w_q0           | port    |          |
| w        | w_address1     | port    | offset   |
| w        | w_ce1          | port    |          |
| w        | w_q1           | port    |          |
+----------+----------------+---------+----------+


================================================================
== Bind Op Report
================================================================
+---------------------------------------------+-----+--------+--------------+-------+---------+---------+
| Name                                        | DSP | Pragma | Variable     | Op    | Impl    | Latency |
+---------------------------------------------+-----+--------+--------------+-------+---------+---------+
| + transformer_blk_s2_top                    | 44  |        |              |       |         |         |
|   add_ln151_fu_130_p2                       | -   |        | add_ln151    | add   | fabric  | 0       |
|   add_ln152_fu_140_p2                       | -   |        | add_ln152    | add   | fabric  | 0       |
|  + transformer_blk_s2_top_Pipeline_COPY_IN  | 0   |        |              |       |         |         |
|    add_ln145_fu_80_p2                       | -   |        | add_ln145    | add   | fabric  | 0       |
|  + transformer_block                        | 44  |        |              |       |         |         |
|    add_ln46_fu_291_p2                       | -   |        | add_ln46     | add   | fabric  | 0       |
|    add_ln46_1_fu_298_p2                     | -   |        | add_ln46_1   | add   | fabric  | 0       |
|    faddfsub_32ns_32ns_32_8_full_dsp_1_U181  | -   |        | add_ln51     | add   | fabric  | 0       |
|    faddfsub_32ns_32ns_32_8_full_dsp_1_U181  | -   |        | add_ln52     | add   | fabric  | 0       |
|    add_ln52_1_fu_332_p2                     | -   |        | add_ln52_1   | add   | fabric  | 0       |
|    fcmp_32ns_32ns_1_2_no_dsp_1_U184         | -   |        | add_ln53     | add   | fabric  | 0       |
|    add_ln53_1_fu_344_p2                     | -   |        | add_ln53_1   | add   | fabric  | 0       |
|    faddfsub_32ns_32ns_32_8_full_dsp_1_U181  | -   |        | add_ln54     | add   | fabric  | 0       |
|    add_ln54_1_fu_356_p2                     | -   |        | add_ln54_1   | add   | fabric  | 0       |
|    add_ln63_fu_362_p2                       | -   |        | add_ln63     | add   | fabric  | 0       |
|    add_ln63_1_fu_368_p2                     | -   |        | add_ln63_1   | add   | fabric  | 0       |
|    fmul_32ns_32ns_32_5_max_dsp_1_U182       | -   |        | add_ln162    | add   | fabric  | 0       |
|    add_ln162_1_fu_487_p2                    | -   |        | add_ln162_1  | add   | fabric  | 0       |
|    fmul_32ns_32ns_32_5_max_dsp_1_U182       | -   |        | add_ln165    | add   | fabric  | 0       |
|    add_ln165_1_fu_453_p2                    | -   |        | add_ln165_1  | add   | fabric  | 0       |
|    add_ln172_2_fu_519_p2                    | -   |        | add_ln172_2  | add   | fabric  | 0       |
|    add_ln172_fu_529_p2                      | -   |        | add_ln172    | add   | fabric  | 0       |
|    fmul_32ns_32ns_32_5_max_dsp_1_U182       | -   |        | add_ln163    | add   | fabric  | 0       |
|    fmul_32ns_32ns_32_5_max_dsp_1_U183       | -   |        | add_ln162_2  | add   | fabric  | 0       |
|    add_ln162_3_fu_669_p2                    | -   |        | add_ln162_3  | add   | fabric  | 0       |
|    add_ln165_2_fu_621_p2                    | -   |        | add_ln165_2  | add   | fabric  | 0       |
|    add_ln165_3_fu_631_p2                    | -   |        | add_ln165_3  | add   | fabric  | 0       |
|    add_ln172_3_fu_701_p2                    | -   |        | add_ln172_3  | add   | fabric  | 0       |
|    add_ln172_1_fu_711_p2                    | -   |        | add_ln172_1  | add   | fabric  | 0       |
|    add_ln163_1_fu_646_p2                    | -   |        | add_ln163_1  | add   | fabric  | 0       |
|   + layer_norm                              | 14  |        |              |       |         |         |
|     add_ln84_fu_178_p2                      | -   |        | add_ln84     | add   | fabric  | 0       |
|     fmul_32ns_32ns_32_5_max_dsp_1_U41       | -   |        | add_ln85     | add   | fabric  | 0       |
|     fdiv_32ns_32ns_32_16_no_dsp_1_U38       | -   |        | mean         | fdiv  | fabric  | 15      |
|     fdiv_32ns_32ns_32_16_no_dsp_1_U38       | -   |        | div          | fdiv  | fabric  | 15      |
|     faddfsub_32ns_32ns_32_8_full_dsp_1_U37  | 2   |        | add          | fadd  | fulldsp | 7       |
|     fsqrt_32ns_32ns_32_16_no_dsp_1_U39      | -   |        | tmp          | fsqrt | fabric  | 15      |
|     fdiv_32ns_32ns_32_16_no_dsp_1_U38       | -   |        | inv_std      | fdiv  | fabric  | 15      |
|    + layer_norm_Pipeline_LN_MEAN            | 0   |        |              |       |         |         |
|      add_ln92_fu_133_p2                     | -   |        | add_ln92     | add   | fabric  | 0       |
|      add_ln97_fu_151_p2                     | -   |        | add_ln97     | add   | fabric  | 0       |
|    + layer_norm_Pipeline_LN_MRED            | 0   |        |              |       |         |         |
|      add_ln103_fu_85_p2                     | -   |        | add_ln103    | add   | fabric  | 0       |
|    + layer_norm_Pipeline_LN_VAR             | 4   |        |              |       |         |         |
|      add_ln113_fu_159_p2                    | -   |        | add_ln113    | add   | fabric  | 0       |
|      add_ln118_fu_177_p2                    | -   |        | add_ln118    | add   | fabric  | 0       |
|      fadd_32ns_32ns_32_8_full_dsp_1_U13     | 2   |        | tile_6       | fadd  | fulldsp | 7       |
|      fadd_32ns_32ns_32_8_full_dsp_1_U14     | 2   |        | tile_6_1     | fadd  | fulldsp | 7       |
|      fadd_32ns_32ns_32_8_full_dsp_1_U13     | 2   |        | tile_6_2     | fadd  | fulldsp | 7       |
|      fadd_32ns_32ns_32_8_full_dsp_1_U14     | 2   |        | tile_6_3     | fadd  | fulldsp | 7       |
|    + layer_norm_Pipeline_LN_VRED            | 0   |        |              |       |         |         |
|      add_ln124_fu_85_p2                     | -   |        | add_ln124    | add   | fabric  | 0       |
|    + layer_norm_Pipeline_LN_NORM            | 0   |        |              |       |         |         |
|      add_ln131_fu_179_p2                    | -   |        | add_ln131    | add   | fabric  | 0       |
|      add_ln133_fu_189_p2                    | -   |        | add_ln133    | add   | fabric  | 0       |
|      add_ln134_fu_216_p2                    | -   |        | add_ln134    | add   | fabric  | 0       |
|      add_ln134_1_fu_236_p2                  | -   |        | add_ln134_1  | add   | fabric  | 0       |
|   + mhsa                                    | 22  |        |              |       |         |         |
|     add_ln262_fu_401_p2                     | -   |        | add_ln262    | add   | fabric  | 0       |
|     add_ln288_1_fu_427_p2                   | -   |        | add_ln288_1  | add   | fabric  | 0       |
|     add_ln288_fu_439_p2                     | -   |        | add_ln288    | add   | fabric  | 0       |
|     add_ln320_1_fu_478_p2                   | -   |        | add_ln320_1  | add   | fabric  | 0       |
|     add_ln300_fu_490_p2                     | -   |        | add_ln300    | add   | fabric  | 0       |
|     add_ln300_1_fu_510_p2                   | -   |        | add_ln300_1  | add   | fabric  | 0       |
|     mul_9ns_10ns_18_1_1_U123                | -   |        | mul_ln300    | mul   | auto    | 0       |
|     add_ln320_2_fu_554_p2                   | -   |        | add_ln320_2  | add   | fabric  | 0       |
|     add_ln311_fu_572_p2                     | -   |        | add_ln311    | add   | fabric  | 0       |
|     add_ln320_fu_581_p2                     | -   |        | add_ln320    | add   | fabric  | 0       |
|     add_ln301_fu_587_p2                     | -   |        | add_ln301    | add   | fabric  | 0       |
|    + linear_f                               | 5   |        |              |       |         |         |
|      empty_fu_170_p2                        | -   |        | empty        | add   | fabric  | 0       |
|      add_ln162_fu_182_p2                    | -   |        | add_ln162    | add   | fabric  | 0       |
|      add_ln162_4_fu_205_p2                  | -   |        | add_ln162_4  | add   | fabric  | 0       |
|      p_mid1_fu_231_p2                       | -   |        | p_mid1       | add   | fabric  | 0       |
|      add_ln165_fu_265_p2                    | -   |        | add_ln165    | add   | fabric  | 0       |
|      add_ln172_fu_329_p2                    | -   |        | add_ln172    | add   | fabric  | 0       |
|      add_ln163_fu_285_p2                    | -   |        | add_ln163    | add   | fabric  | 0       |
|     + linear_f_Pipeline_LF_ID               | 5   |        |              |       |         |         |
|       add_ln166_fu_184_p2                   | -   |        | add_ln166    | add   | fabric  | 0       |
|       add_ln170_fu_194_p2                   | -   |        | add_ln170    | add   | fabric  | 0       |
|       add_ln170_7_fu_209_p2                 | -   |        | add_ln170_7  | add   | fabric  | 0       |
|       add_ln170_8_fu_219_p2                 | -   |        | add_ln170_8  | add   | fabric  | 0       |
|       add_ln170_9_fu_237_p2                 | -   |        | add_ln170_9  | add   | fabric  | 0       |
|       fmul_32ns_32ns_32_5_max_dsp_1_U56     | 3   |        | mul          | fmul  | maxdsp  | 4       |
|       fadd_32ns_32ns_32_8_full_dsp_1_U55    | 2   |        | acc_5        | fadd  | fulldsp | 7       |
|    + mhsa_Pipeline_MHSA_QI_MHSA_KI          | 4   |        |              |       |         |         |
|      add_ln271_1_fu_1040_p2                 | -   |        | add_ln271_1  | add   | fabric  | 0       |
|      add_ln271_fu_1049_p2                   | -   |        | add_ln271    | add   | fabric  | 0       |
|      add_ln265_fu_1000_p2                   | -   |        | add_ln265    | add   | fabric  | 0       |
|      add_ln265_33_fu_1015_p2                | -   |        | add_ln265_33 | add   | fabric  | 0       |
|      mac_muladd_9ns_9ns_9ns_18_4_1_U76      | 1   |        | mul_ln265    | mul   | dsp48   | 3       |
|      add_ln271_2_fu_1075_p2                 | -   |        | add_ln271_2  | add   | fabric  | 0       |
|      add_ln271_3_fu_1084_p2                 | -   |        | add_ln271_3  | add   | fabric  | 0       |
|      add_ln265_1_fu_1200_p2                 | -   |        | add_ln265_1  | add   | fabric  | 0       |
|      add_ln265_2_fu_1210_p2                 | -   |        | add_ln265_2  | add   | fabric  | 0       |
|      add_ln265_3_fu_1240_p2                 | -   |        | add_ln265_3  | add   | fabric  | 0       |
|      add_ln265_4_fu_1250_p2                 | -   |        | add_ln265_4  | add   | fabric  | 0       |
|      add_ln265_5_fu_1280_p2                 | -   |        | add_ln265_5  | add   | fabric  | 0       |
|      add_ln265_6_fu_1290_p2                 | -   |        | add_ln265_6  | add   | fabric  | 0       |
|      add_ln265_7_fu_1320_p2                 | -   |        | add_ln265_7  | add   | fabric  | 0       |
|      add_ln265_8_fu_1330_p2                 | -   |        | add_ln265_8  | add   | fabric  | 0       |
|      add_ln265_9_fu_1360_p2                 | -   |        | add_ln265_9  | add   | fabric  | 0       |
|      add_ln265_10_fu_1370_p2                | -   |        | add_ln265_10 | add   | fabric  | 0       |
|      add_ln265_11_fu_1400_p2                | -   |        | add_ln265_11 | add   | fabric  | 0       |
|      add_ln265_12_fu_1410_p2                | -   |        | add_ln265_12 | add   | fabric  | 0       |
|      add_ln265_13_fu_1440_p2                | -   |        | add_ln265_13 | add   | fabric  | 0       |
|      add_ln265_14_fu_1450_p2                | -   |        | add_ln265_14 | add   | fabric  | 0       |
|      add_ln265_15_fu_1480_p2                | -   |        | add_ln265_15 | add   | fabric  | 0       |
|      add_ln265_16_fu_1490_p2                | -   |        | add_ln265_16 | add   | fabric  | 0       |
|      add_ln265_17_fu_1520_p2                | -   |        | add_ln265_17 | add   | fabric  | 0       |
|      add_ln265_18_fu_1530_p2                | -   |        | add_ln265_18 | add   | fabric  | 0       |
|      add_ln265_19_fu_1560_p2                | -   |        | add_ln265_19 | add   | fabric  | 0       |
|      add_ln265_20_fu_1570_p2                | -   |        | add_ln265_20 | add   | fabric  | 0       |
|      add_ln265_21_fu_1600_p2                | -   |        | add_ln265_21 | add   | fabric  | 0       |
|      add_ln265_22_fu_1610_p2                | -   |        | add_ln265_22 | add   | fabric  | 0       |
|      add_ln265_23_fu_1640_p2                | -   |        | add_ln265_23 | add   | fabric  | 0       |
|      add_ln265_24_fu_1650_p2                | -   |        | add_ln265_24 | add   | fabric  | 0       |
|      add_ln265_25_fu_1680_p2                | -   |        | add_ln265_25 | add   | fabric  | 0       |
|      add_ln265_26_fu_1690_p2                | -   |        | add_ln265_26 | add   | fabric  | 0       |
|      add_ln265_27_fu_1720_p2                | -   |        | add_ln265_27 | add   | fabric  | 0       |
|      add_ln265_28_fu_1730_p2                | -   |        | add_ln265_28 | add   | fabric  | 0       |
|      add_ln265_29_fu_1765_p2                | -   |        | add_ln265_29 | add   | fabric  | 0       |
|      add_ln265_30_fu_1775_p2                | -   |        | add_ln265_30 | add   | fabric  | 0       |
|      add_ln265_31_fu_1820_p2                | -   |        | add_ln265_31 | add   | fabric  | 0       |
|      add_ln265_32_fu_1830_p2                | -   |        | add_ln265_32 | add   | fabric  | 0       |
|      add_ln272_33_fu_1129_p2                | -   |        | add_ln272_33 | add   | fabric  | 0       |
|      add_ln272_fu_1138_p2                   | -   |        | add_ln272    | add   | fabric  | 0       |
|      add_ln272_1_fu_1220_p2                 | -   |        | add_ln272_1  | add   | fabric  | 0       |
|      add_ln272_2_fu_1230_p2                 | -   |        | add_ln272_2  | add   | fabric  | 0       |
|      add_ln272_3_fu_1260_p2                 | -   |        | add_ln272_3  | add   | fabric  | 0       |
|      add_ln272_4_fu_1270_p2                 | -   |        | add_ln272_4  | add   | fabric  | 0       |
|      add_ln272_5_fu_1300_p2                 | -   |        | add_ln272_5  | add   | fabric  | 0       |
|      add_ln272_6_fu_1310_p2                 | -   |        | add_ln272_6  | add   | fabric  | 0       |
|      add_ln272_7_fu_1340_p2                 | -   |        | add_ln272_7  | add   | fabric  | 0       |
|      add_ln272_8_fu_1350_p2                 | -   |        | add_ln272_8  | add   | fabric  | 0       |
|      add_ln272_9_fu_1380_p2                 | -   |        | add_ln272_9  | add   | fabric  | 0       |
|      add_ln272_10_fu_1390_p2                | -   |        | add_ln272_10 | add   | fabric  | 0       |
|      add_ln272_11_fu_1420_p2                | -   |        | add_ln272_11 | add   | fabric  | 0       |
|      add_ln272_12_fu_1430_p2                | -   |        | add_ln272_12 | add   | fabric  | 0       |
|      add_ln272_13_fu_1460_p2                | -   |        | add_ln272_13 | add   | fabric  | 0       |
|      add_ln272_14_fu_1470_p2                | -   |        | add_ln272_14 | add   | fabric  | 0       |
|      add_ln272_15_fu_1500_p2                | -   |        | add_ln272_15 | add   | fabric  | 0       |
|      add_ln272_16_fu_1510_p2                | -   |        | add_ln272_16 | add   | fabric  | 0       |
|      add_ln272_17_fu_1540_p2                | -   |        | add_ln272_17 | add   | fabric  | 0       |
|      add_ln272_18_fu_1550_p2                | -   |        | add_ln272_18 | add   | fabric  | 0       |
|      add_ln272_19_fu_1580_p2                | -   |        | add_ln272_19 | add   | fabric  | 0       |
|      add_ln272_20_fu_1590_p2                | -   |        | add_ln272_20 | add   | fabric  | 0       |
|      add_ln272_21_fu_1620_p2                | -   |        | add_ln272_21 | add   | fabric  | 0       |
|      add_ln272_22_fu_1630_p2                | -   |        | add_ln272_22 | add   | fabric  | 0       |
|      add_ln272_23_fu_1660_p2                | -   |        | add_ln272_23 | add   | fabric  | 0       |
|      add_ln272_24_fu_1670_p2                | -   |        | add_ln272_24 | add   | fabric  | 0       |
|      add_ln272_25_fu_1700_p2                | -   |        | add_ln272_25 | add   | fabric  | 0       |
|      add_ln272_26_fu_1710_p2                | -   |        | add_ln272_26 | add   | fabric  | 0       |
|      add_ln272_27_fu_1740_p2                | -   |        | add_ln272_27 | add   | fabric  | 0       |
|      add_ln272_28_fu_1750_p2                | -   |        | add_ln272_28 | add   | fabric  | 0       |
|      add_ln272_29_fu_1785_p2                | -   |        | add_ln272_29 | add   | fabric  | 0       |
|      add_ln272_30_fu_1795_p2                | -   |        | add_ln272_30 | add   | fabric  | 0       |
|      add_ln272_31_fu_1840_p2                | -   |        | add_ln272_31 | add   | fabric  | 0       |
|      add_ln272_32_fu_1850_p2                | -   |        | add_ln272_32 | add   | fabric  | 0       |
|      fmul_32ns_32ns_32_5_max_dsp_1_U75      | 3   |        | mul          | fmul  | maxdsp  | 4       |
|      mac_muladd_9ns_9ns_9ns_18_4_1_U76      | 1   |        | add_ln274    | add   | dsp48   | 3       |
|      add_ln266_fu_1805_p2                   | -   |        | add_ln266    | add   | fabric  | 0       |
|    + mhsa_Pipeline_MHSA_CPY                 | 0   |        |              |       |         |         |
|      add_ln326_fu_75_p2                     | -   |        | add_ln326    | add   | fabric  | 0       |
|    + mhsa_Pipeline_SM_MAX                   | 0   |        |              |       |         |         |
|      add_ln202_fu_115_p2                    | -   |        | add_ln202    | add   | fabric  | 0       |
|      add_ln200_fu_126_p2                    | -   |        | add_ln200    | add   | fabric  | 0       |
|    + mhsa_Pipeline_SM_EXP                   | 7   |        |              |       |         |         |
|      add_ln208_fu_105_p2                    | -   |        | add_ln208    | add   | fabric  | 0       |
|      add_ln210_fu_115_p2                    | -   |        | add_ln210    | add   | fabric  | 0       |
|      fexp_32ns_32ns_32_13_full_dsp_1_U88    | 7   |        | tmp          | fexp  | fulldsp | 12      |
|    + mhsa_Pipeline_SM_SUM_T                 | 4   |        |              |       |         |         |
|      add_ln217_fu_139_p2                    | -   |        | add_ln217    | add   | fabric  | 0       |
|      fadd_32ns_32ns_32_8_full_dsp_1_U96     | 2   |        | tile_3_2     | fadd  | fulldsp | 7       |
|      fadd_32ns_32ns_32_8_full_dsp_1_U97     | 2   |        | tile_3_3     | fadd  | fulldsp | 7       |
|    + mhsa_Pipeline_SM_SUM_R                 | 0   |        |              |       |         |         |
|      add_ln227_fu_85_p2                     | -   |        | add_ln227    | add   | fabric  | 0       |
|    + mhsa_Pipeline_SM_NORM                  | 0   |        |              |       |         |         |
|      add_ln233_fu_98_p2                     | -   |        | add_ln233    | add   | fabric  | 0       |
|      fdiv_32ns_32ns_32_16_no_dsp_1_U103     | -   |        | div_i        | fdiv  | fabric  | 15      |
|      add_ln235_fu_117_p2                    | -   |        | add_ln235    | add   | fabric  | 0       |
|    + mhsa_Pipeline_MHSA_OK_T                | 0   |        |              |       |         |         |
|      add_ln304_fu_346_p2                    | -   |        | add_ln304    | add   | fabric  | 0       |
|      add_ln310_fu_236_p2                    | -   |        | add_ln310    | add   | fabric  | 0       |
|      add_ln311_fu_263_p2                    | -   |        | add_ln311    | add   | fabric  | 0       |
|      add_ln311_1_fu_273_p2                  | -   |        | add_ln311_1  | add   | fabric  | 0       |
|      add_ln310_1_fu_294_p2                  | -   |        | add_ln310_1  | add   | fabric  | 0       |
|      add_ln311_2_fu_325_p2                  | -   |        | add_ln311_2  | add   | fabric  | 0       |
|      add_ln311_3_fu_335_p2                  | -   |        | add_ln311_3  | add   | fabric  | 0       |
|      add_ln310_2_fu_360_p2                  | -   |        | add_ln310_2  | add   | fabric  | 0       |
|      add_ln311_4_fu_390_p2                  | -   |        | add_ln311_4  | add   | fabric  | 0       |
|      add_ln311_5_fu_399_p2                  | -   |        | add_ln311_5  | add   | fabric  | 0       |
|      add_ln310_3_fu_419_p2                  | -   |        | add_ln310_3  | add   | fabric  | 0       |
|      add_ln311_6_fu_449_p2                  | -   |        | add_ln311_6  | add   | fabric  | 0       |
|      add_ln311_7_fu_458_p2                  | -   |        | add_ln311_7  | add   | fabric  | 0       |
|    + mhsa_Pipeline_MHSA_OK_R                | 0   |        |              |       |         |         |
|      add_ln316_fu_85_p2                     | -   |        | add_ln316    | add   | fabric  | 0       |
|   + transformer_block_Pipeline_AR           | 0   |        |              |       |         |         |
|     add_ln338_fu_82_p2                      | -   |        | add_ln338    | add   | fabric  | 0       |
|   + transformer_block_Pipeline_MLP_ACT      | 0   |        |              |       |         |         |
|     add_ln71_fu_109_p2                      | -   |        | add_ln71     | add   | fabric  | 0       |
|   + transformer_block_Pipeline_LF_ID        | 0   |        |              |       |         |         |
|     add_ln166_fu_198_p2                     | -   |        | add_ln166    | add   | fabric  | 0       |
|     add_ln170_1_fu_208_p2                   | -   |        | add_ln170_1  | add   | fabric  | 0       |
|     add_ln170_fu_218_p2                     | -   |        | add_ln170    | add   | fabric  | 0       |
|     add_ln170_2_fu_229_p2                   | -   |        | add_ln170_2  | add   | fabric  | 0       |
|     add_ln170_5_fu_239_p2                   | -   |        | add_ln170_5  | add   | fabric  | 0       |
|     add_ln170_6_fu_257_p2                   | -   |        | add_ln170_6  | add   | fabric  | 0       |
|     add_ln170_3_fu_267_p2                   | -   |        | add_ln170_3  | add   | fabric  | 0       |
|   + transformer_block_Pipeline_AR2          | 0   |        |              |       |         |         |
|     add_ln338_fu_82_p2                      | -   |        | add_ln338    | add   | fabric  | 0       |
|   + transformer_block_Pipeline_LF_ID1       | 0   |        |              |       |         |         |
|     add_ln166_fu_200_p2                     | -   |        | add_ln166    | add   | fabric  | 0       |
|     add_ln170_fu_210_p2                     | -   |        | add_ln170    | add   | fabric  | 0       |
|     add_ln170_1_fu_220_p2                   | -   |        | add_ln170_1  | add   | fabric  | 0       |
|     add_ln170_2_fu_235_p2                   | -   |        | add_ln170_2  | add   | fabric  | 0       |
|     add_ln170_3_fu_245_p2                   | -   |        | add_ln170_3  | add   | fabric  | 0       |
|     add_ln170_4_fu_263_p2                   | -   |        | add_ln170_4  | add   | fabric  | 0       |
|     add_ln170_5_fu_273_p2                   | -   |        | add_ln170_5  | add   | fabric  | 0       |
|  + transformer_blk_s2_top_Pipeline_COPY_OUT | 0   |        |              |       |         |         |
|    add_ln161_fu_80_p2                       | -   |        | add_ln161    | add   | fabric  | 0       |
+---------------------------------------------+-----+--------+--------------+-------+---------+---------+


================================================================
== Bind Storage Report
================================================================
+--------------------------+------+------+--------+----------+---------+------+---------+
| Name                     | BRAM | URAM | Pragma | Variable | Storage | Impl | Latency |
+--------------------------+------+------+--------+----------+---------+------+---------+
| + transformer_blk_s2_top | 1156 | 0    |        |          |         |      |         |
|   x_buf_U                | 108  | -    |        | x_buf    | ram_s2p | auto | 1       |
|  + transformer_block     | 1048 | 0    |        |          |         |      |         |
|    ln_buf_U              | 108  | -    |        | ln_buf   | ram_1p  | auto | 1       |
|    attn_out_U            | 108  | -    |        | attn_out | ram_1p  | auto | 1       |
|    mlp_buf_U             | 210  | -    |        | mlp_buf  | ram_s2p | auto | 1       |
|   + layer_norm           | 2    | 0    |        |          |         |      |         |
|     mp_U                 | 2    | -    |        | mp       | ram_1p  | auto | 1       |
|     vp_U                 | 2    | -    |        | vp       | ram_1p  | auto | 1       |
|   + mhsa                 | 620  | 0    |        |          |         |      |         |
|     ex_U                 | 2    | -    |        | ex       | rom_np  | auto | 1       |
|     sp_U                 | 2    | -    |        | sp       | ram_1p  | auto | 1       |
|     op_U                 | 2    | -    |        | op       | ram_1p  | auto | 1       |
|     q_buf_U              | 108  | -    |        | q_buf    | ram_s2p | auto | 1       |
|     k_buf_U              | 108  | -    |        | k_buf    | ram_s2p | auto | 1       |
|     v_buf_U              | 108  | -    |        | v_buf    | ram_s2p | auto | 1       |
|     a_buf_U              | 288  | -    |        | a_buf    | ram_s2p | auto | 1       |
+--------------------------+------+------+--------+----------+---------+------+---------+


================================================================
== Pragma Report
================================================================
  No pragmas found

