

================================================================
== Vitis HLS Report for 'layer_norm_Pipeline_LN_MEAN'
================================================================
* Date:           Wed Jun  3 12:05:12 2026

* Version:        2022.2 (Build 3670227 on Oct 13 2022)
* Project:        s2_transformer_block
* Solution:       without_pragmas (Vivado IP Flow Target)
* Product family: zynquplus
* Target device:  xczu28dr-ffvg1517-2-e


================================================================
== Performance Estimates
================================================================
+ Timing: 
    * Summary: 
    +--------+---------+----------+------------+
    |  Clock |  Target | Estimated| Uncertainty|
    +--------+---------+----------+------------+
    |ap_clk  |  5.00 ns|  3.454 ns|     1.35 ns|
    +--------+---------+----------+------------+

+ Latency: 
    * Summary: 
    +---------+---------+----------+----------+-----+-----+---------+
    |  Latency (cycles) |  Latency (absolute) |  Interval | Pipeline|
    |   min   |   max   |    min   |    max   | min | max |   Type  |
    +---------+---------+----------+----------+-----+-----+---------+
    |      107|      107|  0.535 us|  0.535 us|  107|  107|       no|
    +---------+---------+----------+----------+-----+-----+---------+

    + Detail: 
        * Instance: 
        N/A

        * Loop: 
        +-----------+---------+---------+----------+-----------+-----------+------+----------+
        |           |  Latency (cycles) | Iteration|  Initiation Interval  | Trip |          |
        | Loop Name |   min   |   max   |  Latency |  achieved |   target  | Count| Pipelined|
        +-----------+---------+---------+----------+-----------+-----------+------+----------+
        |- LN_MEAN  |      105|      105|        36|          2|          1|    36|       yes|
        +-----------+---------+---------+----------+-----------+-----------+------+----------+



================================================================
== Utilization Estimates
================================================================
* Summary: 
+-----------------+---------+------+--------+--------+-----+
|       Name      | BRAM_18K|  DSP |   FF   |   LUT  | URAM|
+-----------------+---------+------+--------+--------+-----+
|DSP              |        -|     -|       -|       -|    -|
|Expression       |        -|     -|       0|      96|    -|
|FIFO             |        -|     -|       -|       -|    -|
|Instance         |        -|     -|       -|       -|    -|
|Memory           |        -|     -|       -|       -|    -|
|Multiplexer      |        -|     -|       -|     143|    -|
|Register         |        -|     -|     450|      64|    -|
+-----------------+---------+------+--------+--------+-----+
|Total            |        0|     0|     450|     303|    0|
+-----------------+---------+------+--------+--------+-----+
|Available        |     2160|  4272|  850560|  425280|   80|
+-----------------+---------+------+--------+--------+-----+
|Utilization (%)  |        0|     0|      ~0|      ~0|    0|
+-----------------+---------+------+--------+--------+-----+

+ Detail: 
    * Instance: 
    N/A

    * DSP: 
    N/A

    * Memory: 
    N/A

    * FIFO: 
    N/A

    * Expression: 
    +---------------------+----------+----+---+----+------------+------------+
    |    Variable Name    | Operation| DSP| FF| LUT| Bitwidth P0| Bitwidth P1|
    +---------------------+----------+----+---+----+------------+------------+
    |add_ln92_fu_133_p2   |         +|   0|  0|  13|           6|           1|
    |add_ln97_fu_151_p2   |         +|   0|  0|  23|          16|          16|
    |icmp_ln92_fu_127_p2  |      icmp|   0|  0|  10|           6|           6|
    |or_ln97_1_fu_177_p2  |        or|   0|  0|  16|           2|          16|
    |or_ln97_2_fu_187_p2  |        or|   0|  0|  16|           2|          16|
    |or_ln97_fu_167_p2    |        or|   0|  0|  16|           1|          16|
    |ap_enable_pp0        |       xor|   0|  0|   2|           1|           2|
    +---------------------+----------+----+---+----+------------+------------+
    |Total                |          |   0|  0|  96|          34|          73|
    +---------------------+----------+----+---+----+------------+------------+

    * Multiplexer: 
    +-------------------------+----+-----------+-----+-----------+
    |           Name          | LUT| Input Size| Bits| Total Bits|
    +-------------------------+----+-----------+-----+-----------+
    |ap_NS_fsm                |  14|          3|    1|          3|
    |ap_done_int              |   9|          2|    1|          2|
    |ap_enable_reg_pp0_iter0  |   9|          2|    1|          2|
    |ap_enable_reg_pp0_iter1  |   9|          2|    1|          2|
    |ap_sig_allocacmp_t_6     |   9|          2|    6|         12|
    |grp_fu_110_p0            |  14|          3|   32|         96|
    |grp_fu_110_p1            |  14|          3|   32|         96|
    |grp_fu_115_p0            |  14|          3|   32|         96|
    |grp_fu_115_p1            |  14|          3|   32|         96|
    |t_fu_46                  |   9|          2|    6|         12|
    |x_buf_address0           |  14|          3|   16|         48|
    |x_buf_address1           |  14|          3|   16|         48|
    +-------------------------+----+-----------+-----+-----------+
    |Total                    | 143|         31|  176|        513|
    +-------------------------+----+-----------+-----+-----------+

    * Register: 
    +-----------------------------------+----+----+-----+-----------+
    |                Name               | FF | LUT| Bits| Const Bits|
    +-----------------------------------+----+----+-----+-----------+
    |add_ln97_reg_217                   |  16|   0|   16|          0|
    |ap_CS_fsm                          |   2|   0|    2|          0|
    |ap_done_reg                        |   1|   0|    1|          0|
    |ap_enable_reg_pp0_iter0_reg        |   1|   0|    1|          0|
    |ap_enable_reg_pp0_iter1            |   1|   0|    1|          0|
    |ap_enable_reg_pp0_iter10           |   1|   0|    1|          0|
    |ap_enable_reg_pp0_iter11           |   1|   0|    1|          0|
    |ap_enable_reg_pp0_iter12           |   1|   0|    1|          0|
    |ap_enable_reg_pp0_iter13           |   1|   0|    1|          0|
    |ap_enable_reg_pp0_iter14           |   1|   0|    1|          0|
    |ap_enable_reg_pp0_iter15           |   1|   0|    1|          0|
    |ap_enable_reg_pp0_iter16           |   1|   0|    1|          0|
    |ap_enable_reg_pp0_iter17           |   1|   0|    1|          0|
    |ap_enable_reg_pp0_iter2            |   1|   0|    1|          0|
    |ap_enable_reg_pp0_iter3            |   1|   0|    1|          0|
    |ap_enable_reg_pp0_iter4            |   1|   0|    1|          0|
    |ap_enable_reg_pp0_iter5            |   1|   0|    1|          0|
    |ap_enable_reg_pp0_iter6            |   1|   0|    1|          0|
    |ap_enable_reg_pp0_iter7            |   1|   0|    1|          0|
    |ap_enable_reg_pp0_iter8            |   1|   0|    1|          0|
    |ap_enable_reg_pp0_iter9            |   1|   0|    1|          0|
    |ap_loop_exit_ready_pp0_iter10_reg  |   1|   0|    1|          0|
    |ap_loop_exit_ready_pp0_iter11_reg  |   1|   0|    1|          0|
    |ap_loop_exit_ready_pp0_iter12_reg  |   1|   0|    1|          0|
    |ap_loop_exit_ready_pp0_iter13_reg  |   1|   0|    1|          0|
    |ap_loop_exit_ready_pp0_iter14_reg  |   1|   0|    1|          0|
    |ap_loop_exit_ready_pp0_iter15_reg  |   1|   0|    1|          0|
    |ap_loop_exit_ready_pp0_iter16_reg  |   1|   0|    1|          0|
    |ap_loop_exit_ready_pp0_iter1_reg   |   1|   0|    1|          0|
    |ap_loop_exit_ready_pp0_iter2_reg   |   1|   0|    1|          0|
    |ap_loop_exit_ready_pp0_iter3_reg   |   1|   0|    1|          0|
    |ap_loop_exit_ready_pp0_iter4_reg   |   1|   0|    1|          0|
    |ap_loop_exit_ready_pp0_iter5_reg   |   1|   0|    1|          0|
    |ap_loop_exit_ready_pp0_iter6_reg   |   1|   0|    1|          0|
    |ap_loop_exit_ready_pp0_iter7_reg   |   1|   0|    1|          0|
    |ap_loop_exit_ready_pp0_iter8_reg   |   1|   0|    1|          0|
    |ap_loop_exit_ready_pp0_iter9_reg   |   1|   0|    1|          0|
    |icmp_ln92_reg_213                  |   1|   0|    1|          0|
    |t_6_reg_208                        |   6|   0|    6|          0|
    |t_fu_46                            |   6|   0|    6|          0|
    |tile_4_1_reg_249                   |  32|   0|   32|          0|
    |tile_4_2_reg_269                   |  32|   0|   32|          0|
    |tile_4_3_reg_279                   |  32|   0|   32|          0|
    |tile_4_reg_239                     |  32|   0|   32|          0|
    |x_buf_load_1_reg_244               |  32|   0|   32|          0|
    |x_buf_load_2_reg_259               |  32|   0|   32|          0|
    |x_buf_load_4_reg_274               |  32|   0|   32|          0|
    |x_buf_load_reg_229                 |  32|   0|   32|          0|
    |add_ln97_reg_217                   |  64|  32|   16|          0|
    |t_6_reg_208                        |  64|  32|    6|          0|
    +-----------------------------------+----+----+-----+-----------+
    |Total                              | 450|  64|  344|          0|
    +-----------------------------------+----+----+-----+-----------+



================================================================
== Interface
================================================================
* Summary: 
+---------------------+-----+-----+------------+-----------------------------+--------------+
|      RTL Ports      | Dir | Bits|  Protocol  |        Source Object        |    C Type    |
+---------------------+-----+-----+------------+-----------------------------+--------------+
|ap_clk               |   in|    1|  ap_ctrl_hs|  layer_norm_Pipeline_LN_MEAN|  return value|
|ap_rst               |   in|    1|  ap_ctrl_hs|  layer_norm_Pipeline_LN_MEAN|  return value|
|ap_start             |   in|    1|  ap_ctrl_hs|  layer_norm_Pipeline_LN_MEAN|  return value|
|ap_done              |  out|    1|  ap_ctrl_hs|  layer_norm_Pipeline_LN_MEAN|  return value|
|ap_idle              |  out|    1|  ap_ctrl_hs|  layer_norm_Pipeline_LN_MEAN|  return value|
|ap_ready             |  out|    1|  ap_ctrl_hs|  layer_norm_Pipeline_LN_MEAN|  return value|
|grp_fu_142_p_din0    |  out|   32|  ap_ctrl_hs|  layer_norm_Pipeline_LN_MEAN|  return value|
|grp_fu_142_p_din1    |  out|   32|  ap_ctrl_hs|  layer_norm_Pipeline_LN_MEAN|  return value|
|grp_fu_142_p_opcode  |  out|    1|  ap_ctrl_hs|  layer_norm_Pipeline_LN_MEAN|  return value|
|grp_fu_142_p_dout0   |   in|   32|  ap_ctrl_hs|  layer_norm_Pipeline_LN_MEAN|  return value|
|grp_fu_142_p_ce      |  out|    1|  ap_ctrl_hs|  layer_norm_Pipeline_LN_MEAN|  return value|
|grp_fu_285_p_din0    |  out|   32|  ap_ctrl_hs|  layer_norm_Pipeline_LN_MEAN|  return value|
|grp_fu_285_p_din1    |  out|   32|  ap_ctrl_hs|  layer_norm_Pipeline_LN_MEAN|  return value|
|grp_fu_285_p_opcode  |  out|    1|  ap_ctrl_hs|  layer_norm_Pipeline_LN_MEAN|  return value|
|grp_fu_285_p_dout0   |   in|   32|  ap_ctrl_hs|  layer_norm_Pipeline_LN_MEAN|  return value|
|grp_fu_285_p_ce      |  out|    1|  ap_ctrl_hs|  layer_norm_Pipeline_LN_MEAN|  return value|
|add_ln85             |   in|   16|     ap_none|                     add_ln85|        scalar|
|mp_address0          |  out|    6|   ap_memory|                           mp|         array|
|mp_ce0               |  out|    1|   ap_memory|                           mp|         array|
|mp_we0               |  out|    1|   ap_memory|                           mp|         array|
|mp_d0                |  out|   32|   ap_memory|                           mp|         array|
|x_buf_address0       |  out|   16|   ap_memory|                        x_buf|         array|
|x_buf_ce0            |  out|    1|   ap_memory|                        x_buf|         array|
|x_buf_q0             |   in|   32|   ap_memory|                        x_buf|         array|
|x_buf_address1       |  out|   16|   ap_memory|                        x_buf|         array|
|x_buf_ce1            |  out|    1|   ap_memory|                        x_buf|         array|
|x_buf_q1             |   in|   32|   ap_memory|                        x_buf|         array|
+---------------------+-----+-----+------------+-----------------------------+--------------+

