

================================================================
== Vitis HLS Report for 'layer_norm_Pipeline_LN_VAR'
================================================================
* Date:           Wed Jun  3 12:05:13 2026

* Version:        2022.2 (Build 3670227 on Oct 13 2022)
* Project:        s2_transformer_block
* Solution:       without_pragmas (Vivado IP Flow Target)
* Product family: zynquplus
* Target device:  xczu28dr-ffvg1517-2-e


================================================================
== Performance Estimates
================================================================
+ Timing: 
    * Summary: 
    +--------+---------+----------+------------+
    |  Clock |  Target | Estimated| Uncertainty|
    +--------+---------+----------+------------+
    |ap_clk  |  5.00 ns|  3.454 ns|     1.35 ns|
    +--------+---------+----------+------------+

+ Latency: 
    * Summary: 
    +---------+---------+----------+----------+-----+-----+---------+
    |  Latency (cycles) |  Latency (absolute) |  Interval | Pipeline|
    |   min   |   max   |    min   |    max   | min | max |   Type  |
    +---------+---------+----------+----------+-----+-----+---------+
    |      120|      120|  0.600 us|  0.600 us|  120|  120|       no|
    +---------+---------+----------+----------+-----+-----+---------+

    + Detail: 
        * Instance: 
        N/A

        * Loop: 
        +----------+---------+---------+----------+-----------+-----------+------+----------+
        |          |  Latency (cycles) | Iteration|  Initiation Interval  | Trip |          |
        | Loop Name|   min   |   max   |  Latency |  achieved |   target  | Count| Pipelined|
        +----------+---------+---------+----------+-----------+-----------+------+----------+
        |- LN_VAR  |      118|      118|        49|          2|          1|    36|       yes|
        +----------+---------+---------+----------+-----------+-----------+------+----------+



================================================================
== Utilization Estimates
================================================================
* Summary: 
+-----------------+---------+------+--------+--------+-----+
|       Name      | BRAM_18K|  DSP |   FF   |   LUT  | URAM|
+-----------------+---------+------+--------+--------+-----+
|DSP              |        -|     -|       -|       -|    -|
|Expression       |        -|     -|       0|      96|    -|
|FIFO             |        -|     -|       -|       -|    -|
|Instance         |        -|     4|     592|     478|    -|
|Memory           |        -|     -|       -|       -|    -|
|Multiplexer      |        -|     -|       -|     443|    -|
|Register         |        -|     -|     912|     160|    -|
+-----------------+---------+------+--------+--------+-----+
|Total            |        0|     4|    1504|    1177|    0|
+-----------------+---------+------+--------+--------+-----+
|Available        |     2160|  4272|  850560|  425280|   80|
+-----------------+---------+------+--------+--------+-----+
|Utilization (%)  |        0|    ~0|      ~0|      ~0|    0|
+-----------------+---------+------+--------+--------+-----+

+ Detail: 
    * Instance: 
    +------------------------------------+--------------------------------+---------+----+-----+-----+-----+
    |              Instance              |             Module             | BRAM_18K| DSP|  FF | LUT | URAM|
    +------------------------------------+--------------------------------+---------+----+-----+-----+-----+
    |fadd_32ns_32ns_32_8_full_dsp_1_U13  |fadd_32ns_32ns_32_8_full_dsp_1  |        0|   2|  296|  239|    0|
    |fadd_32ns_32ns_32_8_full_dsp_1_U14  |fadd_32ns_32ns_32_8_full_dsp_1  |        0|   2|  296|  239|    0|
    +------------------------------------+--------------------------------+---------+----+-----+-----+-----+
    |Total                               |                                |        0|   4|  592|  478|    0|
    +------------------------------------+--------------------------------+---------+----+-----+-----+-----+

    * DSP: 
    N/A

    * Memory: 
    N/A

    * FIFO: 
    N/A

    * Expression: 
    +----------------------+----------+----+---+----+------------+------------+
    |     Variable Name    | Operation| DSP| FF| LUT| Bitwidth P0| Bitwidth P1|
    +----------------------+----------+----+---+----+------------+------------+
    |add_ln113_fu_159_p2   |         +|   0|  0|  13|           6|           1|
    |add_ln118_fu_177_p2   |         +|   0|  0|  23|          16|          16|
    |icmp_ln113_fu_153_p2  |      icmp|   0|  0|  10|           6|           6|
    |or_ln118_1_fu_204_p2  |        or|   0|  0|  16|           2|          16|
    |or_ln118_2_fu_214_p2  |        or|   0|  0|  16|           2|          16|
    |or_ln118_fu_188_p2    |        or|   0|  0|  16|           1|          16|
    |ap_enable_pp0         |       xor|   0|  0|   2|           1|           2|
    +----------------------+----------+----+---+----+------------+------------+
    |Total                 |          |   0|  0|  96|          34|          73|
    +----------------------+----------+----+---+----+------------+------------+

    * Multiplexer: 
    +-----------------------------------+----+-----------+-----+-----------+
    |                Name               | LUT| Input Size| Bits| Total Bits|
    +-----------------------------------+----+-----------+-----+-----------+
    |ap_NS_fsm                          |  14|          3|    1|          3|
    |ap_done_int                        |   9|          2|    1|          2|
    |ap_enable_reg_pp0_iter0            |   9|          2|    1|          2|
    |ap_enable_reg_pp0_iter1            |   9|          2|    1|          2|
    |ap_enable_reg_pp0_iter24           |   9|          2|    1|          2|
    |ap_loop_exit_ready_pp0_iter10_reg  |   9|          2|    1|          2|
    |ap_loop_exit_ready_pp0_iter11_reg  |   9|          2|    1|          2|
    |ap_loop_exit_ready_pp0_iter12_reg  |   9|          2|    1|          2|
    |ap_loop_exit_ready_pp0_iter13_reg  |   9|          2|    1|          2|
    |ap_loop_exit_ready_pp0_iter14_reg  |   9|          2|    1|          2|
    |ap_loop_exit_ready_pp0_iter15_reg  |   9|          2|    1|          2|
    |ap_loop_exit_ready_pp0_iter16_reg  |   9|          2|    1|          2|
    |ap_loop_exit_ready_pp0_iter17_reg  |   9|          2|    1|          2|
    |ap_loop_exit_ready_pp0_iter18_reg  |   9|          2|    1|          2|
    |ap_loop_exit_ready_pp0_iter19_reg  |   9|          2|    1|          2|
    |ap_loop_exit_ready_pp0_iter1_reg   |   9|          2|    1|          2|
    |ap_loop_exit_ready_pp0_iter20_reg  |   9|          2|    1|          2|
    |ap_loop_exit_ready_pp0_iter21_reg  |   9|          2|    1|          2|
    |ap_loop_exit_ready_pp0_iter22_reg  |   9|          2|    1|          2|
    |ap_loop_exit_ready_pp0_iter23_reg  |   9|          2|    1|          2|
    |ap_loop_exit_ready_pp0_iter2_reg   |   9|          2|    1|          2|
    |ap_loop_exit_ready_pp0_iter3_reg   |   9|          2|    1|          2|
    |ap_loop_exit_ready_pp0_iter4_reg   |   9|          2|    1|          2|
    |ap_loop_exit_ready_pp0_iter5_reg   |   9|          2|    1|          2|
    |ap_loop_exit_ready_pp0_iter6_reg   |   9|          2|    1|          2|
    |ap_loop_exit_ready_pp0_iter7_reg   |   9|          2|    1|          2|
    |ap_loop_exit_ready_pp0_iter8_reg   |   9|          2|    1|          2|
    |ap_loop_exit_ready_pp0_iter9_reg   |   9|          2|    1|          2|
    |ap_sig_allocacmp_t_5               |   9|          2|    6|         12|
    |grp_fu_120_p0                      |  14|          3|   32|         96|
    |grp_fu_124_p0                      |  14|          3|   32|         96|
    |grp_fu_128_p0                      |  14|          3|   32|         96|
    |grp_fu_128_p1                      |  14|          3|   32|         96|
    |grp_fu_133_p0                      |  14|          3|   32|         96|
    |grp_fu_133_p1                      |  14|          3|   32|         96|
    |grp_fu_137_p0                      |  14|          3|   32|         96|
    |grp_fu_137_p1                      |  14|          3|   32|         96|
    |grp_fu_141_p0                      |  14|          3|   32|         96|
    |grp_fu_141_p1                      |  14|          3|   32|         96|
    |t_fu_50                            |   9|          2|    6|         12|
    |x_buf_address0                     |  14|          3|   16|         48|
    |x_buf_address1                     |  14|          3|   16|         48|
    +-----------------------------------+----+-----------+-----+-----------+
    |Total                              | 443|         97|  392|       1137|
    +-----------------------------------+----+-----------+-----+-----------+

    * Register: 
    +-----------------------------------+----+----+-----+-----------+
    |                Name               | FF | LUT| Bits| Const Bits|
    +-----------------------------------+----+----+-----+-----------+
    |add_ln118_reg_250                  |  16|   0|   16|          0|
    |ap_CS_fsm                          |   2|   0|    2|          0|
    |ap_done_reg                        |   1|   0|    1|          0|
    |ap_enable_reg_pp0_iter0_reg        |   1|   0|    1|          0|
    |ap_enable_reg_pp0_iter1            |   1|   0|    1|          0|
    |ap_enable_reg_pp0_iter10           |   1|   0|    1|          0|
    |ap_enable_reg_pp0_iter11           |   1|   0|    1|          0|
    |ap_enable_reg_pp0_iter12           |   1|   0|    1|          0|
    |ap_enable_reg_pp0_iter13           |   1|   0|    1|          0|
    |ap_enable_reg_pp0_iter14           |   1|   0|    1|          0|
    |ap_enable_reg_pp0_iter15           |   1|   0|    1|          0|
    |ap_enable_reg_pp0_iter16           |   1|   0|    1|          0|
    |ap_enable_reg_pp0_iter17           |   1|   0|    1|          0|
    |ap_enable_reg_pp0_iter18           |   1|   0|    1|          0|
    |ap_enable_reg_pp0_iter19           |   1|   0|    1|          0|
    |ap_enable_reg_pp0_iter2            |   1|   0|    1|          0|
    |ap_enable_reg_pp0_iter20           |   1|   0|    1|          0|
    |ap_enable_reg_pp0_iter21           |   1|   0|    1|          0|
    |ap_enable_reg_pp0_iter22           |   1|   0|    1|          0|
    |ap_enable_reg_pp0_iter23           |   1|   0|    1|          0|
    |ap_enable_reg_pp0_iter24           |   1|   0|    1|          0|
    |ap_enable_reg_pp0_iter3            |   1|   0|    1|          0|
    |ap_enable_reg_pp0_iter4            |   1|   0|    1|          0|
    |ap_enable_reg_pp0_iter5            |   1|   0|    1|          0|
    |ap_enable_reg_pp0_iter6            |   1|   0|    1|          0|
    |ap_enable_reg_pp0_iter7            |   1|   0|    1|          0|
    |ap_enable_reg_pp0_iter8            |   1|   0|    1|          0|
    |ap_enable_reg_pp0_iter9            |   1|   0|    1|          0|
    |ap_loop_exit_ready_pp0_iter10_reg  |   1|   0|    1|          0|
    |ap_loop_exit_ready_pp0_iter11_reg  |   1|   0|    1|          0|
    |ap_loop_exit_ready_pp0_iter12_reg  |   1|   0|    1|          0|
    |ap_loop_exit_ready_pp0_iter13_reg  |   1|   0|    1|          0|
    |ap_loop_exit_ready_pp0_iter14_reg  |   1|   0|    1|          0|
    |ap_loop_exit_ready_pp0_iter15_reg  |   1|   0|    1|          0|
    |ap_loop_exit_ready_pp0_iter16_reg  |   1|   0|    1|          0|
    |ap_loop_exit_ready_pp0_iter17_reg  |   1|   0|    1|          0|
    |ap_loop_exit_ready_pp0_iter18_reg  |   1|   0|    1|          0|
    |ap_loop_exit_ready_pp0_iter19_reg  |   1|   0|    1|          0|
    |ap_loop_exit_ready_pp0_iter1_reg   |   1|   0|    1|          0|
    |ap_loop_exit_ready_pp0_iter20_reg  |   1|   0|    1|          0|
    |ap_loop_exit_ready_pp0_iter21_reg  |   1|   0|    1|          0|
    |ap_loop_exit_ready_pp0_iter22_reg  |   1|   0|    1|          0|
    |ap_loop_exit_ready_pp0_iter23_reg  |   1|   0|    1|          0|
    |ap_loop_exit_ready_pp0_iter2_reg   |   1|   0|    1|          0|
    |ap_loop_exit_ready_pp0_iter3_reg   |   1|   0|    1|          0|
    |ap_loop_exit_ready_pp0_iter4_reg   |   1|   0|    1|          0|
    |ap_loop_exit_ready_pp0_iter5_reg   |   1|   0|    1|          0|
    |ap_loop_exit_ready_pp0_iter6_reg   |   1|   0|    1|          0|
    |ap_loop_exit_ready_pp0_iter7_reg   |   1|   0|    1|          0|
    |ap_loop_exit_ready_pp0_iter8_reg   |   1|   0|    1|          0|
    |ap_loop_exit_ready_pp0_iter9_reg   |   1|   0|    1|          0|
    |d_1_reg_302                        |  32|   0|   32|          0|
    |d_2_reg_308                        |  32|   0|   32|          0|
    |d_3_reg_314                        |  32|   0|   32|          0|
    |d_reg_296                          |  32|   0|   32|          0|
    |icmp_ln113_reg_246                 |   1|   0|    1|          0|
    |mul_1_reg_325                      |  32|   0|   32|          0|
    |mul_2_reg_330                      |  32|   0|   32|          0|
    |mul_3_reg_335                      |  32|   0|   32|          0|
    |mul_reg_320                        |  32|   0|   32|          0|
    |t_5_reg_241                        |   6|   0|    6|          0|
    |t_fu_50                            |   6|   0|    6|          0|
    |tile_6_1_reg_345                   |  32|   0|   32|          0|
    |tile_6_2_reg_350                   |  32|   0|   32|          0|
    |tile_6_3_reg_355                   |  32|   0|   32|          0|
    |tile_6_reg_340                     |  32|   0|   32|          0|
    |x_buf_load_1_reg_271               |  32|   0|   32|          0|
    |x_buf_load_2_reg_286               |  32|   0|   32|          0|
    |x_buf_load_3_reg_291               |  32|   0|   32|          0|
    |x_buf_load_reg_266                 |  32|   0|   32|          0|
    |icmp_ln113_reg_246                 |  64|  32|    1|          0|
    |mul_1_reg_325                      |  64|  32|   32|          0|
    |mul_2_reg_330                      |  64|  32|   32|          0|
    |mul_3_reg_335                      |  64|  32|   32|          0|
    |t_5_reg_241                        |  64|  32|    6|          0|
    +-----------------------------------+----+----+-----+-----------+
    |Total                              | 912| 160|  695|          0|
    +-----------------------------------+----+----+-----+-----------+



================================================================
== Interface
================================================================
* Summary: 
+---------------------+-----+-----+------------+----------------------------+--------------+
|      RTL Ports      | Dir | Bits|  Protocol  |        Source Object       |    C Type    |
+---------------------+-----+-----+------------+----------------------------+--------------+
|ap_clk               |   in|    1|  ap_ctrl_hs|  layer_norm_Pipeline_LN_VAR|  return value|
|ap_rst               |   in|    1|  ap_ctrl_hs|  layer_norm_Pipeline_LN_VAR|  return value|
|ap_start             |   in|    1|  ap_ctrl_hs|  layer_norm_Pipeline_LN_VAR|  return value|
|ap_done              |  out|    1|  ap_ctrl_hs|  layer_norm_Pipeline_LN_VAR|  return value|
|ap_idle              |  out|    1|  ap_ctrl_hs|  layer_norm_Pipeline_LN_VAR|  return value|
|ap_ready             |  out|    1|  ap_ctrl_hs|  layer_norm_Pipeline_LN_VAR|  return value|
|grp_fu_142_p_din0    |  out|   32|  ap_ctrl_hs|  layer_norm_Pipeline_LN_VAR|  return value|
|grp_fu_142_p_din1    |  out|   32|  ap_ctrl_hs|  layer_norm_Pipeline_LN_VAR|  return value|
|grp_fu_142_p_opcode  |  out|    1|  ap_ctrl_hs|  layer_norm_Pipeline_LN_VAR|  return value|
|grp_fu_142_p_dout0   |   in|   32|  ap_ctrl_hs|  layer_norm_Pipeline_LN_VAR|  return value|
|grp_fu_142_p_ce      |  out|    1|  ap_ctrl_hs|  layer_norm_Pipeline_LN_VAR|  return value|
|grp_fu_285_p_din0    |  out|   32|  ap_ctrl_hs|  layer_norm_Pipeline_LN_VAR|  return value|
|grp_fu_285_p_din1    |  out|   32|  ap_ctrl_hs|  layer_norm_Pipeline_LN_VAR|  return value|
|grp_fu_285_p_opcode  |  out|    1|  ap_ctrl_hs|  layer_norm_Pipeline_LN_VAR|  return value|
|grp_fu_285_p_dout0   |   in|   32|  ap_ctrl_hs|  layer_norm_Pipeline_LN_VAR|  return value|
|grp_fu_285_p_ce      |  out|    1|  ap_ctrl_hs|  layer_norm_Pipeline_LN_VAR|  return value|
|grp_fu_289_p_din0    |  out|   32|  ap_ctrl_hs|  layer_norm_Pipeline_LN_VAR|  return value|
|grp_fu_289_p_din1    |  out|   32|  ap_ctrl_hs|  layer_norm_Pipeline_LN_VAR|  return value|
|grp_fu_289_p_dout0   |   in|   32|  ap_ctrl_hs|  layer_norm_Pipeline_LN_VAR|  return value|
|grp_fu_289_p_ce      |  out|    1|  ap_ctrl_hs|  layer_norm_Pipeline_LN_VAR|  return value|
|grp_fu_293_p_din0    |  out|   32|  ap_ctrl_hs|  layer_norm_Pipeline_LN_VAR|  return value|
|grp_fu_293_p_din1    |  out|   32|  ap_ctrl_hs|  layer_norm_Pipeline_LN_VAR|  return value|
|grp_fu_293_p_dout0   |   in|   32|  ap_ctrl_hs|  layer_norm_Pipeline_LN_VAR|  return value|
|grp_fu_293_p_ce      |  out|    1|  ap_ctrl_hs|  layer_norm_Pipeline_LN_VAR|  return value|
|add_ln85             |   in|   16|     ap_none|                    add_ln85|        scalar|
|mean                 |   in|   32|     ap_none|                        mean|        scalar|
|vp_address0          |  out|    6|   ap_memory|                          vp|         array|
|vp_ce0               |  out|    1|   ap_memory|                          vp|         array|
|vp_we0               |  out|    1|   ap_memory|                          vp|         array|
|vp_d0                |  out|   32|   ap_memory|                          vp|         array|
|x_buf_address0       |  out|   16|   ap_memory|                       x_buf|         array|
|x_buf_ce0            |  out|    1|   ap_memory|                       x_buf|         array|
|x_buf_q0             |   in|   32|   ap_memory|                       x_buf|         array|
|x_buf_address1       |  out|   16|   ap_memory|                       x_buf|         array|
|x_buf_ce1            |  out|    1|   ap_memory|                       x_buf|         array|
|x_buf_q1             |   in|   32|   ap_memory|                       x_buf|         array|
+---------------------+-----+-----+------------+----------------------------+--------------+

