

================================================================
== Vitis HLS Report for 'linear_f'
================================================================
* Date:           Wed Jun  3 12:05:13 2026

* Version:        2022.2 (Build 3670227 on Oct 13 2022)
* Project:        s2_transformer_block
* Solution:       without_pragmas (Vivado IP Flow Target)
* Product family: zynquplus
* Target device:  xczu28dr-ffvg1517-2-e


================================================================
== Performance Estimates
================================================================
+ Timing: 
    * Summary: 
    +--------+---------+----------+------------+
    |  Clock |  Target | Estimated| Uncertainty|
    +--------+---------+----------+------------+
    |ap_clk  |  5.00 ns|  3.454 ns|     1.35 ns|
    +--------+---------+----------+------------+

+ Latency: 
    * Summary: 
    +----------+----------+-----------+-----------+----------+----------+---------+
    |   Latency (cycles)  |   Latency (absolute)  |       Interval      | Pipeline|
    |    min   |    max   |    min    |    max    |    min   |    max   |   Type  |
    +----------+----------+-----------+-----------+----------+----------+---------+
    |  67161601|  67161601|  0.336 sec|  0.336 sec|  67161601|  67161601|       no|
    +----------+----------+-----------+-----------+----------+----------+---------+

    + Detail: 
        * Instance: 
        +------------------------------------+-------------------------+---------+---------+----------+----------+------+------+---------+
        |                                    |                         |  Latency (cycles) |  Latency (absolute) |   Interval  | Pipeline|
        |              Instance              |          Module         |   min   |   max   |    min   |    max   |  min |  max |   Type  |
        +------------------------------------+-------------------------+---------+---------+----------+----------+------+------+---------+
        |grp_linear_f_Pipeline_LF_ID_fu_113  |linear_f_Pipeline_LF_ID  |     1162|     1162|  5.810 us|  5.810 us|  1162|  1162|       no|
        +------------------------------------+-------------------------+---------+---------+----------+----------+------+------+---------+

        * Loop: 
        +--------------+----------+----------+----------+-----------+-----------+-------+----------+
        |              |   Latency (cycles)  | Iteration|  Initiation Interval  |  Trip |          |
        |   Loop Name  |    min   |    max   |  Latency |  achieved |   target  | Count | Pipelined|
        +--------------+----------+----------+----------+-----------+-----------+-------+----------+
        |- LF_S_LF_OD  |  67161600|  67161600|      1166|          -|          -|  57600|        no|
        +--------------+----------+----------+----------+-----------+-----------+-------+----------+



================================================================
== Utilization Estimates
================================================================
* Summary: 
+-----------------+---------+------+--------+--------+-----+
|       Name      | BRAM_18K|  DSP |   FF   |   LUT  | URAM|
+-----------------+---------+------+--------+--------+-----+
|DSP              |        -|     -|       -|       -|    -|
|Expression       |        -|     -|       0|     207|    -|
|FIFO             |        -|     -|       -|       -|    -|
|Instance         |        -|     5|     689|     644|    -|
|Memory           |        -|     -|       -|       -|    -|
|Multiplexer      |        -|     -|       -|      86|    -|
|Register         |        -|     -|     155|       -|    -|
+-----------------+---------+------+--------+--------+-----+
|Total            |        0|     5|     844|     937|    0|
+-----------------+---------+------+--------+--------+-----+
|Available        |     2160|  4272|  850560|  425280|   80|
+-----------------+---------+------+--------+--------+-----+
|Utilization (%)  |        0|    ~0|      ~0|      ~0|    0|
+-----------------+---------+------+--------+--------+-----+

+ Detail: 
    * Instance: 
    +------------------------------------+-------------------------+---------+----+-----+-----+-----+
    |              Instance              |          Module         | BRAM_18K| DSP|  FF | LUT | URAM|
    +------------------------------------+-------------------------+---------+----+-----+-----+-----+
    |grp_linear_f_Pipeline_LF_ID_fu_113  |linear_f_Pipeline_LF_ID  |        0|   5|  689|  644|    0|
    +------------------------------------+-------------------------+---------+----+-----+-----+-----+
    |Total                               |                         |        0|   5|  689|  644|    0|
    +------------------------------------+-------------------------+---------+----+-----+-----+-----+

    * DSP: 
    N/A

    * Memory: 
    N/A

    * FIFO: 
    N/A

    * Expression: 
    +--------------------------+----------+----+---+----+------------+------------+
    |       Variable Name      | Operation| DSP| FF| LUT| Bitwidth P0| Bitwidth P1|
    +--------------------------+----------+----+---+----+------------+------------+
    |add_ln162_4_fu_205_p2     |         +|   0|  0|  16|           9|           1|
    |add_ln162_fu_182_p2       |         +|   0|  0|  23|          16|           1|
    |add_ln163_fu_285_p2       |         +|   0|  0|  15|           8|           1|
    |add_ln165_fu_265_p2       |         +|   0|  0|  27|          20|          20|
    |add_ln172_fu_329_p2       |         +|   0|  0|  23|          16|          16|
    |empty_fu_170_p2           |         +|   0|  0|  23|          16|          16|
    |p_mid1_fu_231_p2          |         +|   0|  0|  23|          16|          16|
    |icmp_ln162_fu_176_p2      |      icmp|   0|  0|  13|          16|          14|
    |icmp_ln163_fu_191_p2      |      icmp|   0|  0|  11|           8|           8|
    |select_ln162_4_fu_237_p3  |    select|   0|  0|  16|           1|          16|
    |select_ln162_5_fu_245_p3  |    select|   0|  0|   9|           1|           9|
    |select_ln162_fu_197_p3    |    select|   0|  0|   8|           1|           1|
    +--------------------------+----------+----+---+----+------------+------------+
    |Total                     |          |   0|  0| 207|         128|         119|
    +--------------------------+----------+----+---+----+------------+------------+

    * Multiplexer: 
    +----------------------+----+-----------+-----+-----------+
    |         Name         | LUT| Input Size| Bits| Total Bits|
    +----------------------+----+-----------+-----+-----------+
    |ap_NS_fsm             |  31|          6|    1|          6|
    |indvar_flatten_fu_84  |   9|          2|   16|         32|
    |od_fu_76              |   9|          2|    8|         16|
    |s_fu_80               |   9|          2|    9|         18|
    |w_address0            |  14|          3|   19|         57|
    |w_ce0                 |  14|          3|    1|          3|
    +----------------------+----+-----------+-----+-----------+
    |Total                 |  86|         18|   54|        132|
    +----------------------+----+-----------+-----+-----------+

    * Register: 
    +-------------------------------------------------+----+----+-----+-----------+
    |                       Name                      | FF | LUT| Bits| Const Bits|
    +-------------------------------------------------+----+----+-----+-----------+
    |acc_reg_392                                      |  32|   0|   32|          0|
    |add_ln172_reg_407                                |  16|   0|   16|          0|
    |ap_CS_fsm                                        |   5|   0|    5|          0|
    |grp_linear_f_Pipeline_LF_ID_fu_113_ap_start_reg  |   1|   0|    1|          0|
    |indvar_flatten_fu_84                             |  16|   0|   16|          0|
    |od_fu_76                                         |   8|   0|    8|          0|
    |s_fu_80                                          |   9|   0|    9|          0|
    |select_ln162_4_reg_376                           |  12|   0|   16|          4|
    |select_ln162_reg_369                             |   8|   0|    8|          0|
    |tmp_reg_397                                      |   8|   0|   12|          4|
    |tmp_s_reg_402                                    |   8|   0|   15|          7|
    |w_load_reg_387                                   |  32|   0|   32|          0|
    +-------------------------------------------------+----+----+-----+-----------+
    |Total                                            | 155|   0|  170|         15|
    +-------------------------------------------------+----+----+-----+-----------+



================================================================
== Interface
================================================================
* Summary: 
+----------------+-----+-----+------------+--------------+--------------+
|    RTL Ports   | Dir | Bits|  Protocol  | Source Object|    C Type    |
+----------------+-----+-----+------------+--------------+--------------+
|ap_clk          |   in|    1|  ap_ctrl_hs|      linear_f|  return value|
|ap_rst          |   in|    1|  ap_ctrl_hs|      linear_f|  return value|
|ap_start        |   in|    1|  ap_ctrl_hs|      linear_f|  return value|
|ap_done         |  out|    1|  ap_ctrl_hs|      linear_f|  return value|
|ap_idle         |  out|    1|  ap_ctrl_hs|      linear_f|  return value|
|ap_ready        |  out|    1|  ap_ctrl_hs|      linear_f|  return value|
|in_r_address0   |  out|   16|   ap_memory|          in_r|         array|
|in_r_ce0        |  out|    1|   ap_memory|          in_r|         array|
|in_r_q0         |   in|   32|   ap_memory|          in_r|         array|
|out_r_address0  |  out|   16|   ap_memory|         out_r|         array|
|out_r_ce0       |  out|    1|   ap_memory|         out_r|         array|
|out_r_we0       |  out|    1|   ap_memory|         out_r|         array|
|out_r_d0        |  out|   32|   ap_memory|         out_r|         array|
|w_address0      |  out|   19|   ap_memory|             w|         array|
|w_ce0           |  out|    1|   ap_memory|             w|         array|
|w_q0            |   in|   32|   ap_memory|             w|         array|
|w1              |   in|   20|     ap_none|            w1|        scalar|
|bias            |   in|   20|     ap_none|          bias|        scalar|
+----------------+-----+-----+------------+--------------+--------------+

