

================================================================
== Vitis HLS Report for 'linear_f_Pipeline_LF_ID'
================================================================
* Date:           Wed Jun  3 12:05:13 2026

* Version:        2022.2 (Build 3670227 on Oct 13 2022)
* Project:        s2_transformer_block
* Solution:       without_pragmas (Vivado IP Flow Target)
* Product family: zynquplus
* Target device:  xczu28dr-ffvg1517-2-e


================================================================
== Performance Estimates
================================================================
+ Timing: 
    * Summary: 
    +--------+---------+----------+------------+
    |  Clock |  Target | Estimated| Uncertainty|
    +--------+---------+----------+------------+
    |ap_clk  |  5.00 ns|  3.454 ns|     1.35 ns|
    +--------+---------+----------+------------+

+ Latency: 
    * Summary: 
    +---------+---------+----------+----------+------+------+---------+
    |  Latency (cycles) |  Latency (absolute) |   Interval  | Pipeline|
    |   min   |   max   |    min   |    max   |  min |  max |   Type  |
    +---------+---------+----------+----------+------+------+---------+
    |     1162|     1162|  5.810 us|  5.810 us|  1162|  1162|       no|
    +---------+---------+----------+----------+------+------+---------+

    + Detail: 
        * Instance: 
        N/A

        * Loop: 
        +----------+---------+---------+----------+-----------+-----------+------+----------+
        |          |  Latency (cycles) | Iteration|  Initiation Interval  | Trip |          |
        | Loop Name|   min   |   max   |  Latency |  achieved |   target  | Count| Pipelined|
        +----------+---------+---------+----------+-----------+-----------+------+----------+
        |- LF_ID   |     1160|     1160|        17|          8|          1|   144|       yes|
        +----------+---------+---------+----------+-----------+-----------+------+----------+



================================================================
== Utilization Estimates
================================================================
* Summary: 
+-----------------+---------+------+--------+--------+-----+
|       Name      | BRAM_18K|  DSP |   FF   |   LUT  | URAM|
+-----------------+---------+------+--------+--------+-----+
|DSP              |        -|     -|       -|       -|    -|
|Expression       |        -|     -|       0|     130|    -|
|FIFO             |        -|     -|       -|       -|    -|
|Instance         |        -|     5|     447|     384|    -|
|Memory           |        -|     -|       -|       -|    -|
|Multiplexer      |        -|     -|       -|     130|    -|
|Register         |        -|     -|     242|       -|    -|
+-----------------+---------+------+--------+--------+-----+
|Total            |        0|     5|     689|     644|    0|
+-----------------+---------+------+--------+--------+-----+
|Available        |     2160|  4272|  850560|  425280|   80|
+-----------------+---------+------+--------+--------+-----+
|Utilization (%)  |        0|    ~0|      ~0|      ~0|    0|
+-----------------+---------+------+--------+--------+-----+

+ Detail: 
    * Instance: 
    +------------------------------------+--------------------------------+---------+----+-----+-----+-----+
    |              Instance              |             Module             | BRAM_18K| DSP|  FF | LUT | URAM|
    +------------------------------------+--------------------------------+---------+----+-----+-----+-----+
    |fadd_32ns_32ns_32_8_full_dsp_1_U55  |fadd_32ns_32ns_32_8_full_dsp_1  |        0|   2|  296|  239|    0|
    |fmul_32ns_32ns_32_5_max_dsp_1_U56   |fmul_32ns_32ns_32_5_max_dsp_1   |        0|   3|  151|  145|    0|
    +------------------------------------+--------------------------------+---------+----+-----+-----+-----+
    |Total                               |                                |        0|   5|  447|  384|    0|
    +------------------------------------+--------------------------------+---------+----+-----+-----+-----+

    * DSP: 
    N/A

    * Memory: 
    N/A

    * FIFO: 
    N/A

    * Expression: 
    +-----------------------+----------+----+---+----+------------+------------+
    |     Variable Name     | Operation| DSP| FF| LUT| Bitwidth P0| Bitwidth P1|
    +-----------------------+----------+----+---+----+------------+------------+
    |add_ln166_fu_184_p2    |         +|   0|  0|  15|           8|           1|
    |add_ln170_7_fu_209_p2  |         +|   0|  0|  19|          12|          12|
    |add_ln170_8_fu_219_p2  |         +|   0|  0|  22|          15|          15|
    |add_ln170_9_fu_237_p2  |         +|   0|  0|  27|          20|          20|
    |add_ln170_fu_194_p2    |         +|   0|  0|  23|          16|          16|
    |icmp_ln166_fu_178_p2   |      icmp|   0|  0|  11|           8|           8|
    |ifzero_fu_253_p2       |      icmp|   0|  0|  11|           8|           8|
    |ap_enable_pp0          |       xor|   0|  0|   2|           1|           2|
    +-----------------------+----------+----+---+----+------------+------------+
    |Total                  |          |   0|  0| 130|          88|          82|
    +-----------------------+----------+----+---+----+------------+------------+

    * Multiplexer: 
    +----------------------------------+----+-----------+-----+-----------+
    |               Name               | LUT| Input Size| Bits| Total Bits|
    +----------------------------------+----+-----------+-----+-----------+
    |acc_02_fu_70                      |   9|          2|   32|         64|
    |ap_NS_fsm                         |  49|          9|    1|          9|
    |ap_done_int                       |   9|          2|    1|          2|
    |ap_enable_reg_pp0_iter0           |   9|          2|    1|          2|
    |ap_enable_reg_pp0_iter1           |   9|          2|    1|          2|
    |ap_enable_reg_pp0_iter2           |   9|          2|    1|          2|
    |ap_loop_exit_ready_pp0_iter1_reg  |   9|          2|    1|          2|
    |ap_sig_allocacmp_acc_02_load      |   9|          2|   32|         64|
    |ap_sig_allocacmp_id_3             |   9|          2|    8|         16|
    |id_fu_74                          |   9|          2|    8|         16|
    +----------------------------------+----+-----------+-----+-----------+
    |Total                             | 130|         27|   86|        179|
    +----------------------------------+----+-----------+-----+-----------+

    * Register: 
    +----------------------------------+----+----+-----+-----------+
    |               Name               | FF | LUT| Bits| Const Bits|
    +----------------------------------+----+----+-----+-----------+
    |acc_02_fu_70                      |  32|   0|   32|          0|
    |acc_5_reg_351                     |  32|   0|   32|          0|
    |add_ln166_reg_302                 |   8|   0|    8|          0|
    |ap_CS_fsm                         |   8|   0|    8|          0|
    |ap_done_reg                       |   1|   0|    1|          0|
    |ap_enable_reg_pp0_iter0_reg       |   1|   0|    1|          0|
    |ap_enable_reg_pp0_iter1           |   1|   0|    1|          0|
    |ap_enable_reg_pp0_iter2           |   1|   0|    1|          0|
    |ap_loop_exit_ready_pp0_iter1_reg  |   1|   0|    1|          0|
    |icmp_ln166_reg_298                |   1|   0|    1|          0|
    |id_fu_74                          |   8|   0|    8|          0|
    |ifzero_reg_317                    |   1|   0|    1|          0|
    |ifzero_reg_317_pp0_iter1_reg      |   1|   0|    1|          0|
    |in_load_reg_321                   |  32|   0|   32|          0|
    |lshr_ln2_reg_312                  |  18|   0|   18|          0|
    |mul_reg_341                       |  32|   0|   32|          0|
    |out_addr_reg_293                  |  16|   0|   16|          0|
    |out_addr_reg_293_pp0_iter1_reg    |  16|   0|   16|          0|
    |w_load_reg_331                    |  32|   0|   32|          0|
    +----------------------------------+----+----+-----+-----------+
    |Total                             | 242|   0|  242|          0|
    +----------------------------------+----+----+-----+-----------+



================================================================
== Interface
================================================================
* Summary: 
+----------------+-----+-----+------------+-------------------------+--------------+
|    RTL Ports   | Dir | Bits|  Protocol  |      Source Object      |    C Type    |
+----------------+-----+-----+------------+-------------------------+--------------+
|ap_clk          |   in|    1|  ap_ctrl_hs|  linear_f_Pipeline_LF_ID|  return value|
|ap_rst          |   in|    1|  ap_ctrl_hs|  linear_f_Pipeline_LF_ID|  return value|
|ap_start        |   in|    1|  ap_ctrl_hs|  linear_f_Pipeline_LF_ID|  return value|
|ap_done         |  out|    1|  ap_ctrl_hs|  linear_f_Pipeline_LF_ID|  return value|
|ap_idle         |  out|    1|  ap_ctrl_hs|  linear_f_Pipeline_LF_ID|  return value|
|ap_ready        |  out|    1|  ap_ctrl_hs|  linear_f_Pipeline_LF_ID|  return value|
|acc             |   in|   32|     ap_none|                      acc|        scalar|
|out_r_address0  |  out|   16|   ap_memory|                    out_r|         array|
|out_r_ce0       |  out|    1|   ap_memory|                    out_r|         array|
|out_r_we0       |  out|    1|   ap_memory|                    out_r|         array|
|out_r_d0        |  out|   32|   ap_memory|                    out_r|         array|
|zext_ln172      |   in|   16|     ap_none|               zext_ln172|        scalar|
|select_ln162_4  |   in|   16|     ap_none|           select_ln162_4|        scalar|
|in_r_address0   |  out|   16|   ap_memory|                     in_r|         array|
|in_r_ce0        |  out|    1|   ap_memory|                     in_r|         array|
|in_r_q0         |   in|   32|   ap_memory|                     in_r|         array|
|tmp             |   in|   12|     ap_none|                      tmp|        scalar|
|tmp_13          |   in|   15|     ap_none|                   tmp_13|        scalar|
|w1              |   in|   20|     ap_none|                       w1|        scalar|
|w_address0      |  out|   19|   ap_memory|                        w|         array|
|w_ce0           |  out|    1|   ap_memory|                        w|         array|
|w_q0            |   in|   32|   ap_memory|                        w|         array|
+----------------+-----+-----+------------+-------------------------+--------------+

