

================================================================
== Vitis HLS Report for 'mhsa_Pipeline_SM_SUM_R'
================================================================
* Date:           Wed Jun  3 12:05:15 2026

* Version:        2022.2 (Build 3670227 on Oct 13 2022)
* Project:        s2_transformer_block
* Solution:       without_pragmas (Vivado IP Flow Target)
* Product family: zynquplus
* Target device:  xczu28dr-ffvg1517-2-e


================================================================
== Performance Estimates
================================================================
+ Timing: 
    * Summary: 
    +--------+---------+----------+------------+
    |  Clock |  Target | Estimated| Uncertainty|
    +--------+---------+----------+------------+
    |ap_clk  |  5.00 ns|  3.454 ns|     1.35 ns|
    +--------+---------+----------+------------+

+ Latency: 
    * Summary: 
    +---------+---------+----------+----------+-----+-----+---------+
    |  Latency (cycles) |  Latency (absolute) |  Interval | Pipeline|
    |   min   |   max   |    min   |    max   | min | max |   Type  |
    +---------+---------+----------+----------+-----+-----+---------+
    |      804|      804|  4.020 us|  4.020 us|  804|  804|       no|
    +---------+---------+----------+----------+-----+-----+---------+

    + Detail: 
        * Instance: 
        N/A

        * Loop: 
        +------------+---------+---------+----------+-----------+-----------+------+----------+
        |            |  Latency (cycles) | Iteration|  Initiation Interval  | Trip |          |
        |  Loop Name |   min   |   max   |  Latency |  achieved |   target  | Count| Pipelined|
        +------------+---------+---------+----------+-----------+-----------+------+----------+
        |- SM_SUM_R  |      802|      802|        11|          8|          1|   100|       yes|
        +------------+---------+---------+----------+-----------+-----------+------+----------+



================================================================
== Utilization Estimates
================================================================
* Summary: 
+-----------------+---------+------+--------+--------+-----+
|       Name      | BRAM_18K|  DSP |   FF   |   LUT  | URAM|
+-----------------+---------+------+--------+--------+-----+
|DSP              |        -|     -|       -|       -|    -|
|Expression       |        -|     -|       0|      26|    -|
|FIFO             |        -|     -|       -|       -|    -|
|Instance         |        -|     -|       -|       -|    -|
|Memory           |        -|     -|       -|       -|    -|
|Multiplexer      |        -|     -|       -|     121|    -|
|Register         |        -|     -|     115|       -|    -|
+-----------------+---------+------+--------+--------+-----+
|Total            |        0|     0|     115|     147|    0|
+-----------------+---------+------+--------+--------+-----+
|Available        |     2160|  4272|  850560|  425280|   80|
+-----------------+---------+------+--------+--------+-----+
|Utilization (%)  |        0|     0|      ~0|      ~0|    0|
+-----------------+---------+------+--------+--------+-----+

+ Detail: 
    * Instance: 
    N/A

    * DSP: 
    N/A

    * Memory: 
    N/A

    * FIFO: 
    N/A

    * Expression: 
    +---------------------+----------+----+---+----+------------+------------+
    |    Variable Name    | Operation| DSP| FF| LUT| Bitwidth P0| Bitwidth P1|
    +---------------------+----------+----+---+----+------------+------------+
    |add_ln227_fu_85_p2   |         +|   0|  0|  14|           7|           1|
    |icmp_ln227_fu_79_p2  |      icmp|   0|  0|  10|           7|           6|
    |ap_enable_pp0        |       xor|   0|  0|   2|           1|           2|
    +---------------------+----------+----+---+----+------------+------------+
    |Total                |          |   0|  0|  26|          15|           9|
    +---------------------+----------+----+---+----+------------+------------+

    * Multiplexer: 
    +-----------------------------+----+-----------+-----+-----------+
    |             Name            | LUT| Input Size| Bits| Total Bits|
    +-----------------------------+----+-----------+-----+-----------+
    |ap_NS_fsm                    |  49|          9|    1|          9|
    |ap_done_int                  |   9|          2|    1|          2|
    |ap_enable_reg_pp0_iter0      |   9|          2|    1|          2|
    |ap_enable_reg_pp0_iter0_reg  |   9|          2|    1|          2|
    |ap_enable_reg_pp0_iter1      |   9|          2|    1|          2|
    |ap_sig_allocacmp_s_load      |   9|          2|   32|         64|
    |ap_sig_allocacmp_t_2         |   9|          2|    7|         14|
    |s_fu_34                      |   9|          2|   32|         64|
    |t_fu_38                      |   9|          2|    7|         14|
    +-----------------------------+----+-----------+-----+-----------+
    |Total                        | 121|         25|   83|        173|
    +-----------------------------+----+-----------+-----+-----------+

    * Register: 
    +-----------------------------+----+----+-----+-----------+
    |             Name            | FF | LUT| Bits| Const Bits|
    +-----------------------------+----+----+-----+-----------+
    |ap_CS_fsm                    |   8|   0|    8|          0|
    |ap_done_reg                  |   1|   0|    1|          0|
    |ap_enable_reg_pp0_iter0_reg  |   1|   0|    1|          0|
    |ap_enable_reg_pp0_iter1      |   1|   0|    1|          0|
    |icmp_ln227_reg_128           |   1|   0|    1|          0|
    |s_2_reg_147                  |  32|   0|   32|          0|
    |s_fu_34                      |  32|   0|   32|          0|
    |sp_load_reg_137              |  32|   0|   32|          0|
    |t_fu_38                      |   7|   0|    7|          0|
    +-----------------------------+----+----+-----+-----------+
    |Total                        | 115|   0|  115|          0|
    +-----------------------------+----+----+-----+-----------+



================================================================
== Interface
================================================================
* Summary: 
+---------------------+-----+-----+------------+------------------------+--------------+
|      RTL Ports      | Dir | Bits|  Protocol  |      Source Object     |    C Type    |
+---------------------+-----+-----+------------+------------------------+--------------+
|ap_clk               |   in|    1|  ap_ctrl_hs|  mhsa_Pipeline_SM_SUM_R|  return value|
|ap_rst               |   in|    1|  ap_ctrl_hs|  mhsa_Pipeline_SM_SUM_R|  return value|
|ap_start             |   in|    1|  ap_ctrl_hs|  mhsa_Pipeline_SM_SUM_R|  return value|
|ap_done              |  out|    1|  ap_ctrl_hs|  mhsa_Pipeline_SM_SUM_R|  return value|
|ap_idle              |  out|    1|  ap_ctrl_hs|  mhsa_Pipeline_SM_SUM_R|  return value|
|ap_ready             |  out|    1|  ap_ctrl_hs|  mhsa_Pipeline_SM_SUM_R|  return value|
|grp_fu_752_p_din0    |  out|   32|  ap_ctrl_hs|  mhsa_Pipeline_SM_SUM_R|  return value|
|grp_fu_752_p_din1    |  out|   32|  ap_ctrl_hs|  mhsa_Pipeline_SM_SUM_R|  return value|
|grp_fu_752_p_opcode  |  out|    1|  ap_ctrl_hs|  mhsa_Pipeline_SM_SUM_R|  return value|
|grp_fu_752_p_dout0   |   in|   32|  ap_ctrl_hs|  mhsa_Pipeline_SM_SUM_R|  return value|
|grp_fu_752_p_ce      |  out|    1|  ap_ctrl_hs|  mhsa_Pipeline_SM_SUM_R|  return value|
|sp_address0          |  out|    7|   ap_memory|                      sp|         array|
|sp_ce0               |  out|    1|   ap_memory|                      sp|         array|
|sp_q0                |   in|   32|   ap_memory|                      sp|         array|
|s_out                |  out|   32|      ap_vld|                   s_out|       pointer|
|s_out_ap_vld         |  out|    1|      ap_vld|                   s_out|       pointer|
+---------------------+-----+-----+------------+------------------------+--------------+

