

================================================================
== Vitis HLS Report for 'mhsa_Pipeline_MHSA_QI_MHSA_KI'
================================================================
* Date:           Wed Jun  3 12:05:14 2026

* Version:        2022.2 (Build 3670227 on Oct 13 2022)
* Project:        s2_transformer_block
* Solution:       without_pragmas (Vivado IP Flow Target)
* Product family: zynquplus
* Target device:  xczu28dr-ffvg1517-2-e


================================================================
== Performance Estimates
================================================================
+ Timing: 
    * Summary: 
    +--------+---------+----------+------------+
    |  Clock |  Target | Estimated| Uncertainty|
    +--------+---------+----------+------------+
    |ap_clk  |  5.00 ns|  3.966 ns|     1.35 ns|
    +--------+---------+----------+------------+

+ Latency: 
    * Summary: 
    +---------+---------+-----------+-----------+---------+---------+---------+
    |  Latency (cycles) |   Latency (absolute)  |      Interval     | Pipeline|
    |   min   |   max   |    min    |    max    |   min   |   max   |   Type  |
    +---------+---------+-----------+-----------+---------+---------+---------+
    |  2880286|  2880286|  14.401 ms|  14.401 ms|  2880286|  2880286|       no|
    +---------+---------+-----------+-----------+---------+---------+---------+

    + Detail: 
        * Instance: 
        N/A

        * Loop: 
        +-------------------+---------+---------+----------+-----------+-----------+--------+----------+
        |                   |  Latency (cycles) | Iteration|  Initiation Interval  |  Trip  |          |
        |     Loop Name     |   min   |   max   |  Latency |  achieved |   target  |  Count | Pipelined|
        +-------------------+---------+---------+----------+-----------+-----------+--------+----------+
        |- MHSA_QI_MHSA_KI  |  2880284|  2880284|       303|         18|          1|  160000|       yes|
        +-------------------+---------+---------+----------+-----------+-----------+--------+----------+



================================================================
== Utilization Estimates
================================================================
* Summary: 
+-----------------+---------+------+--------+--------+-----+
|       Name      | BRAM_18K|  DSP |   FF   |   LUT  | URAM|
+-----------------+---------+------+--------+--------+-----+
|DSP              |        -|     1|       -|       -|    -|
|Expression       |        -|     -|       0|    1814|    -|
|FIFO             |        -|     -|       -|       -|    -|
|Instance         |        -|     3|     151|     145|    -|
|Memory           |        -|     -|       -|       -|    -|
|Multiplexer      |        -|     -|       -|    1203|    -|
|Register         |        -|     -|    5229|    1120|    -|
+-----------------+---------+------+--------+--------+-----+
|Total            |        0|     4|    5380|    4282|    0|
+-----------------+---------+------+--------+--------+-----+
|Available        |     2160|  4272|  850560|  425280|   80|
+-----------------+---------+------+--------+--------+-----+
|Utilization (%)  |        0|    ~0|      ~0|       1|    0|
+-----------------+---------+------+--------+--------+-----+

+ Detail: 
    * Instance: 
    +-----------------------------------+-------------------------------+---------+----+-----+-----+-----+
    |              Instance             |             Module            | BRAM_18K| DSP|  FF | LUT | URAM|
    +-----------------------------------+-------------------------------+---------+----+-----+-----+-----+
    |fmul_32ns_32ns_32_5_max_dsp_1_U75  |fmul_32ns_32ns_32_5_max_dsp_1  |        0|   3|  151|  145|    0|
    +-----------------------------------+-------------------------------+---------+----+-----+-----+-----+
    |Total                              |                               |        0|   3|  151|  145|    0|
    +-----------------------------------+-------------------------------+---------+----+-----+-----+-----+

    * DSP: 
    +-----------------------------------+-------------------------------+--------------+
    |              Instance             |             Module            |  Expression  |
    +-----------------------------------+-------------------------------+--------------+
    |mac_muladd_9ns_9ns_9ns_18_4_1_U76  |mac_muladd_9ns_9ns_9ns_18_4_1  |  i0 + i1 * i2|
    +-----------------------------------+-------------------------------+--------------+

    * Memory: 
    N/A

    * FIFO: 
    N/A

    * Expression: 
    +---------------------------+----------+----+---+----+------------+------------+
    |       Variable Name       | Operation| DSP| FF| LUT| Bitwidth P0| Bitwidth P1|
    +---------------------------+----------+----+---+----+------------+------------+
    |add_ln265_10_fu_1370_p2    |         +|   0|  0|  23|          16|           4|
    |add_ln265_11_fu_1400_p2    |         +|   0|  0|  23|          16|           4|
    |add_ln265_12_fu_1410_p2    |         +|   0|  0|  23|          16|           4|
    |add_ln265_13_fu_1440_p2    |         +|   0|  0|  23|          16|           5|
    |add_ln265_14_fu_1450_p2    |         +|   0|  0|  23|          16|           5|
    |add_ln265_15_fu_1480_p2    |         +|   0|  0|  23|          16|           5|
    |add_ln265_16_fu_1490_p2    |         +|   0|  0|  23|          16|           5|
    |add_ln265_17_fu_1520_p2    |         +|   0|  0|  23|          16|           5|
    |add_ln265_18_fu_1530_p2    |         +|   0|  0|  23|          16|           5|
    |add_ln265_19_fu_1560_p2    |         +|   0|  0|  23|          16|           5|
    |add_ln265_1_fu_1200_p2     |         +|   0|  0|  23|          16|           3|
    |add_ln265_20_fu_1570_p2    |         +|   0|  0|  23|          16|           5|
    |add_ln265_21_fu_1600_p2    |         +|   0|  0|  23|          16|           5|
    |add_ln265_22_fu_1610_p2    |         +|   0|  0|  23|          16|           5|
    |add_ln265_23_fu_1640_p2    |         +|   0|  0|  23|          16|           5|
    |add_ln265_24_fu_1650_p2    |         +|   0|  0|  23|          16|           5|
    |add_ln265_25_fu_1680_p2    |         +|   0|  0|  23|          16|           5|
    |add_ln265_26_fu_1690_p2    |         +|   0|  0|  23|          16|           5|
    |add_ln265_27_fu_1720_p2    |         +|   0|  0|  23|          16|           5|
    |add_ln265_28_fu_1730_p2    |         +|   0|  0|  23|          16|           5|
    |add_ln265_29_fu_1765_p2    |         +|   0|  0|  23|          16|           6|
    |add_ln265_2_fu_1210_p2     |         +|   0|  0|  23|          16|           3|
    |add_ln265_30_fu_1775_p2    |         +|   0|  0|  23|          16|           6|
    |add_ln265_31_fu_1820_p2    |         +|   0|  0|  23|          16|           6|
    |add_ln265_32_fu_1830_p2    |         +|   0|  0|  23|          16|           6|
    |add_ln265_33_fu_1015_p2    |         +|   0|  0|  16|           9|           1|
    |add_ln265_3_fu_1240_p2     |         +|   0|  0|  23|          16|           3|
    |add_ln265_4_fu_1250_p2     |         +|   0|  0|  23|          16|           3|
    |add_ln265_5_fu_1280_p2     |         +|   0|  0|  23|          16|           4|
    |add_ln265_6_fu_1290_p2     |         +|   0|  0|  23|          16|           4|
    |add_ln265_7_fu_1320_p2     |         +|   0|  0|  23|          16|           4|
    |add_ln265_8_fu_1330_p2     |         +|   0|  0|  23|          16|           4|
    |add_ln265_9_fu_1360_p2     |         +|   0|  0|  23|          16|           4|
    |add_ln265_fu_1000_p2       |         +|   0|  0|  25|          18|           1|
    |add_ln266_fu_1805_p2       |         +|   0|  0|  16|           9|           1|
    |add_ln271_1_fu_1040_p2     |         +|   0|  0|  20|          13|          13|
    |add_ln271_2_fu_1075_p2     |         +|   0|  0|  20|          13|          13|
    |add_ln271_3_fu_1084_p2     |         +|   0|  0|  23|          16|          16|
    |add_ln271_fu_1049_p2       |         +|   0|  0|  23|          16|          16|
    |add_ln272_10_fu_1390_p2    |         +|   0|  0|  23|          16|           4|
    |add_ln272_11_fu_1420_p2    |         +|   0|  0|  23|          16|           4|
    |add_ln272_12_fu_1430_p2    |         +|   0|  0|  23|          16|           4|
    |add_ln272_13_fu_1460_p2    |         +|   0|  0|  23|          16|           5|
    |add_ln272_14_fu_1470_p2    |         +|   0|  0|  23|          16|           5|
    |add_ln272_15_fu_1500_p2    |         +|   0|  0|  23|          16|           5|
    |add_ln272_16_fu_1510_p2    |         +|   0|  0|  23|          16|           5|
    |add_ln272_17_fu_1540_p2    |         +|   0|  0|  23|          16|           5|
    |add_ln272_18_fu_1550_p2    |         +|   0|  0|  23|          16|           5|
    |add_ln272_19_fu_1580_p2    |         +|   0|  0|  23|          16|           5|
    |add_ln272_1_fu_1220_p2     |         +|   0|  0|  23|          16|           3|
    |add_ln272_20_fu_1590_p2    |         +|   0|  0|  23|          16|           5|
    |add_ln272_21_fu_1620_p2    |         +|   0|  0|  23|          16|           5|
    |add_ln272_22_fu_1630_p2    |         +|   0|  0|  23|          16|           5|
    |add_ln272_23_fu_1660_p2    |         +|   0|  0|  23|          16|           5|
    |add_ln272_24_fu_1670_p2    |         +|   0|  0|  23|          16|           5|
    |add_ln272_25_fu_1700_p2    |         +|   0|  0|  23|          16|           5|
    |add_ln272_26_fu_1710_p2    |         +|   0|  0|  23|          16|           5|
    |add_ln272_27_fu_1740_p2    |         +|   0|  0|  23|          16|           5|
    |add_ln272_28_fu_1750_p2    |         +|   0|  0|  23|          16|           5|
    |add_ln272_29_fu_1785_p2    |         +|   0|  0|  23|          16|           6|
    |add_ln272_2_fu_1230_p2     |         +|   0|  0|  23|          16|           3|
    |add_ln272_30_fu_1795_p2    |         +|   0|  0|  23|          16|           6|
    |add_ln272_31_fu_1840_p2    |         +|   0|  0|  23|          16|           6|
    |add_ln272_32_fu_1850_p2    |         +|   0|  0|  23|          16|           6|
    |add_ln272_33_fu_1129_p2    |         +|   0|  0|  20|          13|          13|
    |add_ln272_3_fu_1260_p2     |         +|   0|  0|  23|          16|           3|
    |add_ln272_4_fu_1270_p2     |         +|   0|  0|  23|          16|           3|
    |add_ln272_5_fu_1300_p2     |         +|   0|  0|  23|          16|           4|
    |add_ln272_6_fu_1310_p2     |         +|   0|  0|  23|          16|           4|
    |add_ln272_7_fu_1340_p2     |         +|   0|  0|  23|          16|           4|
    |add_ln272_8_fu_1350_p2     |         +|   0|  0|  23|          16|           4|
    |add_ln272_9_fu_1380_p2     |         +|   0|  0|  23|          16|           4|
    |add_ln272_fu_1138_p2       |         +|   0|  0|  23|          16|          16|
    |icmp_ln265_fu_994_p2       |      icmp|   0|  0|  13|          18|          18|
    |icmp_ln266_fu_1009_p2      |      icmp|   0|  0|  11|           9|           8|
    |or_ln265_1_fu_1160_p2      |        or|   0|  0|  16|          16|           2|
    |or_ln265_2_fu_1170_p2      |        or|   0|  0|  16|          16|           2|
    |or_ln265_fu_1102_p2        |        or|   0|  0|  16|          16|           1|
    |or_ln272_1_fu_1180_p2      |        or|   0|  0|  16|           2|          16|
    |or_ln272_2_fu_1190_p2      |        or|   0|  0|  16|           2|          16|
    |or_ln272_fu_1149_p2        |        or|   0|  0|  16|           1|          16|
    |select_ln265_1_fu_1760_p3  |    select|   0|  0|   9|           1|           9|
    |select_ln265_2_fu_1090_p3  |    select|   0|  0|  16|           1|          16|
    |select_ln265_fu_1055_p3    |    select|   0|  0|   9|           1|           1|
    |ap_enable_pp0              |       xor|   0|  0|   2|           1|           2|
    +---------------------------+----------+----+---+----+------------+------------+
    |Total                      |          |   0|  0|1814|        1231|         493|
    +---------------------------+----------+----+---+----+------------+------------+

    * Multiplexer: 
    +-----------------------------------+----+-----------+-----+-----------+
    |                Name               | LUT| Input Size| Bits| Total Bits|
    +-----------------------------------+----+-----------+-----+-----------+
    |ap_NS_fsm                          |  97|         19|    1|         19|
    |ap_done_int                        |   9|          2|    1|          2|
    |ap_enable_reg_pp0_iter0            |   9|          2|    1|          2|
    |ap_enable_reg_pp0_iter1            |   9|          2|    1|          2|
    |ap_enable_reg_pp0_iter16           |   9|          2|    1|          2|
    |ap_loop_exit_ready_pp0_iter10_reg  |   9|          2|    1|          2|
    |ap_loop_exit_ready_pp0_iter11_reg  |   9|          2|    1|          2|
    |ap_loop_exit_ready_pp0_iter12_reg  |   9|          2|    1|          2|
    |ap_loop_exit_ready_pp0_iter13_reg  |   9|          2|    1|          2|
    |ap_loop_exit_ready_pp0_iter14_reg  |   9|          2|    1|          2|
    |ap_loop_exit_ready_pp0_iter15_reg  |   9|          2|    1|          2|
    |ap_loop_exit_ready_pp0_iter1_reg   |   9|          2|    1|          2|
    |ap_loop_exit_ready_pp0_iter2_reg   |   9|          2|    1|          2|
    |ap_loop_exit_ready_pp0_iter3_reg   |   9|          2|    1|          2|
    |ap_loop_exit_ready_pp0_iter4_reg   |   9|          2|    1|          2|
    |ap_loop_exit_ready_pp0_iter5_reg   |   9|          2|    1|          2|
    |ap_loop_exit_ready_pp0_iter6_reg   |   9|          2|    1|          2|
    |ap_loop_exit_ready_pp0_iter7_reg   |   9|          2|    1|          2|
    |ap_loop_exit_ready_pp0_iter8_reg   |   9|          2|    1|          2|
    |ap_loop_exit_ready_pp0_iter9_reg   |   9|          2|    1|          2|
    |grp_fu_753_p0                      |  65|         12|   32|        384|
    |grp_fu_753_p1                      |  97|         19|   32|        608|
    |grp_fu_758_p0                      |  65|         12|   32|        384|
    |grp_fu_758_p1                      |  97|         19|   32|        608|
    |grp_fu_762_p0                      |  49|          9|   32|        288|
    |grp_fu_762_p1                      |  49|          9|   32|        288|
    |grp_fu_766_p0                      |  49|          9|   32|        288|
    |grp_fu_766_p1                      |  49|          9|   32|        288|
    |indvar_flatten_fu_136              |   9|          2|   18|         36|
    |k_buf_address0                     |  97|         19|   16|        304|
    |k_buf_address1                     |  97|         19|   16|        304|
    |ki_fu_128                          |   9|          2|    9|         18|
    |q_buf_address0                     |  97|         19|   16|        304|
    |q_buf_address1                     |  97|         19|   16|        304|
    |qi_fu_132                          |   9|          2|    9|         18|
    +-----------------------------------+----+-----------+-----+-----------+
    |Total                              |1203|        237|  376|       4481|
    +-----------------------------------+----+-----------+-----+-----------+

    * Register: 
    +-----------------------------------+----+----+-----+-----------+
    |                Name               | FF | LUT| Bits| Const Bits|
    +-----------------------------------+----+----+-----+-----------+
    |add_ln265_33_reg_1930              |   9|   0|    9|          0|
    |add_ln272_reg_1991                 |  16|   0|   16|          0|
    |ap_CS_fsm                          |  18|   0|   18|          0|
    |ap_done_reg                        |   1|   0|    1|          0|
    |ap_enable_reg_pp0_iter0_reg        |   1|   0|    1|          0|
    |ap_enable_reg_pp0_iter1            |   1|   0|    1|          0|
    |ap_enable_reg_pp0_iter10           |   1|   0|    1|          0|
    |ap_enable_reg_pp0_iter11           |   1|   0|    1|          0|
    |ap_enable_reg_pp0_iter12           |   1|   0|    1|          0|
    |ap_enable_reg_pp0_iter13           |   1|   0|    1|          0|
    |ap_enable_reg_pp0_iter14           |   1|   0|    1|          0|
    |ap_enable_reg_pp0_iter15           |   1|   0|    1|          0|
    |ap_enable_reg_pp0_iter16           |   1|   0|    1|          0|
    |ap_enable_reg_pp0_iter2            |   1|   0|    1|          0|
    |ap_enable_reg_pp0_iter3            |   1|   0|    1|          0|
    |ap_enable_reg_pp0_iter4            |   1|   0|    1|          0|
    |ap_enable_reg_pp0_iter5            |   1|   0|    1|          0|
    |ap_enable_reg_pp0_iter6            |   1|   0|    1|          0|
    |ap_enable_reg_pp0_iter7            |   1|   0|    1|          0|
    |ap_enable_reg_pp0_iter8            |   1|   0|    1|          0|
    |ap_enable_reg_pp0_iter9            |   1|   0|    1|          0|
    |ap_loop_exit_ready_pp0_iter10_reg  |   1|   0|    1|          0|
    |ap_loop_exit_ready_pp0_iter11_reg  |   1|   0|    1|          0|
    |ap_loop_exit_ready_pp0_iter12_reg  |   1|   0|    1|          0|
    |ap_loop_exit_ready_pp0_iter13_reg  |   1|   0|    1|          0|
    |ap_loop_exit_ready_pp0_iter14_reg  |   1|   0|    1|          0|
    |ap_loop_exit_ready_pp0_iter15_reg  |   1|   0|    1|          0|
    |ap_loop_exit_ready_pp0_iter1_reg   |   1|   0|    1|          0|
    |ap_loop_exit_ready_pp0_iter2_reg   |   1|   0|    1|          0|
    |ap_loop_exit_ready_pp0_iter3_reg   |   1|   0|    1|          0|
    |ap_loop_exit_ready_pp0_iter4_reg   |   1|   0|    1|          0|
    |ap_loop_exit_ready_pp0_iter5_reg   |   1|   0|    1|          0|
    |ap_loop_exit_ready_pp0_iter6_reg   |   1|   0|    1|          0|
    |ap_loop_exit_ready_pp0_iter7_reg   |   1|   0|    1|          0|
    |ap_loop_exit_ready_pp0_iter8_reg   |   1|   0|    1|          0|
    |ap_loop_exit_ready_pp0_iter9_reg   |   1|   0|    1|          0|
    |icmp_ln265_reg_1914                |   1|   0|    1|          0|
    |icmp_ln266_reg_1923                |   1|   0|    1|          0|
    |indvar_flatten_fu_136              |  18|   0|   18|          0|
    |k_buf_load_30_reg_2474             |  32|   0|   32|          0|
    |k_buf_load_31_reg_2479             |  32|   0|   32|          0|
    |k_buf_load_32_reg_2524             |  32|   0|   32|          0|
    |k_buf_load_33_reg_2529             |  32|   0|   32|          0|
    |k_buf_load_34_reg_2564             |  32|   0|   32|          0|
    |k_buf_load_35_reg_2569             |  32|   0|   32|          0|
    |ki_fu_128                          |   9|   0|    9|          0|
    |ki_load_reg_1918                   |   9|   0|    9|          0|
    |mul1_10_reg_2304                   |  32|   0|   32|          0|
    |mul1_11_reg_2329                   |  32|   0|   32|          0|
    |mul1_12_reg_2334                   |  32|   0|   32|          0|
    |mul1_13_reg_2359                   |  32|   0|   32|          0|
    |mul1_14_reg_2364                   |  32|   0|   32|          0|
    |mul1_15_reg_2389                   |  32|   0|   32|          0|
    |mul1_16_reg_2394                   |  32|   0|   32|          0|
    |mul1_17_reg_2419                   |  32|   0|   32|          0|
    |mul1_18_reg_2424                   |  32|   0|   32|          0|
    |mul1_19_reg_2464                   |  32|   0|   32|          0|
    |mul1_1_reg_2154                    |  32|   0|   32|          0|
    |mul1_20_reg_2469                   |  32|   0|   32|          0|
    |mul1_21_reg_2514                   |  32|   0|   32|          0|
    |mul1_22_reg_2519                   |  32|   0|   32|          0|
    |mul1_23_reg_2554                   |  32|   0|   32|          0|
    |mul1_24_reg_2559                   |  32|   0|   32|          0|
    |mul1_25_reg_2574                   |  32|   0|   32|          0|
    |mul1_26_reg_2579                   |  32|   0|   32|          0|
    |mul1_27_reg_2584                   |  32|   0|   32|          0|
    |mul1_28_reg_2589                   |  32|   0|   32|          0|
    |mul1_29_reg_2594                   |  32|   0|   32|          0|
    |mul1_2_reg_2179                    |  32|   0|   32|          0|
    |mul1_30_reg_2599                   |  32|   0|   32|          0|
    |mul1_31_reg_2604                   |  32|   0|   32|          0|
    |mul1_32_reg_2609                   |  32|   0|   32|          0|
    |mul1_33_reg_2614                   |  32|   0|   32|          0|
    |mul1_34_reg_2619                   |  32|   0|   32|          0|
    |mul1_3_reg_2184                    |  32|   0|   32|          0|
    |mul1_3_reg_2184_pp0_iter1_reg      |  32|   0|   32|          0|
    |mul1_4_reg_2209                    |  32|   0|   32|          0|
    |mul1_5_reg_2214                    |  32|   0|   32|          0|
    |mul1_6_reg_2239                    |  32|   0|   32|          0|
    |mul1_7_reg_2244                    |  32|   0|   32|          0|
    |mul1_8_reg_2269                    |  32|   0|   32|          0|
    |mul1_9_reg_2274                    |  32|   0|   32|          0|
    |mul1_reg_2149                      |  32|   0|   32|          0|
    |mul1_s_reg_2299                    |  32|   0|   32|          0|
    |mul_reg_2634                       |  32|   0|   32|          0|
    |q_buf_load_30_reg_2444             |  32|   0|   32|          0|
    |q_buf_load_31_reg_2449             |  32|   0|   32|          0|
    |q_buf_load_32_reg_2494             |  32|   0|   32|          0|
    |q_buf_load_33_reg_2499             |  32|   0|   32|          0|
    |q_buf_load_34_reg_2544             |  32|   0|   32|          0|
    |q_buf_load_35_reg_2549             |  32|   0|   32|          0|
    |qi_1_reg_1907                      |   9|   0|    9|          0|
    |qi_fu_132                          |   9|   0|    9|          0|
    |reg_775                            |  32|   0|   32|          0|
    |reg_780                            |  32|   0|   32|          0|
    |reg_785                            |  32|   0|   32|          0|
    |reg_790                            |  32|   0|   32|          0|
    |reg_795                            |  32|   0|   32|          0|
    |reg_800                            |  32|   0|   32|          0|
    |reg_805                            |  32|   0|   32|          0|
    |reg_810                            |  32|   0|   32|          0|
    |reg_815                            |  32|   0|   32|          0|
    |reg_820                            |  32|   0|   32|          0|
    |reg_825                            |  32|   0|   32|          0|
    |reg_830                            |  32|   0|   32|          0|
    |reg_835                            |  32|   0|   32|          0|
    |reg_840                            |  32|   0|   32|          0|
    |reg_845                            |  32|   0|   32|          0|
    |reg_850                            |  32|   0|   32|          0|
    |reg_855                            |  32|   0|   32|          0|
    |reg_860                            |  32|   0|   32|          0|
    |reg_865                            |  32|   0|   32|          0|
    |reg_870                            |  32|   0|   32|          0|
    |reg_875                            |  32|   0|   32|          0|
    |reg_880                            |  32|   0|   32|          0|
    |reg_885                            |  32|   0|   32|          0|
    |reg_890                            |  32|   0|   32|          0|
    |reg_895                            |  32|   0|   32|          0|
    |reg_901                            |  32|   0|   32|          0|
    |reg_906                            |  32|   0|   32|          0|
    |reg_911                            |  32|   0|   32|          0|
    |reg_916                            |  32|   0|   32|          0|
    |reg_921                            |  32|   0|   32|          0|
    |reg_927                            |  32|   0|   32|          0|
    |reg_932                            |  32|   0|   32|          0|
    |reg_937                            |  32|   0|   32|          0|
    |reg_942                            |  32|   0|   32|          0|
    |reg_948                            |  32|   0|   32|          0|
    |reg_953                            |  32|   0|   32|          0|
    |reg_958                            |  32|   0|   32|          0|
    |reg_963                            |  32|   0|   32|          0|
    |select_ln265_1_reg_2439            |   9|   0|    9|          0|
    |select_ln265_2_reg_1943            |  16|   0|   16|          0|
    |select_ln265_reg_1937              |   9|   0|    9|          0|
    |zext_ln265_1_cast_reg_1900         |   7|   0|   13|          6|
    |icmp_ln265_reg_1914                |  64|  32|    1|          0|
    |mul1_10_reg_2304                   |  64|  32|   32|          0|
    |mul1_11_reg_2329                   |  64|  32|   32|          0|
    |mul1_12_reg_2334                   |  64|  32|   32|          0|
    |mul1_13_reg_2359                   |  64|  32|   32|          0|
    |mul1_14_reg_2364                   |  64|  32|   32|          0|
    |mul1_15_reg_2389                   |  64|  32|   32|          0|
    |mul1_16_reg_2394                   |  64|  32|   32|          0|
    |mul1_17_reg_2419                   |  64|  32|   32|          0|
    |mul1_18_reg_2424                   |  64|  32|   32|          0|
    |mul1_19_reg_2464                   |  64|  32|   32|          0|
    |mul1_20_reg_2469                   |  64|  32|   32|          0|
    |mul1_21_reg_2514                   |  64|  32|   32|          0|
    |mul1_22_reg_2519                   |  64|  32|   32|          0|
    |mul1_23_reg_2554                   |  64|  32|   32|          0|
    |mul1_24_reg_2559                   |  64|  32|   32|          0|
    |mul1_25_reg_2574                   |  64|  32|   32|          0|
    |mul1_26_reg_2579                   |  64|  32|   32|          0|
    |mul1_27_reg_2584                   |  64|  32|   32|          0|
    |mul1_28_reg_2589                   |  64|  32|   32|          0|
    |mul1_29_reg_2594                   |  64|  32|   32|          0|
    |mul1_30_reg_2599                   |  64|  32|   32|          0|
    |mul1_31_reg_2604                   |  64|  32|   32|          0|
    |mul1_32_reg_2609                   |  64|  32|   32|          0|
    |mul1_33_reg_2614                   |  64|  32|   32|          0|
    |mul1_34_reg_2619                   |  64|  32|   32|          0|
    |mul1_4_reg_2209                    |  64|  32|   32|          0|
    |mul1_5_reg_2214                    |  64|  32|   32|          0|
    |mul1_6_reg_2239                    |  64|  32|   32|          0|
    |mul1_7_reg_2244                    |  64|  32|   32|          0|
    |mul1_8_reg_2269                    |  64|  32|   32|          0|
    |mul1_9_reg_2274                    |  64|  32|   32|          0|
    |mul1_s_reg_2299                    |  64|  32|   32|          0|
    |select_ln265_1_reg_2439            |  64|  32|    9|          0|
    |select_ln265_reg_1937              |  64|  32|    9|          0|
    +-----------------------------------+----+----+-----+-----------+
    |Total                              |5229|1120| 4038|          6|
    +-----------------------------------+----+----+-----+-----------+



================================================================
== Interface
================================================================
* Summary: 
+---------------------+-----+-----+------------+-------------------------------+--------------+
|      RTL Ports      | Dir | Bits|  Protocol  |         Source Object         |    C Type    |
+---------------------+-----+-----+------------+-------------------------------+--------------+
|ap_clk               |   in|    1|  ap_ctrl_hs|  mhsa_Pipeline_MHSA_QI_MHSA_KI|  return value|
|ap_rst               |   in|    1|  ap_ctrl_hs|  mhsa_Pipeline_MHSA_QI_MHSA_KI|  return value|
|ap_start             |   in|    1|  ap_ctrl_hs|  mhsa_Pipeline_MHSA_QI_MHSA_KI|  return value|
|ap_done              |  out|    1|  ap_ctrl_hs|  mhsa_Pipeline_MHSA_QI_MHSA_KI|  return value|
|ap_idle              |  out|    1|  ap_ctrl_hs|  mhsa_Pipeline_MHSA_QI_MHSA_KI|  return value|
|ap_ready             |  out|    1|  ap_ctrl_hs|  mhsa_Pipeline_MHSA_QI_MHSA_KI|  return value|
|grp_fu_752_p_din0    |  out|   32|  ap_ctrl_hs|  mhsa_Pipeline_MHSA_QI_MHSA_KI|  return value|
|grp_fu_752_p_din1    |  out|   32|  ap_ctrl_hs|  mhsa_Pipeline_MHSA_QI_MHSA_KI|  return value|
|grp_fu_752_p_opcode  |  out|    1|  ap_ctrl_hs|  mhsa_Pipeline_MHSA_QI_MHSA_KI|  return value|
|grp_fu_752_p_dout0   |   in|   32|  ap_ctrl_hs|  mhsa_Pipeline_MHSA_QI_MHSA_KI|  return value|
|grp_fu_752_p_ce      |  out|    1|  ap_ctrl_hs|  mhsa_Pipeline_MHSA_QI_MHSA_KI|  return value|
|grp_fu_756_p_din0    |  out|   32|  ap_ctrl_hs|  mhsa_Pipeline_MHSA_QI_MHSA_KI|  return value|
|grp_fu_756_p_din1    |  out|   32|  ap_ctrl_hs|  mhsa_Pipeline_MHSA_QI_MHSA_KI|  return value|
|grp_fu_756_p_opcode  |  out|    2|  ap_ctrl_hs|  mhsa_Pipeline_MHSA_QI_MHSA_KI|  return value|
|grp_fu_756_p_dout0   |   in|   32|  ap_ctrl_hs|  mhsa_Pipeline_MHSA_QI_MHSA_KI|  return value|
|grp_fu_756_p_ce      |  out|    1|  ap_ctrl_hs|  mhsa_Pipeline_MHSA_QI_MHSA_KI|  return value|
|grp_fu_760_p_din0    |  out|   32|  ap_ctrl_hs|  mhsa_Pipeline_MHSA_QI_MHSA_KI|  return value|
|grp_fu_760_p_din1    |  out|   32|  ap_ctrl_hs|  mhsa_Pipeline_MHSA_QI_MHSA_KI|  return value|
|grp_fu_760_p_dout0   |   in|   32|  ap_ctrl_hs|  mhsa_Pipeline_MHSA_QI_MHSA_KI|  return value|
|grp_fu_760_p_ce      |  out|    1|  ap_ctrl_hs|  mhsa_Pipeline_MHSA_QI_MHSA_KI|  return value|
|grp_fu_764_p_din0    |  out|   32|  ap_ctrl_hs|  mhsa_Pipeline_MHSA_QI_MHSA_KI|  return value|
|grp_fu_764_p_din1    |  out|   32|  ap_ctrl_hs|  mhsa_Pipeline_MHSA_QI_MHSA_KI|  return value|
|grp_fu_764_p_dout0   |   in|   32|  ap_ctrl_hs|  mhsa_Pipeline_MHSA_QI_MHSA_KI|  return value|
|grp_fu_764_p_ce      |  out|    1|  ap_ctrl_hs|  mhsa_Pipeline_MHSA_QI_MHSA_KI|  return value|
|zext_ln265_1         |   in|    7|     ap_none|                   zext_ln265_1|        scalar|
|q_buf_address0       |  out|   16|   ap_memory|                          q_buf|         array|
|q_buf_ce0            |  out|    1|   ap_memory|                          q_buf|         array|
|q_buf_q0             |   in|   32|   ap_memory|                          q_buf|         array|
|q_buf_address1       |  out|   16|   ap_memory|                          q_buf|         array|
|q_buf_ce1            |  out|    1|   ap_memory|                          q_buf|         array|
|q_buf_q1             |   in|   32|   ap_memory|                          q_buf|         array|
|k_buf_address0       |  out|   16|   ap_memory|                          k_buf|         array|
|k_buf_ce0            |  out|    1|   ap_memory|                          k_buf|         array|
|k_buf_q0             |   in|   32|   ap_memory|                          k_buf|         array|
|k_buf_address1       |  out|   16|   ap_memory|                          k_buf|         array|
|k_buf_ce1            |  out|    1|   ap_memory|                          k_buf|         array|
|k_buf_q1             |   in|   32|   ap_memory|                          k_buf|         array|
|a_buf_address0       |  out|   18|   ap_memory|                          a_buf|         array|
|a_buf_ce0            |  out|    1|   ap_memory|                          a_buf|         array|
|a_buf_we0            |  out|    1|   ap_memory|                          a_buf|         array|
|a_buf_d0             |  out|   32|   ap_memory|                          a_buf|         array|
+---------------------+-----+-----+------------+-------------------------------+--------------+

