

================================================================
== Vitis HLS Report for 'mhsa_Pipeline_MHSA_OK_T'
================================================================
* Date:           Wed Jun  3 12:05:15 2026

* Version:        2022.2 (Build 3670227 on Oct 13 2022)
* Project:        s2_transformer_block
* Solution:       without_pragmas (Vivado IP Flow Target)
* Product family: zynquplus
* Target device:  xczu28dr-ffvg1517-2-e


================================================================
== Performance Estimates
================================================================
+ Timing: 
    * Summary: 
    +--------+---------+----------+------------+
    |  Clock |  Target | Estimated| Uncertainty|
    +--------+---------+----------+------------+
    |ap_clk  |  5.00 ns|  3.454 ns|     1.35 ns|
    +--------+---------+----------+------------+

+ Latency: 
    * Summary: 
    +---------+---------+----------+----------+-----+-----+---------+
    |  Latency (cycles) |  Latency (absolute) |  Interval | Pipeline|
    |   min   |   max   |    min   |    max   | min | max |   Type  |
    +---------+---------+----------+----------+-----+-----+---------+
    |      240|      240|  1.200 us|  1.200 us|  240|  240|       no|
    +---------+---------+----------+----------+-----+-----+---------+

    + Detail: 
        * Instance: 
        N/A

        * Loop: 
        +-------------+---------+---------+----------+-----------+-----------+------+----------+
        |             |  Latency (cycles) | Iteration|  Initiation Interval  | Trip |          |
        |  Loop Name  |   min   |   max   |  Latency |  achieved |   target  | Count| Pipelined|
        +-------------+---------+---------+----------+-----------+-----------+------+----------+
        |- MHSA_OK_T  |      238|      238|        41|          2|          1|   100|       yes|
        +-------------+---------+---------+----------+-----------+-----------+------+----------+



================================================================
== Utilization Estimates
================================================================
* Summary: 
+-----------------+---------+------+--------+--------+-----+
|       Name      | BRAM_18K|  DSP |   FF   |   LUT  | URAM|
+-----------------+---------+------+--------+--------+-----+
|DSP              |        -|     -|       -|       -|    -|
|Expression       |        -|     -|       0|     328|    -|
|FIFO             |        -|     -|       -|       -|    -|
|Instance         |        -|     -|       -|       -|    -|
|Memory           |        -|     -|       -|       -|    -|
|Multiplexer      |        -|     -|       -|     407|    -|
|Register         |        -|     -|     905|     160|    -|
+-----------------+---------+------+--------+--------+-----+
|Total            |        0|     0|     905|     895|    0|
+-----------------+---------+------+--------+--------+-----+
|Available        |     2160|  4272|  850560|  425280|   80|
+-----------------+---------+------+--------+--------+-----+
|Utilization (%)  |        0|     0|      ~0|      ~0|    0|
+-----------------+---------+------+--------+--------+-----+

+ Detail: 
    * Instance: 
    N/A

    * DSP: 
    N/A

    * Memory: 
    N/A

    * FIFO: 
    N/A

    * Expression: 
    +-----------------------+----------+----+---+----+------------+------------+
    |     Variable Name     | Operation| DSP| FF| LUT| Bitwidth P0| Bitwidth P1|
    +-----------------------+----------+----+---+----+------------+------------+
    |add_ln304_fu_346_p2    |         +|   0|  0|  14|           7|           1|
    |add_ln310_1_fu_294_p2  |         +|   0|  0|  25|          18|          18|
    |add_ln310_2_fu_360_p2  |         +|   0|  0|  25|          18|          18|
    |add_ln310_3_fu_419_p2  |         +|   0|  0|  25|          18|          18|
    |add_ln310_fu_236_p2    |         +|   0|  0|  25|          18|          18|
    |add_ln311_1_fu_273_p2  |         +|   0|  0|  23|          16|          16|
    |add_ln311_2_fu_325_p2  |         +|   0|  0|  21|          14|          14|
    |add_ln311_3_fu_335_p2  |         +|   0|  0|  23|          16|          16|
    |add_ln311_4_fu_390_p2  |         +|   0|  0|  21|          14|          14|
    |add_ln311_5_fu_399_p2  |         +|   0|  0|  23|          16|          16|
    |add_ln311_6_fu_449_p2  |         +|   0|  0|  21|          14|          14|
    |add_ln311_7_fu_458_p2  |         +|   0|  0|  23|          16|          16|
    |add_ln311_fu_263_p2    |         +|   0|  0|  20|          13|          13|
    |icmp_ln304_fu_218_p2   |      icmp|   0|  0|  10|           7|           6|
    |or_ln309_1_fu_351_p2   |        or|   0|  0|   9|           9|           2|
    |or_ln309_2_fu_410_p2   |        or|   0|  0|   9|           9|           2|
    |or_ln309_fu_284_p2     |        or|   0|  0|   9|           9|           1|
    |ap_enable_pp0          |       xor|   0|  0|   2|           1|           2|
    +-----------------------+----------+----+---+----+------------+------------+
    |Total                  |          |   0|  0| 328|         233|         205|
    +-----------------------+----------+----+---+----+------------+------------+

    * Multiplexer: 
    +-----------------------------------+----+-----------+-----+-----------+
    |                Name               | LUT| Input Size| Bits| Total Bits|
    +-----------------------------------+----+-----------+-----+-----------+
    |a_buf_address0                     |  14|          3|   18|         54|
    |a_buf_address1                     |  14|          3|   18|         54|
    |ap_NS_fsm                          |  14|          3|    1|          3|
    |ap_done_int                        |   9|          2|    1|          2|
    |ap_enable_reg_pp0_iter0            |   9|          2|    1|          2|
    |ap_enable_reg_pp0_iter1            |   9|          2|    1|          2|
    |ap_enable_reg_pp0_iter20           |   9|          2|    1|          2|
    |ap_loop_exit_ready_pp0_iter10_reg  |   9|          2|    1|          2|
    |ap_loop_exit_ready_pp0_iter11_reg  |   9|          2|    1|          2|
    |ap_loop_exit_ready_pp0_iter12_reg  |   9|          2|    1|          2|
    |ap_loop_exit_ready_pp0_iter13_reg  |   9|          2|    1|          2|
    |ap_loop_exit_ready_pp0_iter14_reg  |   9|          2|    1|          2|
    |ap_loop_exit_ready_pp0_iter15_reg  |   9|          2|    1|          2|
    |ap_loop_exit_ready_pp0_iter16_reg  |   9|          2|    1|          2|
    |ap_loop_exit_ready_pp0_iter17_reg  |   9|          2|    1|          2|
    |ap_loop_exit_ready_pp0_iter18_reg  |   9|          2|    1|          2|
    |ap_loop_exit_ready_pp0_iter19_reg  |   9|          2|    1|          2|
    |ap_loop_exit_ready_pp0_iter1_reg   |   9|          2|    1|          2|
    |ap_loop_exit_ready_pp0_iter2_reg   |   9|          2|    1|          2|
    |ap_loop_exit_ready_pp0_iter3_reg   |   9|          2|    1|          2|
    |ap_loop_exit_ready_pp0_iter4_reg   |   9|          2|    1|          2|
    |ap_loop_exit_ready_pp0_iter5_reg   |   9|          2|    1|          2|
    |ap_loop_exit_ready_pp0_iter6_reg   |   9|          2|    1|          2|
    |ap_loop_exit_ready_pp0_iter7_reg   |   9|          2|    1|          2|
    |ap_loop_exit_ready_pp0_iter8_reg   |   9|          2|    1|          2|
    |ap_loop_exit_ready_pp0_iter9_reg   |   9|          2|    1|          2|
    |ap_sig_allocacmp_t_3               |   9|          2|    7|         14|
    |grp_fu_185_p0                      |  14|          3|   32|         96|
    |grp_fu_185_p1                      |  14|          3|   32|         96|
    |grp_fu_190_p0                      |  14|          3|   32|         96|
    |grp_fu_190_p1                      |  14|          3|   32|         96|
    |grp_fu_194_p0                      |  14|          3|   32|         96|
    |grp_fu_194_p1                      |  14|          3|   32|         96|
    |grp_fu_198_p0                      |  14|          3|   32|         96|
    |grp_fu_198_p1                      |  14|          3|   32|         96|
    |t_fu_68                            |   9|          2|    7|         14|
    |v_buf_address0                     |  14|          3|   16|         48|
    |v_buf_address1                     |  14|          3|   16|         48|
    +-----------------------------------+----+-----------+-----+-----------+
    |Total                              | 407|         89|  362|       1049|
    +-----------------------------------+----+-----------+-----+-----------+

    * Register: 
    +-----------------------------------+----+----+-----+-----------+
    |                Name               | FF | LUT| Bits| Const Bits|
    +-----------------------------------+----+----+-----+-----------+
    |a_buf_load_1_reg_543               |  32|   0|   32|          0|
    |a_buf_load_2_reg_573               |  32|   0|   32|          0|
    |a_buf_load_3_reg_583               |  32|   0|   32|          0|
    |a_buf_load_reg_533                 |  32|   0|   32|          0|
    |ap_CS_fsm                          |   2|   0|    2|          0|
    |ap_done_reg                        |   1|   0|    1|          0|
    |ap_enable_reg_pp0_iter0_reg        |   1|   0|    1|          0|
    |ap_enable_reg_pp0_iter1            |   1|   0|    1|          0|
    |ap_enable_reg_pp0_iter10           |   1|   0|    1|          0|
    |ap_enable_reg_pp0_iter11           |   1|   0|    1|          0|
    |ap_enable_reg_pp0_iter12           |   1|   0|    1|          0|
    |ap_enable_reg_pp0_iter13           |   1|   0|    1|          0|
    |ap_enable_reg_pp0_iter14           |   1|   0|    1|          0|
    |ap_enable_reg_pp0_iter15           |   1|   0|    1|          0|
    |ap_enable_reg_pp0_iter16           |   1|   0|    1|          0|
    |ap_enable_reg_pp0_iter17           |   1|   0|    1|          0|
    |ap_enable_reg_pp0_iter18           |   1|   0|    1|          0|
    |ap_enable_reg_pp0_iter19           |   1|   0|    1|          0|
    |ap_enable_reg_pp0_iter2            |   1|   0|    1|          0|
    |ap_enable_reg_pp0_iter20           |   1|   0|    1|          0|
    |ap_enable_reg_pp0_iter3            |   1|   0|    1|          0|
    |ap_enable_reg_pp0_iter4            |   1|   0|    1|          0|
    |ap_enable_reg_pp0_iter5            |   1|   0|    1|          0|
    |ap_enable_reg_pp0_iter6            |   1|   0|    1|          0|
    |ap_enable_reg_pp0_iter7            |   1|   0|    1|          0|
    |ap_enable_reg_pp0_iter8            |   1|   0|    1|          0|
    |ap_enable_reg_pp0_iter9            |   1|   0|    1|          0|
    |ap_loop_exit_ready_pp0_iter10_reg  |   1|   0|    1|          0|
    |ap_loop_exit_ready_pp0_iter11_reg  |   1|   0|    1|          0|
    |ap_loop_exit_ready_pp0_iter12_reg  |   1|   0|    1|          0|
    |ap_loop_exit_ready_pp0_iter13_reg  |   1|   0|    1|          0|
    |ap_loop_exit_ready_pp0_iter14_reg  |   1|   0|    1|          0|
    |ap_loop_exit_ready_pp0_iter15_reg  |   1|   0|    1|          0|
    |ap_loop_exit_ready_pp0_iter16_reg  |   1|   0|    1|          0|
    |ap_loop_exit_ready_pp0_iter17_reg  |   1|   0|    1|          0|
    |ap_loop_exit_ready_pp0_iter18_reg  |   1|   0|    1|          0|
    |ap_loop_exit_ready_pp0_iter19_reg  |   1|   0|    1|          0|
    |ap_loop_exit_ready_pp0_iter1_reg   |   1|   0|    1|          0|
    |ap_loop_exit_ready_pp0_iter2_reg   |   1|   0|    1|          0|
    |ap_loop_exit_ready_pp0_iter3_reg   |   1|   0|    1|          0|
    |ap_loop_exit_ready_pp0_iter4_reg   |   1|   0|    1|          0|
    |ap_loop_exit_ready_pp0_iter5_reg   |   1|   0|    1|          0|
    |ap_loop_exit_ready_pp0_iter6_reg   |   1|   0|    1|          0|
    |ap_loop_exit_ready_pp0_iter7_reg   |   1|   0|    1|          0|
    |ap_loop_exit_ready_pp0_iter8_reg   |   1|   0|    1|          0|
    |ap_loop_exit_ready_pp0_iter9_reg   |   1|   0|    1|          0|
    |icmp_ln304_reg_503                 |   1|   0|    1|          0|
    |mul2_1_reg_598                     |  32|   0|   32|          0|
    |mul2_2_reg_603                     |  32|   0|   32|          0|
    |mul2_3_reg_608                     |  32|   0|   32|          0|
    |mul2_reg_593                       |  32|   0|   32|          0|
    |t_3_reg_497                        |   7|   0|    7|          0|
    |t_fu_68                            |   7|   0|    7|          0|
    |tile_1_1_reg_618                   |  32|   0|   32|          0|
    |tile_1_2_reg_623                   |  32|   0|   32|          0|
    |tile_1_3_reg_628                   |  32|   0|   32|          0|
    |tile_1_reg_613                     |  32|   0|   32|          0|
    |tmp_s_reg_507                      |   7|   0|    9|          2|
    |v_buf_load_1_reg_548               |  32|   0|   32|          0|
    |v_buf_load_2_reg_578               |  32|   0|   32|          0|
    |v_buf_load_3_reg_588               |  32|   0|   32|          0|
    |v_buf_load_reg_538                 |  32|   0|   32|          0|
    |zext_ln304_cast_reg_491            |   8|   0|   14|          6|
    |icmp_ln304_reg_503                 |  64|  32|    1|          0|
    |mul2_1_reg_598                     |  64|  32|   32|          0|
    |mul2_2_reg_603                     |  64|  32|   32|          0|
    |mul2_3_reg_608                     |  64|  32|   32|          0|
    |t_3_reg_497                        |  64|  32|    7|          0|
    +-----------------------------------+----+----+-----+-----------+
    |Total                              | 905| 160|  697|          8|
    +-----------------------------------+----+----+-----+-----------+



================================================================
== Interface
================================================================
* Summary: 
+---------------------+-----+-----+------------+-------------------------+--------------+
|      RTL Ports      | Dir | Bits|  Protocol  |      Source Object      |    C Type    |
+---------------------+-----+-----+------------+-------------------------+--------------+
|ap_clk               |   in|    1|  ap_ctrl_hs|  mhsa_Pipeline_MHSA_OK_T|  return value|
|ap_rst               |   in|    1|  ap_ctrl_hs|  mhsa_Pipeline_MHSA_OK_T|  return value|
|ap_start             |   in|    1|  ap_ctrl_hs|  mhsa_Pipeline_MHSA_OK_T|  return value|
|ap_done              |  out|    1|  ap_ctrl_hs|  mhsa_Pipeline_MHSA_OK_T|  return value|
|ap_idle              |  out|    1|  ap_ctrl_hs|  mhsa_Pipeline_MHSA_OK_T|  return value|
|ap_ready             |  out|    1|  ap_ctrl_hs|  mhsa_Pipeline_MHSA_OK_T|  return value|
|grp_fu_752_p_din0    |  out|   32|  ap_ctrl_hs|  mhsa_Pipeline_MHSA_OK_T|  return value|
|grp_fu_752_p_din1    |  out|   32|  ap_ctrl_hs|  mhsa_Pipeline_MHSA_OK_T|  return value|
|grp_fu_752_p_opcode  |  out|    1|  ap_ctrl_hs|  mhsa_Pipeline_MHSA_OK_T|  return value|
|grp_fu_752_p_dout0   |   in|   32|  ap_ctrl_hs|  mhsa_Pipeline_MHSA_OK_T|  return value|
|grp_fu_752_p_ce      |  out|    1|  ap_ctrl_hs|  mhsa_Pipeline_MHSA_OK_T|  return value|
|grp_fu_756_p_din0    |  out|   32|  ap_ctrl_hs|  mhsa_Pipeline_MHSA_OK_T|  return value|
|grp_fu_756_p_din1    |  out|   32|  ap_ctrl_hs|  mhsa_Pipeline_MHSA_OK_T|  return value|
|grp_fu_756_p_opcode  |  out|    2|  ap_ctrl_hs|  mhsa_Pipeline_MHSA_OK_T|  return value|
|grp_fu_756_p_dout0   |   in|   32|  ap_ctrl_hs|  mhsa_Pipeline_MHSA_OK_T|  return value|
|grp_fu_756_p_ce      |  out|    1|  ap_ctrl_hs|  mhsa_Pipeline_MHSA_OK_T|  return value|
|grp_fu_760_p_din0    |  out|   32|  ap_ctrl_hs|  mhsa_Pipeline_MHSA_OK_T|  return value|
|grp_fu_760_p_din1    |  out|   32|  ap_ctrl_hs|  mhsa_Pipeline_MHSA_OK_T|  return value|
|grp_fu_760_p_dout0   |   in|   32|  ap_ctrl_hs|  mhsa_Pipeline_MHSA_OK_T|  return value|
|grp_fu_760_p_ce      |  out|    1|  ap_ctrl_hs|  mhsa_Pipeline_MHSA_OK_T|  return value|
|grp_fu_764_p_din0    |  out|   32|  ap_ctrl_hs|  mhsa_Pipeline_MHSA_OK_T|  return value|
|grp_fu_764_p_din1    |  out|   32|  ap_ctrl_hs|  mhsa_Pipeline_MHSA_OK_T|  return value|
|grp_fu_764_p_dout0   |   in|   32|  ap_ctrl_hs|  mhsa_Pipeline_MHSA_OK_T|  return value|
|grp_fu_764_p_ce      |  out|    1|  ap_ctrl_hs|  mhsa_Pipeline_MHSA_OK_T|  return value|
|mul_ln300            |   in|   18|     ap_none|                mul_ln300|        scalar|
|zext_ln304_1         |   in|    8|     ap_none|             zext_ln304_1|        scalar|
|zext_ln304           |   in|    8|     ap_none|               zext_ln304|        scalar|
|op_address0          |  out|    7|   ap_memory|                       op|         array|
|op_ce0               |  out|    1|   ap_memory|                       op|         array|
|op_we0               |  out|    1|   ap_memory|                       op|         array|
|op_d0                |  out|   32|   ap_memory|                       op|         array|
|a_buf_address0       |  out|   18|   ap_memory|                    a_buf|         array|
|a_buf_ce0            |  out|    1|   ap_memory|                    a_buf|         array|
|a_buf_q0             |   in|   32|   ap_memory|                    a_buf|         array|
|a_buf_address1       |  out|   18|   ap_memory|                    a_buf|         array|
|a_buf_ce1            |  out|    1|   ap_memory|                    a_buf|         array|
|a_buf_q1             |   in|   32|   ap_memory|                    a_buf|         array|
|v_buf_address0       |  out|   16|   ap_memory|                    v_buf|         array|
|v_buf_ce0            |  out|    1|   ap_memory|                    v_buf|         array|
|v_buf_q0             |   in|   32|   ap_memory|                    v_buf|         array|
|v_buf_address1       |  out|   16|   ap_memory|                    v_buf|         array|
|v_buf_ce1            |  out|    1|   ap_memory|                    v_buf|         array|
|v_buf_q1             |   in|   32|   ap_memory|                    v_buf|         array|
+---------------------+-----+-----+------------+-------------------------+--------------+

