

================================================================
== Vitis HLS Report for 'transformer_block_Pipeline_LF_ID'
================================================================
* Date:           Wed Jun  3 12:05:16 2026

* Version:        2022.2 (Build 3670227 on Oct 13 2022)
* Project:        s2_transformer_block
* Solution:       without_pragmas (Vivado IP Flow Target)
* Product family: zynquplus
* Target device:  xczu28dr-ffvg1517-2-e


================================================================
== Performance Estimates
================================================================
+ Timing: 
    * Summary: 
    +--------+---------+----------+------------+
    |  Clock |  Target | Estimated| Uncertainty|
    +--------+---------+----------+------------+
    |ap_clk  |  5.00 ns|  3.454 ns|     1.35 ns|
    +--------+---------+----------+------------+

+ Latency: 
    * Summary: 
    +---------+---------+----------+----------+------+------+---------+
    |  Latency (cycles) |  Latency (absolute) |   Interval  | Pipeline|
    |   min   |   max   |    min   |    max   |  min |  max |   Type  |
    +---------+---------+----------+----------+------+------+---------+
    |     1162|     1162|  5.810 us|  5.810 us|  1162|  1162|       no|
    +---------+---------+----------+----------+------+------+---------+

    + Detail: 
        * Instance: 
        N/A

        * Loop: 
        +----------+---------+---------+----------+-----------+-----------+------+----------+
        |          |  Latency (cycles) | Iteration|  Initiation Interval  | Trip |          |
        | Loop Name|   min   |   max   |  Latency |  achieved |   target  | Count| Pipelined|
        +----------+---------+---------+----------+-----------+-----------+------+----------+
        |- LF_ID   |     1160|     1160|        17|          8|          1|   144|       yes|
        +----------+---------+---------+----------+-----------+-----------+------+----------+



================================================================
== Utilization Estimates
================================================================
* Summary: 
+-----------------+---------+------+--------+--------+-----+
|       Name      | BRAM_18K|  DSP |   FF   |   LUT  | URAM|
+-----------------+---------+------+--------+--------+-----+
|DSP              |        -|     -|       -|       -|    -|
|Expression       |        -|     -|       0|     179|    -|
|FIFO             |        -|     -|       -|       -|    -|
|Instance         |        -|     -|       -|       -|    -|
|Memory           |        -|     -|       -|       -|    -|
|Multiplexer      |        -|     -|       -|     130|    -|
|Register         |        -|     -|     245|       -|    -|
+-----------------+---------+------+--------+--------+-----+
|Total            |        0|     0|     245|     309|    0|
+-----------------+---------+------+--------+--------+-----+
|Available        |     2160|  4272|  850560|  425280|   80|
+-----------------+---------+------+--------+--------+-----+
|Utilization (%)  |        0|     0|      ~0|      ~0|    0|
+-----------------+---------+------+--------+--------+-----+

+ Detail: 
    * Instance: 
    N/A

    * DSP: 
    N/A

    * Memory: 
    N/A

    * FIFO: 
    N/A

    * Expression: 
    +-----------------------+----------+----+---+----+------------+------------+
    |     Variable Name     | Operation| DSP| FF| LUT| Bitwidth P0| Bitwidth P1|
    +-----------------------+----------+----+---+----+------------+------------+
    |add_ln166_fu_198_p2    |         +|   0|  0|  15|           8|           1|
    |add_ln170_1_fu_208_p2  |         +|   0|  0|  20|          13|          13|
    |add_ln170_2_fu_229_p2  |         +|   0|  0|  20|          13|          13|
    |add_ln170_3_fu_267_p2  |         +|   0|  0|  28|          21|          21|
    |add_ln170_5_fu_239_p2  |         +|   0|  0|  23|          16|          16|
    |add_ln170_6_fu_257_p2  |         +|   0|  0|  26|          19|          19|
    |add_ln170_fu_218_p2    |         +|   0|  0|  23|          16|          16|
    |icmp_ln166_fu_192_p2   |      icmp|   0|  0|  11|           8|           8|
    |ifzero_fu_283_p2       |      icmp|   0|  0|  11|           8|           8|
    |ap_enable_pp0          |       xor|   0|  0|   2|           1|           2|
    +-----------------------+----------+----+---+----+------------+------------+
    |Total                  |          |   0|  0| 179|         123|         117|
    +-----------------------+----------+----+---+----+------------+------------+

    * Multiplexer: 
    +----------------------------------+----+-----------+-----+-----------+
    |               Name               | LUT| Input Size| Bits| Total Bits|
    +----------------------------------+----+-----------+-----+-----------+
    |acc_1_fu_74                       |   9|          2|   32|         64|
    |ap_NS_fsm                         |  49|          9|    1|          9|
    |ap_done_int                       |   9|          2|    1|          2|
    |ap_enable_reg_pp0_iter0           |   9|          2|    1|          2|
    |ap_enable_reg_pp0_iter1           |   9|          2|    1|          2|
    |ap_enable_reg_pp0_iter2           |   9|          2|    1|          2|
    |ap_loop_exit_ready_pp0_iter1_reg  |   9|          2|    1|          2|
    |ap_sig_allocacmp_acc_1_load       |   9|          2|   32|         64|
    |ap_sig_allocacmp_id_2             |   9|          2|    8|         16|
    |id_fu_78                          |   9|          2|    8|         16|
    +----------------------------------+----+-----------+-----+-----------+
    |Total                             | 130|         27|   86|        179|
    +----------------------------------+----+-----------+-----+-----------+

    * Register: 
    +------------------------------------+----+----+-----+-----------+
    |                Name                | FF | LUT| Bits| Const Bits|
    +------------------------------------+----+----+-----+-----------+
    |acc_1_fu_74                         |  32|   0|   32|          0|
    |acc_2_reg_381                       |  32|   0|   32|          0|
    |add_ln166_reg_332                   |   8|   0|    8|          0|
    |ap_CS_fsm                           |   8|   0|    8|          0|
    |ap_done_reg                         |   1|   0|    1|          0|
    |ap_enable_reg_pp0_iter0_reg         |   1|   0|    1|          0|
    |ap_enable_reg_pp0_iter1             |   1|   0|    1|          0|
    |ap_enable_reg_pp0_iter2             |   1|   0|    1|          0|
    |ap_loop_exit_ready_pp0_iter1_reg    |   1|   0|    1|          0|
    |icmp_ln166_reg_328                  |   1|   0|    1|          0|
    |id_fu_78                            |   8|   0|    8|          0|
    |ifzero_reg_347                      |   1|   0|    1|          0|
    |ifzero_reg_347_pp0_iter1_reg        |   1|   0|    1|          0|
    |ln_buf_load_reg_351                 |  32|   0|   32|          0|
    |lshr_ln1_reg_342                    |  19|   0|   19|          0|
    |mlp_buf_addr_reg_323                |  17|   0|   17|          0|
    |mlp_buf_addr_reg_323_pp0_iter1_reg  |  17|   0|   17|          0|
    |mul15_i_reg_371                     |  32|   0|   32|          0|
    |w_load_reg_361                      |  32|   0|   32|          0|
    +------------------------------------+----+----+-----+-----------+
    |Total                               | 245|   0|  245|          0|
    +------------------------------------+----+----+-----+-----------+



================================================================
== Interface
================================================================
* Summary: 
+----------------------+-----+-----+------------+----------------------------------+--------------+
|       RTL Ports      | Dir | Bits|  Protocol  |           Source Object          |    C Type    |
+----------------------+-----+-----+------------+----------------------------------+--------------+
|ap_clk                |   in|    1|  ap_ctrl_hs|  transformer_block_Pipeline_LF_ID|  return value|
|ap_rst                |   in|    1|  ap_ctrl_hs|  transformer_block_Pipeline_LF_ID|  return value|
|ap_start              |   in|    1|  ap_ctrl_hs|  transformer_block_Pipeline_LF_ID|  return value|
|ap_done               |  out|    1|  ap_ctrl_hs|  transformer_block_Pipeline_LF_ID|  return value|
|ap_idle               |  out|    1|  ap_ctrl_hs|  transformer_block_Pipeline_LF_ID|  return value|
|ap_ready              |  out|    1|  ap_ctrl_hs|  transformer_block_Pipeline_LF_ID|  return value|
|grp_fu_1000_p_din0    |  out|   32|  ap_ctrl_hs|  transformer_block_Pipeline_LF_ID|  return value|
|grp_fu_1000_p_din1    |  out|   32|  ap_ctrl_hs|  transformer_block_Pipeline_LF_ID|  return value|
|grp_fu_1000_p_opcode  |  out|    1|  ap_ctrl_hs|  transformer_block_Pipeline_LF_ID|  return value|
|grp_fu_1000_p_dout0   |   in|   32|  ap_ctrl_hs|  transformer_block_Pipeline_LF_ID|  return value|
|grp_fu_1000_p_ce      |  out|    1|  ap_ctrl_hs|  transformer_block_Pipeline_LF_ID|  return value|
|grp_fu_1004_p_din0    |  out|   32|  ap_ctrl_hs|  transformer_block_Pipeline_LF_ID|  return value|
|grp_fu_1004_p_din1    |  out|   32|  ap_ctrl_hs|  transformer_block_Pipeline_LF_ID|  return value|
|grp_fu_1004_p_dout0   |   in|   32|  ap_ctrl_hs|  transformer_block_Pipeline_LF_ID|  return value|
|grp_fu_1004_p_ce      |  out|    1|  ap_ctrl_hs|  transformer_block_Pipeline_LF_ID|  return value|
|acc                   |   in|   32|     ap_none|                               acc|        scalar|
|zext_ln172_1          |   in|   17|     ap_none|                      zext_ln172_1|        scalar|
|p_shl3_mid2           |   in|   13|     ap_none|                       p_shl3_mid2|        scalar|
|p_shl2_mid2           |   in|   16|     ap_none|                       p_shl2_mid2|        scalar|
|tmp                   |   in|   13|     ap_none|                               tmp|        scalar|
|tmp_3                 |   in|   16|     ap_none|                             tmp_3|        scalar|
|bw_cast               |   in|   20|     ap_none|                           bw_cast|        scalar|
|w_address0            |  out|   19|   ap_memory|                                 w|         array|
|w_ce0                 |  out|    1|   ap_memory|                                 w|         array|
|w_q0                  |   in|   32|   ap_memory|                                 w|         array|
|ln_buf_address0       |  out|   16|   ap_memory|                            ln_buf|         array|
|ln_buf_ce0            |  out|    1|   ap_memory|                            ln_buf|         array|
|ln_buf_q0             |   in|   32|   ap_memory|                            ln_buf|         array|
|mlp_buf_address0      |  out|   17|   ap_memory|                           mlp_buf|         array|
|mlp_buf_ce0           |  out|    1|   ap_memory|                           mlp_buf|         array|
|mlp_buf_we0           |  out|    1|   ap_memory|                           mlp_buf|         array|
|mlp_buf_d0            |  out|   32|   ap_memory|                           mlp_buf|         array|
+----------------------+-----+-----+------------+----------------------------------+--------------+

