

================================================================
== Vitis HLS Report for 'transformer_block_Pipeline_LF_ID1'
================================================================
* Date:           Wed Jun  3 12:05:16 2026

* Version:        2022.2 (Build 3670227 on Oct 13 2022)
* Project:        s2_transformer_block
* Solution:       without_pragmas (Vivado IP Flow Target)
* Product family: zynquplus
* Target device:  xczu28dr-ffvg1517-2-e


================================================================
== Performance Estimates
================================================================
+ Timing: 
    * Summary: 
    +--------+---------+----------+------------+
    |  Clock |  Target | Estimated| Uncertainty|
    +--------+---------+----------+------------+
    |ap_clk  |  5.00 ns|  3.460 ns|     1.35 ns|
    +--------+---------+----------+------------+

+ Latency: 
    * Summary: 
    +---------+---------+-----------+-----------+------+------+---------+
    |  Latency (cycles) |   Latency (absolute)  |   Interval  | Pipeline|
    |   min   |   max   |    min    |    max    |  min |  max |   Type  |
    +---------+---------+-----------+-----------+------+------+---------+
    |     2314|     2314|  11.570 us|  11.570 us|  2314|  2314|       no|
    +---------+---------+-----------+-----------+------+------+---------+

    + Detail: 
        * Instance: 
        N/A

        * Loop: 
        +----------+---------+---------+----------+-----------+-----------+------+----------+
        |          |  Latency (cycles) | Iteration|  Initiation Interval  | Trip |          |
        | Loop Name|   min   |   max   |  Latency |  achieved |   target  | Count| Pipelined|
        +----------+---------+---------+----------+-----------+-----------+------+----------+
        |- LF_ID   |     2312|     2312|        17|          8|          1|   288|       yes|
        +----------+---------+---------+----------+-----------+-----------+------+----------+



================================================================
== Utilization Estimates
================================================================
* Summary: 
+-----------------+---------+------+--------+--------+-----+
|       Name      | BRAM_18K|  DSP |   FF   |   LUT  | URAM|
+-----------------+---------+------+--------+--------+-----+
|DSP              |        -|     -|       -|       -|    -|
|Expression       |        -|     -|       0|     183|    -|
|FIFO             |        -|     -|       -|       -|    -|
|Instance         |        -|     -|       -|       -|    -|
|Memory           |        -|     -|       -|       -|    -|
|Multiplexer      |        -|     -|       -|     130|    -|
|Register         |        -|     -|     245|       -|    -|
+-----------------+---------+------+--------+--------+-----+
|Total            |        0|     0|     245|     313|    0|
+-----------------+---------+------+--------+--------+-----+
|Available        |     2160|  4272|  850560|  425280|   80|
+-----------------+---------+------+--------+--------+-----+
|Utilization (%)  |        0|     0|      ~0|      ~0|    0|
+-----------------+---------+------+--------+--------+-----+

+ Detail: 
    * Instance: 
    N/A

    * DSP: 
    N/A

    * Memory: 
    N/A

    * FIFO: 
    N/A

    * Expression: 
    +-----------------------+----------+----+---+----+------------+------------+
    |     Variable Name     | Operation| DSP| FF| LUT| Bitwidth P0| Bitwidth P1|
    +-----------------------+----------+----+---+----+------------+------------+
    |add_ln166_fu_200_p2    |         +|   0|  0|  16|           9|           1|
    |add_ln170_1_fu_220_p2  |         +|   0|  0|  24|          17|          17|
    |add_ln170_2_fu_235_p2  |         +|   0|  0|  20|          13|          13|
    |add_ln170_3_fu_245_p2  |         +|   0|  0|  23|          16|          16|
    |add_ln170_4_fu_263_p2  |         +|   0|  0|  27|          20|          19|
    |add_ln170_5_fu_273_p2  |         +|   0|  0|  28|          21|          21|
    |add_ln170_fu_210_p2    |         +|   0|  0|  21|          14|          14|
    |icmp_ln166_fu_194_p2   |      icmp|   0|  0|  11|           9|           9|
    |ifzero5_fu_289_p2      |      icmp|   0|  0|  11|           9|           9|
    |ap_enable_pp0          |       xor|   0|  0|   2|           1|           2|
    +-----------------------+----------+----+---+----+------------+------------+
    |Total                  |          |   0|  0| 183|         129|         121|
    +-----------------------+----------+----+---+----+------------+------------+

    * Multiplexer: 
    +----------------------------------+----+-----------+-----+-----------+
    |               Name               | LUT| Input Size| Bits| Total Bits|
    +----------------------------------+----+-----------+-----+-----------+
    |acc_fu_76                         |   9|          2|   32|         64|
    |ap_NS_fsm                         |  49|          9|    1|          9|
    |ap_done_int                       |   9|          2|    1|          2|
    |ap_enable_reg_pp0_iter0           |   9|          2|    1|          2|
    |ap_enable_reg_pp0_iter1           |   9|          2|    1|          2|
    |ap_enable_reg_pp0_iter2           |   9|          2|    1|          2|
    |ap_loop_exit_ready_pp0_iter1_reg  |   9|          2|    1|          2|
    |ap_sig_allocacmp_acc_load         |   9|          2|   32|         64|
    |ap_sig_allocacmp_id_1             |   9|          2|    9|         18|
    |id_fu_80                          |   9|          2|    9|         18|
    +----------------------------------+----+-----------+-----+-----------+
    |Total                             | 130|         27|   88|        183|
    +----------------------------------+----+-----------+-----+-----------+

    * Register: 
    +-------------------------------------+----+----+-----+-----------+
    |                 Name                | FF | LUT| Bits| Const Bits|
    +-------------------------------------+----+----+-----+-----------+
    |acc_1_reg_387                        |  32|   0|   32|          0|
    |acc_fu_76                            |  32|   0|   32|          0|
    |add_ln166_reg_338                    |   9|   0|    9|          0|
    |ap_CS_fsm                            |   8|   0|    8|          0|
    |ap_done_reg                          |   1|   0|    1|          0|
    |ap_enable_reg_pp0_iter0_reg          |   1|   0|    1|          0|
    |ap_enable_reg_pp0_iter1              |   1|   0|    1|          0|
    |ap_enable_reg_pp0_iter2              |   1|   0|    1|          0|
    |ap_loop_exit_ready_pp0_iter1_reg     |   1|   0|    1|          0|
    |attn_out_addr_reg_329                |  16|   0|   16|          0|
    |attn_out_addr_reg_329_pp0_iter1_reg  |  16|   0|   16|          0|
    |icmp_ln166_reg_334                   |   1|   0|    1|          0|
    |id_fu_80                             |   9|   0|    9|          0|
    |ifzero5_reg_353                      |   1|   0|    1|          0|
    |ifzero5_reg_353_pp0_iter1_reg        |   1|   0|    1|          0|
    |lshr_ln170_1_reg_348                 |  19|   0|   19|          0|
    |mlp_buf_load_reg_357                 |  32|   0|   32|          0|
    |mul15_i1_reg_377                     |  32|   0|   32|          0|
    |w_load_reg_367                       |  32|   0|   32|          0|
    +-------------------------------------+----+----+-----+-----------+
    |Total                                | 245|   0|  245|          0|
    +-------------------------------------+----+----+-----+-----------+



================================================================
== Interface
================================================================
* Summary: 
+----------------------+-----+-----+------------+-----------------------------------+--------------+
|       RTL Ports      | Dir | Bits|  Protocol  |           Source Object           |    C Type    |
+----------------------+-----+-----+------------+-----------------------------------+--------------+
|ap_clk                |   in|    1|  ap_ctrl_hs|  transformer_block_Pipeline_LF_ID1|  return value|
|ap_rst                |   in|    1|  ap_ctrl_hs|  transformer_block_Pipeline_LF_ID1|  return value|
|ap_start              |   in|    1|  ap_ctrl_hs|  transformer_block_Pipeline_LF_ID1|  return value|
|ap_done               |  out|    1|  ap_ctrl_hs|  transformer_block_Pipeline_LF_ID1|  return value|
|ap_idle               |  out|    1|  ap_ctrl_hs|  transformer_block_Pipeline_LF_ID1|  return value|
|ap_ready              |  out|    1|  ap_ctrl_hs|  transformer_block_Pipeline_LF_ID1|  return value|
|grp_fu_1000_p_din0    |  out|   32|  ap_ctrl_hs|  transformer_block_Pipeline_LF_ID1|  return value|
|grp_fu_1000_p_din1    |  out|   32|  ap_ctrl_hs|  transformer_block_Pipeline_LF_ID1|  return value|
|grp_fu_1000_p_opcode  |  out|    1|  ap_ctrl_hs|  transformer_block_Pipeline_LF_ID1|  return value|
|grp_fu_1000_p_dout0   |   in|   32|  ap_ctrl_hs|  transformer_block_Pipeline_LF_ID1|  return value|
|grp_fu_1000_p_ce      |  out|    1|  ap_ctrl_hs|  transformer_block_Pipeline_LF_ID1|  return value|
|grp_fu_1004_p_din0    |  out|   32|  ap_ctrl_hs|  transformer_block_Pipeline_LF_ID1|  return value|
|grp_fu_1004_p_din1    |  out|   32|  ap_ctrl_hs|  transformer_block_Pipeline_LF_ID1|  return value|
|grp_fu_1004_p_dout0   |   in|   32|  ap_ctrl_hs|  transformer_block_Pipeline_LF_ID1|  return value|
|grp_fu_1004_p_ce      |  out|    1|  ap_ctrl_hs|  transformer_block_Pipeline_LF_ID1|  return value|
|acc_3                 |   in|   32|     ap_none|                              acc_3|        scalar|
|zext_ln172_3          |   in|   16|     ap_none|                       zext_ln172_3|        scalar|
|p_shl11_mid2          |   in|   14|     ap_none|                       p_shl11_mid2|        scalar|
|p_shl10_mid2          |   in|   17|     ap_none|                       p_shl10_mid2|        scalar|
|tmp_5                 |   in|   13|     ap_none|                              tmp_5|        scalar|
|tmp_6                 |   in|   16|     ap_none|                              tmp_6|        scalar|
|bw_cast               |   in|   20|     ap_none|                            bw_cast|        scalar|
|w_address0            |  out|   19|   ap_memory|                                  w|         array|
|w_ce0                 |  out|    1|   ap_memory|                                  w|         array|
|w_q0                  |   in|   32|   ap_memory|                                  w|         array|
|mlp_buf_address0      |  out|   17|   ap_memory|                            mlp_buf|         array|
|mlp_buf_ce0           |  out|    1|   ap_memory|                            mlp_buf|         array|
|mlp_buf_q0            |   in|   32|   ap_memory|                            mlp_buf|         array|
|attn_out_address0     |  out|   16|   ap_memory|                           attn_out|         array|
|attn_out_ce0          |  out|    1|   ap_memory|                           attn_out|         array|
|attn_out_we0          |  out|    1|   ap_memory|                           attn_out|         array|
|attn_out_d0           |  out|   32|   ap_memory|                           attn_out|         array|
+----------------------+-----+-----+------------+-----------------------------------+--------------+

