

================================================================
== Vitis HLS Report for 'transformer_blk_s2_top_Pipeline_COPY_OUT'
================================================================
* Date:           Wed Jun  3 12:05:17 2026

* Version:        2022.2 (Build 3670227 on Oct 13 2022)
* Project:        s2_transformer_block
* Solution:       without_pragmas (Vivado IP Flow Target)
* Product family: zynquplus
* Target device:  xczu28dr-ffvg1517-2-e


================================================================
== Performance Estimates
================================================================
+ Timing: 
    * Summary: 
    +--------+---------+----------+------------+
    |  Clock |  Target | Estimated| Uncertainty|
    +--------+---------+----------+------------+
    |ap_clk  |  5.00 ns|  2.474 ns|     1.35 ns|
    +--------+---------+----------+------------+

+ Latency: 
    * Summary: 
    +---------+---------+----------+----------+-------+-------+---------+
    |  Latency (cycles) |  Latency (absolute) |    Interval   | Pipeline|
    |   min   |   max   |    min   |    max   |  min  |  max  |   Type  |
    +---------+---------+----------+----------+-------+-------+---------+
    |    57602|    57602|  0.288 ms|  0.288 ms|  57602|  57602|       no|
    +---------+---------+----------+----------+-------+-------+---------+

    + Detail: 
        * Instance: 
        N/A

        * Loop: 
        +------------+---------+---------+----------+-----------+-----------+-------+----------+
        |            |  Latency (cycles) | Iteration|  Initiation Interval  |  Trip |          |
        |  Loop Name |   min   |   max   |  Latency |  achieved |   target  | Count | Pipelined|
        +------------+---------+---------+----------+-----------+-----------+-------+----------+
        |- COPY_OUT  |    57600|    57600|         2|          1|          1|  57600|       yes|
        +------------+---------+---------+----------+-----------+-----------+-------+----------+



================================================================
== Utilization Estimates
================================================================
* Summary: 
+-----------------+---------+------+--------+--------+-----+
|       Name      | BRAM_18K|  DSP |   FF   |   LUT  | URAM|
+-----------------+---------+------+--------+--------+-----+
|DSP              |        -|     -|       -|       -|    -|
|Expression       |        -|     -|       0|      38|    -|
|FIFO             |        -|     -|       -|       -|    -|
|Instance         |        -|     -|       -|       -|    -|
|Memory           |        -|     -|       -|       -|    -|
|Multiplexer      |        -|     -|       -|      36|    -|
|Register         |        -|     -|      35|       -|    -|
+-----------------+---------+------+--------+--------+-----+
|Total            |        0|     0|      35|      74|    0|
+-----------------+---------+------+--------+--------+-----+
|Available        |     2160|  4272|  850560|  425280|   80|
+-----------------+---------+------+--------+--------+-----+
|Utilization (%)  |        0|     0|      ~0|      ~0|    0|
+-----------------+---------+------+--------+--------+-----+

+ Detail: 
    * Instance: 
    N/A

    * DSP: 
    N/A

    * Memory: 
    N/A

    * FIFO: 
    N/A

    * Expression: 
    +---------------------+----------+----+---+----+------------+------------+
    |    Variable Name    | Operation| DSP| FF| LUT| Bitwidth P0| Bitwidth P1|
    +---------------------+----------+----+---+----+------------+------------+
    |add_ln161_fu_80_p2   |         +|   0|  0|  23|          16|           1|
    |icmp_ln161_fu_74_p2  |      icmp|   0|  0|  13|          16|          14|
    |ap_enable_pp0        |       xor|   0|  0|   2|           1|           2|
    +---------------------+----------+----+---+----+------------+------------+
    |Total                |          |   0|  0|  38|          33|          17|
    +---------------------+----------+----+---+----+------------+------------+

    * Multiplexer: 
    +-------------------------+----+-----------+-----+-----------+
    |           Name          | LUT| Input Size| Bits| Total Bits|
    +-------------------------+----+-----------+-----+-----------+
    |ap_done_int              |   9|          2|    1|          2|
    |ap_enable_reg_pp0_iter1  |   9|          2|    1|          2|
    |ap_sig_allocacmp_i       |   9|          2|   16|         32|
    |i_3_fu_36                |   9|          2|   16|         32|
    +-------------------------+----+-----------+-----+-----------+
    |Total                    |  36|          8|   34|         68|
    +-------------------------+----+-----------+-----+-----------+

    * Register: 
    +-------------------------+----+----+-----+-----------+
    |           Name          | FF | LUT| Bits| Const Bits|
    +-------------------------+----+----+-----+-----------+
    |ap_CS_fsm                |   1|   0|    1|          0|
    |ap_done_reg              |   1|   0|    1|          0|
    |ap_enable_reg_pp0_iter1  |   1|   0|    1|          0|
    |i_3_cast_reg_111         |  16|   0|   64|         48|
    |i_3_fu_36                |  16|   0|   16|          0|
    +-------------------------+----+----+-----+-----------+
    |Total                    |  35|   0|   83|         48|
    +-------------------------+----+----+-----+-----------+



================================================================
== Interface
================================================================
* Summary: 
+----------------+-----+-----+------------+------------------------------------------+--------------+
|    RTL Ports   | Dir | Bits|  Protocol  |               Source Object              |    C Type    |
+----------------+-----+-----+------------+------------------------------------------+--------------+
|ap_clk          |   in|    1|  ap_ctrl_hs|  transformer_blk_s2_top_Pipeline_COPY_OUT|  return value|
|ap_rst          |   in|    1|  ap_ctrl_hs|  transformer_blk_s2_top_Pipeline_COPY_OUT|  return value|
|ap_start        |   in|    1|  ap_ctrl_hs|  transformer_blk_s2_top_Pipeline_COPY_OUT|  return value|
|ap_done         |  out|    1|  ap_ctrl_hs|  transformer_blk_s2_top_Pipeline_COPY_OUT|  return value|
|ap_idle         |  out|    1|  ap_ctrl_hs|  transformer_blk_s2_top_Pipeline_COPY_OUT|  return value|
|ap_ready        |  out|    1|  ap_ctrl_hs|  transformer_blk_s2_top_Pipeline_COPY_OUT|  return value|
|out_r_address0  |  out|   16|   ap_memory|                                     out_r|         array|
|out_r_ce0       |  out|    1|   ap_memory|                                     out_r|         array|
|out_r_we0       |  out|    1|   ap_memory|                                     out_r|         array|
|out_r_d0        |  out|   32|   ap_memory|                                     out_r|         array|
|x_buf_address0  |  out|   16|   ap_memory|                                     x_buf|         array|
|x_buf_ce0       |  out|    1|   ap_memory|                                     x_buf|         array|
|x_buf_q0        |   in|   32|   ap_memory|                                     x_buf|         array|
+----------------+-----+-----+------------+------------------------------------------+--------------+

