

================================================================
== Vitis HLS Report for 'transformer_block'
================================================================
* Date:           Wed Jun  3 12:05:17 2026

* Version:        2022.2 (Build 3670227 on Oct 13 2022)
* Project:        s2_transformer_block
* Solution:       without_pragmas (Vivado IP Flow Target)
* Product family: zynquplus
* Target device:  xczu28dr-ffvg1517-2-e


================================================================
== Performance Estimates
================================================================
+ Timing: 
    * Summary: 
    +--------+---------+----------+------------+
    |  Clock |  Target | Estimated| Uncertainty|
    +--------+---------+----------+------------+
    |ap_clk  |  5.00 ns|  3.966 ns|     1.35 ns|
    +--------+---------+----------+------------+

+ Latency: 
    * Summary: 
    +-----------+-----------+-----------+-----------+-----------+-----------+---------+
    |    Latency (cycles)   |   Latency (absolute)  |        Interval       | Pipeline|
    |    min    |    max    |    min    |    max    |    min    |    max    |   Type  |
    +-----------+-----------+-----------+-----------+-----------+-----------+---------+
    |  613954831|  613954831|  3.070 sec|  3.070 sec|  613954831|  613954831|       no|
    +-----------+-----------+-----------+-----------+-----------+-----------+---------+

    + Detail: 
        * Instance: 
        +-----------------------------------------------+------------------------------------+-----------+-----------+-----------+-----------+-----------+-----------+---------+
        |                                               |                                    |    Latency (cycles)   |   Latency (absolute)  |        Interval       | Pipeline|
        |                    Instance                   |               Module               |    min    |    max    |    min    |    max    |    min    |    max    |   Type  |
        +-----------------------------------------------+------------------------------------+-----------+-----------+-----------+-----------+-----------+-----------+---------+
        |grp_layer_norm_fu_193                          |layer_norm                          |     426401|     426401|   2.132 ms|   2.132 ms|     426401|     426401|       no|
        |grp_mhsa_fu_205                                |mhsa                                |  344858775|  344858775|  1.724 sec|  1.724 sec|  344858775|  344858775|       no|
        |grp_transformer_block_Pipeline_AR_fu_231       |transformer_block_Pipeline_AR       |      57611|      57611|   0.288 ms|   0.288 ms|      57611|      57611|       no|
        |grp_transformer_block_Pipeline_MLP_ACT_fu_239  |transformer_block_Pipeline_MLP_ACT  |     115221|     115221|   0.576 ms|   0.576 ms|     115221|     115221|       no|
        |grp_transformer_block_Pipeline_LF_ID_fu_245    |transformer_block_Pipeline_LF_ID    |       1162|       1162|   5.810 us|   5.810 us|       1162|       1162|       no|
        |grp_transformer_block_Pipeline_AR2_fu_262      |transformer_block_Pipeline_AR2      |      57611|      57611|   0.288 ms|   0.288 ms|      57611|      57611|       no|
        |grp_transformer_block_Pipeline_LF_ID1_fu_270   |transformer_block_Pipeline_LF_ID1   |       2314|       2314|  11.570 us|  11.570 us|       2314|       2314|       no|
        +-----------------------------------------------+------------------------------------+-----------+-----------+-----------+-----------+-----------+-----------+---------+

        * Loop: 
        +--------------+-----------+-----------+----------+-----------+-----------+--------+----------+
        |              |    Latency (cycles)   | Iteration|  Initiation Interval  |  Trip  |          |
        |   Loop Name  |    min    |    max    |  Latency |  achieved |   target  |  Count | Pipelined|
        +--------------+-----------+-----------+----------+-----------+-----------+--------+----------+
        |- LF_S_LF_OD  |  134438400|  134438400|      1167|          -|          -|  115200|        no|
        |- LF_S_LF_OD  |  133574400|  133574400|      2319|          -|          -|   57600|        no|
        +--------------+-----------+-----------+----------+-----------+-----------+--------+----------+



================================================================
== Utilization Estimates
================================================================
* Summary: 
+-----------------+---------+------+--------+--------+-----+
|       Name      | BRAM_18K|  DSP |   FF   |   LUT  | URAM|
+-----------------+---------+------+--------+--------+-----+
|DSP              |        -|     -|       -|       -|    -|
|Expression       |        -|     -|       0|     684|    -|
|FIFO             |        -|     -|       -|       -|    -|
|Instance         |      622|    44|   15734|   15614|    0|
|Memory           |      426|     -|       0|       0|    0|
|Multiplexer      |        -|     -|       -|     903|    -|
|Register         |        -|     -|     590|       -|    -|
+-----------------+---------+------+--------+--------+-----+
|Total            |     1048|    44|   16324|   17201|    0|
+-----------------+---------+------+--------+--------+-----+
|Available        |     2160|  4272|  850560|  425280|   80|
+-----------------+---------+------+--------+--------+-----+
|Utilization (%)  |       48|     1|       1|       4|    0|
+-----------------+---------+------+--------+--------+-----+

+ Detail: 
    * Instance: 
    +-----------------------------------------------+------------------------------------+---------+----+-------+-------+-----+
    |                    Instance                   |               Module               | BRAM_18K| DSP|   FF  |  LUT  | URAM|
    +-----------------------------------------------+------------------------------------+---------+----+-------+-------+-----+
    |faddfsub_32ns_32ns_32_8_full_dsp_1_U181        |faddfsub_32ns_32ns_32_8_full_dsp_1  |        0|   2|    296|    239|    0|
    |fcmp_32ns_32ns_1_2_no_dsp_1_U184               |fcmp_32ns_32ns_1_2_no_dsp_1         |        0|   0|      0|      0|    0|
    |fmul_32ns_32ns_32_5_max_dsp_1_U182             |fmul_32ns_32ns_32_5_max_dsp_1       |        0|   3|    151|    145|    0|
    |fmul_32ns_32ns_32_5_max_dsp_1_U183             |fmul_32ns_32ns_32_5_max_dsp_1       |        0|   3|    151|    145|    0|
    |grp_layer_norm_fu_193                          |layer_norm                          |        2|  14|   3836|   3759|    0|
    |grp_mhsa_fu_205                                |mhsa                                |      620|  22|  10050|  10256|    0|
    |grp_transformer_block_Pipeline_AR_fu_231       |transformer_block_Pipeline_AR       |        0|   0|    213|    106|    0|
    |grp_transformer_block_Pipeline_AR2_fu_262      |transformer_block_Pipeline_AR2      |        0|   0|    213|    106|    0|
    |grp_transformer_block_Pipeline_LF_ID_fu_245    |transformer_block_Pipeline_LF_ID    |        0|   0|    245|    309|    0|
    |grp_transformer_block_Pipeline_LF_ID1_fu_270   |transformer_block_Pipeline_LF_ID1   |        0|   0|    245|    313|    0|
    |grp_transformer_block_Pipeline_MLP_ACT_fu_239  |transformer_block_Pipeline_MLP_ACT  |        0|   0|    334|    236|    0|
    +-----------------------------------------------+------------------------------------+---------+----+-------+-------+-----+
    |Total                                          |                                    |      622|  44|  15734|  15614|    0|
    +-----------------------------------------------+------------------------------------+---------+----+-------+-------+-----+

    * DSP: 
    N/A

    * Memory: 
    +------------+-----------------------------------------+---------+---+----+-----+--------+-----+------+-------------+
    |   Memory   |                  Module                 | BRAM_18K| FF| LUT| URAM|  Words | Bits| Banks| W*Bits*Banks|
    +------------+-----------------------------------------+---------+---+----+-----+--------+-----+------+-------------+
    |ln_buf_U    |transformer_block_ln_buf_RAM_AUTO_1R1W   |      108|  0|   0|    0|   57600|   32|     1|      1843200|
    |attn_out_U  |transformer_block_ln_buf_RAM_AUTO_1R1W   |      108|  0|   0|    0|   57600|   32|     1|      1843200|
    |mlp_buf_U   |transformer_block_mlp_buf_RAM_AUTO_1R1W  |      210|  0|   0|    0|  115200|   32|     1|      3686400|
    +------------+-----------------------------------------+---------+---+----+-----+--------+-----+------+-------------+
    |Total       |                                         |      426|  0|   0|    0|  230400|   96|     3|      7372800|
    +------------+-----------------------------------------+---------+---+----+-----+--------+-----+------+-------------+

    * FIFO: 
    N/A

    * Expression: 
    +--------------------------+----------+----+---+----+------------+------------+
    |       Variable Name      | Operation| DSP| FF| LUT| Bitwidth P0| Bitwidth P1|
    +--------------------------+----------+----+---+----+------------+------------+
    |add_ln162_1_fu_487_p2     |         +|   0|  0|  16|           9|           1|
    |add_ln162_2_fu_586_p2     |         +|   0|  0|  23|          16|           1|
    |add_ln162_3_fu_669_p2     |         +|   0|  0|  16|           9|           1|
    |add_ln162_fu_386_p2       |         +|   0|  0|  24|          17|           1|
    |add_ln163_1_fu_646_p2     |         +|   0|  0|  15|           8|           1|
    |add_ln163_fu_473_p2       |         +|   0|  0|  16|           9|           1|
    |add_ln165_1_fu_453_p2     |         +|   0|  0|  28|          21|          21|
    |add_ln165_2_fu_621_p2     |         +|   0|  0|  27|          20|          20|
    |add_ln165_3_fu_631_p2     |         +|   0|  0|  28|          21|          21|
    |add_ln165_fu_439_p2       |         +|   0|  0|  23|          16|          16|
    |add_ln172_1_fu_711_p2     |         +|   0|  0|  23|          16|          16|
    |add_ln172_2_fu_519_p2     |         +|   0|  0|  21|          14|          14|
    |add_ln172_3_fu_701_p2     |         +|   0|  0|  20|          13|          13|
    |add_ln172_fu_529_p2       |         +|   0|  0|  24|          17|          17|
    |add_ln46_1_fu_298_p2      |         +|   0|  0|  27|          20|          19|
    |add_ln46_fu_291_p2        |         +|   0|  0|  27|          20|          19|
    |add_ln51_fu_320_p2        |         +|   0|  0|  27|          20|          17|
    |add_ln52_1_fu_332_p2      |         +|   0|  0|  27|          20|          18|
    |add_ln52_fu_326_p2        |         +|   0|  0|  27|          20|          17|
    |add_ln53_1_fu_344_p2      |         +|   0|  0|  27|          20|          18|
    |add_ln53_fu_338_p2        |         +|   0|  0|  27|          20|          18|
    |add_ln54_1_fu_356_p2      |         +|   0|  0|  27|          20|          19|
    |add_ln54_fu_350_p2        |         +|   0|  0|  27|          20|          18|
    |add_ln63_1_fu_368_p2      |         +|   0|  0|  27|          20|          19|
    |add_ln63_fu_362_p2        |         +|   0|  0|  27|          20|          19|
    |icmp_ln162_1_fu_580_p2    |      icmp|   0|  0|  13|          16|          14|
    |icmp_ln162_fu_380_p2      |      icmp|   0|  0|  13|          17|          15|
    |icmp_ln163_1_fu_595_p2    |      icmp|   0|  0|  11|           8|           8|
    |icmp_ln163_fu_395_p2      |      icmp|   0|  0|  11|           9|           9|
    |select_ln162_1_fu_493_p3  |    select|   0|  0|   9|           1|           9|
    |select_ln162_2_fu_601_p3  |    select|   0|  0|   8|           1|           1|
    |select_ln162_3_fu_675_p3  |    select|   0|  0|   9|           1|           9|
    |select_ln162_fu_421_p3    |    select|   0|  0|   9|           1|           1|
    +--------------------------+----------+----+---+----+------------+------------+
    |Total                     |          |   0|  0| 684|         480|         411|
    +--------------------------+----------+----+---+----+------------+------------+

    * Multiplexer: 
    +--------------------------+-----+-----------+-----+-----------+
    |           Name           | LUT | Input Size| Bits| Total Bits|
    +--------------------------+-----+-----------+-----+-----------+
    |ap_NS_fsm                 |  106|         21|    1|         21|
    |attn_out_address0         |   26|          5|   16|         80|
    |attn_out_ce0              |   26|          5|    1|          5|
    |attn_out_d0               |   14|          3|   32|         96|
    |attn_out_we0              |   14|          3|    1|          3|
    |grp_fu_1000_ce            |   37|          7|    1|          7|
    |grp_fu_1000_opcode        |   37|          7|    2|         14|
    |grp_fu_1000_p0            |   37|          7|   32|        224|
    |grp_fu_1000_p1            |   37|          7|   32|        224|
    |grp_fu_1004_ce            |   26|          5|    1|          5|
    |grp_fu_1004_p0            |   26|          5|   32|        160|
    |grp_fu_1004_p1            |   26|          5|   32|        160|
    |grp_fu_1008_ce            |   14|          3|    1|          3|
    |grp_fu_1008_p0            |   14|          3|   32|         96|
    |grp_fu_1008_p1            |   14|          3|   32|         96|
    |grp_fu_1012_ce            |   14|          3|    1|          3|
    |grp_fu_1012_opcode        |   14|          3|    5|         15|
    |grp_fu_1012_p0            |   14|          3|   32|         96|
    |grp_fu_1012_p1            |   14|          3|   32|         96|
    |grp_layer_norm_fu_193_b   |   14|          3|   20|         60|
    |grp_layer_norm_fu_193_w1  |   14|          3|   20|         60|
    |indvar_flatten10_fu_162   |    9|          2|   16|         32|
    |indvar_flatten_fu_150     |    9|          2|   17|         34|
    |ln_buf_address0           |   20|          4|   16|         64|
    |ln_buf_ce0                |   20|          4|    1|          4|
    |ln_buf_we0                |    9|          2|    1|          2|
    |mlp_buf_address0          |   20|          4|   17|         68|
    |mlp_buf_ce0               |   20|          4|    1|          4|
    |mlp_buf_ce1               |    9|          2|    1|          2|
    |mlp_buf_d0                |   14|          3|   32|         96|
    |mlp_buf_we0               |   14|          3|    1|          3|
    |od_1_fu_154               |    9|          2|    8|         16|
    |od_fu_142                 |    9|          2|    9|         18|
    |s_1_fu_158                |    9|          2|    9|         18|
    |s_fu_146                  |    9|          2|    9|         18|
    |w_address0                |   37|          7|   19|        133|
    |w_ce0                     |   31|          6|    1|          6|
    |w_ce1                     |    9|          2|    1|          2|
    |x_buf_address0            |   20|          4|   16|         64|
    |x_buf_address1            |   20|          4|   16|         64|
    |x_buf_ce0                 |   20|          4|    1|          4|
    |x_buf_ce1                 |   20|          4|    1|          4|
    |x_buf_d0                  |   14|          3|   32|         96|
    |x_buf_we0                 |   14|          3|    1|          3|
    +--------------------------+-----+-----------+-----+-----------+
    |Total                     |  903|        182|  584|       2279|
    +--------------------------+-----+-----------+-----+-----------+

    * Register: 
    +------------------------------------------------------------+----+----+-----+-----------+
    |                            Name                            | FF | LUT| Bits| Const Bits|
    +------------------------------------------------------------+----+----+-----+-----------+
    |acc_3_reg_985                                               |  32|   0|   32|          0|
    |acc_reg_924                                                 |  32|   0|   32|          0|
    |add_ln172_1_reg_970                                         |  16|   0|   16|          0|
    |add_ln172_reg_909                                           |  17|   0|   17|          0|
    |add_ln46_1_reg_802                                          |  20|   0|   20|          0|
    |add_ln46_reg_797                                            |  20|   0|   20|          0|
    |add_ln51_reg_807                                            |  20|   0|   20|          0|
    |add_ln52_1_reg_817                                          |  20|   0|   20|          0|
    |add_ln52_reg_812                                            |  20|   0|   20|          0|
    |add_ln53_1_reg_827                                          |  20|   0|   20|          0|
    |add_ln53_reg_822                                            |  20|   0|   20|          0|
    |add_ln54_1_reg_837                                          |  20|   0|   20|          0|
    |add_ln54_reg_832                                            |  20|   0|   20|          0|
    |add_ln63_1_reg_847                                          |  20|   0|   20|          0|
    |add_ln63_reg_842                                            |  20|   0|   20|          0|
    |ap_CS_fsm                                                   |  20|   0|   20|          0|
    |bw_cast_reg_852                                             |  20|   0|   21|          1|
    |grp_layer_norm_fu_193_ap_start_reg                          |   1|   0|    1|          0|
    |grp_mhsa_fu_205_ap_start_reg                                |   1|   0|    1|          0|
    |grp_transformer_block_Pipeline_AR2_fu_262_ap_start_reg      |   1|   0|    1|          0|
    |grp_transformer_block_Pipeline_AR_fu_231_ap_start_reg       |   1|   0|    1|          0|
    |grp_transformer_block_Pipeline_LF_ID1_fu_270_ap_start_reg   |   1|   0|    1|          0|
    |grp_transformer_block_Pipeline_LF_ID_fu_245_ap_start_reg    |   1|   0|    1|          0|
    |grp_transformer_block_Pipeline_MLP_ACT_fu_239_ap_start_reg  |   1|   0|    1|          0|
    |icmp_ln163_1_reg_942                                        |   1|   0|    1|          0|
    |icmp_ln163_reg_864                                          |   1|   0|    1|          0|
    |indvar_flatten10_fu_162                                     |  16|   0|   16|          0|
    |indvar_flatten_fu_150                                       |  17|   0|   17|          0|
    |lshr_ln165_1_reg_954                                        |  19|   0|   19|          0|
    |od_1_fu_154                                                 |   8|   0|    8|          0|
    |od_fu_142                                                   |   9|   0|    9|          0|
    |p_shl10_mid2_reg_975                                        |   9|   0|   17|          8|
    |p_shl11_mid2_reg_980                                        |   9|   0|   14|          5|
    |p_shl2_mid2_reg_914                                         |   9|   0|   16|          7|
    |p_shl3_mid2_reg_919                                         |   9|   0|   13|          4|
    |reg_287                                                     |  32|   0|   32|          0|
    |s_1_fu_158                                                  |   9|   0|    9|          0|
    |s_fu_146                                                    |   9|   0|    9|          0|
    |select_ln162_1_reg_903                                      |   9|   0|    9|          0|
    |select_ln162_2_reg_947                                      |   8|   0|    8|          0|
    |select_ln162_3_reg_964                                      |   9|   0|    9|          0|
    |select_ln162_reg_891                                        |   9|   0|    9|          0|
    |tmp_3_reg_934                                               |   9|   0|   16|          7|
    |tmp_5_reg_990                                               |   8|   0|   13|          5|
    |tmp_6_reg_995                                               |   8|   0|   16|          8|
    |tmp_reg_929                                                 |   9|   0|   13|          4|
    +------------------------------------------------------------+----+----+-----+-----------+
    |Total                                                       | 590|   0|  639|         49|
    +------------------------------------------------------------+----+----+-----+-----------+



================================================================
== Interface
================================================================
* Summary: 
+----------------+-----+-----+------------+-------------------+--------------+
|    RTL Ports   | Dir | Bits|  Protocol  |   Source Object   |    C Type    |
+----------------+-----+-----+------------+-------------------+--------------+
|ap_clk          |   in|    1|  ap_ctrl_hs|  transformer_block|  return value|
|ap_rst          |   in|    1|  ap_ctrl_hs|  transformer_block|  return value|
|ap_start        |   in|    1|  ap_ctrl_hs|  transformer_block|  return value|
|ap_done         |  out|    1|  ap_ctrl_hs|  transformer_block|  return value|
|ap_idle         |  out|    1|  ap_ctrl_hs|  transformer_block|  return value|
|ap_ready        |  out|    1|  ap_ctrl_hs|  transformer_block|  return value|
|w_address0      |  out|   19|   ap_memory|                  w|         array|
|w_ce0           |  out|    1|   ap_memory|                  w|         array|
|w_q0            |   in|   32|   ap_memory|                  w|         array|
|w_address1      |  out|   19|   ap_memory|                  w|         array|
|w_ce1           |  out|    1|   ap_memory|                  w|         array|
|w_q1            |   in|   32|   ap_memory|                  w|         array|
|bw              |   in|   20|     ap_none|                 bw|        scalar|
|x_buf_address0  |  out|   16|   ap_memory|              x_buf|         array|
|x_buf_ce0       |  out|    1|   ap_memory|              x_buf|         array|
|x_buf_we0       |  out|    1|   ap_memory|              x_buf|         array|
|x_buf_d0        |  out|   32|   ap_memory|              x_buf|         array|
|x_buf_q0        |   in|   32|   ap_memory|              x_buf|         array|
|x_buf_address1  |  out|   16|   ap_memory|              x_buf|         array|
|x_buf_ce1       |  out|    1|   ap_memory|              x_buf|         array|
|x_buf_q1        |   in|   32|   ap_memory|              x_buf|         array|
+----------------+-----+-----+------------+-------------------+--------------+

