

================================================================
== Vitis HLS Report for 'transformer_block_Pipeline_AR'
================================================================
* Date:           Wed Jun  3 12:05:16 2026

* Version:        2022.2 (Build 3670227 on Oct 13 2022)
* Project:        s2_transformer_block
* Solution:       without_pragmas (Vivado IP Flow Target)
* Product family: zynquplus
* Target device:  xczu28dr-ffvg1517-2-e


================================================================
== Performance Estimates
================================================================
+ Timing: 
    * Summary: 
    +--------+---------+----------+------------+
    |  Clock |  Target | Estimated| Uncertainty|
    +--------+---------+----------+------------+
    |ap_clk  |  5.00 ns|  3.454 ns|     1.35 ns|
    +--------+---------+----------+------------+

+ Latency: 
    * Summary: 
    +---------+---------+----------+----------+-------+-------+---------+
    |  Latency (cycles) |  Latency (absolute) |    Interval   | Pipeline|
    |   min   |   max   |    min   |    max   |  min  |  max  |   Type  |
    +---------+---------+----------+----------+-------+-------+---------+
    |    57611|    57611|  0.288 ms|  0.288 ms|  57611|  57611|       no|
    +---------+---------+----------+----------+-------+-------+---------+

    + Detail: 
        * Instance: 
        N/A

        * Loop: 
        +----------+---------+---------+----------+-----------+-----------+-------+----------+
        |          |  Latency (cycles) | Iteration|  Initiation Interval  |  Trip |          |
        | Loop Name|   min   |   max   |  Latency |  achieved |   target  | Count | Pipelined|
        +----------+---------+---------+----------+-----------+-----------+-------+----------+
        |- AR      |    57609|    57609|        11|          1|          1|  57600|       yes|
        +----------+---------+---------+----------+-----------+-----------+-------+----------+



================================================================
== Utilization Estimates
================================================================
* Summary: 
+-----------------+---------+------+--------+--------+-----+
|       Name      | BRAM_18K|  DSP |   FF   |   LUT  | URAM|
+-----------------+---------+------+--------+--------+-----+
|DSP              |        -|     -|       -|       -|    -|
|Expression       |        -|     -|       0|      38|    -|
|FIFO             |        -|     -|       -|       -|    -|
|Instance         |        -|     -|       -|       -|    -|
|Memory           |        -|     -|       -|       -|    -|
|Multiplexer      |        -|     -|       -|      36|    -|
|Register         |        -|     -|     213|      32|    -|
+-----------------+---------+------+--------+--------+-----+
|Total            |        0|     0|     213|     106|    0|
+-----------------+---------+------+--------+--------+-----+
|Available        |     2160|  4272|  850560|  425280|   80|
+-----------------+---------+------+--------+--------+-----+
|Utilization (%)  |        0|     0|      ~0|      ~0|    0|
+-----------------+---------+------+--------+--------+-----+

+ Detail: 
    * Instance: 
    N/A

    * DSP: 
    N/A

    * Memory: 
    N/A

    * FIFO: 
    N/A

    * Expression: 
    +---------------------+----------+----+---+----+------------+------------+
    |    Variable Name    | Operation| DSP| FF| LUT| Bitwidth P0| Bitwidth P1|
    +---------------------+----------+----+---+----+------------+------------+
    |add_ln338_fu_82_p2   |         +|   0|  0|  23|          16|           1|
    |icmp_ln338_fu_76_p2  |      icmp|   0|  0|  13|          16|          14|
    |ap_enable_pp0        |       xor|   0|  0|   2|           1|           2|
    +---------------------+----------+----+---+----+------------+------------+
    |Total                |          |   0|  0|  38|          33|          17|
    +---------------------+----------+----+---+----+------------+------------+

    * Multiplexer: 
    +-------------------------+----+-----------+-----+-----------+
    |           Name          | LUT| Input Size| Bits| Total Bits|
    +-------------------------+----+-----------+-----+-----------+
    |ap_done_int              |   9|          2|    1|          2|
    |ap_enable_reg_pp0_iter1  |   9|          2|    1|          2|
    |ap_sig_allocacmp_i_3     |   9|          2|   16|         32|
    |i_fu_30                  |   9|          2|   16|         32|
    +-------------------------+----+-----------+-----+-----------+
    |Total                    |  36|          8|   34|         68|
    +-------------------------+----+-----------+-----+-----------+

    * Register: 
    +----------------------------------+----+----+-----+-----------+
    |               Name               | FF | LUT| Bits| Const Bits|
    +----------------------------------+----+----+-----+-----------+
    |add_i_reg_131                     |  32|   0|   32|          0|
    |ap_CS_fsm                         |   1|   0|    1|          0|
    |ap_done_reg                       |   1|   0|    1|          0|
    |ap_enable_reg_pp0_iter1           |   1|   0|    1|          0|
    |ap_enable_reg_pp0_iter10          |   1|   0|    1|          0|
    |ap_enable_reg_pp0_iter2           |   1|   0|    1|          0|
    |ap_enable_reg_pp0_iter3           |   1|   0|    1|          0|
    |ap_enable_reg_pp0_iter4           |   1|   0|    1|          0|
    |ap_enable_reg_pp0_iter5           |   1|   0|    1|          0|
    |ap_enable_reg_pp0_iter6           |   1|   0|    1|          0|
    |ap_enable_reg_pp0_iter7           |   1|   0|    1|          0|
    |ap_enable_reg_pp0_iter8           |   1|   0|    1|          0|
    |ap_enable_reg_pp0_iter9           |   1|   0|    1|          0|
    |ap_loop_exit_ready_pp0_iter1_reg  |   1|   0|    1|          0|
    |ap_loop_exit_ready_pp0_iter2_reg  |   1|   0|    1|          0|
    |ap_loop_exit_ready_pp0_iter3_reg  |   1|   0|    1|          0|
    |ap_loop_exit_ready_pp0_iter4_reg  |   1|   0|    1|          0|
    |ap_loop_exit_ready_pp0_iter5_reg  |   1|   0|    1|          0|
    |ap_loop_exit_ready_pp0_iter6_reg  |   1|   0|    1|          0|
    |ap_loop_exit_ready_pp0_iter7_reg  |   1|   0|    1|          0|
    |ap_loop_exit_ready_pp0_iter8_reg  |   1|   0|    1|          0|
    |ap_loop_exit_ready_pp0_iter9_reg  |   1|   0|    1|          0|
    |attn_out_load_reg_126             |  32|   0|   32|          0|
    |i_fu_30                           |  16|   0|   16|          0|
    |x_buf_addr_reg_110                |  16|   0|   16|          0|
    |x_buf_load_reg_121                |  32|   0|   32|          0|
    |x_buf_addr_reg_110                |  64|  32|   16|          0|
    +----------------------------------+----+----+-----+-----------+
    |Total                             | 213|  32|  165|          0|
    +----------------------------------+----+----+-----+-----------+



================================================================
== Interface
================================================================
* Summary: 
+----------------------+-----+-----+------------+-------------------------------+--------------+
|       RTL Ports      | Dir | Bits|  Protocol  |         Source Object         |    C Type    |
+----------------------+-----+-----+------------+-------------------------------+--------------+
|ap_clk                |   in|    1|  ap_ctrl_hs|  transformer_block_Pipeline_AR|  return value|
|ap_rst                |   in|    1|  ap_ctrl_hs|  transformer_block_Pipeline_AR|  return value|
|ap_start              |   in|    1|  ap_ctrl_hs|  transformer_block_Pipeline_AR|  return value|
|ap_done               |  out|    1|  ap_ctrl_hs|  transformer_block_Pipeline_AR|  return value|
|ap_idle               |  out|    1|  ap_ctrl_hs|  transformer_block_Pipeline_AR|  return value|
|ap_ready              |  out|    1|  ap_ctrl_hs|  transformer_block_Pipeline_AR|  return value|
|grp_fu_1000_p_din0    |  out|   32|  ap_ctrl_hs|  transformer_block_Pipeline_AR|  return value|
|grp_fu_1000_p_din1    |  out|   32|  ap_ctrl_hs|  transformer_block_Pipeline_AR|  return value|
|grp_fu_1000_p_opcode  |  out|    1|  ap_ctrl_hs|  transformer_block_Pipeline_AR|  return value|
|grp_fu_1000_p_dout0   |   in|   32|  ap_ctrl_hs|  transformer_block_Pipeline_AR|  return value|
|grp_fu_1000_p_ce      |  out|    1|  ap_ctrl_hs|  transformer_block_Pipeline_AR|  return value|
|x_buf_address0        |  out|   16|   ap_memory|                          x_buf|         array|
|x_buf_ce0             |  out|    1|   ap_memory|                          x_buf|         array|
|x_buf_we0             |  out|    1|   ap_memory|                          x_buf|         array|
|x_buf_d0              |  out|   32|   ap_memory|                          x_buf|         array|
|x_buf_address1        |  out|   16|   ap_memory|                          x_buf|         array|
|x_buf_ce1             |  out|    1|   ap_memory|                          x_buf|         array|
|x_buf_q1              |   in|   32|   ap_memory|                          x_buf|         array|
|attn_out_address0     |  out|   16|   ap_memory|                       attn_out|         array|
|attn_out_ce0          |  out|    1|   ap_memory|                       attn_out|         array|
|attn_out_q0           |   in|   32|   ap_memory|                       attn_out|         array|
+----------------------+-----+-----+------------+-------------------------------+--------------+

