

================================================================
== Vitis HLS Report for 'transformer_blk_s2_top'
================================================================
* Date:           Wed Jun  3 12:05:17 2026

* Version:        2022.2 (Build 3670227 on Oct 13 2022)
* Project:        s2_transformer_block
* Solution:       without_pragmas (Vivado IP Flow Target)
* Product family: zynquplus
* Target device:  xczu28dr-ffvg1517-2-e


================================================================
== Performance Estimates
================================================================
+ Timing: 
    * Summary: 
    +--------+---------+----------+------------+
    |  Clock |  Target | Estimated| Uncertainty|
    +--------+---------+----------+------------+
    |ap_clk  |  5.00 ns|  3.966 ns|     1.35 ns|
    +--------+---------+----------+------------+

+ Latency: 
    * Summary: 
    +------------+------------+-----------+-----------+------------+------------+---------+
    |     Latency (cycles)    |   Latency (absolute)  |         Interval        | Pipeline|
    |     min    |     max    |    min    |    max    |     min    |     max    |   Type  |
    +------------+------------+-----------+-----------+------------+------------+---------+
    |  1228024873|  1228024873|  6.140 sec|  6.140 sec|  1228024874|  1228024874|       no|
    +------------+------------+-----------+-----------+------------+------------+---------+

    + Detail: 
        * Instance: 
        +-----------------------------------------------------+------------------------------------------+-----------+-----------+-----------+-----------+-----------+-----------+---------+
        |                                                     |                                          |    Latency (cycles)   |   Latency (absolute)  |        Interval       | Pipeline|
        |                       Instance                      |                  Module                  |    min    |    max    |    min    |    max    |    min    |    max    |   Type  |
        +-----------------------------------------------------+------------------------------------------+-----------+-----------+-----------+-----------+-----------+-----------+---------+
        |grp_transformer_blk_s2_top_Pipeline_COPY_IN_fu_72    |transformer_blk_s2_top_Pipeline_COPY_IN   |      57602|      57602|   0.288 ms|   0.288 ms|      57602|      57602|       no|
        |grp_transformer_block_fu_80                          |transformer_block                         |  613954831|  613954831|  3.070 sec|  3.070 sec|  613954831|  613954831|       no|
        |grp_transformer_blk_s2_top_Pipeline_COPY_OUT_fu_103  |transformer_blk_s2_top_Pipeline_COPY_OUT  |      57602|      57602|   0.288 ms|   0.288 ms|      57602|      57602|       no|
        +-----------------------------------------------------+------------------------------------------+-----------+-----------+-----------+-----------+-----------+-----------+---------+

        * Loop: 
        +----------+------------+------------+-----------+-----------+-----------+------+----------+
        |          |     Latency (cycles)    | Iteration |  Initiation Interval  | Trip |          |
        | Loop Name|     min    |     max    |  Latency  |  achieved |   target  | Count| Pipelined|
        +----------+------------+------------+-----------+-----------+-----------+------+----------+
        |- DEPTH   |  1227909666|  1227909666|  613954833|          -|          -|     2|        no|
        +----------+------------+------------+-----------+-----------+-----------+------+----------+



================================================================
== Utilization Estimates
================================================================
* Summary: 
+-----------------+---------+------+--------+--------+-----+
|       Name      | BRAM_18K|  DSP |   FF   |   LUT  | URAM|
+-----------------+---------+------+--------+--------+-----+
|DSP              |        -|     -|       -|       -|    -|
|Expression       |        -|     -|       0|      44|    -|
|FIFO             |        -|     -|       -|       -|    -|
|Instance         |     1048|    44|   16394|   17349|    0|
|Memory           |      108|     -|       0|       0|    0|
|Multiplexer      |        -|     -|       -|     126|    -|
|Register         |        -|     -|      50|       -|    -|
+-----------------+---------+------+--------+--------+-----+
|Total            |     1156|    44|   16444|   17519|    0|
+-----------------+---------+------+--------+--------+-----+
|Available        |     2160|  4272|  850560|  425280|   80|
+-----------------+---------+------+--------+--------+-----+
|Utilization (%)  |       53|     1|       1|       4|    0|
+-----------------+---------+------+--------+--------+-----+

+ Detail: 
    * Instance: 
    +-----------------------------------------------------+------------------------------------------+---------+----+-------+-------+-----+
    |                       Instance                      |                  Module                  | BRAM_18K| DSP|   FF  |  LUT  | URAM|
    +-----------------------------------------------------+------------------------------------------+---------+----+-------+-------+-----+
    |grp_transformer_blk_s2_top_Pipeline_COPY_IN_fu_72    |transformer_blk_s2_top_Pipeline_COPY_IN   |        0|   0|     35|     74|    0|
    |grp_transformer_blk_s2_top_Pipeline_COPY_OUT_fu_103  |transformer_blk_s2_top_Pipeline_COPY_OUT  |        0|   0|     35|     74|    0|
    |grp_transformer_block_fu_80                          |transformer_block                         |     1048|  44|  16324|  17201|    0|
    +-----------------------------------------------------+------------------------------------------+---------+----+-------+-------+-----+
    |Total                                                |                                          |     1048|  44|  16394|  17349|    0|
    +-----------------------------------------------------+------------------------------------------+---------+----+-------+-------+-----+

    * DSP: 
    N/A

    * Memory: 
    +---------+---------------------+---------+---+----+-----+-------+-----+------+-------------+
    |  Memory |        Module       | BRAM_18K| FF| LUT| URAM| Words | Bits| Banks| W*Bits*Banks|
    +---------+---------------------+---------+---+----+-----+-------+-----+------+-------------+
    |x_buf_U  |x_buf_RAM_AUTO_1R1W  |      108|  0|   0|    0|  57600|   32|     1|      1843200|
    +---------+---------------------+---------+---+----+-----+-------+-----+------+-------------+
    |Total    |                     |      108|  0|   0|    0|  57600|   32|     1|      1843200|
    +---------+---------------------+---------+---+----+-----+-------+-----+------+-------------+

    * FIFO: 
    N/A

    * Expression: 
    +----------------------+----------+----+---+----+------------+------------+
    |     Variable Name    | Operation| DSP| FF| LUT| Bitwidth P0| Bitwidth P1|
    +----------------------+----------+----+---+----+------------+------------+
    |add_ln151_fu_130_p2   |         +|   0|  0|   9|           2|           1|
    |add_ln152_fu_140_p2   |         +|   0|  0|  27|          20|          20|
    |icmp_ln151_fu_124_p2  |      icmp|   0|  0|   8|           2|           3|
    +----------------------+----------+----+---+----+------------+------------+
    |Total                 |          |   0|  0|  44|          24|          24|
    +----------------------+----------+----+---+----+------------+------------+

    * Multiplexer: 
    +----------------+----+-----------+-----+-----------+
    |      Name      | LUT| Input Size| Bits| Total Bits|
    +----------------+----+-----------+-----+-----------+
    |ap_NS_fsm       |  31|          6|    1|          6|
    |d_fu_68         |   9|          2|    2|          4|
    |phi_mul_fu_64   |   9|          2|   20|         40|
    |x_buf_address0  |  20|          4|   16|         64|
    |x_buf_ce0       |  20|          4|    1|          4|
    |x_buf_ce1       |   9|          2|    1|          2|
    |x_buf_d0        |  14|          3|   32|         96|
    |x_buf_we0       |  14|          3|    1|          3|
    +----------------+----+-----------+-----+-----------+
    |Total           | 126|         26|   74|        219|
    +----------------+----+-----------+-----+-----------+

    * Register: 
    +------------------------------------------------------------------+----+----+-----+-----------+
    |                               Name                               | FF | LUT| Bits| Const Bits|
    +------------------------------------------------------------------+----+----+-----+-----------+
    |ap_CS_fsm                                                         |   5|   0|    5|          0|
    |d_fu_68                                                           |   2|   0|    2|          0|
    |grp_transformer_blk_s2_top_Pipeline_COPY_IN_fu_72_ap_start_reg    |   1|   0|    1|          0|
    |grp_transformer_blk_s2_top_Pipeline_COPY_OUT_fu_103_ap_start_reg  |   1|   0|    1|          0|
    |grp_transformer_block_fu_80_ap_start_reg                          |   1|   0|    1|          0|
    |phi_mul_fu_64                                                     |  20|   0|   20|          0|
    |phi_mul_load_reg_173                                              |  20|   0|   20|          0|
    +------------------------------------------------------------------+----+----+-----+-----------+
    |Total                                                             |  50|   0|   50|          0|
    +------------------------------------------------------------------+----+----+-----+-----------+



================================================================
== Interface
================================================================
* Summary: 
+----------------+-----+-----+------------+------------------------+--------------+
|    RTL Ports   | Dir | Bits|  Protocol  |      Source Object     |    C Type    |
+----------------+-----+-----+------------+------------------------+--------------+
|ap_clk          |   in|    1|  ap_ctrl_hs|  transformer_blk_s2_top|  return value|
|ap_rst          |   in|    1|  ap_ctrl_hs|  transformer_blk_s2_top|  return value|
|ap_start        |   in|    1|  ap_ctrl_hs|  transformer_blk_s2_top|  return value|
|ap_done         |  out|    1|  ap_ctrl_hs|  transformer_blk_s2_top|  return value|
|ap_idle         |  out|    1|  ap_ctrl_hs|  transformer_blk_s2_top|  return value|
|ap_ready        |  out|    1|  ap_ctrl_hs|  transformer_blk_s2_top|  return value|
|in_r_address0   |  out|   16|   ap_memory|                    in_r|         array|
|in_r_ce0        |  out|    1|   ap_memory|                    in_r|         array|
|in_r_q0         |   in|   32|   ap_memory|                    in_r|         array|
|out_r_address0  |  out|   16|   ap_memory|                   out_r|         array|
|out_r_ce0       |  out|    1|   ap_memory|                   out_r|         array|
|out_r_we0       |  out|    1|   ap_memory|                   out_r|         array|
|out_r_d0        |  out|   32|   ap_memory|                   out_r|         array|
|w_address0      |  out|   19|   ap_memory|                       w|         array|
|w_ce0           |  out|    1|   ap_memory|                       w|         array|
|w_q0            |   in|   32|   ap_memory|                       w|         array|
|w_address1      |  out|   19|   ap_memory|                       w|         array|
|w_ce1           |  out|    1|   ap_memory|                       w|         array|
|w_q1            |   in|   32|   ap_memory|                       w|         array|
+----------------+-----+-----+------------+------------------------+--------------+

