

================================================================
== Vitis HLS Report for 'conv1x1_plain_2'
================================================================
* Date:           Tue Jun  2 00:56:57 2026

* Version:        2022.2 (Build 3670227 on Oct 13 2022)
* Project:        fpn_192
* Solution:       solution1 (Vivado IP Flow Target)
* Product family: zynquplus
* Target device:  xczu9eg-ffvb1156-2-e


================================================================
== Performance Estimates
================================================================
+ Timing: 
    * Summary: 
    +--------+---------+----------+------------+
    |  Clock |  Target | Estimated| Uncertainty|
    +--------+---------+----------+------------+
    |ap_clk  |  5.00 ns|  3.397 ns|     1.35 ns|
    +--------+---------+----------+------------+

+ Latency: 
    * Summary: 
    +----------+----------+-----------+-----------+----------+----------+---------+
    |   Latency (cycles)  |   Latency (absolute)  |       Interval      | Pipeline|
    |    min   |    max   |    min    |    max    |    min   |    max   |   Type  |
    +----------+----------+-----------+-----------+----------+----------+---------+
    |  18432601|  18432601|  92.163 ms|  92.163 ms|  18432601|  18432601|       no|
    +----------+----------+-----------+-----------+----------+----------+---------+

    + Detail: 
        * Instance: 
        +---------------------------------------------------+----------------------------------------+---------+---------+----------+----------+--------+--------+---------+
        |                                                   |                                        |  Latency (cycles) |  Latency (absolute) |     Interval    | Pipeline|
        |                      Instance                     |                 Module                 |   min   |   max   |    min   |    max   |   min  |   max  |   Type  |
        +---------------------------------------------------+----------------------------------------+---------+---------+----------+----------+--------+--------+---------+
        |grp_conv1x1_plain_2_Pipeline_C1P_HW_C1P_IC_fu_169  |conv1x1_plain_2_Pipeline_C1P_HW_C1P_IC  |   768019|   768019|  3.840 ms|  3.840 ms|  768019|  768019|       no|
        +---------------------------------------------------+----------------------------------------+---------+---------+----------+----------+--------+--------+---------+

        * Loop: 
        +----------+----------+----------+----------+-----------+-----------+------+----------+
        |          |   Latency (cycles)  | Iteration|  Initiation Interval  | Trip |          |
        | Loop Name|    min   |    max   |  Latency |  achieved |   target  | Count| Pipelined|
        +----------+----------+----------+----------+-----------+-----------+------+----------+
        |- C1P_OC  |  18432600|  18432600|    768025|          -|          -|    24|        no|
        +----------+----------+----------+----------+-----------+-----------+------+----------+



================================================================
== Utilization Estimates
================================================================
* Summary: 
+-----------------+---------+------+--------+--------+-----+
|       Name      | BRAM_18K|  DSP |   FF   |   LUT  | URAM|
+-----------------+---------+------+--------+--------+-----+
|DSP              |        -|     1|       -|       -|    -|
|Expression       |        -|     -|       0|     306|    -|
|FIFO             |        -|     -|       -|       -|    -|
|Instance         |        -|     1|    1286|    1699|    -|
|Memory           |        -|     -|       -|       -|    -|
|Multiplexer      |        -|     -|       -|     158|    -|
|Register         |        -|     -|     564|       -|    -|
+-----------------+---------+------+--------+--------+-----+
|Total            |        0|     2|    1850|    2163|    0|
+-----------------+---------+------+--------+--------+-----+
|Available        |     1824|  2520|  548160|  274080|    0|
+-----------------+---------+------+--------+--------+-----+
|Utilization (%)  |        0|    ~0|      ~0|      ~0|    0|
+-----------------+---------+------+--------+--------+-----+

+ Detail: 
    * Instance: 
    +---------------------------------------------------+----------------------------------------+---------+----+------+------+-----+
    |                      Instance                     |                 Module                 | BRAM_18K| DSP|  FF  |  LUT | URAM|
    +---------------------------------------------------+----------------------------------------+---------+----+------+------+-----+
    |grp_conv1x1_plain_2_Pipeline_C1P_HW_C1P_IC_fu_169  |conv1x1_plain_2_Pipeline_C1P_HW_C1P_IC  |        0|   1|  1286|  1699|    0|
    +---------------------------------------------------+----------------------------------------+---------+----+------+------+-----+
    |Total                                              |                                        |        0|   1|  1286|  1699|    0|
    +---------------------------------------------------+----------------------------------------+---------+----+------+------+-----+

    * DSP: 
    +-----------------------------+-------------------------+-----------+
    |           Instance          |          Module         | Expression|
    +-----------------------------+-------------------------+-----------+
    |mul_mul_8ns_11ns_19_4_1_U84  |mul_mul_8ns_11ns_19_4_1  |    i0 * i1|
    +-----------------------------+-------------------------+-----------+

    * Memory: 
    N/A

    * FIFO: 
    N/A

    * Expression: 
    +----------------------+----------+----+---+----+------------+------------+
    |     Variable Name    | Operation| DSP| FF| LUT| Bitwidth P0| Bitwidth P1|
    +----------------------+----------+----+---+----+------------+------------+
    |add_ln396_fu_289_p2   |         +|   0|  0|  15|           8|           4|
    |empty_179_fu_221_p2   |         +|   0|  0|  19|          12|          11|
    |empty_181_fu_237_p2   |         +|   0|  0|  19|          12|          11|
    |empty_182_fu_243_p2   |         +|   0|  0|  19|          12|          11|
    |empty_184_fu_309_p2   |         +|   0|  0|  19|          12|          11|
    |empty_185_fu_334_p2   |         +|   0|  0|  19|          12|          11|
    |empty_186_fu_339_p2   |         +|   0|  0|  19|          12|          11|
    |empty_187_fu_344_p2   |         +|   0|  0|  19|          12|          11|
    |empty_189_fu_398_p2   |         +|   0|  0|  19|          12|          11|
    |empty_192_fu_443_p2   |         +|   0|  0|  20|          13|          13|
    |empty_195_fu_503_p2   |         +|   0|  0|  26|          19|          19|
    |empty_190_fu_426_p2   |         -|   0|  0|  23|          16|          16|
    |icmp_ln396_fu_199_p2  |      icmp|   0|  0|  11|           8|           8|
    |empty_180_fu_227_p2   |        or|   0|  0|  10|          10|           3|
    |empty_183_fu_300_p2   |        or|   0|  0|  10|          10|           4|
    |empty_188_fu_389_p2   |        or|   0|  0|  10|          10|           5|
    |empty_191_fu_468_p2   |        or|   0|  0|  16|          16|           7|
    |empty_194_fu_474_p2   |        or|   0|  0|  13|          13|           6|
    +----------------------+----------+----+---+----+------------+------------+
    |Total                 |          |   0|  0| 306|         219|         173|
    +----------------------+----------+----+---+----+------------+------------+

    * Multiplexer: 
    +--------------------+----+-----------+-----+-----------+
    |        Name        | LUT| Input Size| Bits| Total Bits|
    +--------------------+----+-----------+-----+-----------+
    |ap_NS_fsm           |  43|          8|    1|          8|
    |grp_fu_731_ce       |   9|          2|    1|          2|
    |grp_fu_735_ce       |   9|          2|    1|          2|
    |grp_fu_739_ce       |   9|          2|    1|          2|
    |grp_fu_743_ce       |   9|          2|    1|          2|
    |grp_fu_747_ce       |   9|          2|    1|          2|
    |grp_fu_750_ce       |   9|          2|    1|          2|
    |oc_fu_92            |   9|          2|    8|         16|
    |w_meta_Addr_A_orig  |  26|          5|   32|        160|
    |w_meta_Addr_B_orig  |  26|          5|   32|        160|
    +--------------------+----+-----------+-----+-----------+
    |Total               | 158|         32|   79|        356|
    +--------------------+----+-----------+-----+-----------+

    * Register: 
    +----------------------------------------------------------------+----+----+-----+-----------+
    |                              Name                              | FF | LUT| Bits| Const Bits|
    +----------------------------------------------------------------+----+----+-----+-----------+
    |acc0_reg_691                                                    |  32|   0|   32|          0|
    |acc1_reg_696                                                    |  32|   0|   32|          0|
    |acc2_reg_701                                                    |  32|   0|   32|          0|
    |acc3_reg_706                                                    |  32|   0|   32|          0|
    |acc4_reg_711                                                    |  32|   0|   32|          0|
    |acc5_reg_716                                                    |  32|   0|   32|          0|
    |acc6_reg_721                                                    |  32|   0|   32|          0|
    |acc7_reg_726                                                    |  32|   0|   32|          0|
    |ap_CS_fsm                                                       |   7|   0|    7|          0|
    |empty_190_reg_645                                               |  11|   0|   16|          5|
    |empty_191_reg_681                                               |   9|   0|   16|          7|
    |empty_192_reg_651                                               |  10|   0|   13|          3|
    |empty_193_reg_656                                               |  19|   0|   19|          0|
    |empty_195_reg_686                                               |  12|   0|   19|          7|
    |grp_conv1x1_plain_2_Pipeline_C1P_HW_C1P_IC_fu_169_ap_start_reg  |   1|   0|    1|          0|
    |oc_6_reg_557                                                    |   8|   0|    8|          0|
    |oc_fu_92                                                        |   8|   0|    8|          0|
    |p_cast16_reg_593                                                |   6|   0|   12|          6|
    |tmp_67_reg_588                                                  |   9|   0|   10|          1|
    |tmp_71_reg_640                                                  |   8|   0|   10|          2|
    |tmp_reg_572                                                     |   8|   0|   10|          2|
    |w_meta_load_36_reg_605                                          |  32|   0|   32|          0|
    |w_meta_load_37_reg_620                                          |  32|   0|   32|          0|
    |w_meta_load_38_reg_625                                          |  32|   0|   32|          0|
    |w_meta_load_39_reg_661                                          |  32|   0|   32|          0|
    |w_meta_load_40_reg_666                                          |  32|   0|   32|          0|
    |w_meta_load_reg_600                                             |  32|   0|   32|          0|
    +----------------------------------------------------------------+----+----+-----+-----------+
    |Total                                                           | 564|   0|  597|         33|
    +----------------------------------------------------------------+----+----+-----+-----------+



================================================================
== Interface
================================================================
* Summary: 
+---------------------+-----+-----+------------+-----------------+--------------+
|      RTL Ports      | Dir | Bits|  Protocol  |  Source Object  |    C Type    |
+---------------------+-----+-----+------------+-----------------+--------------+
|ap_clk               |   in|    1|  ap_ctrl_hs|  conv1x1_plain.2|  return value|
|ap_rst               |   in|    1|  ap_ctrl_hs|  conv1x1_plain.2|  return value|
|ap_start             |   in|    1|  ap_ctrl_hs|  conv1x1_plain.2|  return value|
|ap_done              |  out|    1|  ap_ctrl_hs|  conv1x1_plain.2|  return value|
|ap_idle              |  out|    1|  ap_ctrl_hs|  conv1x1_plain.2|  return value|
|ap_ready             |  out|    1|  ap_ctrl_hs|  conv1x1_plain.2|  return value|
|grp_fu_208_p_din0    |  out|   32|  ap_ctrl_hs|  conv1x1_plain.2|  return value|
|grp_fu_208_p_din1    |  out|   32|  ap_ctrl_hs|  conv1x1_plain.2|  return value|
|grp_fu_208_p_opcode  |  out|    2|  ap_ctrl_hs|  conv1x1_plain.2|  return value|
|grp_fu_208_p_dout0   |   in|   32|  ap_ctrl_hs|  conv1x1_plain.2|  return value|
|grp_fu_208_p_ce      |  out|    1|  ap_ctrl_hs|  conv1x1_plain.2|  return value|
|grp_fu_212_p_din0    |  out|   32|  ap_ctrl_hs|  conv1x1_plain.2|  return value|
|grp_fu_212_p_din1    |  out|   32|  ap_ctrl_hs|  conv1x1_plain.2|  return value|
|grp_fu_212_p_opcode  |  out|    2|  ap_ctrl_hs|  conv1x1_plain.2|  return value|
|grp_fu_212_p_dout0   |   in|   32|  ap_ctrl_hs|  conv1x1_plain.2|  return value|
|grp_fu_212_p_ce      |  out|    1|  ap_ctrl_hs|  conv1x1_plain.2|  return value|
|grp_fu_216_p_din0    |  out|   32|  ap_ctrl_hs|  conv1x1_plain.2|  return value|
|grp_fu_216_p_din1    |  out|   32|  ap_ctrl_hs|  conv1x1_plain.2|  return value|
|grp_fu_216_p_dout0   |   in|   32|  ap_ctrl_hs|  conv1x1_plain.2|  return value|
|grp_fu_216_p_ce      |  out|    1|  ap_ctrl_hs|  conv1x1_plain.2|  return value|
|grp_fu_220_p_din0    |  out|   32|  ap_ctrl_hs|  conv1x1_plain.2|  return value|
|grp_fu_220_p_din1    |  out|   32|  ap_ctrl_hs|  conv1x1_plain.2|  return value|
|grp_fu_220_p_dout0   |   in|   32|  ap_ctrl_hs|  conv1x1_plain.2|  return value|
|grp_fu_220_p_ce      |  out|    1|  ap_ctrl_hs|  conv1x1_plain.2|  return value|
|grp_fu_224_p_din0    |  out|   32|  ap_ctrl_hs|  conv1x1_plain.2|  return value|
|grp_fu_224_p_dout0   |   in|   32|  ap_ctrl_hs|  conv1x1_plain.2|  return value|
|grp_fu_224_p_ce      |  out|    1|  ap_ctrl_hs|  conv1x1_plain.2|  return value|
|grp_fu_227_p_din0    |  out|   32|  ap_ctrl_hs|  conv1x1_plain.2|  return value|
|grp_fu_227_p_dout0   |   in|   32|  ap_ctrl_hs|  conv1x1_plain.2|  return value|
|grp_fu_227_p_ce      |  out|    1|  ap_ctrl_hs|  conv1x1_plain.2|  return value|
|c2_Addr_A            |  out|   32|        bram|               c2|         array|
|c2_EN_A              |  out|    1|        bram|               c2|         array|
|c2_WEN_A             |  out|    4|        bram|               c2|         array|
|c2_Din_A             |  out|   32|        bram|               c2|         array|
|c2_Dout_A            |   in|   32|        bram|               c2|         array|
|w_conv_Addr_A        |  out|   32|        bram|           w_conv|         array|
|w_conv_EN_A          |  out|    1|        bram|           w_conv|         array|
|w_conv_WEN_A         |  out|    1|        bram|           w_conv|         array|
|w_conv_Din_A         |  out|    8|        bram|           w_conv|         array|
|w_conv_Dout_A        |   in|    8|        bram|           w_conv|         array|
|w_conv_Addr_B        |  out|   32|        bram|           w_conv|         array|
|w_conv_EN_B          |  out|    1|        bram|           w_conv|         array|
|w_conv_WEN_B         |  out|    1|        bram|           w_conv|         array|
|w_conv_Din_B         |  out|    8|        bram|           w_conv|         array|
|w_conv_Dout_B        |   in|    8|        bram|           w_conv|         array|
|w_meta_Addr_A        |  out|   32|        bram|           w_meta|         array|
|w_meta_EN_A          |  out|    1|        bram|           w_meta|         array|
|w_meta_WEN_A         |  out|    4|        bram|           w_meta|         array|
|w_meta_Din_A         |  out|   32|        bram|           w_meta|         array|
|w_meta_Dout_A        |   in|   32|        bram|           w_meta|         array|
|w_meta_Addr_B        |  out|   32|        bram|           w_meta|         array|
|w_meta_EN_B          |  out|    1|        bram|           w_meta|         array|
|w_meta_WEN_B         |  out|    4|        bram|           w_meta|         array|
|w_meta_Din_B         |  out|   32|        bram|           w_meta|         array|
|w_meta_Dout_B        |   in|   32|        bram|           w_meta|         array|
|lat2_address0        |  out|   19|   ap_memory|             lat2|         array|
|lat2_ce0             |  out|    1|   ap_memory|             lat2|         array|
|lat2_we0             |  out|    1|   ap_memory|             lat2|         array|
|lat2_d0              |  out|   32|   ap_memory|             lat2|         array|
|lat2_address1        |  out|   19|   ap_memory|             lat2|         array|
|lat2_ce1             |  out|    1|   ap_memory|             lat2|         array|
|lat2_we1             |  out|    1|   ap_memory|             lat2|         array|
|lat2_d1              |  out|   32|   ap_memory|             lat2|         array|
+---------------------+-----+-----+------------+-----------------+--------------+

