

================================================================
== Vitis HLS Report for 'conv1x1_plain'
================================================================
* Date:           Tue Jun  2 00:56:56 2026

* Version:        2022.2 (Build 3670227 on Oct 13 2022)
* Project:        fpn_192
* Solution:       solution1 (Vivado IP Flow Target)
* Product family: zynquplus
* Target device:  xczu9eg-ffvb1156-2-e


================================================================
== Performance Estimates
================================================================
+ Timing: 
    * Summary: 
    +--------+---------+----------+------------+
    |  Clock |  Target | Estimated| Uncertainty|
    +--------+---------+----------+------------+
    |ap_clk  |  5.00 ns|  3.415 ns|     1.35 ns|
    +--------+---------+----------+------------+

+ Latency: 
    * Summary: 
    +---------+---------+-----------+-----------+---------+---------+---------+
    |  Latency (cycles) |   Latency (absolute)  |      Interval     | Pipeline|
    |   min   |   max   |    min    |    max    |   min   |   max   |   Type  |
    +---------+---------+-----------+-----------+---------+---------+---------+
    |  7680601|  7680601|  38.403 ms|  38.403 ms|  7680601|  7680601|       no|
    +---------+---------+-----------+-----------+---------+---------+---------+

    + Detail: 
        * Instance: 
        +-------------------------------------------------+--------------------------------------+---------+---------+----------+----------+--------+--------+---------+
        |                                                 |                                      |  Latency (cycles) |  Latency (absolute) |     Interval    | Pipeline|
        |                     Instance                    |                Module                |   min   |   max   |    min   |    max   |   min  |   max  |   Type  |
        +-------------------------------------------------+--------------------------------------+---------+---------+----------+----------+--------+--------+---------+
        |grp_conv1x1_plain_Pipeline_C1P_HW_C1P_IC_fu_175  |conv1x1_plain_Pipeline_C1P_HW_C1P_IC  |   320019|   320019|  1.600 ms|  1.600 ms|  320019|  320019|       no|
        +-------------------------------------------------+--------------------------------------+---------+---------+----------+----------+--------+--------+---------+

        * Loop: 
        +----------+---------+---------+----------+-----------+-----------+------+----------+
        |          |  Latency (cycles) | Iteration|  Initiation Interval  | Trip |          |
        | Loop Name|   min   |   max   |  Latency |  achieved |   target  | Count| Pipelined|
        +----------+---------+---------+----------+-----------+-----------+------+----------+
        |- C1P_OC  |  7680600|  7680600|    320025|          -|          -|    24|        no|
        +----------+---------+---------+----------+-----------+-----------+------+----------+



================================================================
== Utilization Estimates
================================================================
* Summary: 
+-----------------+---------+------+--------+--------+-----+
|       Name      | BRAM_18K|  DSP |   FF   |   LUT  | URAM|
+-----------------+---------+------+--------+--------+-----+
|DSP              |        -|     -|       -|       -|    -|
|Expression       |        -|     -|       0|     218|    -|
|FIFO             |        -|     -|       -|       -|    -|
|Instance         |        -|     1|    1276|    1714|    -|
|Memory           |        -|     -|       -|       -|    -|
|Multiplexer      |        -|     -|       -|     158|    -|
|Register         |        -|     -|     556|       -|    -|
+-----------------+---------+------+--------+--------+-----+
|Total            |        0|     1|    1832|    2090|    0|
+-----------------+---------+------+--------+--------+-----+
|Available        |     1824|  2520|  548160|  274080|    0|
+-----------------+---------+------+--------+--------+-----+
|Utilization (%)  |        0|    ~0|      ~0|      ~0|    0|
+-----------------+---------+------+--------+--------+-----+

+ Detail: 
    * Instance: 
    +-------------------------------------------------+--------------------------------------+---------+----+------+------+-----+
    |                     Instance                    |                Module                | BRAM_18K| DSP|  FF  |  LUT | URAM|
    +-------------------------------------------------+--------------------------------------+---------+----+------+------+-----+
    |grp_conv1x1_plain_Pipeline_C1P_HW_C1P_IC_fu_175  |conv1x1_plain_Pipeline_C1P_HW_C1P_IC  |        0|   1|  1276|  1674|    0|
    |mul_8ns_8ns_15_1_1_U22                           |mul_8ns_8ns_15_1_1                    |        0|   0|     0|    40|    0|
    +-------------------------------------------------+--------------------------------------+---------+----+------+------+-----+
    |Total                                            |                                      |        0|   1|  1276|  1714|    0|
    +-------------------------------------------------+--------------------------------------+---------+----+------+------+-----+

    * DSP: 
    N/A

    * Memory: 
    N/A

    * FIFO: 
    N/A

    * Expression: 
    +----------------------+----------+----+---+----+------------+------------+
    |     Variable Name    | Operation| DSP| FF| LUT| Bitwidth P0| Bitwidth P1|
    +----------------------+----------+----+---+----+------------+------------+
    |add_ln396_fu_265_p2   |         +|   0|  0|  15|           8|           4|
    |empty_216_fu_234_p2   |         +|   0|  0|  18|          11|           3|
    |empty_218_fu_303_p2   |         +|   0|  0|  18|          11|           3|
    |empty_219_fu_309_p2   |         +|   0|  0|  18|          11|           4|
    |empty_220_fu_315_p2   |         +|   0|  0|  18|          11|           4|
    |empty_221_fu_426_p2   |         +|   0|  0|  24|          17|          17|
    |empty_223_fu_382_p2   |         +|   0|  0|  18|          11|          11|
    |empty_226_fu_469_p2   |         +|   0|  0|  22|          15|          15|
    |icmp_ln396_fu_205_p2  |      icmp|   0|  0|  11|           8|           8|
    |empty_215_fu_224_p2   |        or|   0|  0|  10|          10|           3|
    |empty_217_fu_276_p2   |        or|   0|  0|  10|          10|           4|
    |empty_222_fu_433_p2   |        or|   0|  0|  17|          17|          10|
    |empty_225_fu_440_p2   |        or|   0|  0|  11|          11|           4|
    |empty_227_fu_398_p2   |        or|   0|  0|   8|           8|           3|
    +----------------------+----------+----+---+----+------------+------------+
    |Total                 |          |   0|  0| 218|         159|          93|
    +----------------------+----------+----+---+----+------------+------------+

    * Multiplexer: 
    +--------------------+----+-----------+-----+-----------+
    |        Name        | LUT| Input Size| Bits| Total Bits|
    +--------------------+----+-----------+-----+-----------+
    |ap_NS_fsm           |  43|          8|    1|          8|
    |grp_fu_685_ce       |   9|          2|    1|          2|
    |grp_fu_689_ce       |   9|          2|    1|          2|
    |grp_fu_693_ce       |   9|          2|    1|          2|
    |grp_fu_697_ce       |   9|          2|    1|          2|
    |grp_fu_701_ce       |   9|          2|    1|          2|
    |grp_fu_704_ce       |   9|          2|    1|          2|
    |oc_fu_98            |   9|          2|    8|         16|
    |w_meta_Addr_A_orig  |  26|          5|   32|        160|
    |w_meta_Addr_B_orig  |  26|          5|   32|        160|
    +--------------------+----+-----------+-----+-----------+
    |Total               | 158|         32|   79|        356|
    +--------------------+----+-----------+-----+-----------+

    * Register: 
    +--------------------------------------------------------------+----+----+-----+-----------+
    |                             Name                             | FF | LUT| Bits| Const Bits|
    +--------------------------------------------------------------+----+----+-----+-----------+
    |acc0_reg_645                                                  |  32|   0|   32|          0|
    |acc1_reg_650                                                  |  32|   0|   32|          0|
    |acc2_reg_655                                                  |  32|   0|   32|          0|
    |acc3_reg_660                                                  |  32|   0|   32|          0|
    |acc4_reg_665                                                  |  32|   0|   32|          0|
    |acc5_reg_670                                                  |  32|   0|   32|          0|
    |acc6_reg_675                                                  |  32|   0|   32|          0|
    |acc7_reg_680                                                  |  32|   0|   32|          0|
    |ap_CS_fsm                                                     |   7|   0|    7|          0|
    |empty_217_reg_550                                             |   6|   0|   10|          4|
    |empty_221_reg_630                                             |  10|   0|   17|          7|
    |empty_222_reg_635                                             |   8|   0|   17|          9|
    |empty_223_reg_600                                             |  10|   0|   11|          1|
    |empty_224_reg_605                                             |  15|   0|   15|          0|
    |empty_226_reg_640                                             |  12|   0|   15|          3|
    |grp_conv1x1_plain_Pipeline_C1P_HW_C1P_IC_fu_175_ap_start_reg  |   1|   0|    1|          0|
    |oc_8_reg_517                                                  |   8|   0|    8|          0|
    |oc_fu_98                                                      |   8|   0|    8|          0|
    |tmp_81_reg_545                                                |   8|   0|    9|          1|
    |tmp_85_reg_595                                                |   7|   0|    9|          2|
    |tmp_reg_530                                                   |   8|   0|   10|          2|
    |w_meta_load_50_reg_560                                        |  32|   0|   32|          0|
    |w_meta_load_51_reg_575                                        |  32|   0|   32|          0|
    |w_meta_load_52_reg_580                                        |  32|   0|   32|          0|
    |w_meta_load_53_reg_610                                        |  32|   0|   32|          0|
    |w_meta_load_54_reg_615                                        |  32|   0|   32|          0|
    |w_meta_load_reg_555                                           |  32|   0|   32|          0|
    +--------------------------------------------------------------+----+----+-----+-----------+
    |Total                                                         | 556|   0|  585|         29|
    +--------------------------------------------------------------+----+----+-----+-----------+



================================================================
== Interface
================================================================
* Summary: 
+---------------------+-----+-----+------------+---------------+--------------+
|      RTL Ports      | Dir | Bits|  Protocol  | Source Object |    C Type    |
+---------------------+-----+-----+------------+---------------+--------------+
|ap_clk               |   in|    1|  ap_ctrl_hs|  conv1x1_plain|  return value|
|ap_rst               |   in|    1|  ap_ctrl_hs|  conv1x1_plain|  return value|
|ap_start             |   in|    1|  ap_ctrl_hs|  conv1x1_plain|  return value|
|ap_done              |  out|    1|  ap_ctrl_hs|  conv1x1_plain|  return value|
|ap_idle              |  out|    1|  ap_ctrl_hs|  conv1x1_plain|  return value|
|ap_ready             |  out|    1|  ap_ctrl_hs|  conv1x1_plain|  return value|
|grp_fu_208_p_din0    |  out|   32|  ap_ctrl_hs|  conv1x1_plain|  return value|
|grp_fu_208_p_din1    |  out|   32|  ap_ctrl_hs|  conv1x1_plain|  return value|
|grp_fu_208_p_opcode  |  out|    2|  ap_ctrl_hs|  conv1x1_plain|  return value|
|grp_fu_208_p_dout0   |   in|   32|  ap_ctrl_hs|  conv1x1_plain|  return value|
|grp_fu_208_p_ce      |  out|    1|  ap_ctrl_hs|  conv1x1_plain|  return value|
|grp_fu_212_p_din0    |  out|   32|  ap_ctrl_hs|  conv1x1_plain|  return value|
|grp_fu_212_p_din1    |  out|   32|  ap_ctrl_hs|  conv1x1_plain|  return value|
|grp_fu_212_p_opcode  |  out|    2|  ap_ctrl_hs|  conv1x1_plain|  return value|
|grp_fu_212_p_dout0   |   in|   32|  ap_ctrl_hs|  conv1x1_plain|  return value|
|grp_fu_212_p_ce      |  out|    1|  ap_ctrl_hs|  conv1x1_plain|  return value|
|grp_fu_216_p_din0    |  out|   32|  ap_ctrl_hs|  conv1x1_plain|  return value|
|grp_fu_216_p_din1    |  out|   32|  ap_ctrl_hs|  conv1x1_plain|  return value|
|grp_fu_216_p_dout0   |   in|   32|  ap_ctrl_hs|  conv1x1_plain|  return value|
|grp_fu_216_p_ce      |  out|    1|  ap_ctrl_hs|  conv1x1_plain|  return value|
|grp_fu_220_p_din0    |  out|   32|  ap_ctrl_hs|  conv1x1_plain|  return value|
|grp_fu_220_p_din1    |  out|   32|  ap_ctrl_hs|  conv1x1_plain|  return value|
|grp_fu_220_p_dout0   |   in|   32|  ap_ctrl_hs|  conv1x1_plain|  return value|
|grp_fu_220_p_ce      |  out|    1|  ap_ctrl_hs|  conv1x1_plain|  return value|
|grp_fu_224_p_din0    |  out|   32|  ap_ctrl_hs|  conv1x1_plain|  return value|
|grp_fu_224_p_dout0   |   in|   32|  ap_ctrl_hs|  conv1x1_plain|  return value|
|grp_fu_224_p_ce      |  out|    1|  ap_ctrl_hs|  conv1x1_plain|  return value|
|grp_fu_227_p_din0    |  out|   32|  ap_ctrl_hs|  conv1x1_plain|  return value|
|grp_fu_227_p_dout0   |   in|   32|  ap_ctrl_hs|  conv1x1_plain|  return value|
|grp_fu_227_p_ce      |  out|    1|  ap_ctrl_hs|  conv1x1_plain|  return value|
|c4_Addr_A            |  out|   32|        bram|             c4|         array|
|c4_EN_A              |  out|    1|        bram|             c4|         array|
|c4_WEN_A             |  out|    4|        bram|             c4|         array|
|c4_Din_A             |  out|   32|        bram|             c4|         array|
|c4_Dout_A            |   in|   32|        bram|             c4|         array|
|w_conv_Addr_A        |  out|   32|        bram|         w_conv|         array|
|w_conv_EN_A          |  out|    1|        bram|         w_conv|         array|
|w_conv_WEN_A         |  out|    1|        bram|         w_conv|         array|
|w_conv_Din_A         |  out|    8|        bram|         w_conv|         array|
|w_conv_Dout_A        |   in|    8|        bram|         w_conv|         array|
|w_conv_Addr_B        |  out|   32|        bram|         w_conv|         array|
|w_conv_EN_B          |  out|    1|        bram|         w_conv|         array|
|w_conv_WEN_B         |  out|    1|        bram|         w_conv|         array|
|w_conv_Din_B         |  out|    8|        bram|         w_conv|         array|
|w_conv_Dout_B        |   in|    8|        bram|         w_conv|         array|
|w_meta_Addr_A        |  out|   32|        bram|         w_meta|         array|
|w_meta_EN_A          |  out|    1|        bram|         w_meta|         array|
|w_meta_WEN_A         |  out|    4|        bram|         w_meta|         array|
|w_meta_Din_A         |  out|   32|        bram|         w_meta|         array|
|w_meta_Dout_A        |   in|   32|        bram|         w_meta|         array|
|w_meta_Addr_B        |  out|   32|        bram|         w_meta|         array|
|w_meta_EN_B          |  out|    1|        bram|         w_meta|         array|
|w_meta_WEN_B         |  out|    4|        bram|         w_meta|         array|
|w_meta_Din_B         |  out|   32|        bram|         w_meta|         array|
|w_meta_Dout_B        |   in|   32|        bram|         w_meta|         array|
|lat4_address0        |  out|   15|   ap_memory|           lat4|         array|
|lat4_ce0             |  out|    1|   ap_memory|           lat4|         array|
|lat4_we0             |  out|    1|   ap_memory|           lat4|         array|
|lat4_d0              |  out|   32|   ap_memory|           lat4|         array|
|lat4_address1        |  out|   15|   ap_memory|           lat4|         array|
|lat4_ce1             |  out|    1|   ap_memory|           lat4|         array|
|lat4_we1             |  out|    1|   ap_memory|           lat4|         array|
|lat4_d1              |  out|   32|   ap_memory|           lat4|         array|
+---------------------+-----+-----+------------+---------------+--------------+

