

================================================================
== Vitis HLS Report for 'conv1x1_plain_3_Pipeline_C1P_HW_C1P_IC'
================================================================
* Date:           Tue Jun  2 00:56:58 2026

* Version:        2022.2 (Build 3670227 on Oct 13 2022)
* Project:        fpn_192
* Solution:       solution1 (Vivado IP Flow Target)
* Product family: zynquplus
* Target device:  xczu9eg-ffvb1156-2-e


================================================================
== Performance Estimates
================================================================
+ Timing: 
    * Summary: 
    +--------+---------+----------+------------+
    |  Clock |  Target | Estimated| Uncertainty|
    +--------+---------+----------+------------+
    |ap_clk  |  5.00 ns|  3.397 ns|     1.35 ns|
    +--------+---------+----------+------------+

+ Latency: 
    * Summary: 
    +---------+---------+-----------+-----------+---------+---------+---------+
    |  Latency (cycles) |   Latency (absolute)  |      Interval     | Pipeline|
    |   min   |   max   |    min    |    max    |   min   |   max   |   Type  |
    +---------+---------+-----------+-----------+---------+---------+---------+
    |  2048019|  2048019|  10.240 ms|  10.240 ms|  2048019|  2048019|       no|
    +---------+---------+-----------+-----------+---------+---------+---------+

    + Detail: 
        * Instance: 
        N/A

        * Loop: 
        +-----------------+---------+---------+----------+-----------+-----------+--------+----------+
        |                 |  Latency (cycles) | Iteration|  Initiation Interval  |  Trip  |          |
        |    Loop Name    |   min   |   max   |  Latency |  achieved |   target  |  Count | Pipelined|
        +-----------------+---------+---------+----------+-----------+-----------+--------+----------+
        |- C1P_HW_C1P_IC  |  2048017|  2048017|        23|          5|          1|  409600|       yes|
        +-----------------+---------+---------+----------+-----------+-----------+--------+----------+



================================================================
== Utilization Estimates
================================================================
* Summary: 
+-----------------+---------+------+--------+--------+-----+
|       Name      | BRAM_18K|  DSP |   FF   |   LUT  | URAM|
+-----------------+---------+------+--------+--------+-----+
|DSP              |        -|     1|       -|       -|    -|
|Expression       |        -|     -|       0|     965|    -|
|FIFO             |        -|     -|       -|       -|    -|
|Instance         |        -|     -|       -|       -|    -|
|Memory           |        -|     -|       -|       -|    -|
|Multiplexer      |        -|     -|       -|     623|    -|
|Register         |        -|     -|    1344|     128|    -|
+-----------------+---------+------+--------+--------+-----+
|Total            |        0|     1|    1344|    1716|    0|
+-----------------+---------+------+--------+--------+-----+
|Available        |     1824|  2520|  548160|  274080|    0|
+-----------------+---------+------+--------+--------+-----+
|Utilization (%)  |        0|    ~0|      ~0|      ~0|    0|
+-----------------+---------+------+--------+--------+-----+

+ Detail: 
    * Instance: 
    N/A

    * DSP: 
    +-------------------------------------+---------------------------------+--------------+
    |               Instance              |              Module             |  Expression  |
    +-------------------------------------+---------------------------------+--------------+
    |mac_muladd_7ns_13ns_13ns_19_4_1_U99  |mac_muladd_7ns_13ns_13ns_19_4_1  |  i0 * i1 + i2|
    +-------------------------------------+---------------------------------+--------------+

    * Memory: 
    N/A

    * FIFO: 
    N/A

    * Expression: 
    +--------------------------+----------+----+---+----+------------+------------+
    |       Variable Name      | Operation| DSP| FF| LUT| Bitwidth P0| Bitwidth P1|
    +--------------------------+----------+----+---+----+------------+------------+
    |add_ln397_1_fu_521_p2     |         +|   0|  0|  26|          19|           1|
    |add_ln397_fu_633_p2       |         +|   0|  0|  20|          13|           1|
    |add_ln406_fu_578_p2       |         +|   0|  0|  14|           7|           1|
    |add_ln409_fu_556_p2       |         +|   0|  0|  25|          18|          18|
    |add_ln410_fu_567_p2       |         +|   0|  0|  25|          18|          18|
    |add_ln411_1_fu_697_p2     |         +|   0|  0|  25|          18|          18|
    |add_ln411_fu_692_p2       |         +|   0|  0|  25|          18|          18|
    |add_ln412_fu_600_p2       |         +|   0|  0|  25|          18|          18|
    |add_ln413_fu_712_p2       |         +|   0|  0|  25|          18|          18|
    |add_ln414_fu_616_p2       |         +|   0|  0|  25|          18|          18|
    |add_ln415_1_fu_669_p2     |         +|   0|  0|  18|          18|          18|
    |add_ln415_fu_663_p2       |         +|   0|  0|  18|          18|          18|
    |add_ln416_fu_626_p2       |         +|   0|  0|  25|          18|          18|
    |add_ln418_fu_845_p2       |         +|   0|  0|  28|          21|          21|
    |add_ln419_fu_855_p2       |         +|   0|  0|  28|          21|          21|
    |add_ln420_1_fu_988_p2     |         +|   0|  0|  21|          14|          13|
    |add_ln420_fu_997_p2       |         +|   0|  0|  28|          21|          21|
    |add_ln421_1_fu_881_p2     |         +|   0|  0|  22|          15|          14|
    |add_ln421_fu_891_p2       |         +|   0|  0|  28|          21|          21|
    |add_ln422_1_fu_1007_p2    |         +|   0|  0|  22|          15|          15|
    |add_ln422_fu_1016_p2      |         +|   0|  0|  28|          21|          21|
    |add_ln423_1_fu_901_p2     |         +|   0|  0|  21|          14|          14|
    |add_ln423_fu_915_p2       |         +|   0|  0|  28|          21|          21|
    |add_ln424_1_fu_938_p2     |         +|   0|  0|  23|          16|          15|
    |add_ln424_fu_948_p2       |         +|   0|  0|  28|          21|          21|
    |add_ln425_1_fu_958_p2     |         +|   0|  0|  23|          16|          16|
    |add_ln425_fu_968_p2       |         +|   0|  0|  28|          21|          21|
    |icmp_ln397_fu_515_p2      |      icmp|   0|  0|  14|          19|          18|
    |icmp_ln406_1_fu_584_p2    |      icmp|   0|  0|  11|           7|           8|
    |icmp_ln406_fu_530_p2      |      icmp|   0|  0|  11|           7|           8|
    |select_ln397_1_fu_798_p3  |    select|   0|  0|  32|           1|          32|
    |select_ln397_2_fu_805_p3  |    select|   0|  0|  32|           1|          32|
    |select_ln397_3_fu_778_p3  |    select|   0|  0|  32|           1|          32|
    |select_ln397_4_fu_818_p3  |    select|   0|  0|  32|           1|          32|
    |select_ln397_5_fu_785_p3  |    select|   0|  0|  32|           1|          32|
    |select_ln397_6_fu_825_p3  |    select|   0|  0|  32|           1|          32|
    |select_ln397_7_fu_758_p3  |    select|   0|  0|  32|           1|          32|
    |select_ln397_8_fu_765_p3  |    select|   0|  0|  32|           1|          32|
    |select_ln397_9_fu_639_p3  |    select|   0|  0|  12|           1|          13|
    |select_ln397_fu_536_p3    |    select|   0|  0|   7|           1|           1|
    |ap_enable_pp0             |       xor|   0|  0|   2|           1|           2|
    +--------------------------+----------+----+---+----+------------+------------+
    |Total                     |          |   0|  0| 965|         521|         744|
    +--------------------------+----------+----+---+----+------------+------------+

    * Multiplexer: 
    +--------------------------------------+----+-----------+-----+-----------+
    |                 Name                 | LUT| Input Size| Bits| Total Bits|
    +--------------------------------------+----+-----------+-----+-----------+
    |acc0_02_fu_114                        |   9|          2|   32|         64|
    |acc1_03_fu_118                        |   9|          2|   32|         64|
    |acc2_04_fu_122                        |   9|          2|   32|         64|
    |acc3_05_fu_126                        |   9|          2|   32|         64|
    |acc4_06_fu_130                        |   9|          2|   32|         64|
    |acc5_07_fu_134                        |   9|          2|   32|         64|
    |acc6_08_fu_138                        |   9|          2|   32|         64|
    |acc7_9_fu_142                         |   9|          2|   32|         64|
    |ap_NS_fsm                             |  31|          6|    1|          6|
    |ap_done_int                           |   9|          2|    1|          2|
    |ap_enable_reg_pp0_iter0               |   9|          2|    1|          2|
    |ap_enable_reg_pp0_iter1               |   9|          2|    1|          2|
    |ap_enable_reg_pp0_iter4               |   9|          2|    1|          2|
    |ap_loop_exit_ready_pp0_iter1_reg      |   9|          2|    1|          2|
    |ap_loop_exit_ready_pp0_iter2_reg      |   9|          2|    1|          2|
    |ap_loop_exit_ready_pp0_iter3_reg      |   9|          2|    1|          2|
    |ap_sig_allocacmp_acc0_02_load         |   9|          2|   32|         64|
    |ap_sig_allocacmp_acc1_03_load         |   9|          2|   32|         64|
    |ap_sig_allocacmp_acc2_04_load         |   9|          2|   32|         64|
    |ap_sig_allocacmp_acc3_05_load         |   9|          2|   32|         64|
    |ap_sig_allocacmp_acc4_06_load         |   9|          2|   32|         64|
    |ap_sig_allocacmp_acc5_07_load         |   9|          2|   32|         64|
    |ap_sig_allocacmp_acc6_08_load         |   9|          2|   32|         64|
    |ap_sig_allocacmp_acc7_9_load          |   9|          2|   32|         64|
    |ap_sig_allocacmp_ic_load              |   9|          2|    7|         14|
    |ap_sig_allocacmp_indvar_flatten_load  |   9|          2|   19|         38|
    |grp_fu_401_p0                         |  26|          5|   32|        160|
    |grp_fu_401_p1                         |  26|          5|   32|        160|
    |grp_fu_405_p0                         |  26|          5|   32|        160|
    |grp_fu_405_p1                         |  26|          5|   32|        160|
    |grp_fu_409_p0                         |  14|          3|   32|         96|
    |grp_fu_409_p1                         |  26|          5|   32|        160|
    |grp_fu_413_p0                         |  14|          3|   32|         96|
    |grp_fu_413_p1                         |  26|          5|   32|        160|
    |grp_fu_417_p0                         |  26|          5|   32|        160|
    |grp_fu_420_p0                         |  26|          5|   32|        160|
    |hw_fu_150                             |   9|          2|   13|         26|
    |ic_fu_146                             |   9|          2|    7|         14|
    |indvar_flatten_fu_154                 |   9|          2|   19|         38|
    |lat1_address0                         |  26|          5|   21|        105|
    |lat1_address1                         |  26|          5|   21|        105|
    |w_conv_Addr_A_orig                    |  26|          5|   32|        160|
    |w_conv_Addr_B_orig                    |  26|          5|   32|        160|
    +--------------------------------------+----+-----------+-----+-----------+
    |Total                                 | 623|        128| 1011|       3176|
    +--------------------------------------+----+-----------+-----+-----------+

    * Register: 
    +----------------------------------+----+----+-----+-----------+
    |               Name               | FF | LUT| Bits| Const Bits|
    +----------------------------------+----+----+-----+-----------+
    |acc0_02_fu_114                    |  32|   0|   32|          0|
    |acc1_03_fu_118                    |  32|   0|   32|          0|
    |acc2_04_fu_122                    |  32|   0|   32|          0|
    |acc3_05_fu_126                    |  32|   0|   32|          0|
    |acc4_06_fu_130                    |  32|   0|   32|          0|
    |acc5_07_fu_134                    |  32|   0|   32|          0|
    |acc6_08_fu_138                    |  32|   0|   32|          0|
    |acc7_9_fu_142                     |  32|   0|   32|          0|
    |add_ln416_reg_1244                |  18|   0|   18|          0|
    |ap_CS_fsm                         |   5|   0|    5|          0|
    |ap_done_reg                       |   1|   0|    1|          0|
    |ap_enable_reg_pp0_iter0_reg       |   1|   0|    1|          0|
    |ap_enable_reg_pp0_iter1           |   1|   0|    1|          0|
    |ap_enable_reg_pp0_iter2           |   1|   0|    1|          0|
    |ap_enable_reg_pp0_iter3           |   1|   0|    1|          0|
    |ap_enable_reg_pp0_iter4           |   1|   0|    1|          0|
    |ap_loop_exit_ready_pp0_iter1_reg  |   1|   0|    1|          0|
    |ap_loop_exit_ready_pp0_iter2_reg  |   1|   0|    1|          0|
    |ap_loop_exit_ready_pp0_iter3_reg  |   1|   0|    1|          0|
    |c1_load_reg_1312                  |  32|   0|   32|          0|
    |conv2_reg_1342                    |  32|   0|   32|          0|
    |conv3_reg_1373                    |  32|   0|   32|          0|
    |conv4_reg_1353                    |  32|   0|   32|          0|
    |conv5_reg_1378                    |  32|   0|   32|          0|
    |conv6_reg_1358                    |  32|   0|   32|          0|
    |conv7_reg_1363                    |  32|   0|   32|          0|
    |conv8_reg_1368                    |  32|   0|   32|          0|
    |conv_reg_1337                     |  32|   0|   32|          0|
    |hw_fu_150                         |  13|   0|   13|          0|
    |ic_fu_146                         |   7|   0|    7|          0|
    |icmp_ln397_reg_1186               |   1|   0|    1|          0|
    |icmp_ln406_1_reg_1230             |   1|   0|    1|          0|
    |icmp_ln406_reg_1190               |   1|   0|    1|          0|
    |indvar_flatten_fu_154             |  19|   0|   19|          0|
    |mul2_reg_1388                     |  32|   0|   32|          0|
    |mul3_reg_1443                     |  32|   0|   32|          0|
    |mul4_reg_1403                     |  32|   0|   32|          0|
    |mul5_reg_1448                     |  32|   0|   32|          0|
    |mul6_reg_1408                     |  32|   0|   32|          0|
    |mul7_reg_1423                     |  32|   0|   32|          0|
    |mul8_reg_1428                     |  32|   0|   32|          0|
    |mul_reg_1383                      |  32|   0|   32|          0|
    |or_ln_reg_1214                    |   7|   0|   18|         11|
    |p_cast29_cast_reg_1181            |  14|   0|   18|          4|
    |p_cast30_cast_reg_1173            |  14|   0|   18|          4|
    |p_cast31_cast_reg_1168            |  14|   0|   18|          4|
    |reg_423                           |   8|   0|    8|          0|
    |reg_427                           |   8|   0|    8|          0|
    |reg_431                           |  32|   0|   32|          0|
    |reg_436                           |  32|   0|   32|          0|
    |select_ln397_9_reg_1249           |  13|   0|   13|          0|
    |select_ln397_reg_1203             |   7|   0|    7|          0|
    |x_reg_1347                        |  32|   0|   32|          0|
    |zext_ln397_2_reg_1463             |  13|   0|   15|          2|
    |zext_ln397_3_reg_1468             |  13|   0|   14|          1|
    |zext_ln406_reg_1262               |   7|   0|   18|         11|
    |icmp_ln397_reg_1186               |  64|  32|    1|          0|
    |icmp_ln406_1_reg_1230             |  64|  32|    1|          0|
    |icmp_ln406_reg_1190               |  64|  32|    1|          0|
    |select_ln397_9_reg_1249           |  64|  32|   13|          0|
    +----------------------------------+----+----+-----+-----------+
    |Total                             |1344| 128| 1141|         37|
    +----------------------------------+----+----+-----+-----------+



================================================================
== Interface
================================================================
* Summary: 
+---------------------+-----+-----+------------+----------------------------------------+--------------+
|      RTL Ports      | Dir | Bits|  Protocol  |              Source Object             |    C Type    |
+---------------------+-----+-----+------------+----------------------------------------+--------------+
|ap_clk               |   in|    1|  ap_ctrl_hs|  conv1x1_plain.3_Pipeline_C1P_HW_C1P_IC|  return value|
|ap_rst               |   in|    1|  ap_ctrl_hs|  conv1x1_plain.3_Pipeline_C1P_HW_C1P_IC|  return value|
|ap_start             |   in|    1|  ap_ctrl_hs|  conv1x1_plain.3_Pipeline_C1P_HW_C1P_IC|  return value|
|ap_done              |  out|    1|  ap_ctrl_hs|  conv1x1_plain.3_Pipeline_C1P_HW_C1P_IC|  return value|
|ap_idle              |  out|    1|  ap_ctrl_hs|  conv1x1_plain.3_Pipeline_C1P_HW_C1P_IC|  return value|
|ap_ready             |  out|    1|  ap_ctrl_hs|  conv1x1_plain.3_Pipeline_C1P_HW_C1P_IC|  return value|
|grp_fu_735_p_din0    |  out|   32|  ap_ctrl_hs|  conv1x1_plain.3_Pipeline_C1P_HW_C1P_IC|  return value|
|grp_fu_735_p_din1    |  out|   32|  ap_ctrl_hs|  conv1x1_plain.3_Pipeline_C1P_HW_C1P_IC|  return value|
|grp_fu_735_p_opcode  |  out|    2|  ap_ctrl_hs|  conv1x1_plain.3_Pipeline_C1P_HW_C1P_IC|  return value|
|grp_fu_735_p_dout0   |   in|   32|  ap_ctrl_hs|  conv1x1_plain.3_Pipeline_C1P_HW_C1P_IC|  return value|
|grp_fu_735_p_ce      |  out|    1|  ap_ctrl_hs|  conv1x1_plain.3_Pipeline_C1P_HW_C1P_IC|  return value|
|grp_fu_739_p_din0    |  out|   32|  ap_ctrl_hs|  conv1x1_plain.3_Pipeline_C1P_HW_C1P_IC|  return value|
|grp_fu_739_p_din1    |  out|   32|  ap_ctrl_hs|  conv1x1_plain.3_Pipeline_C1P_HW_C1P_IC|  return value|
|grp_fu_739_p_opcode  |  out|    2|  ap_ctrl_hs|  conv1x1_plain.3_Pipeline_C1P_HW_C1P_IC|  return value|
|grp_fu_739_p_dout0   |   in|   32|  ap_ctrl_hs|  conv1x1_plain.3_Pipeline_C1P_HW_C1P_IC|  return value|
|grp_fu_739_p_ce      |  out|    1|  ap_ctrl_hs|  conv1x1_plain.3_Pipeline_C1P_HW_C1P_IC|  return value|
|grp_fu_743_p_din0    |  out|   32|  ap_ctrl_hs|  conv1x1_plain.3_Pipeline_C1P_HW_C1P_IC|  return value|
|grp_fu_743_p_din1    |  out|   32|  ap_ctrl_hs|  conv1x1_plain.3_Pipeline_C1P_HW_C1P_IC|  return value|
|grp_fu_743_p_dout0   |   in|   32|  ap_ctrl_hs|  conv1x1_plain.3_Pipeline_C1P_HW_C1P_IC|  return value|
|grp_fu_743_p_ce      |  out|    1|  ap_ctrl_hs|  conv1x1_plain.3_Pipeline_C1P_HW_C1P_IC|  return value|
|grp_fu_747_p_din0    |  out|   32|  ap_ctrl_hs|  conv1x1_plain.3_Pipeline_C1P_HW_C1P_IC|  return value|
|grp_fu_747_p_din1    |  out|   32|  ap_ctrl_hs|  conv1x1_plain.3_Pipeline_C1P_HW_C1P_IC|  return value|
|grp_fu_747_p_dout0   |   in|   32|  ap_ctrl_hs|  conv1x1_plain.3_Pipeline_C1P_HW_C1P_IC|  return value|
|grp_fu_747_p_ce      |  out|    1|  ap_ctrl_hs|  conv1x1_plain.3_Pipeline_C1P_HW_C1P_IC|  return value|
|grp_fu_751_p_din0    |  out|   32|  ap_ctrl_hs|  conv1x1_plain.3_Pipeline_C1P_HW_C1P_IC|  return value|
|grp_fu_751_p_dout0   |   in|   32|  ap_ctrl_hs|  conv1x1_plain.3_Pipeline_C1P_HW_C1P_IC|  return value|
|grp_fu_751_p_ce      |  out|    1|  ap_ctrl_hs|  conv1x1_plain.3_Pipeline_C1P_HW_C1P_IC|  return value|
|grp_fu_754_p_din0    |  out|   32|  ap_ctrl_hs|  conv1x1_plain.3_Pipeline_C1P_HW_C1P_IC|  return value|
|grp_fu_754_p_dout0   |   in|   32|  ap_ctrl_hs|  conv1x1_plain.3_Pipeline_C1P_HW_C1P_IC|  return value|
|grp_fu_754_p_ce      |  out|    1|  ap_ctrl_hs|  conv1x1_plain.3_Pipeline_C1P_HW_C1P_IC|  return value|
|acc7                 |   in|   32|     ap_none|                                    acc7|        scalar|
|acc6                 |   in|   32|     ap_none|                                    acc6|        scalar|
|acc5                 |   in|   32|     ap_none|                                    acc5|        scalar|
|acc4                 |   in|   32|     ap_none|                                    acc4|        scalar|
|acc3                 |   in|   32|     ap_none|                                    acc3|        scalar|
|acc2                 |   in|   32|     ap_none|                                    acc2|        scalar|
|acc1                 |   in|   32|     ap_none|                                    acc1|        scalar|
|acc0                 |   in|   32|     ap_none|                                    acc0|        scalar|
|c1_Addr_A            |  out|   32|        bram|                                      c1|         array|
|c1_EN_A              |  out|    1|        bram|                                      c1|         array|
|c1_WEN_A             |  out|    4|        bram|                                      c1|         array|
|c1_Din_A             |  out|   32|        bram|                                      c1|         array|
|c1_Dout_A            |   in|   32|        bram|                                      c1|         array|
|p_cast28             |   in|   14|     ap_none|                                p_cast28|        scalar|
|w_conv_Addr_A        |  out|   32|        bram|                                  w_conv|         array|
|w_conv_EN_A          |  out|    1|        bram|                                  w_conv|         array|
|w_conv_WEN_A         |  out|    1|        bram|                                  w_conv|         array|
|w_conv_Din_A         |  out|    8|        bram|                                  w_conv|         array|
|w_conv_Dout_A        |   in|    8|        bram|                                  w_conv|         array|
|w_conv_Addr_B        |  out|   32|        bram|                                  w_conv|         array|
|w_conv_EN_B          |  out|    1|        bram|                                  w_conv|         array|
|w_conv_WEN_B         |  out|    1|        bram|                                  w_conv|         array|
|w_conv_Din_B         |  out|    8|        bram|                                  w_conv|         array|
|w_conv_Dout_B        |   in|    8|        bram|                                  w_conv|         array|
|p_cast29             |   in|   14|     ap_none|                                p_cast29|        scalar|
|p_cast30             |   in|   14|     ap_none|                                p_cast30|        scalar|
|p_cast31             |   in|   14|     ap_none|                                p_cast31|        scalar|
|empty_36             |   in|   21|     ap_none|                                empty_36|        scalar|
|empty                |   in|   21|     ap_none|                                   empty|        scalar|
|lat1_address0        |  out|   21|   ap_memory|                                    lat1|         array|
|lat1_ce0             |  out|    1|   ap_memory|                                    lat1|         array|
|lat1_we0             |  out|    1|   ap_memory|                                    lat1|         array|
|lat1_d0              |  out|   32|   ap_memory|                                    lat1|         array|
|lat1_address1        |  out|   21|   ap_memory|                                    lat1|         array|
|lat1_ce1             |  out|    1|   ap_memory|                                    lat1|         array|
|lat1_we1             |  out|    1|   ap_memory|                                    lat1|         array|
|lat1_d1              |  out|   32|   ap_memory|                                    lat1|         array|
+---------------------+-----+-----+------------+----------------------------------------+--------------+

