

================================================================
== Vitis HLS Report for 'conv1x1_plain_1'
================================================================
* Date:           Tue Jun  2 00:56:57 2026

* Version:        2022.2 (Build 3670227 on Oct 13 2022)
* Project:        fpn_192
* Solution:       solution1 (Vivado IP Flow Target)
* Product family: zynquplus
* Target device:  xczu9eg-ffvb1156-2-e


================================================================
== Performance Estimates
================================================================
+ Timing: 
    * Summary: 
    +--------+---------+----------+------------+
    |  Clock |  Target | Estimated| Uncertainty|
    +--------+---------+----------+------------+
    |ap_clk  |  5.00 ns|  3.397 ns|     1.35 ns|
    +--------+---------+----------+------------+

+ Latency: 
    * Summary: 
    +---------+---------+-----------+-----------+---------+---------+---------+
    |  Latency (cycles) |   Latency (absolute)  |      Interval     | Pipeline|
    |   min   |   max   |    min    |    max    |   min   |   max   |   Type  |
    +---------+---------+-----------+-----------+---------+---------+---------+
    |  6144601|  6144601|  30.723 ms|  30.723 ms|  6144601|  6144601|       no|
    +---------+---------+-----------+-----------+---------+---------+---------+

    + Detail: 
        * Instance: 
        +---------------------------------------------------+----------------------------------------+---------+---------+----------+----------+--------+--------+---------+
        |                                                   |                                        |  Latency (cycles) |  Latency (absolute) |     Interval    | Pipeline|
        |                      Instance                     |                 Module                 |   min   |   max   |    min   |    max   |   min  |   max  |   Type  |
        +---------------------------------------------------+----------------------------------------+---------+---------+----------+----------+--------+--------+---------+
        |grp_conv1x1_plain_1_Pipeline_C1P_HW_C1P_IC_fu_169  |conv1x1_plain_1_Pipeline_C1P_HW_C1P_IC  |   256019|   256019|  1.280 ms|  1.280 ms|  256019|  256019|       no|
        +---------------------------------------------------+----------------------------------------+---------+---------+----------+----------+--------+--------+---------+

        * Loop: 
        +----------+---------+---------+----------+-----------+-----------+------+----------+
        |          |  Latency (cycles) | Iteration|  Initiation Interval  | Trip |          |
        | Loop Name|   min   |   max   |  Latency |  achieved |   target  | Count| Pipelined|
        +----------+---------+---------+----------+-----------+-----------+------+----------+
        |- C1P_OC  |  6144600|  6144600|    256025|          -|          -|    24|        no|
        +----------+---------+---------+----------+-----------+-----------+------+----------+



================================================================
== Utilization Estimates
================================================================
* Summary: 
+-----------------+---------+------+--------+--------+-----+
|       Name      | BRAM_18K|  DSP |   FF   |   LUT  | URAM|
+-----------------+---------+------+--------+--------+-----+
|DSP              |        -|     -|       -|       -|    -|
|Expression       |        -|     -|       0|     300|    -|
|FIFO             |        -|     -|       -|       -|    -|
|Instance         |        -|     1|    1359|    1719|    -|
|Memory           |        -|     -|       -|       -|    -|
|Multiplexer      |        -|     -|       -|     158|    -|
|Register         |        -|     -|     566|       -|    -|
+-----------------+---------+------+--------+--------+-----+
|Total            |        0|     1|    1925|    2177|    0|
+-----------------+---------+------+--------+--------+-----+
|Available        |     1824|  2520|  548160|  274080|    0|
+-----------------+---------+------+--------+--------+-----+
|Utilization (%)  |        0|    ~0|      ~0|      ~0|    0|
+-----------------+---------+------+--------+--------+-----+

+ Detail: 
    * Instance: 
    +---------------------------------------------------+----------------------------------------+---------+----+------+------+-----+
    |                      Instance                     |                 Module                 | BRAM_18K| DSP|  FF  |  LUT | URAM|
    +---------------------------------------------------+----------------------------------------+---------+----+------+------+-----+
    |grp_conv1x1_plain_1_Pipeline_C1P_HW_C1P_IC_fu_169  |conv1x1_plain_1_Pipeline_C1P_HW_C1P_IC  |        0|   1|  1359|  1657|    0|
    |mul_8ns_10ns_17_1_1_U54                            |mul_8ns_10ns_17_1_1                     |        0|   0|     0|    62|    0|
    +---------------------------------------------------+----------------------------------------+---------+----+------+------+-----+
    |Total                                              |                                        |        0|   1|  1359|  1719|    0|
    +---------------------------------------------------+----------------------------------------+---------+----+------+------+-----+

    * DSP: 
    N/A

    * Memory: 
    N/A

    * FIFO: 
    N/A

    * Expression: 
    +----------------------+----------+----+---+----+------------+------------+
    |     Variable Name    | Operation| DSP| FF| LUT| Bitwidth P0| Bitwidth P1|
    +----------------------+----------+----+---+----+------------+------------+
    |add_ln396_fu_287_p2   |         +|   0|  0|  15|           8|           4|
    |empty_197_fu_219_p2   |         +|   0|  0|  18|          11|          10|
    |empty_199_fu_235_p2   |         +|   0|  0|  18|          11|          10|
    |empty_200_fu_241_p2   |         +|   0|  0|  18|          11|          10|
    |empty_202_fu_307_p2   |         +|   0|  0|  18|          11|          10|
    |empty_203_fu_332_p2   |         +|   0|  0|  18|          11|          10|
    |empty_204_fu_337_p2   |         +|   0|  0|  18|          11|          10|
    |empty_205_fu_342_p2   |         +|   0|  0|  18|          11|          10|
    |empty_207_fu_402_p2   |         +|   0|  0|  18|          11|          10|
    |empty_211_fu_415_p2   |         +|   0|  0|  19|          12|          12|
    |empty_214_fu_504_p2   |         +|   0|  0|  24|          17|          17|
    |icmp_ln396_fu_201_p2  |      icmp|   0|  0|  11|           8|           8|
    |empty_198_fu_225_p2   |        or|   0|  0|  10|          10|           3|
    |empty_201_fu_298_p2   |        or|   0|  0|  10|          10|           4|
    |empty_206_fu_393_p2   |        or|   0|  0|  10|          10|           5|
    |empty_208_fu_454_p2   |        or|   0|  0|  15|          15|           8|
    |empty_209_fu_461_p2   |        or|   0|  0|  15|          15|           9|
    |empty_210_fu_468_p2   |        or|   0|  0|  15|          15|          10|
    |empty_213_fu_475_p2   |        or|   0|  0|  12|          12|           5|
    +----------------------+----------+----+---+----+------------+------------+
    |Total                 |          |   0|  0| 300|         220|         165|
    +----------------------+----------+----+---+----+------------+------------+

    * Multiplexer: 
    +--------------------+----+-----------+-----+-----------+
    |        Name        | LUT| Input Size| Bits| Total Bits|
    +--------------------+----+-----------+-----+-----------+
    |ap_NS_fsm           |  43|          8|    1|          8|
    |grp_fu_731_ce       |   9|          2|    1|          2|
    |grp_fu_735_ce       |   9|          2|    1|          2|
    |grp_fu_739_ce       |   9|          2|    1|          2|
    |grp_fu_743_ce       |   9|          2|    1|          2|
    |grp_fu_747_ce       |   9|          2|    1|          2|
    |grp_fu_750_ce       |   9|          2|    1|          2|
    |oc_fu_92            |   9|          2|    8|         16|
    |w_meta_Addr_A_orig  |  26|          5|   32|        160|
    |w_meta_Addr_B_orig  |  26|          5|   32|        160|
    +--------------------+----+-----------+-----+-----------+
    |Total               | 158|         32|   79|        356|
    +--------------------+----+-----------+-----+-----------+

    * Register: 
    +----------------------------------------------------------------+----+----+-----+-----------+
    |                              Name                              | FF | LUT| Bits| Const Bits|
    +----------------------------------------------------------------+----+----+-----+-----------+
    |acc0_reg_691                                                    |  32|   0|   32|          0|
    |acc1_reg_696                                                    |  32|   0|   32|          0|
    |acc2_reg_701                                                    |  32|   0|   32|          0|
    |acc3_reg_706                                                    |  32|   0|   32|          0|
    |acc4_reg_711                                                    |  32|   0|   32|          0|
    |acc5_reg_716                                                    |  32|   0|   32|          0|
    |acc6_reg_721                                                    |  32|   0|   32|          0|
    |acc7_reg_726                                                    |  32|   0|   32|          0|
    |ap_CS_fsm                                                       |   7|   0|    7|          0|
    |empty_208_reg_671                                               |   7|   0|   15|          8|
    |empty_209_reg_676                                               |   6|   0|   15|          9|
    |empty_210_reg_681                                               |   5|   0|   15|         10|
    |empty_211_reg_636                                               |  10|   0|   12|          2|
    |empty_212_reg_641                                               |  17|   0|   17|          0|
    |empty_214_reg_686                                               |  12|   0|   17|          5|
    |grp_conv1x1_plain_1_Pipeline_C1P_HW_C1P_IC_fu_169_ap_start_reg  |   1|   0|    1|          0|
    |oc_7_reg_552                                                    |   8|   0|    8|          0|
    |oc_fu_92                                                        |   8|   0|    8|          0|
    |p_cast16_reg_584                                                |   6|   0|   11|          5|
    |tmp_75_reg_579                                                  |   8|   0|    9|          1|
    |tmp_79_reg_631                                                  |   7|   0|    9|          2|
    |tmp_reg_562                                                     |   8|   0|   10|          2|
    |tmp_s_reg_666                                                   |   8|   0|   15|          7|
    |w_meta_load_43_reg_596                                          |  32|   0|   32|          0|
    |w_meta_load_44_reg_611                                          |  32|   0|   32|          0|
    |w_meta_load_45_reg_616                                          |  32|   0|   32|          0|
    |w_meta_load_46_reg_646                                          |  32|   0|   32|          0|
    |w_meta_load_47_reg_651                                          |  32|   0|   32|          0|
    |w_meta_load_reg_591                                             |  32|   0|   32|          0|
    +----------------------------------------------------------------+----+----+-----+-----------+
    |Total                                                           | 566|   0|  617|         51|
    +----------------------------------------------------------------+----+----+-----+-----------+



================================================================
== Interface
================================================================
* Summary: 
+---------------------+-----+-----+------------+-----------------+--------------+
|      RTL Ports      | Dir | Bits|  Protocol  |  Source Object  |    C Type    |
+---------------------+-----+-----+------------+-----------------+--------------+
|ap_clk               |   in|    1|  ap_ctrl_hs|  conv1x1_plain.1|  return value|
|ap_rst               |   in|    1|  ap_ctrl_hs|  conv1x1_plain.1|  return value|
|ap_start             |   in|    1|  ap_ctrl_hs|  conv1x1_plain.1|  return value|
|ap_done              |  out|    1|  ap_ctrl_hs|  conv1x1_plain.1|  return value|
|ap_idle              |  out|    1|  ap_ctrl_hs|  conv1x1_plain.1|  return value|
|ap_ready             |  out|    1|  ap_ctrl_hs|  conv1x1_plain.1|  return value|
|grp_fu_208_p_din0    |  out|   32|  ap_ctrl_hs|  conv1x1_plain.1|  return value|
|grp_fu_208_p_din1    |  out|   32|  ap_ctrl_hs|  conv1x1_plain.1|  return value|
|grp_fu_208_p_opcode  |  out|    2|  ap_ctrl_hs|  conv1x1_plain.1|  return value|
|grp_fu_208_p_dout0   |   in|   32|  ap_ctrl_hs|  conv1x1_plain.1|  return value|
|grp_fu_208_p_ce      |  out|    1|  ap_ctrl_hs|  conv1x1_plain.1|  return value|
|grp_fu_212_p_din0    |  out|   32|  ap_ctrl_hs|  conv1x1_plain.1|  return value|
|grp_fu_212_p_din1    |  out|   32|  ap_ctrl_hs|  conv1x1_plain.1|  return value|
|grp_fu_212_p_opcode  |  out|    2|  ap_ctrl_hs|  conv1x1_plain.1|  return value|
|grp_fu_212_p_dout0   |   in|   32|  ap_ctrl_hs|  conv1x1_plain.1|  return value|
|grp_fu_212_p_ce      |  out|    1|  ap_ctrl_hs|  conv1x1_plain.1|  return value|
|grp_fu_216_p_din0    |  out|   32|  ap_ctrl_hs|  conv1x1_plain.1|  return value|
|grp_fu_216_p_din1    |  out|   32|  ap_ctrl_hs|  conv1x1_plain.1|  return value|
|grp_fu_216_p_dout0   |   in|   32|  ap_ctrl_hs|  conv1x1_plain.1|  return value|
|grp_fu_216_p_ce      |  out|    1|  ap_ctrl_hs|  conv1x1_plain.1|  return value|
|grp_fu_220_p_din0    |  out|   32|  ap_ctrl_hs|  conv1x1_plain.1|  return value|
|grp_fu_220_p_din1    |  out|   32|  ap_ctrl_hs|  conv1x1_plain.1|  return value|
|grp_fu_220_p_dout0   |   in|   32|  ap_ctrl_hs|  conv1x1_plain.1|  return value|
|grp_fu_220_p_ce      |  out|    1|  ap_ctrl_hs|  conv1x1_plain.1|  return value|
|grp_fu_224_p_din0    |  out|   32|  ap_ctrl_hs|  conv1x1_plain.1|  return value|
|grp_fu_224_p_dout0   |   in|   32|  ap_ctrl_hs|  conv1x1_plain.1|  return value|
|grp_fu_224_p_ce      |  out|    1|  ap_ctrl_hs|  conv1x1_plain.1|  return value|
|grp_fu_227_p_din0    |  out|   32|  ap_ctrl_hs|  conv1x1_plain.1|  return value|
|grp_fu_227_p_dout0   |   in|   32|  ap_ctrl_hs|  conv1x1_plain.1|  return value|
|grp_fu_227_p_ce      |  out|    1|  ap_ctrl_hs|  conv1x1_plain.1|  return value|
|c3_Addr_A            |  out|   32|        bram|               c3|         array|
|c3_EN_A              |  out|    1|        bram|               c3|         array|
|c3_WEN_A             |  out|    4|        bram|               c3|         array|
|c3_Din_A             |  out|   32|        bram|               c3|         array|
|c3_Dout_A            |   in|   32|        bram|               c3|         array|
|w_conv_Addr_A        |  out|   32|        bram|           w_conv|         array|
|w_conv_EN_A          |  out|    1|        bram|           w_conv|         array|
|w_conv_WEN_A         |  out|    1|        bram|           w_conv|         array|
|w_conv_Din_A         |  out|    8|        bram|           w_conv|         array|
|w_conv_Dout_A        |   in|    8|        bram|           w_conv|         array|
|w_conv_Addr_B        |  out|   32|        bram|           w_conv|         array|
|w_conv_EN_B          |  out|    1|        bram|           w_conv|         array|
|w_conv_WEN_B         |  out|    1|        bram|           w_conv|         array|
|w_conv_Din_B         |  out|    8|        bram|           w_conv|         array|
|w_conv_Dout_B        |   in|    8|        bram|           w_conv|         array|
|w_meta_Addr_A        |  out|   32|        bram|           w_meta|         array|
|w_meta_EN_A          |  out|    1|        bram|           w_meta|         array|
|w_meta_WEN_A         |  out|    4|        bram|           w_meta|         array|
|w_meta_Din_A         |  out|   32|        bram|           w_meta|         array|
|w_meta_Dout_A        |   in|   32|        bram|           w_meta|         array|
|w_meta_Addr_B        |  out|   32|        bram|           w_meta|         array|
|w_meta_EN_B          |  out|    1|        bram|           w_meta|         array|
|w_meta_WEN_B         |  out|    4|        bram|           w_meta|         array|
|w_meta_Din_B         |  out|   32|        bram|           w_meta|         array|
|w_meta_Dout_B        |   in|   32|        bram|           w_meta|         array|
|lat3_address0        |  out|   17|   ap_memory|             lat3|         array|
|lat3_ce0             |  out|    1|   ap_memory|             lat3|         array|
|lat3_we0             |  out|    1|   ap_memory|             lat3|         array|
|lat3_d0              |  out|   32|   ap_memory|             lat3|         array|
|lat3_address1        |  out|   17|   ap_memory|             lat3|         array|
|lat3_ce1             |  out|    1|   ap_memory|             lat3|         array|
|lat3_we1             |  out|    1|   ap_memory|             lat3|         array|
|lat3_d1              |  out|   32|   ap_memory|             lat3|         array|
+---------------------+-----+-----+------------+-----------------+--------------+

