

================================================================
== Vitis HLS Report for 'conv1x1_plain_1_Pipeline_C1P_HW_C1P_IC'
================================================================
* Date:           Tue Jun  2 00:56:56 2026

* Version:        2022.2 (Build 3670227 on Oct 13 2022)
* Project:        fpn_192
* Solution:       solution1 (Vivado IP Flow Target)
* Product family: zynquplus
* Target device:  xczu9eg-ffvb1156-2-e


================================================================
== Performance Estimates
================================================================
+ Timing: 
    * Summary: 
    +--------+---------+----------+------------+
    |  Clock |  Target | Estimated| Uncertainty|
    +--------+---------+----------+------------+
    |ap_clk  |  5.00 ns|  3.397 ns|     1.35 ns|
    +--------+---------+----------+------------+

+ Latency: 
    * Summary: 
    +---------+---------+----------+----------+--------+--------+---------+
    |  Latency (cycles) |  Latency (absolute) |     Interval    | Pipeline|
    |   min   |   max   |    min   |    max   |   min  |   max  |   Type  |
    +---------+---------+----------+----------+--------+--------+---------+
    |   256019|   256019|  1.280 ms|  1.280 ms|  256019|  256019|       no|
    +---------+---------+----------+----------+--------+--------+---------+

    + Detail: 
        * Instance: 
        N/A

        * Loop: 
        +-----------------+---------+---------+----------+-----------+-----------+-------+----------+
        |                 |  Latency (cycles) | Iteration|  Initiation Interval  |  Trip |          |
        |    Loop Name    |   min   |   max   |  Latency |  achieved |   target  | Count | Pipelined|
        +-----------------+---------+---------+----------+-----------+-----------+-------+----------+
        |- C1P_HW_C1P_IC  |   256017|   256017|        23|          5|          1|  51200|       yes|
        +-----------------+---------+---------+----------+-----------+-----------+-------+----------+



================================================================
== Utilization Estimates
================================================================
* Summary: 
+-----------------+---------+------+--------+--------+-----+
|       Name      | BRAM_18K|  DSP |   FF   |   LUT  | URAM|
+-----------------+---------+------+--------+--------+-----+
|DSP              |        -|     1|       -|       -|    -|
|Expression       |        -|     -|       0|     906|    -|
|FIFO             |        -|     -|       -|       -|    -|
|Instance         |        -|     -|       -|       -|    -|
|Memory           |        -|     -|       -|       -|    -|
|Multiplexer      |        -|     -|       -|     623|    -|
|Register         |        -|     -|    1359|     128|    -|
+-----------------+---------+------+--------+--------+-----+
|Total            |        0|     1|    1359|    1657|    0|
+-----------------+---------+------+--------+--------+-----+
|Available        |     1824|  2520|  548160|  274080|    0|
+-----------------+---------+------+--------+--------+-----+
|Utilization (%)  |        0|    ~0|      ~0|      ~0|    0|
+-----------------+---------+------+--------+--------+-----+

+ Detail: 
    * Instance: 
    N/A

    * DSP: 
    +-----------------------------------+-------------------------------+--------------+
    |              Instance             |             Module            |  Expression  |
    +-----------------------------------+-------------------------------+--------------+
    |mac_muladd_8ns_9ns_9ns_16_4_1_U37  |mac_muladd_8ns_9ns_9ns_16_4_1  |  i0 * i1 + i2|
    +-----------------------------------+-------------------------------+--------------+

    * Memory: 
    N/A

    * FIFO: 
    N/A

    * Expression: 
    +---------------------------+----------+----+---+----+------------+------------+
    |       Variable Name       | Operation| DSP| FF| LUT| Bitwidth P0| Bitwidth P1|
    +---------------------------+----------+----+---+----+------------+------------+
    |add_ln397_3_fu_649_p2      |         +|   0|  0|  16|           9|           1|
    |add_ln397_fu_521_p2        |         +|   0|  0|  23|          16|           1|
    |add_ln406_fu_586_p2        |         +|   0|  0|  15|           8|           1|
    |add_ln409_fu_564_p2        |         +|   0|  0|  25|          18|          18|
    |add_ln410_fu_575_p2        |         +|   0|  0|  25|          18|          18|
    |add_ln411_3_fu_693_p2      |         +|   0|  0|  25|          18|          18|
    |add_ln411_fu_679_p2        |         +|   0|  0|  21|          14|          14|
    |add_ln412_fu_608_p2        |         +|   0|  0|  25|          18|          18|
    |add_ln413_fu_703_p2        |         +|   0|  0|  25|          18|          18|
    |add_ln414_fu_632_p2        |         +|   0|  0|  25|          18|          18|
    |add_ln415_3_fu_748_p2      |         +|   0|  0|  25|          18|          18|
    |add_ln415_fu_735_p2        |         +|   0|  0|  21|          14|          14|
    |add_ln416_fu_642_p2        |         +|   0|  0|  25|          18|          18|
    |add_ln418_fu_876_p2        |         +|   0|  0|  24|          17|          17|
    |add_ln419_fu_886_p2        |         +|   0|  0|  24|          17|          17|
    |add_ln420_3_fu_969_p2      |         +|   0|  0|  17|          10|           9|
    |add_ln420_fu_978_p2        |         +|   0|  0|  24|          17|          17|
    |add_ln421_3_fu_912_p2      |         +|   0|  0|  18|          11|          10|
    |add_ln421_fu_922_p2        |         +|   0|  0|  24|          17|          17|
    |add_ln422_3_fu_1018_p2     |         +|   0|  0|  18|          11|          11|
    |add_ln422_fu_1027_p2       |         +|   0|  0|  24|          17|          17|
    |add_ln423_3_fu_932_p2      |         +|   0|  0|  17|          10|          10|
    |add_ln423_fu_946_p2        |         +|   0|  0|  24|          17|          17|
    |add_ln424_3_fu_1037_p2     |         +|   0|  0|  19|          12|          11|
    |add_ln424_fu_1046_p2       |         +|   0|  0|  24|          17|          17|
    |add_ln425_3_fu_988_p2      |         +|   0|  0|  19|          12|          12|
    |add_ln425_fu_998_p2        |         +|   0|  0|  24|          17|          17|
    |icmp_ln397_fu_515_p2       |      icmp|   0|  0|  13|          16|          15|
    |icmp_ln40612_fu_530_p2     |      icmp|   0|  0|  11|           8|           9|
    |icmp_ln406_fu_592_p2       |      icmp|   0|  0|  11|           8|           9|
    |select_ln397_19_fu_829_p3  |    select|   0|  0|  32|           1|          32|
    |select_ln397_20_fu_849_p3  |    select|   0|  0|  32|           1|          32|
    |select_ln397_21_fu_809_p3  |    select|   0|  0|  32|           1|          32|
    |select_ln397_22_fu_856_p3  |    select|   0|  0|  32|           1|          32|
    |select_ln397_23_fu_816_p3  |    select|   0|  0|  32|           1|          32|
    |select_ln397_24_fu_836_p3  |    select|   0|  0|  32|           1|          32|
    |select_ln397_25_fu_789_p3  |    select|   0|  0|  32|           1|          32|
    |select_ln397_26_fu_796_p3  |    select|   0|  0|  32|           1|          32|
    |select_ln397_27_fu_655_p3  |    select|   0|  0|   9|           1|           9|
    |select_ln397_fu_536_p3     |    select|   0|  0|   8|           1|           1|
    |ap_enable_pp0              |       xor|   0|  0|   2|           1|           2|
    +---------------------------+----------+----+---+----+------------+------------+
    |Total                      |          |   0|  0| 906|         450|         675|
    +---------------------------+----------+----+---+----+------------+------------+

    * Multiplexer: 
    +--------------------------------------+----+-----------+-----+-----------+
    |                 Name                 | LUT| Input Size| Bits| Total Bits|
    +--------------------------------------+----+-----------+-----+-----------+
    |acc0_02_fu_114                        |   9|          2|   32|         64|
    |acc1_03_fu_118                        |   9|          2|   32|         64|
    |acc2_04_fu_122                        |   9|          2|   32|         64|
    |acc3_05_fu_126                        |   9|          2|   32|         64|
    |acc4_06_fu_130                        |   9|          2|   32|         64|
    |acc5_07_fu_134                        |   9|          2|   32|         64|
    |acc6_08_fu_138                        |   9|          2|   32|         64|
    |acc7_09_fu_142                        |   9|          2|   32|         64|
    |ap_NS_fsm                             |  31|          6|    1|          6|
    |ap_done_int                           |   9|          2|    1|          2|
    |ap_enable_reg_pp0_iter0               |   9|          2|    1|          2|
    |ap_enable_reg_pp0_iter1               |   9|          2|    1|          2|
    |ap_enable_reg_pp0_iter4               |   9|          2|    1|          2|
    |ap_loop_exit_ready_pp0_iter1_reg      |   9|          2|    1|          2|
    |ap_loop_exit_ready_pp0_iter2_reg      |   9|          2|    1|          2|
    |ap_loop_exit_ready_pp0_iter3_reg      |   9|          2|    1|          2|
    |ap_sig_allocacmp_acc0_02_load         |   9|          2|   32|         64|
    |ap_sig_allocacmp_acc1_03_load         |   9|          2|   32|         64|
    |ap_sig_allocacmp_acc2_04_load         |   9|          2|   32|         64|
    |ap_sig_allocacmp_acc3_05_load         |   9|          2|   32|         64|
    |ap_sig_allocacmp_acc4_06_load         |   9|          2|   32|         64|
    |ap_sig_allocacmp_acc5_07_load         |   9|          2|   32|         64|
    |ap_sig_allocacmp_acc6_08_load         |   9|          2|   32|         64|
    |ap_sig_allocacmp_acc7_09_load         |   9|          2|   32|         64|
    |ap_sig_allocacmp_ic_load              |   9|          2|    8|         16|
    |ap_sig_allocacmp_indvar_flatten_load  |   9|          2|   16|         32|
    |grp_fu_401_p0                         |  26|          5|   32|        160|
    |grp_fu_401_p1                         |  26|          5|   32|        160|
    |grp_fu_405_p0                         |  26|          5|   32|        160|
    |grp_fu_405_p1                         |  26|          5|   32|        160|
    |grp_fu_409_p0                         |  14|          3|   32|         96|
    |grp_fu_409_p1                         |  26|          5|   32|        160|
    |grp_fu_413_p0                         |  14|          3|   32|         96|
    |grp_fu_413_p1                         |  26|          5|   32|        160|
    |grp_fu_417_p0                         |  26|          5|   32|        160|
    |grp_fu_420_p0                         |  26|          5|   32|        160|
    |hw_fu_150                             |   9|          2|    9|         18|
    |ic_fu_146                             |   9|          2|    8|         16|
    |indvar_flatten_fu_154                 |   9|          2|   16|         32|
    |lat3_address0                         |  26|          5|   17|         85|
    |lat3_address1                         |  26|          5|   17|         85|
    |w_conv_Addr_A_orig                    |  26|          5|   32|        160|
    |w_conv_Addr_B_orig                    |  26|          5|   32|        160|
    +--------------------------------------+----+-----------+-----+-----------+
    |Total                                 | 623|        128|  995|       3120|
    +--------------------------------------+----+-----------+-----+-----------+

    * Register: 
    +----------------------------------+----+----+-----+-----------+
    |               Name               | FF | LUT| Bits| Const Bits|
    +----------------------------------+----+----+-----+-----------+
    |acc0_02_fu_114                    |  32|   0|   32|          0|
    |acc1_03_fu_118                    |  32|   0|   32|          0|
    |acc2_04_fu_122                    |  32|   0|   32|          0|
    |acc3_05_fu_126                    |  32|   0|   32|          0|
    |acc4_06_fu_130                    |  32|   0|   32|          0|
    |acc5_07_fu_134                    |  32|   0|   32|          0|
    |acc6_08_fu_138                    |  32|   0|   32|          0|
    |acc7_09_fu_142                    |  32|   0|   32|          0|
    |add_ln413_reg_1312                |  18|   0|   18|          0|
    |add_ln416_reg_1274                |  18|   0|   18|          0|
    |ap_CS_fsm                         |   5|   0|    5|          0|
    |ap_done_reg                       |   1|   0|    1|          0|
    |ap_enable_reg_pp0_iter0_reg       |   1|   0|    1|          0|
    |ap_enable_reg_pp0_iter1           |   1|   0|    1|          0|
    |ap_enable_reg_pp0_iter2           |   1|   0|    1|          0|
    |ap_enable_reg_pp0_iter3           |   1|   0|    1|          0|
    |ap_enable_reg_pp0_iter4           |   1|   0|    1|          0|
    |ap_loop_exit_ready_pp0_iter1_reg  |   1|   0|    1|          0|
    |ap_loop_exit_ready_pp0_iter2_reg  |   1|   0|    1|          0|
    |ap_loop_exit_ready_pp0_iter3_reg  |   1|   0|    1|          0|
    |c3_load_reg_1347                  |  32|   0|   32|          0|
    |conv1_reg_1408                    |  32|   0|   32|          0|
    |conv2_reg_1393                    |  32|   0|   32|          0|
    |conv3_reg_1413                    |  32|   0|   32|          0|
    |conv4_reg_1403                    |  32|   0|   32|          0|
    |conv7_reg_1377                    |  32|   0|   32|          0|
    |conv8_reg_1398                    |  32|   0|   32|          0|
    |conv9_reg_1388                    |  32|   0|   32|          0|
    |conv_reg_1372                     |  32|   0|   32|          0|
    |hw_fu_150                         |   9|   0|    9|          0|
    |ic_fu_146                         |   8|   0|    8|          0|
    |icmp_ln397_reg_1216               |   1|   0|    1|          0|
    |icmp_ln40612_reg_1220             |   1|   0|    1|          0|
    |icmp_ln406_reg_1260               |   1|   0|    1|          0|
    |indvar_flatten_fu_154             |  16|   0|   16|          0|
    |mul1_reg_1478                     |  32|   0|   32|          0|
    |mul2_reg_1443                     |  32|   0|   32|          0|
    |mul3_reg_1483                     |  32|   0|   32|          0|
    |mul4_reg_1463                     |  32|   0|   32|          0|
    |mul7_reg_1418                     |  32|   0|   32|          0|
    |mul8_reg_1458                     |  32|   0|   32|          0|
    |mul9_reg_1438                     |  32|   0|   32|          0|
    |mul_reg_1423                      |  32|   0|   32|          0|
    |p_cast29_cast_reg_1211            |  15|   0|   18|          3|
    |p_cast30_cast_reg_1203            |  15|   0|   18|          3|
    |p_cast31_cast_reg_1198            |  15|   0|   18|          3|
    |reg_423                           |   8|   0|    8|          0|
    |reg_427                           |   8|   0|    8|          0|
    |reg_431                           |  32|   0|   32|          0|
    |reg_436                           |  32|   0|   32|          0|
    |select_ln397_27_reg_1279          |   9|   0|    9|          0|
    |select_ln397_reg_1233             |   8|   0|    8|          0|
    |x_reg_1382                        |  32|   0|   32|          0|
    |zext_ln397_10_reg_1498            |   9|   0|   11|          2|
    |zext_ln397_11_reg_1503            |   9|   0|   10|          1|
    |zext_ln397_9_reg_1508             |   9|   0|   12|          3|
    |zext_ln406_reg_1292               |   8|   0|   14|          6|
    |zext_ln409_reg_1244               |   8|   0|   18|         10|
    |icmp_ln397_reg_1216               |  64|  32|    1|          0|
    |icmp_ln40612_reg_1220             |  64|  32|    1|          0|
    |icmp_ln406_reg_1260               |  64|  32|    1|          0|
    |select_ln397_27_reg_1279          |  64|  32|    9|          0|
    +----------------------------------+----+----+-----+-----------+
    |Total                             |1359| 128| 1146|         31|
    +----------------------------------+----+----+-----+-----------+



================================================================
== Interface
================================================================
* Summary: 
+---------------------+-----+-----+------------+----------------------------------------+--------------+
|      RTL Ports      | Dir | Bits|  Protocol  |              Source Object             |    C Type    |
+---------------------+-----+-----+------------+----------------------------------------+--------------+
|ap_clk               |   in|    1|  ap_ctrl_hs|  conv1x1_plain.1_Pipeline_C1P_HW_C1P_IC|  return value|
|ap_rst               |   in|    1|  ap_ctrl_hs|  conv1x1_plain.1_Pipeline_C1P_HW_C1P_IC|  return value|
|ap_start             |   in|    1|  ap_ctrl_hs|  conv1x1_plain.1_Pipeline_C1P_HW_C1P_IC|  return value|
|ap_done              |  out|    1|  ap_ctrl_hs|  conv1x1_plain.1_Pipeline_C1P_HW_C1P_IC|  return value|
|ap_idle              |  out|    1|  ap_ctrl_hs|  conv1x1_plain.1_Pipeline_C1P_HW_C1P_IC|  return value|
|ap_ready             |  out|    1|  ap_ctrl_hs|  conv1x1_plain.1_Pipeline_C1P_HW_C1P_IC|  return value|
|grp_fu_731_p_din0    |  out|   32|  ap_ctrl_hs|  conv1x1_plain.1_Pipeline_C1P_HW_C1P_IC|  return value|
|grp_fu_731_p_din1    |  out|   32|  ap_ctrl_hs|  conv1x1_plain.1_Pipeline_C1P_HW_C1P_IC|  return value|
|grp_fu_731_p_opcode  |  out|    2|  ap_ctrl_hs|  conv1x1_plain.1_Pipeline_C1P_HW_C1P_IC|  return value|
|grp_fu_731_p_dout0   |   in|   32|  ap_ctrl_hs|  conv1x1_plain.1_Pipeline_C1P_HW_C1P_IC|  return value|
|grp_fu_731_p_ce      |  out|    1|  ap_ctrl_hs|  conv1x1_plain.1_Pipeline_C1P_HW_C1P_IC|  return value|
|grp_fu_735_p_din0    |  out|   32|  ap_ctrl_hs|  conv1x1_plain.1_Pipeline_C1P_HW_C1P_IC|  return value|
|grp_fu_735_p_din1    |  out|   32|  ap_ctrl_hs|  conv1x1_plain.1_Pipeline_C1P_HW_C1P_IC|  return value|
|grp_fu_735_p_opcode  |  out|    2|  ap_ctrl_hs|  conv1x1_plain.1_Pipeline_C1P_HW_C1P_IC|  return value|
|grp_fu_735_p_dout0   |   in|   32|  ap_ctrl_hs|  conv1x1_plain.1_Pipeline_C1P_HW_C1P_IC|  return value|
|grp_fu_735_p_ce      |  out|    1|  ap_ctrl_hs|  conv1x1_plain.1_Pipeline_C1P_HW_C1P_IC|  return value|
|grp_fu_739_p_din0    |  out|   32|  ap_ctrl_hs|  conv1x1_plain.1_Pipeline_C1P_HW_C1P_IC|  return value|
|grp_fu_739_p_din1    |  out|   32|  ap_ctrl_hs|  conv1x1_plain.1_Pipeline_C1P_HW_C1P_IC|  return value|
|grp_fu_739_p_dout0   |   in|   32|  ap_ctrl_hs|  conv1x1_plain.1_Pipeline_C1P_HW_C1P_IC|  return value|
|grp_fu_739_p_ce      |  out|    1|  ap_ctrl_hs|  conv1x1_plain.1_Pipeline_C1P_HW_C1P_IC|  return value|
|grp_fu_743_p_din0    |  out|   32|  ap_ctrl_hs|  conv1x1_plain.1_Pipeline_C1P_HW_C1P_IC|  return value|
|grp_fu_743_p_din1    |  out|   32|  ap_ctrl_hs|  conv1x1_plain.1_Pipeline_C1P_HW_C1P_IC|  return value|
|grp_fu_743_p_dout0   |   in|   32|  ap_ctrl_hs|  conv1x1_plain.1_Pipeline_C1P_HW_C1P_IC|  return value|
|grp_fu_743_p_ce      |  out|    1|  ap_ctrl_hs|  conv1x1_plain.1_Pipeline_C1P_HW_C1P_IC|  return value|
|grp_fu_747_p_din0    |  out|   32|  ap_ctrl_hs|  conv1x1_plain.1_Pipeline_C1P_HW_C1P_IC|  return value|
|grp_fu_747_p_dout0   |   in|   32|  ap_ctrl_hs|  conv1x1_plain.1_Pipeline_C1P_HW_C1P_IC|  return value|
|grp_fu_747_p_ce      |  out|    1|  ap_ctrl_hs|  conv1x1_plain.1_Pipeline_C1P_HW_C1P_IC|  return value|
|grp_fu_750_p_din0    |  out|   32|  ap_ctrl_hs|  conv1x1_plain.1_Pipeline_C1P_HW_C1P_IC|  return value|
|grp_fu_750_p_dout0   |   in|   32|  ap_ctrl_hs|  conv1x1_plain.1_Pipeline_C1P_HW_C1P_IC|  return value|
|grp_fu_750_p_ce      |  out|    1|  ap_ctrl_hs|  conv1x1_plain.1_Pipeline_C1P_HW_C1P_IC|  return value|
|acc7                 |   in|   32|     ap_none|                                    acc7|        scalar|
|acc6                 |   in|   32|     ap_none|                                    acc6|        scalar|
|acc5                 |   in|   32|     ap_none|                                    acc5|        scalar|
|acc4                 |   in|   32|     ap_none|                                    acc4|        scalar|
|acc3                 |   in|   32|     ap_none|                                    acc3|        scalar|
|acc2                 |   in|   32|     ap_none|                                    acc2|        scalar|
|acc1                 |   in|   32|     ap_none|                                    acc1|        scalar|
|acc0                 |   in|   32|     ap_none|                                    acc0|        scalar|
|c3_Addr_A            |  out|   32|        bram|                                      c3|         array|
|c3_EN_A              |  out|    1|        bram|                                      c3|         array|
|c3_WEN_A             |  out|    4|        bram|                                      c3|         array|
|c3_Din_A             |  out|   32|        bram|                                      c3|         array|
|c3_Dout_A            |   in|   32|        bram|                                      c3|         array|
|p_cast28             |   in|   15|     ap_none|                                p_cast28|        scalar|
|w_conv_Addr_A        |  out|   32|        bram|                                  w_conv|         array|
|w_conv_EN_A          |  out|    1|        bram|                                  w_conv|         array|
|w_conv_WEN_A         |  out|    1|        bram|                                  w_conv|         array|
|w_conv_Din_A         |  out|    8|        bram|                                  w_conv|         array|
|w_conv_Dout_A        |   in|    8|        bram|                                  w_conv|         array|
|w_conv_Addr_B        |  out|   32|        bram|                                  w_conv|         array|
|w_conv_EN_B          |  out|    1|        bram|                                  w_conv|         array|
|w_conv_WEN_B         |  out|    1|        bram|                                  w_conv|         array|
|w_conv_Din_B         |  out|    8|        bram|                                  w_conv|         array|
|w_conv_Dout_B        |   in|    8|        bram|                                  w_conv|         array|
|p_cast29             |   in|   15|     ap_none|                                p_cast29|        scalar|
|p_cast30             |   in|   15|     ap_none|                                p_cast30|        scalar|
|p_cast31             |   in|   15|     ap_none|                                p_cast31|        scalar|
|empty_38             |   in|   17|     ap_none|                                empty_38|        scalar|
|empty                |   in|   17|     ap_none|                                   empty|        scalar|
|lat3_address0        |  out|   17|   ap_memory|                                    lat3|         array|
|lat3_ce0             |  out|    1|   ap_memory|                                    lat3|         array|
|lat3_we0             |  out|    1|   ap_memory|                                    lat3|         array|
|lat3_d0              |  out|   32|   ap_memory|                                    lat3|         array|
|lat3_address1        |  out|   17|   ap_memory|                                    lat3|         array|
|lat3_ce1             |  out|    1|   ap_memory|                                    lat3|         array|
|lat3_we1             |  out|    1|   ap_memory|                                    lat3|         array|
|lat3_d1              |  out|   32|   ap_memory|                                    lat3|         array|
+---------------------+-----+-----+------------+----------------------------------------+--------------+

