

================================================================
== Vitis HLS Report for 'fpn_full_top'
================================================================
* Date:           Tue Jun  2 00:57:07 2026

* Version:        2022.2 (Build 3670227 on Oct 13 2022)
* Project:        fpn_192
* Solution:       solution1 (Vivado IP Flow Target)
* Product family: zynquplus
* Target device:  xczu9eg-ffvb1156-2-e


================================================================
== Performance Estimates
================================================================
+ Timing: 
    * Summary: 
    +--------+---------+----------+------------+
    |  Clock |  Target | Estimated| Uncertainty|
    +--------+---------+----------+------------+
    |ap_clk  |  5.00 ns|  3.824 ns|     1.35 ns|
    +--------+---------+----------+------------+

+ Latency: 
    * Summary: 
    +------------+------------+-----------+-----------+------------+------------+---------+
    |     Latency (cycles)    |   Latency (absolute)  |         Interval        | Pipeline|
    |     min    |     max    |    min    |    max    |     min    |     max    |   Type  |
    +------------+------------+-----------+-----------+------------+------------+---------+
    |  1851686429|  1851686429|  9.258 sec|  9.258 sec|  1851686430|  1851686430|       no|
    +------------+------------+-----------+-----------+------------+------------+---------+

    + Detail: 
        * Instance: 
        +----------------------------------------------------------------+-----------------------------------------------------+------------+------------+-----------+-----------+------------+------------+---------+
        |                                                                |                                                     |     Latency (cycles)    |   Latency (absolute)  |         Interval        | Pipeline|
        |                            Instance                            |                        Module                       |     min    |     max    |    min    |    max    |     min    |     max    |   Type  |
        +----------------------------------------------------------------+-----------------------------------------------------+------------+------------+-----------+-----------+------------+------------+---------+
        |grp_conv1x1_plain_fu_80                                         |conv1x1_plain                                        |     7680601|     7680601|  38.403 ms|  38.403 ms|     7680601|     7680601|       no|
        |grp_conv1x1_plain_1_fu_92                                       |conv1x1_plain_1                                      |     6144601|     6144601|  30.723 ms|  30.723 ms|     6144601|     6144601|       no|
        |grp_conv1x1_plain_2_fu_104                                      |conv1x1_plain_2                                      |    18432601|    18432601|  92.163 ms|  92.163 ms|    18432601|    18432601|       no|
        |grp_fpn_full_top_Pipeline_ADD_UP_C_ADD_UP_OH_ADD_UP_OW_fu_116   |fpn_full_top_Pipeline_ADD_UP_C_ADD_UP_OH_ADD_UP_OW   |       76814|       76814|   0.384 ms|   0.384 ms|       76814|       76814|       no|
        |grp_conv1x1_plain_3_fu_124                                      |conv1x1_plain_3                                      |    49152601|    49152601|  0.246 sec|  0.246 sec|    49152601|    49152601|       no|
        |grp_fpn_full_top_Pipeline_ADD_UP_C_ADD_UP_OH_ADD_UP_OW1_fu_136  |fpn_full_top_Pipeline_ADD_UP_C_ADD_UP_OH_ADD_UP_OW1  |      307214|      307214|   1.536 ms|   1.536 ms|      307214|      307214|       no|
        |grp_fpn_full_top_Pipeline_ADD_UP_C_ADD_UP_OH_ADD_UP_OW2_fu_144  |fpn_full_top_Pipeline_ADD_UP_C_ADD_UP_OH_ADD_UP_OW2  |     1228814|     1228814|   6.144 ms|   6.144 ms|     1228814|     1228814|       no|
        |grp_fpn_conv3x3_fu_152                                          |fpn_conv3x3                                          |    20820001|    20820001|  0.104 sec|  0.104 sec|    20820001|    20820001|       no|
        |grp_fpn_conv3x3_4_fu_164                                        |fpn_conv3x3_4                                        |    83280001|    83280001|  0.416 sec|  0.416 sec|    83280001|    83280001|       no|
        |grp_fpn_full_top_Pipeline_MP_C_MP_H_MP_W_fu_176                 |fpn_full_top_Pipeline_MP_C_MP_H_MP_W                 |        4803|        4803|  24.015 us|  24.015 us|        4803|        4803|       no|
        |grp_fpn_conv3x3_5_fu_184                                        |fpn_conv3x3_5                                        |   333235204|   333235204|  1.666 sec|  1.666 sec|   333235204|   333235204|       no|
        |grp_fpn_conv3x3_6_fu_196                                        |fpn_conv3x3_6                                        |  1332940804|  1332940804|  6.665 sec|  6.665 sec|  1332940804|  1332940804|       no|
        +----------------------------------------------------------------+-----------------------------------------------------+------------+------------+-----------+-----------+------------+------------+---------+

        * Loop: 
        N/A



================================================================
== Utilization Estimates
================================================================
* Summary: 
+-----------------+---------+------+--------+--------+-----+
|       Name      | BRAM_18K|  DSP |   FF   |   LUT  | URAM|
+-----------------+---------+------+--------+--------+-----+
|DSP              |        -|     -|       -|       -|    -|
|Expression       |        -|     -|       0|       8|    -|
|FIFO             |        -|     -|       -|       -|    -|
|Instance         |        -|    32|   19815|   33736|    -|
|Memory           |     2900|     -|       0|       0|    -|
|Multiplexer      |        -|     -|       -|    1907|    -|
|Register         |        -|     -|      28|       -|    -|
+-----------------+---------+------+--------+--------+-----+
|Total            |     2900|    32|   19843|   35651|    0|
+-----------------+---------+------+--------+--------+-----+
|Available        |     1824|  2520|  548160|  274080|    0|
+-----------------+---------+------+--------+--------+-----+
|Utilization (%)  |      158|     1|       3|      13|    0|
+-----------------+---------+------+--------+--------+-----+

+ Detail: 
    * Instance: 
    +----------------------------------------------------------------+-----------------------------------------------------+---------+----+------+------+-----+
    |                            Instance                            |                        Module                       | BRAM_18K| DSP|  FF  |  LUT | URAM|
    +----------------------------------------------------------------+-----------------------------------------------------+---------+----+------+------+-----+
    |grp_conv1x1_plain_fu_80                                         |conv1x1_plain                                        |        0|   1|  1832|  2090|    0|
    |grp_conv1x1_plain_1_fu_92                                       |conv1x1_plain_1                                      |        0|   1|  1925|  2177|    0|
    |grp_conv1x1_plain_2_fu_104                                      |conv1x1_plain_2                                      |        0|   2|  1850|  2163|    0|
    |grp_conv1x1_plain_3_fu_124                                      |conv1x1_plain_3                                      |        0|   2|  1916|  2187|    0|
    |fadd_32ns_32ns_32_6_no_dsp_1_U283                               |fadd_32ns_32ns_32_6_no_dsp_1                         |        0|   0|   278|   411|    0|
    |fadd_32ns_32ns_32_6_no_dsp_1_U284                               |fadd_32ns_32ns_32_6_no_dsp_1                         |        0|   0|   278|   411|    0|
    |fadd_32ns_32ns_32_8_full_dsp_1_U289                             |fadd_32ns_32ns_32_8_full_dsp_1                       |        0|   2|   296|   239|    0|
    |fadd_32ns_32ns_32_8_full_dsp_1_U290                             |fadd_32ns_32ns_32_8_full_dsp_1                       |        0|   2|   296|   239|    0|
    |fmul_32ns_32ns_32_5_max_dsp_1_U285                              |fmul_32ns_32ns_32_5_max_dsp_1                        |        0|   3|   151|   145|    0|
    |fmul_32ns_32ns_32_5_max_dsp_1_U286                              |fmul_32ns_32ns_32_5_max_dsp_1                        |        0|   3|   151|   145|    0|
    |grp_fpn_conv3x3_fu_152                                          |fpn_conv3x3                                          |        0|   1|  2229|  4997|    0|
    |grp_fpn_conv3x3_4_fu_164                                        |fpn_conv3x3_4                                        |        0|   1|  2278|  5317|    0|
    |grp_fpn_conv3x3_5_fu_184                                        |fpn_conv3x3_5                                        |        0|   3|  2322|  5355|    0|
    |grp_fpn_conv3x3_6_fu_196                                        |fpn_conv3x3_6                                        |        0|   3|  2361|  5495|    0|
    |grp_fpn_full_top_Pipeline_ADD_UP_C_ADD_UP_OH_ADD_UP_OW_fu_116   |fpn_full_top_Pipeline_ADD_UP_C_ADD_UP_OH_ADD_UP_OW   |        0|   2|   399|   464|    0|
    |grp_fpn_full_top_Pipeline_ADD_UP_C_ADD_UP_OH_ADD_UP_OW1_fu_136  |fpn_full_top_Pipeline_ADD_UP_C_ADD_UP_OH_ADD_UP_OW1  |        0|   2|   417|   503|    0|
    |grp_fpn_full_top_Pipeline_ADD_UP_C_ADD_UP_OH_ADD_UP_OW2_fu_144  |fpn_full_top_Pipeline_ADD_UP_C_ADD_UP_OH_ADD_UP_OW2  |        0|   4|   726|   773|    0|
    |grp_fpn_full_top_Pipeline_MP_C_MP_H_MP_W_fu_176                 |fpn_full_top_Pipeline_MP_C_MP_H_MP_W                 |        0|   0|   110|   625|    0|
    |sitofp_32s_32_6_no_dsp_1_U287                                   |sitofp_32s_32_6_no_dsp_1                             |        0|   0|     0|     0|    0|
    |sitofp_32s_32_6_no_dsp_1_U288                                   |sitofp_32s_32_6_no_dsp_1                             |        0|   0|     0|     0|    0|
    +----------------------------------------------------------------+-----------------------------------------------------+---------+----+------+------+-----+
    |Total                                                           |                                                     |        0|  32| 19815| 33736|    0|
    +----------------------------------------------------------------+-----------------------------------------------------+---------+----+------+------+-----+

    * DSP: 
    N/A

    * Memory: 
    +--------+------------------------+---------+---+----+-----+---------+-----+------+-------------+
    | Memory |         Module         | BRAM_18K| FF| LUT| URAM|  Words  | Bits| Banks| W*Bits*Banks|
    +--------+------------------------+---------+---+----+-----+---------+-----+------+-------------+
    |lat1_U  |lat1_RAM_T2P_BRAM_1R1W  |     2176|  0|   0|    0|  1228800|   32|     1|     39321600|
    |lat2_U  |lat2_RAM_T2P_BRAM_1R1W  |      546|  0|   0|    0|   307200|   32|     1|      9830400|
    |lat3_U  |lat3_RAM_T2P_BRAM_1R1W  |      140|  0|   0|    0|    76800|   32|     1|      2457600|
    |lat4_U  |lat4_RAM_T2P_BRAM_1R1W  |       38|  0|   0|    0|    19200|   32|     1|       614400|
    +--------+------------------------+---------+---+----+-----+---------+-----+------+-------------+
    |Total   |                        |     2900|  0|   0|    0|  1632000|  128|     4|     52224000|
    +--------+------------------------+---------+---+----+-----+---------+-----+------+-------------+

    * FIFO: 
    N/A

    * Expression: 
    +----------------------------------+----------+----+---+----+------------+------------+
    |           Variable Name          | Operation| DSP| FF| LUT| Bitwidth P0| Bitwidth P1|
    +----------------------------------+----------+----+---+----+------------+------------+
    |ap_block_state10_on_subcall_done  |        or|   0|  0|   2|           1|           1|
    |ap_block_state12_on_subcall_done  |        or|   0|  0|   2|           1|           1|
    |ap_block_state6_on_subcall_done   |        or|   0|  0|   2|           1|           1|
    |ap_block_state8_on_subcall_done   |        or|   0|  0|   2|           1|           1|
    +----------------------------------+----------+----+---+----+------------+------------+
    |Total                             |          |   0|  0|   8|           4|           4|
    +----------------------------------+----------+----+---+----+------------+------------+

    * Multiplexer: 
    +---------------+----+-----------+-----+-----------+
    |      Name     | LUT| Input Size| Bits| Total Bits|
    +---------------+----+-----------+-----+-----------+
    |ap_NS_fsm      |  81|         17|    1|         17|
    |grp_fu_208_ce  |  49|          9|    1|          9|
    |grp_fu_208_p0  |  49|          9|   32|        288|
    |grp_fu_208_p1  |  49|          9|   32|        288|
    |grp_fu_212_ce  |  49|          9|    1|          9|
    |grp_fu_212_p0  |  49|          9|   32|        288|
    |grp_fu_212_p1  |  49|          9|   32|        288|
    |grp_fu_216_ce  |  49|          9|    1|          9|
    |grp_fu_216_p0  |  49|          9|   32|        288|
    |grp_fu_216_p1  |  49|          9|   32|        288|
    |grp_fu_220_ce  |  49|          9|    1|          9|
    |grp_fu_220_p0  |  49|          9|   32|        288|
    |grp_fu_220_p1  |  49|          9|   32|        288|
    |grp_fu_224_ce  |  49|          9|    1|          9|
    |grp_fu_224_p0  |  49|          9|   32|        288|
    |grp_fu_227_ce  |  49|          9|    1|          9|
    |grp_fu_227_p0  |  49|          9|   32|        288|
    |grp_fu_230_ce  |  37|          7|    1|          7|
    |grp_fu_230_p0  |  37|          7|   32|        224|
    |grp_fu_230_p1  |  37|          7|   32|        224|
    |grp_fu_234_ce  |  26|          5|    1|          5|
    |grp_fu_234_p0  |  26|          5|   32|        160|
    |grp_fu_234_p1  |  26|          5|   32|        160|
    |lat1_address0  |  20|          4|   21|         84|
    |lat1_address1  |  14|          3|   21|         63|
    |lat1_ce0       |  20|          4|    1|          4|
    |lat1_ce1       |  14|          3|    1|          3|
    |lat1_d0        |  14|          3|   32|         96|
    |lat1_we0       |  14|          3|    1|          3|
    |lat1_we1       |   9|          2|    1|          2|
    |lat2_address0  |  26|          5|   19|         95|
    |lat2_address1  |  14|          3|   19|         57|
    |lat2_ce0       |  26|          5|    1|          5|
    |lat2_ce1       |  14|          3|    1|          3|
    |lat2_d0        |  14|          3|   32|         96|
    |lat2_we0       |  14|          3|    1|          3|
    |lat2_we1       |   9|          2|    1|          2|
    |lat3_address0  |  26|          5|   17|         85|
    |lat3_address1  |  14|          3|   17|         51|
    |lat3_ce0       |  26|          5|    1|          5|
    |lat3_ce1       |  14|          3|    1|          3|
    |lat3_d0        |  14|          3|   32|         96|
    |lat3_we0       |  14|          3|    1|          3|
    |lat3_we1       |   9|          2|    1|          2|
    |lat4_address0  |  20|          4|   15|         60|
    |lat4_ce0       |  20|          4|    1|          4|
    |lat4_ce1       |   9|          2|    1|          2|
    |lat4_we0       |   9|          2|    1|          2|
    |lat4_we1       |   9|          2|    1|          2|
    |p5_Addr_A      |  14|          3|   32|         96|
    |p5_EN_A        |  14|          3|    1|          3|
    |p5_EN_B        |   9|          2|    1|          2|
    |p5_WEN_A       |   9|          2|    4|          8|
    |p5_WEN_B       |   9|          2|    4|          8|
    |w_conv_Addr_A  |  49|          9|   32|        288|
    |w_conv_Addr_B  |  49|          9|   32|        288|
    |w_conv_EN_A    |  49|          9|    1|          9|
    |w_conv_EN_B    |  49|          9|    1|          9|
    |w_meta_Addr_A  |  49|          9|   32|        288|
    |w_meta_Addr_B  |  49|          9|   32|        288|
    |w_meta_EN_A    |  49|          9|    1|          9|
    |w_meta_EN_B    |  49|          9|    1|          9|
    +---------------+----+-----------+-----+-----------+
    |Total          |1907|        365|  872|       5867|
    +---------------+----+-----------+-----+-----------+

    * Register: 
    +-----------------------------------------------------------------------------+----+----+-----+-----------+
    |                                     Name                                    | FF | LUT| Bits| Const Bits|
    +-----------------------------------------------------------------------------+----+----+-----+-----------+
    |ap_CS_fsm                                                                    |  16|   0|   16|          0|
    |grp_conv1x1_plain_1_fu_92_ap_start_reg                                       |   1|   0|    1|          0|
    |grp_conv1x1_plain_2_fu_104_ap_start_reg                                      |   1|   0|    1|          0|
    |grp_conv1x1_plain_3_fu_124_ap_start_reg                                      |   1|   0|    1|          0|
    |grp_conv1x1_plain_fu_80_ap_start_reg                                         |   1|   0|    1|          0|
    |grp_fpn_conv3x3_4_fu_164_ap_start_reg                                        |   1|   0|    1|          0|
    |grp_fpn_conv3x3_5_fu_184_ap_start_reg                                        |   1|   0|    1|          0|
    |grp_fpn_conv3x3_6_fu_196_ap_start_reg                                        |   1|   0|    1|          0|
    |grp_fpn_conv3x3_fu_152_ap_start_reg                                          |   1|   0|    1|          0|
    |grp_fpn_full_top_Pipeline_ADD_UP_C_ADD_UP_OH_ADD_UP_OW1_fu_136_ap_start_reg  |   1|   0|    1|          0|
    |grp_fpn_full_top_Pipeline_ADD_UP_C_ADD_UP_OH_ADD_UP_OW2_fu_144_ap_start_reg  |   1|   0|    1|          0|
    |grp_fpn_full_top_Pipeline_ADD_UP_C_ADD_UP_OH_ADD_UP_OW_fu_116_ap_start_reg   |   1|   0|    1|          0|
    |grp_fpn_full_top_Pipeline_MP_C_MP_H_MP_W_fu_176_ap_start_reg                 |   1|   0|    1|          0|
    +-----------------------------------------------------------------------------+----+----+-----+-----------+
    |Total                                                                        |  28|   0|   28|          0|
    +-----------------------------------------------------------------------------+----+----+-----+-----------+



================================================================
== Interface
================================================================
* Summary: 
+---------------+-----+-----+------------+--------------+--------------+
|   RTL Ports   | Dir | Bits|  Protocol  | Source Object|    C Type    |
+---------------+-----+-----+------------+--------------+--------------+
|ap_clk         |   in|    1|  ap_ctrl_hs|  fpn_full_top|  return value|
|ap_rst         |   in|    1|  ap_ctrl_hs|  fpn_full_top|  return value|
|ap_start       |   in|    1|  ap_ctrl_hs|  fpn_full_top|  return value|
|ap_done        |  out|    1|  ap_ctrl_hs|  fpn_full_top|  return value|
|ap_idle        |  out|    1|  ap_ctrl_hs|  fpn_full_top|  return value|
|ap_ready       |  out|    1|  ap_ctrl_hs|  fpn_full_top|  return value|
|c4_Addr_A      |  out|   32|        bram|            c4|         array|
|c4_EN_A        |  out|    1|        bram|            c4|         array|
|c4_WEN_A       |  out|    4|        bram|            c4|         array|
|c4_Din_A       |  out|   32|        bram|            c4|         array|
|c4_Dout_A      |   in|   32|        bram|            c4|         array|
|c4_Clk_A       |  out|    1|        bram|            c4|         array|
|c4_Rst_A       |  out|    1|        bram|            c4|         array|
|c3_Addr_A      |  out|   32|        bram|            c3|         array|
|c3_EN_A        |  out|    1|        bram|            c3|         array|
|c3_WEN_A       |  out|    4|        bram|            c3|         array|
|c3_Din_A       |  out|   32|        bram|            c3|         array|
|c3_Dout_A      |   in|   32|        bram|            c3|         array|
|c3_Clk_A       |  out|    1|        bram|            c3|         array|
|c3_Rst_A       |  out|    1|        bram|            c3|         array|
|c2_Addr_A      |  out|   32|        bram|            c2|         array|
|c2_EN_A        |  out|    1|        bram|            c2|         array|
|c2_WEN_A       |  out|    4|        bram|            c2|         array|
|c2_Din_A       |  out|   32|        bram|            c2|         array|
|c2_Dout_A      |   in|   32|        bram|            c2|         array|
|c2_Clk_A       |  out|    1|        bram|            c2|         array|
|c2_Rst_A       |  out|    1|        bram|            c2|         array|
|c1_Addr_A      |  out|   32|        bram|            c1|         array|
|c1_EN_A        |  out|    1|        bram|            c1|         array|
|c1_WEN_A       |  out|    4|        bram|            c1|         array|
|c1_Din_A       |  out|   32|        bram|            c1|         array|
|c1_Dout_A      |   in|   32|        bram|            c1|         array|
|c1_Clk_A       |  out|    1|        bram|            c1|         array|
|c1_Rst_A       |  out|    1|        bram|            c1|         array|
|w_conv_Addr_A  |  out|   32|        bram|        w_conv|         array|
|w_conv_EN_A    |  out|    1|        bram|        w_conv|         array|
|w_conv_WEN_A   |  out|    1|        bram|        w_conv|         array|
|w_conv_Din_A   |  out|    8|        bram|        w_conv|         array|
|w_conv_Dout_A  |   in|    8|        bram|        w_conv|         array|
|w_conv_Clk_A   |  out|    1|        bram|        w_conv|         array|
|w_conv_Rst_A   |  out|    1|        bram|        w_conv|         array|
|w_conv_Addr_B  |  out|   32|        bram|        w_conv|         array|
|w_conv_EN_B    |  out|    1|        bram|        w_conv|         array|
|w_conv_WEN_B   |  out|    1|        bram|        w_conv|         array|
|w_conv_Din_B   |  out|    8|        bram|        w_conv|         array|
|w_conv_Dout_B  |   in|    8|        bram|        w_conv|         array|
|w_conv_Clk_B   |  out|    1|        bram|        w_conv|         array|
|w_conv_Rst_B   |  out|    1|        bram|        w_conv|         array|
|w_meta_Addr_A  |  out|   32|        bram|        w_meta|         array|
|w_meta_EN_A    |  out|    1|        bram|        w_meta|         array|
|w_meta_WEN_A   |  out|    4|        bram|        w_meta|         array|
|w_meta_Din_A   |  out|   32|        bram|        w_meta|         array|
|w_meta_Dout_A  |   in|   32|        bram|        w_meta|         array|
|w_meta_Clk_A   |  out|    1|        bram|        w_meta|         array|
|w_meta_Rst_A   |  out|    1|        bram|        w_meta|         array|
|w_meta_Addr_B  |  out|   32|        bram|        w_meta|         array|
|w_meta_EN_B    |  out|    1|        bram|        w_meta|         array|
|w_meta_WEN_B   |  out|    4|        bram|        w_meta|         array|
|w_meta_Din_B   |  out|   32|        bram|        w_meta|         array|
|w_meta_Dout_B  |   in|   32|        bram|        w_meta|         array|
|w_meta_Clk_B   |  out|    1|        bram|        w_meta|         array|
|w_meta_Rst_B   |  out|    1|        bram|        w_meta|         array|
|p5_Addr_A      |  out|   32|        bram|            p5|         array|
|p5_EN_A        |  out|    1|        bram|            p5|         array|
|p5_WEN_A       |  out|    4|        bram|            p5|         array|
|p5_Din_A       |  out|   32|        bram|            p5|         array|
|p5_Dout_A      |   in|   32|        bram|            p5|         array|
|p5_Clk_A       |  out|    1|        bram|            p5|         array|
|p5_Rst_A       |  out|    1|        bram|            p5|         array|
|p5_Addr_B      |  out|   32|        bram|            p5|         array|
|p5_EN_B        |  out|    1|        bram|            p5|         array|
|p5_WEN_B       |  out|    4|        bram|            p5|         array|
|p5_Din_B       |  out|   32|        bram|            p5|         array|
|p5_Dout_B      |   in|   32|        bram|            p5|         array|
|p5_Clk_B       |  out|    1|        bram|            p5|         array|
|p5_Rst_B       |  out|    1|        bram|            p5|         array|
|p4_Addr_A      |  out|   32|        bram|            p4|         array|
|p4_EN_A        |  out|    1|        bram|            p4|         array|
|p4_WEN_A       |  out|    4|        bram|            p4|         array|
|p4_Din_A       |  out|   32|        bram|            p4|         array|
|p4_Dout_A      |   in|   32|        bram|            p4|         array|
|p4_Clk_A       |  out|    1|        bram|            p4|         array|
|p4_Rst_A       |  out|    1|        bram|            p4|         array|
|p4_Addr_B      |  out|   32|        bram|            p4|         array|
|p4_EN_B        |  out|    1|        bram|            p4|         array|
|p4_WEN_B       |  out|    4|        bram|            p4|         array|
|p4_Din_B       |  out|   32|        bram|            p4|         array|
|p4_Dout_B      |   in|   32|        bram|            p4|         array|
|p4_Clk_B       |  out|    1|        bram|            p4|         array|
|p4_Rst_B       |  out|    1|        bram|            p4|         array|
|p3_Addr_A      |  out|   32|        bram|            p3|         array|
|p3_EN_A        |  out|    1|        bram|            p3|         array|
|p3_WEN_A       |  out|    4|        bram|            p3|         array|
|p3_Din_A       |  out|   32|        bram|            p3|         array|
|p3_Dout_A      |   in|   32|        bram|            p3|         array|
|p3_Clk_A       |  out|    1|        bram|            p3|         array|
|p3_Rst_A       |  out|    1|        bram|            p3|         array|
|p3_Addr_B      |  out|   32|        bram|            p3|         array|
|p3_EN_B        |  out|    1|        bram|            p3|         array|
|p3_WEN_B       |  out|    4|        bram|            p3|         array|
|p3_Din_B       |  out|   32|        bram|            p3|         array|
|p3_Dout_B      |   in|   32|        bram|            p3|         array|
|p3_Clk_B       |  out|    1|        bram|            p3|         array|
|p3_Rst_B       |  out|    1|        bram|            p3|         array|
|p2_Addr_A      |  out|   32|        bram|            p2|         array|
|p2_EN_A        |  out|    1|        bram|            p2|         array|
|p2_WEN_A       |  out|    4|        bram|            p2|         array|
|p2_Din_A       |  out|   32|        bram|            p2|         array|
|p2_Dout_A      |   in|   32|        bram|            p2|         array|
|p2_Clk_A       |  out|    1|        bram|            p2|         array|
|p2_Rst_A       |  out|    1|        bram|            p2|         array|
|p2_Addr_B      |  out|   32|        bram|            p2|         array|
|p2_EN_B        |  out|    1|        bram|            p2|         array|
|p2_WEN_B       |  out|    4|        bram|            p2|         array|
|p2_Din_B       |  out|   32|        bram|            p2|         array|
|p2_Dout_B      |   in|   32|        bram|            p2|         array|
|p2_Clk_B       |  out|    1|        bram|            p2|         array|
|p2_Rst_B       |  out|    1|        bram|            p2|         array|
|p6_Addr_A      |  out|   32|        bram|            p6|         array|
|p6_EN_A        |  out|    1|        bram|            p6|         array|
|p6_WEN_A       |  out|    4|        bram|            p6|         array|
|p6_Din_A       |  out|   32|        bram|            p6|         array|
|p6_Dout_A      |   in|   32|        bram|            p6|         array|
|p6_Clk_A       |  out|    1|        bram|            p6|         array|
|p6_Rst_A       |  out|    1|        bram|            p6|         array|
+---------------+-----+-----+------------+--------------+--------------+

