

================================================================
== Vitis HLS Report for 'fpn_full_top_Pipeline_ADD_UP_C_ADD_UP_OH_ADD_UP_OW2'
================================================================
* Date:           Tue Jun  2 00:56:59 2026

* Version:        2022.2 (Build 3670227 on Oct 13 2022)
* Project:        fpn_192
* Solution:       solution1 (Vivado IP Flow Target)
* Product family: zynquplus
* Target device:  xczu9eg-ffvb1156-2-e


================================================================
== Performance Estimates
================================================================
+ Timing: 
    * Summary: 
    +--------+---------+----------+------------+
    |  Clock |  Target | Estimated| Uncertainty|
    +--------+---------+----------+------------+
    |ap_clk  |  5.00 ns|  3.454 ns|     1.35 ns|
    +--------+---------+----------+------------+

+ Latency: 
    * Summary: 
    +---------+---------+----------+----------+---------+---------+---------+
    |  Latency (cycles) |  Latency (absolute) |      Interval     | Pipeline|
    |   min   |   max   |    min   |    max   |   min   |   max   |   Type  |
    +---------+---------+----------+----------+---------+---------+---------+
    |  1228814|  1228814|  6.144 ms|  6.144 ms|  1228814|  1228814|       no|
    +---------+---------+----------+----------+---------+---------+---------+

    + Detail: 
        * Instance: 
        N/A

        * Loop: 
        +--------------------------------+---------+---------+----------+-----------+-----------+---------+----------+
        |                                |  Latency (cycles) | Iteration|  Initiation Interval  |   Trip  |          |
        |            Loop Name           |   min   |   max   |  Latency |  achieved |   target  |  Count  | Pipelined|
        +--------------------------------+---------+---------+----------+-----------+-----------+---------+----------+
        |- ADD_UP_C_ADD_UP_OH_ADD_UP_OW  |  1228812|  1228812|        14|          1|          1|  1228800|       yes|
        +--------------------------------+---------+---------+----------+-----------+-----------+---------+----------+



================================================================
== Utilization Estimates
================================================================
* Summary: 
+-----------------+---------+------+--------+--------+-----+
|       Name      | BRAM_18K|  DSP |   FF   |   LUT  | URAM|
+-----------------+---------+------+--------+--------+-----+
|DSP              |        -|     2|       -|       -|    -|
|Expression       |        -|     -|       0|     366|    -|
|FIFO             |        -|     -|       -|       -|    -|
|Instance         |        -|     2|     296|     239|    -|
|Memory           |        -|     -|       -|       -|    -|
|Multiplexer      |        -|     -|       -|      72|    -|
|Register         |        -|     -|     430|      96|    -|
+-----------------+---------+------+--------+--------+-----+
|Total            |        0|     4|     726|     773|    0|
+-----------------+---------+------+--------+--------+-----+
|Available        |     1824|  2520|  548160|  274080|    0|
+-----------------+---------+------+--------+--------+-----+
|Utilization (%)  |        0|    ~0|      ~0|      ~0|    0|
+-----------------+---------+------+--------+--------+-----+

+ Detail: 
    * Instance: 
    +-------------------------------------+--------------------------------+---------+----+-----+-----+-----+
    |               Instance              |             Module             | BRAM_18K| DSP|  FF | LUT | URAM|
    +-------------------------------------+--------------------------------+---------+----+-----+-----+-----+
    |fadd_32ns_32ns_32_8_full_dsp_1_U137  |fadd_32ns_32ns_32_8_full_dsp_1  |        0|   2|  296|  239|    0|
    +-------------------------------------+--------------------------------+---------+----+-----+-----+-----+
    |Total                                |                                |        0|   2|  296|  239|    0|
    +-------------------------------------+--------------------------------+---------+----+-----+-----+-----+

    * DSP: 
    +------------------------------+-------------------------+-----------+
    |           Instance           |          Module         | Expression|
    +------------------------------+-------------------------+-----------+
    |mul_mul_8ns_11ns_19_4_1_U139  |mul_mul_8ns_11ns_19_4_1  |    i0 * i1|
    |mul_mul_8ns_13ns_21_4_1_U138  |mul_mul_8ns_13ns_21_4_1  |    i0 * i1|
    +------------------------------+-------------------------+-----------+

    * Memory: 
    N/A

    * FIFO: 
    N/A

    * Expression: 
    +-------------------------------------+----------+----+---+----+------------+------------+
    |            Variable Name            | Operation| DSP| FF| LUT| Bitwidth P0| Bitwidth P1|
    +-------------------------------------+----------+----+---+----+------------+------------+
    |add_ln592_1_fu_206_p2                |         +|   0|  0|  15|           8|           1|
    |add_ln592_fu_188_p2                  |         +|   0|  0|  28|          21|           1|
    |add_ln593_1_fu_228_p2                |         +|   0|  0|  21|          14|           1|
    |add_ln593_fu_297_p2                  |         +|   0|  0|  14|           7|           1|
    |add_ln594_fu_334_p2                  |         +|   0|  0|  14|           7|           1|
    |add_ln596_1_fu_473_p2                |         +|   0|  0|  20|          13|          13|
    |add_ln596_2_fu_543_p2                |         +|   0|  0|  28|          21|          21|
    |add_ln596_fu_396_p2                  |         +|   0|  0|  20|          13|          13|
    |add_ln597_1_fu_456_p2                |         +|   0|  0|  19|          12|          12|
    |add_ln597_2_fu_516_p2                |         +|   0|  0|  26|          19|          19|
    |add_ln597_fu_390_p2                  |         +|   0|  0|  19|          12|          12|
    |and_ln592_fu_291_p2                  |       and|   0|  0|   2|           1|           1|
    |ap_block_pp0                         |       and|   0|  0|   2|           1|           1|
    |ap_enable_state15_pp0_iter14_stage0  |       and|   0|  0|   2|           1|           1|
    |ap_enable_state5_pp0_iter4_stage0    |       and|   0|  0|   2|           1|           1|
    |ap_enable_state6_pp0_iter5_stage0    |       and|   0|  0|   2|           1|           1|
    |icmp_ln592_fu_182_p2                 |      icmp|   0|  0|  15|          21|          21|
    |icmp_ln593_fu_200_p2                 |      icmp|   0|  0|  12|          14|          13|
    |icmp_ln594_fu_285_p2                 |      icmp|   0|  0|  10|           7|           7|
    |or_ln593_fu_303_p2                   |        or|   0|  0|   2|           1|           1|
    |select_ln592_1_fu_212_p3             |    select|   0|  0|   8|           1|           8|
    |select_ln592_2_fu_402_p3             |    select|   0|  0|  11|           1|           1|
    |select_ln592_3_fu_409_p3             |    select|   0|  0|  12|           1|           1|
    |select_ln592_fu_273_p3               |    select|   0|  0|   7|           1|           1|
    |select_ln593_1_fu_462_p3             |    select|   0|  0|  11|           1|          12|
    |select_ln593_2_fu_479_p3             |    select|   0|  0|  12|           1|          13|
    |select_ln593_3_fu_326_p3             |    select|   0|  0|   7|           1|           7|
    |select_ln593_4_fu_234_p3             |    select|   0|  0|  14|           1|           1|
    |select_ln593_fu_308_p3               |    select|   0|  0|   7|           1|           1|
    |ap_enable_pp0                        |       xor|   0|  0|   2|           1|           2|
    |xor_ln592_fu_280_p2                  |       xor|   0|  0|   2|           1|           2|
    +-------------------------------------+----------+----+---+----+------------+------------+
    |Total                                |          |   0|  0| 366|         206|         191|
    +-------------------------------------+----------+----+---+----+------------+------------+

    * Multiplexer: 
    +--------------------------+----+-----------+-----+-----------+
    |           Name           | LUT| Input Size| Bits| Total Bits|
    +--------------------------+----+-----------+-----+-----------+
    |ap_done_int               |   9|          2|    1|          2|
    |ap_enable_reg_pp0_iter1   |   9|          2|    1|          2|
    |ap_enable_reg_pp0_iter5   |   9|          2|    1|          2|
    |c_fu_112                  |   9|          2|    8|         16|
    |indvar_flatten125_fu_108  |   9|          2|   14|         28|
    |indvar_flatten177_fu_116  |   9|          2|   21|         42|
    |oh_fu_104                 |   9|          2|    7|         14|
    |ow_fu_100                 |   9|          2|    7|         14|
    +--------------------------+----+-----------+-----+-----------+
    |Total                     |  72|         16|   60|        120|
    +--------------------------+----+-----------+-----+-----------+

    * Register: 
    +-----------------------------------+----+----+-----+-----------+
    |                Name               | FF | LUT| Bits| Const Bits|
    +-----------------------------------+----+----+-----+-----------+
    |add22_i2_reg_683                   |  32|   0|   32|          0|
    |add_ln593_reg_644                  |   7|   0|    7|          0|
    |and_ln592_reg_638                  |   1|   0|    1|          0|
    |ap_CS_fsm                          |   1|   0|    1|          0|
    |ap_done_reg                        |   1|   0|    1|          0|
    |ap_enable_reg_pp0_iter1            |   1|   0|    1|          0|
    |ap_enable_reg_pp0_iter10           |   1|   0|    1|          0|
    |ap_enable_reg_pp0_iter11           |   1|   0|    1|          0|
    |ap_enable_reg_pp0_iter12           |   1|   0|    1|          0|
    |ap_enable_reg_pp0_iter13           |   1|   0|    1|          0|
    |ap_enable_reg_pp0_iter14           |   1|   0|    1|          0|
    |ap_enable_reg_pp0_iter2            |   1|   0|    1|          0|
    |ap_enable_reg_pp0_iter3            |   1|   0|    1|          0|
    |ap_enable_reg_pp0_iter4            |   1|   0|    1|          0|
    |ap_enable_reg_pp0_iter5            |   1|   0|    1|          0|
    |ap_enable_reg_pp0_iter6            |   1|   0|    1|          0|
    |ap_enable_reg_pp0_iter7            |   1|   0|    1|          0|
    |ap_enable_reg_pp0_iter8            |   1|   0|    1|          0|
    |ap_enable_reg_pp0_iter9            |   1|   0|    1|          0|
    |ap_loop_exit_ready_pp0_iter10_reg  |   1|   0|    1|          0|
    |ap_loop_exit_ready_pp0_iter11_reg  |   1|   0|    1|          0|
    |ap_loop_exit_ready_pp0_iter12_reg  |   1|   0|    1|          0|
    |ap_loop_exit_ready_pp0_iter13_reg  |   1|   0|    1|          0|
    |ap_loop_exit_ready_pp0_iter2_reg   |   1|   0|    1|          0|
    |ap_loop_exit_ready_pp0_iter3_reg   |   1|   0|    1|          0|
    |ap_loop_exit_ready_pp0_iter4_reg   |   1|   0|    1|          0|
    |ap_loop_exit_ready_pp0_iter5_reg   |   1|   0|    1|          0|
    |ap_loop_exit_ready_pp0_iter6_reg   |   1|   0|    1|          0|
    |ap_loop_exit_ready_pp0_iter7_reg   |   1|   0|    1|          0|
    |ap_loop_exit_ready_pp0_iter8_reg   |   1|   0|    1|          0|
    |ap_loop_exit_ready_pp0_iter9_reg   |   1|   0|    1|          0|
    |c_fu_112                           |   8|   0|    8|          0|
    |icmp_ln592_reg_603                 |   1|   0|    1|          0|
    |icmp_ln593_reg_607                 |   1|   0|    1|          0|
    |indvar_flatten125_fu_108           |  14|   0|   14|          0|
    |indvar_flatten177_fu_116           |  21|   0|   21|          0|
    |lat1_addr_reg_667                  |  21|   0|   21|          0|
    |lat1_load_reg_678                  |  32|   0|   32|          0|
    |lat2_load_reg_673                  |  32|   0|   32|          0|
    |oh_2_reg_626                       |   7|   0|    7|          0|
    |oh_fu_104                          |   7|   0|    7|          0|
    |ow_fu_100                          |   7|   0|    7|          0|
    |select_ln593_reg_650               |   7|   0|    7|          0|
    |tmp_1_reg_632                      |   6|   0|    6|          0|
    |tmp_3_reg_656                      |   6|   0|    6|          0|
    |icmp_ln592_reg_603                 |  64|  32|    1|          0|
    |icmp_ln593_reg_607                 |  64|  32|    1|          0|
    |lat1_addr_reg_667                  |  64|  32|   21|          0|
    +-----------------------------------+----+----+-----+-----------+
    |Total                              | 430|  96|  261|          0|
    +-----------------------------------+----+----+-----+-----------+



================================================================
== Interface
================================================================
* Summary: 
+---------------+-----+-----+------------+-----------------------------------------------------+--------------+
|   RTL Ports   | Dir | Bits|  Protocol  |                    Source Object                    |    C Type    |
+---------------+-----+-----+------------+-----------------------------------------------------+--------------+
|ap_clk         |   in|    1|  ap_ctrl_hs|  fpn_full_top_Pipeline_ADD_UP_C_ADD_UP_OH_ADD_UP_OW2|  return value|
|ap_rst         |   in|    1|  ap_ctrl_hs|  fpn_full_top_Pipeline_ADD_UP_C_ADD_UP_OH_ADD_UP_OW2|  return value|
|ap_start       |   in|    1|  ap_ctrl_hs|  fpn_full_top_Pipeline_ADD_UP_C_ADD_UP_OH_ADD_UP_OW2|  return value|
|ap_done        |  out|    1|  ap_ctrl_hs|  fpn_full_top_Pipeline_ADD_UP_C_ADD_UP_OH_ADD_UP_OW2|  return value|
|ap_idle        |  out|    1|  ap_ctrl_hs|  fpn_full_top_Pipeline_ADD_UP_C_ADD_UP_OH_ADD_UP_OW2|  return value|
|ap_ready       |  out|    1|  ap_ctrl_hs|  fpn_full_top_Pipeline_ADD_UP_C_ADD_UP_OH_ADD_UP_OW2|  return value|
|lat2_address0  |  out|   19|   ap_memory|                                                 lat2|         array|
|lat2_ce0       |  out|    1|   ap_memory|                                                 lat2|         array|
|lat2_q0        |   in|   32|   ap_memory|                                                 lat2|         array|
|lat1_address0  |  out|   21|   ap_memory|                                                 lat1|         array|
|lat1_ce0       |  out|    1|   ap_memory|                                                 lat1|         array|
|lat1_we0       |  out|    1|   ap_memory|                                                 lat1|         array|
|lat1_d0        |  out|   32|   ap_memory|                                                 lat1|         array|
|lat1_address1  |  out|   21|   ap_memory|                                                 lat1|         array|
|lat1_ce1       |  out|    1|   ap_memory|                                                 lat1|         array|
|lat1_q1        |   in|   32|   ap_memory|                                                 lat1|         array|
+---------------+-----+-----+------------+-----------------------------------------------------+--------------+

