

================================================================
== Vitis HLS Report for 'fpn_conv3x3_Pipeline_FPN3_IC_FPN3_KH_FPN3_KW'
================================================================
* Date:           Tue Jun  2 00:56:59 2026

* Version:        2022.2 (Build 3670227 on Oct 13 2022)
* Project:        fpn_192
* Solution:       solution1 (Vivado IP Flow Target)
* Product family: zynquplus
* Target device:  xczu9eg-ffvb1156-2-e


================================================================
== Performance Estimates
================================================================
+ Timing: 
    * Summary: 
    +--------+---------+----------+------------+
    |  Clock |  Target | Estimated| Uncertainty|
    +--------+---------+----------+------------+
    |ap_clk  |  5.00 ns|  3.824 ns|     1.35 ns|
    +--------+---------+----------+------------+

+ Latency: 
    * Summary: 
    +---------+---------+-----------+-----------+------+------+---------+
    |  Latency (cycles) |   Latency (absolute)  |   Interval  | Pipeline|
    |   min   |   max   |    min    |    max    |  min |  max |   Type  |
    +---------+---------+-----------+-----------+------+------+---------+
    |     8659|     8659|  43.295 us|  43.295 us|  8659|  8659|       no|
    +---------+---------+-----------+-----------+------+------+---------+

    + Detail: 
        * Instance: 
        N/A

        * Loop: 
        +---------------------------+---------+---------+----------+-----------+-----------+------+----------+
        |                           |  Latency (cycles) | Iteration|  Initiation Interval  | Trip |          |
        |         Loop Name         |   min   |   max   |  Latency |  achieved |   target  | Count| Pipelined|
        +---------------------------+---------+---------+----------+-----------+-----------+------+----------+
        |- FPN3_IC_FPN3_KH_FPN3_KW  |     8657|     8657|        23|          5|          1|  1728|       yes|
        +---------------------------+---------+---------+----------+-----------+-----------+------+----------+



================================================================
== Utilization Estimates
================================================================
* Summary: 
+-----------------+---------+------+--------+--------+-----+
|       Name      | BRAM_18K|  DSP |   FF   |   LUT  | URAM|
+-----------------+---------+------+--------+--------+-----+
|DSP              |        -|     1|       -|       -|    -|
|Expression       |        -|     -|       0|    1937|    -|
|FIFO             |        -|     -|       -|       -|    -|
|Instance         |        -|     -|       -|       -|    -|
|Memory           |        -|     -|       -|       -|    -|
|Multiplexer      |        -|     -|       -|     616|    -|
|Register         |        -|     -|    1570|      96|    -|
+-----------------+---------+------+--------+--------+-----+
|Total            |        0|     1|    1570|    2649|    0|
+-----------------+---------+------+--------+--------+-----+
|Available        |     1824|  2520|  548160|  274080|    0|
+-----------------+---------+------+--------+--------+-----+
|Utilization (%)  |        0|    ~0|      ~0|      ~0|    0|
+-----------------+---------+------+--------+--------+-----+

+ Detail: 
    * Instance: 
    N/A

    * DSP: 
    +-----------------------------------+------------------------------+--------------+
    |              Instance             |            Module            |  Expression  |
    +-----------------------------------+------------------------------+--------------+
    |mac_muladd_8ns_7ns_8s_15_4_1_U148  |mac_muladd_8ns_7ns_8s_15_4_1  |  i0 + i1 * i2|
    +-----------------------------------+------------------------------+--------------+

    * Memory: 
    N/A

    * FIFO: 
    N/A

    * Expression: 
    +----------------------------+----------+----+---+----+------------+------------+
    |        Variable Name       | Operation| DSP| FF| LUT| Bitwidth P0| Bitwidth P1|
    +----------------------------+----------+----+---+----+------------+------------+
    |add_ln455_1_fu_554_p2       |         +|   0|  0|  15|           8|           1|
    |add_ln455_fu_528_p2         |         +|   0|  0|  18|          11|           1|
    |add_ln456_1_fu_636_p2       |         +|   0|  0|  12|           4|           1|
    |add_ln456_fu_600_p2         |         +|   0|  0|   9|           2|           1|
    |add_ln457_fu_1005_p2        |         +|   0|  0|   9|           2|           1|
    |add_ln460_1_fu_1295_p2      |         +|   0|  0|  12|           5|           5|
    |add_ln460_fu_1286_p2        |         +|   0|  0|   9|           2|           2|
    |add_ln462_1_fu_1126_p2      |         +|   0|  0|  15|           8|           8|
    |add_ln462_2_fu_1269_p2      |         +|   0|  0|  15|           8|           8|
    |add_ln462_fu_1485_p2        |         +|   0|  0|  22|          15|          15|
    |add_ln463_1_fu_870_p2       |         +|   0|  0|  27|          20|          20|
    |add_ln463_2_fu_957_p2       |         +|   0|  0|  25|          18|          18|
    |add_ln463_3_fu_967_p2       |         +|   0|  0|  27|          20|          20|
    |add_ln463_fu_758_p2         |         +|   0|  0|  27|          20|          20|
    |add_ln464_1_fu_883_p2       |         +|   0|  0|  28|          21|          21|
    |add_ln464_2_fu_982_p2       |         +|   0|  0|  28|          21|          21|
    |add_ln464_fu_764_p2         |         +|   0|  0|  28|          21|          21|
    |add_ln465_1_fu_896_p2       |         +|   0|  0|  28|          21|          21|
    |add_ln465_2_fu_993_p2       |         +|   0|  0|  28|          21|          21|
    |add_ln465_fu_770_p2         |         +|   0|  0|  28|          21|          21|
    |add_ln466_1_fu_909_p2       |         +|   0|  0|  28|          21|          21|
    |add_ln466_2_fu_999_p2       |         +|   0|  0|  28|          21|          21|
    |add_ln466_fu_776_p2         |         +|   0|  0|  28|          21|          21|
    |add_ln467_1_fu_1190_p2      |         +|   0|  0|  28|          21|          21|
    |add_ln467_2_fu_1320_p2      |         +|   0|  0|  28|          21|          21|
    |add_ln467_fu_1074_p2        |         +|   0|  0|  28|          21|          21|
    |add_ln468_1_fu_1203_p2      |         +|   0|  0|  28|          21|          21|
    |add_ln468_2_fu_1325_p2      |         +|   0|  0|  28|          21|          21|
    |add_ln468_fu_1080_p2        |         +|   0|  0|  28|          21|          21|
    |add_ln469_1_fu_1456_p2      |         +|   0|  0|  28|          21|          21|
    |add_ln469_2_fu_1513_p2      |         +|   0|  0|  28|          21|          21|
    |add_ln469_fu_1387_p2        |         +|   0|  0|  28|          21|          21|
    |add_ln470_1_fu_1469_p2      |         +|   0|  0|  28|          21|          21|
    |add_ln470_2_fu_1518_p2      |         +|   0|  0|  28|          21|          21|
    |add_ln470_fu_1393_p2        |         +|   0|  0|  28|          21|          21|
    |empty_41_fu_714_p2          |         +|   0|  0|  25|          18|          18|
    |empty_42_fu_741_p2          |         +|   0|  0|  25|          18|          18|
    |empty_43_fu_1025_p2         |         +|   0|  0|  25|          18|          18|
    |empty_44_fu_1057_p2         |         +|   0|  0|  25|          18|          18|
    |empty_45_fu_1343_p2         |         +|   0|  0|  25|          18|          18|
    |empty_46_fu_1370_p2         |         +|   0|  0|  25|          18|          18|
    |empty_47_fu_1095_p2         |         +|   0|  0|  12|           5|           5|
    |empty_fu_494_p2             |         +|   0|  0|  25|          18|          18|
    |p_mid138_fu_576_p2          |         +|   0|  0|  25|          18|          18|
    |p_mid140_fu_826_p2          |         +|   0|  0|  25|          18|          18|
    |p_mid142_fu_853_p2          |         +|   0|  0|  25|          18|          18|
    |p_mid144_fu_1141_p2         |         +|   0|  0|  25|          18|          18|
    |p_mid146_fu_1173_p2         |         +|   0|  0|  25|          18|          18|
    |p_mid148_fu_1412_p2         |         +|   0|  0|  25|          18|          18|
    |p_mid150_fu_1439_p2         |         +|   0|  0|  25|          18|          18|
    |p_mid1_fu_1231_p2           |         +|   0|  0|  12|           5|           5|
    |tmp10_fu_1333_p2            |         +|   0|  0|  18|          11|          10|
    |tmp10_mid1_fu_1402_p2       |         +|   0|  0|  18|          11|          10|
    |tmp11_fu_1360_p2            |         +|   0|  0|  18|          11|          11|
    |tmp11_mid1_fu_1429_p2       |         +|   0|  0|  18|          11|          11|
    |tmp12_fu_1086_p2            |         +|   0|  0|   9|           2|           2|
    |tmp6_fu_704_p2              |         +|   0|  0|  16|           9|           8|
    |tmp6_mid1_fu_816_p2         |         +|   0|  0|  16|           9|           8|
    |tmp7_fu_731_p2              |         +|   0|  0|  17|          10|           9|
    |tmp7_mid1_fu_843_p2         |         +|   0|  0|  17|          10|           9|
    |tmp8_fu_1016_p2             |         +|   0|  0|  17|          10|          10|
    |tmp8_mid1_fu_1132_p2        |         +|   0|  0|  17|          10|          10|
    |empty_48_fu_516_p2          |         -|   0|  0|  12|           5|           5|
    |p_mid13_fu_622_p2           |         -|   0|  0|  12|           5|           5|
    |and_ln455_fu_594_p2         |       and|   0|  0|   2|           1|           1|
    |and_ln461_fu_1306_p2        |       and|   0|  0|   2|           1|           1|
    |icmp_ln455_fu_522_p2        |      icmp|   0|  0|  11|          11|          10|
    |icmp_ln456_fu_540_p2        |      icmp|   0|  0|   9|           4|           4|
    |icmp_ln457_fu_588_p2        |      icmp|   0|  0|   8|           2|           2|
    |icmp_ln461_1_fu_1256_p2     |      icmp|   0|  0|   9|           5|           4|
    |icmp_ln461_2_fu_1300_p2     |      icmp|   0|  0|   9|           5|           4|
    |icmp_ln461_fu_1120_p2       |      icmp|   0|  0|   9|           5|           4|
    |or_ln456_fu_928_p2          |        or|   0|  0|   2|           1|           1|
    |acc0_fu_1599_p3             |    select|   0|  0|  32|           1|          32|
    |acc1_fu_1593_p3             |    select|   0|  0|  32|           1|          32|
    |acc2_fu_1621_p3             |    select|   0|  0|  32|           1|          32|
    |acc3_fu_1615_p3             |    select|   0|  0|  32|           1|          32|
    |acc4_fu_1637_p3             |    select|   0|  0|  32|           1|          32|
    |acc5_fu_1643_p3             |    select|   0|  0|  32|           1|          32|
    |acc6_fu_1659_p3             |    select|   0|  0|  32|           1|          32|
    |acc7_fu_1665_p3             |    select|   0|  0|  32|           1|          32|
    |select_ln455_10_fu_922_p3   |    select|   0|  0|   5|           1|           1|
    |select_ln455_11_fu_1216_p3  |    select|   0|  0|   2|           1|           1|
    |select_ln455_12_fu_1222_p3  |    select|   0|  0|   8|           1|           8|
    |select_ln455_1_fu_564_p3    |    select|   0|  0|   8|           1|           8|
    |select_ln455_2_fu_876_p3    |    select|   0|  0|  19|           1|          20|
    |select_ln455_3_fu_889_p3    |    select|   0|  0|  20|           1|          21|
    |select_ln455_4_fu_902_p3    |    select|   0|  0|  20|           1|          21|
    |select_ln455_5_fu_915_p3    |    select|   0|  0|  20|           1|          21|
    |select_ln455_6_fu_1196_p3   |    select|   0|  0|  20|           1|          21|
    |select_ln455_7_fu_1209_p3   |    select|   0|  0|  20|           1|          21|
    |select_ln455_8_fu_1462_p3   |    select|   0|  0|  20|           1|          21|
    |select_ln455_9_fu_1475_p3   |    select|   0|  0|  20|           1|          21|
    |select_ln455_fu_546_p3      |    select|   0|  0|   2|           1|           1|
    |select_ln456_1_fu_939_p3    |    select|   0|  0|   5|           1|           5|
    |select_ln456_2_fu_1262_p3   |    select|   0|  0|   2|           1|           1|
    |select_ln456_3_fu_1275_p3   |    select|   0|  0|   8|           1|           8|
    |select_ln456_4_fu_628_p3    |    select|   0|  0|   2|           1|           2|
    |select_ln456_5_fu_642_p3    |    select|   0|  0|   4|           1|           1|
    |select_ln456_fu_932_p3      |    select|   0|  0|   2|           1|           1|
    |ap_enable_pp0               |       xor|   0|  0|   2|           1|           2|
    |xor_ln455_fu_582_p2         |       xor|   0|  0|   2|           1|           2|
    +----------------------------+----------+----+---+----+------------+------------+
    |Total                       |          |   0|  0|1937|        1024|        1427|
    +----------------------------+----------+----+---+----+------------+------------+

    * Multiplexer: 
    +----------------------------------------+----+-----------+-----+-----------+
    |                  Name                  | LUT| Input Size| Bits| Total Bits|
    +----------------------------------------+----+-----------+-----+-----------+
    |acc0_1_fu_160                           |   9|          2|   32|         64|
    |acc1_1_fu_156                           |   9|          2|   32|         64|
    |acc2_1_fu_152                           |   9|          2|   32|         64|
    |acc3_1_fu_148                           |   9|          2|   32|         64|
    |acc4_1_fu_144                           |   9|          2|   32|         64|
    |acc5_1_fu_164                           |   9|          2|   32|         64|
    |acc6_1_fu_168                           |   9|          2|   32|         64|
    |acc7_1_fu_172                           |   9|          2|   32|         64|
    |ap_NS_fsm                               |  31|          6|    1|          6|
    |ap_done_int                             |   9|          2|    1|          2|
    |ap_enable_reg_pp0_iter0                 |   9|          2|    1|          2|
    |ap_enable_reg_pp0_iter1                 |   9|          2|    1|          2|
    |ap_enable_reg_pp0_iter4                 |   9|          2|    1|          2|
    |ap_loop_exit_ready_pp0_iter1_reg        |   9|          2|    1|          2|
    |ap_loop_exit_ready_pp0_iter2_reg        |   9|          2|    1|          2|
    |ap_loop_exit_ready_pp0_iter3_reg        |   9|          2|    1|          2|
    |ap_sig_allocacmp_acc0_1_load_1          |   9|          2|   32|         64|
    |ap_sig_allocacmp_acc1_1_load_1          |   9|          2|   32|         64|
    |ap_sig_allocacmp_acc2_1_load_1          |   9|          2|   32|         64|
    |ap_sig_allocacmp_acc3_1_load_1          |   9|          2|   32|         64|
    |ap_sig_allocacmp_acc4_1_load_1          |   9|          2|   32|         64|
    |ap_sig_allocacmp_acc5_1_load_1          |   9|          2|   32|         64|
    |ap_sig_allocacmp_acc6_1_load_1          |   9|          2|   32|         64|
    |ap_sig_allocacmp_acc7_1_load_1          |   9|          2|   32|         64|
    |ap_sig_allocacmp_ic_1                   |   9|          2|    8|         16|
    |ap_sig_allocacmp_indvar_flatten88_load  |   9|          2|   11|         22|
    |ap_sig_allocacmp_indvar_flatten_load    |   9|          2|    4|          8|
    |ap_sig_allocacmp_kh_1                   |   9|          2|    2|          4|
    |ap_sig_allocacmp_kw_load                |   9|          2|    2|          4|
    |grp_fu_374_p0                           |  26|          5|   32|        160|
    |grp_fu_374_p1                           |  26|          5|   32|        160|
    |grp_fu_378_p0                           |  26|          5|   32|        160|
    |grp_fu_378_p1                           |  26|          5|   32|        160|
    |grp_fu_382_p0                           |  14|          3|   32|         96|
    |grp_fu_382_p1                           |  26|          5|   32|        160|
    |grp_fu_386_p0                           |  14|          3|   32|         96|
    |grp_fu_386_p1                           |  26|          5|   32|        160|
    |grp_fu_390_p0                           |  26|          5|   32|        160|
    |grp_fu_393_p0                           |  26|          5|   32|        160|
    |ic_fu_188                               |   9|          2|    8|         16|
    |indvar_flatten88_fu_192                 |   9|          2|   11|         22|
    |indvar_flatten_fu_184                   |   9|          2|    4|          8|
    |kh_fu_180                               |   9|          2|    2|          4|
    |kw_fu_176                               |   9|          2|    2|          4|
    |w_conv_Addr_A_orig                      |  26|          5|   32|        160|
    |w_conv_Addr_B_orig                      |  26|          5|   32|        160|
    +----------------------------------------+----+-----------+-----+-----------+
    |Total                                   | 616|        128|  958|       2944|
    +----------------------------------------+----+-----------+-----+-----------+

    * Register: 
    +----------------------------------+----+----+-----+-----------+
    |               Name               | FF | LUT| Bits| Const Bits|
    +----------------------------------+----+----+-----+-----------+
    |acc0_1_fu_160                     |  32|   0|   32|          0|
    |acc0_1_load_1_reg_2178            |  32|   0|   32|          0|
    |acc1_1_fu_156                     |  32|   0|   32|          0|
    |acc1_1_load_1_reg_2172            |  32|   0|   32|          0|
    |acc2_1_fu_152                     |  32|   0|   32|          0|
    |acc2_1_load_1_reg_2200            |  32|   0|   32|          0|
    |acc3_1_fu_148                     |  32|   0|   32|          0|
    |acc3_1_load_1_reg_2194            |  32|   0|   32|          0|
    |acc4_1_fu_144                     |  32|   0|   32|          0|
    |acc4_1_load_1_reg_2216            |  32|   0|   32|          0|
    |acc5_1_fu_164                     |  32|   0|   32|          0|
    |acc5_1_load_1_reg_2222            |  32|   0|   32|          0|
    |acc6_1_fu_168                     |  32|   0|   32|          0|
    |acc6_1_load_1_reg_2238            |  32|   0|   32|          0|
    |acc7_1_fu_172                     |  32|   0|   32|          0|
    |acc7_1_load_1_reg_2244            |  32|   0|   32|          0|
    |add_ln455_1_reg_1922              |   8|   0|    8|          0|
    |add_ln460_1_reg_2004              |   5|   0|    5|          0|
    |add_ln465_2_reg_1989              |  21|   0|   21|          0|
    |add_ln466_2_reg_1994              |  21|   0|   21|          0|
    |add_ln467_2_reg_2031              |  21|   0|   21|          0|
    |add_ln468_2_reg_2036              |  21|   0|   21|          0|
    |add_ln469_2_reg_2066              |  21|   0|   21|          0|
    |add_ln470_2_reg_2071              |  21|   0|   21|          0|
    |and_ln455_reg_1943                |   1|   0|    1|          0|
    |and_ln461_reg_2009                |   1|   0|    1|          0|
    |ap_CS_fsm                         |   5|   0|    5|          0|
    |ap_done_reg                       |   1|   0|    1|          0|
    |ap_enable_reg_pp0_iter0_reg       |   1|   0|    1|          0|
    |ap_enable_reg_pp0_iter1           |   1|   0|    1|          0|
    |ap_enable_reg_pp0_iter2           |   1|   0|    1|          0|
    |ap_enable_reg_pp0_iter3           |   1|   0|    1|          0|
    |ap_enable_reg_pp0_iter4           |   1|   0|    1|          0|
    |ap_loop_exit_ready_pp0_iter1_reg  |   1|   0|    1|          0|
    |ap_loop_exit_ready_pp0_iter2_reg  |   1|   0|    1|          0|
    |ap_loop_exit_ready_pp0_iter3_reg  |   1|   0|    1|          0|
    |conv1_reg_2157                    |  32|   0|   32|          0|
    |conv4_reg_2127                    |  32|   0|   32|          0|
    |conv5_reg_2132                    |  32|   0|   32|          0|
    |conv6_reg_2137                    |  32|   0|   32|          0|
    |conv7_reg_2142                    |  32|   0|   32|          0|
    |conv8_reg_2147                    |  32|   0|   32|          0|
    |conv9_reg_2152                    |  32|   0|   32|          0|
    |conv_reg_2122                     |  32|   0|   32|          0|
    |empty_48_reg_1887                 |   5|   0|    5|          0|
    |empty_reg_1881                    |  18|   0|   18|          0|
    |ic_1_reg_1871                     |   8|   0|    8|          0|
    |ic_fu_188                         |   8|   0|    8|          0|
    |icmp_ln455_reg_1892               |   1|   0|    1|          0|
    |icmp_ln456_reg_1901               |   1|   0|    1|          0|
    |indvar_flatten88_fu_192           |  11|   0|   11|          0|
    |indvar_flatten_fu_184             |   4|   0|    4|          0|
    |kh_1_reg_1866                     |   2|   0|    2|          0|
    |kh_fu_180                         |   2|   0|    2|          0|
    |kw_fu_176                         |   2|   0|    2|          0|
    |kw_load_reg_1896                  |   2|   0|    2|          0|
    |mul1_reg_2233                     |  32|   0|   32|          0|
    |mul4_reg_2167                     |  32|   0|   32|          0|
    |mul5_reg_2184                     |  32|   0|   32|          0|
    |mul6_reg_2189                     |  32|   0|   32|          0|
    |mul7_reg_2206                     |  32|   0|   32|          0|
    |mul8_reg_2211                     |  32|   0|   32|          0|
    |mul9_reg_2228                     |  32|   0|   32|          0|
    |mul_reg_2162                      |  32|   0|   32|          0|
    |p_mid138_reg_1937                 |  18|   0|   18|          0|
    |p_mid13_reg_1951                  |   5|   0|    5|          0|
    |reg_396                           |   8|   0|    8|          0|
    |reg_400                           |   8|   0|    8|          0|
    |select_ln451_40_cast_reg_1844     |   4|   0|    5|          1|
    |select_ln455_reg_1917             |   2|   0|    2|          0|
    |select_ln456_reg_1966             |   2|   0|    2|          0|
    |sext_ln450_cast_reg_1850          |  18|   0|   18|          0|
    |v_reg_2076                        |  32|   0|   32|          0|
    |zext_ln452_cast_reg_1839          |   4|   0|    5|          1|
    |zext_ln455_1_reg_1956             |   8|   0|   10|          2|
    |zext_ln455_5_reg_1961             |   8|   0|   10|          2|
    |zext_ln464_reg_1976               |  18|   0|   21|          3|
    |and_ln461_reg_2009                |  64|  32|    1|          0|
    |icmp_ln455_reg_1892               |  64|  32|    1|          0|
    |v_reg_2076                        |  64|  32|   32|          0|
    +----------------------------------+----+----+-----+-----------+
    |Total                             |1570|  96| 1421|          9|
    +----------------------------------+----+----+-----+-----------+



================================================================
== Interface
================================================================
* Summary: 
+----------------------+-----+-----+------------+----------------------------------------------+--------------+
|       RTL Ports      | Dir | Bits|  Protocol  |                 Source Object                |    C Type    |
+----------------------+-----+-----+------------+----------------------------------------------+--------------+
|ap_clk                |   in|    1|  ap_ctrl_hs|  fpn_conv3x3_Pipeline_FPN3_IC_FPN3_KH_FPN3_KW|  return value|
|ap_rst                |   in|    1|  ap_ctrl_hs|  fpn_conv3x3_Pipeline_FPN3_IC_FPN3_KH_FPN3_KW|  return value|
|ap_start              |   in|    1|  ap_ctrl_hs|  fpn_conv3x3_Pipeline_FPN3_IC_FPN3_KH_FPN3_KW|  return value|
|ap_done               |  out|    1|  ap_ctrl_hs|  fpn_conv3x3_Pipeline_FPN3_IC_FPN3_KH_FPN3_KW|  return value|
|ap_idle               |  out|    1|  ap_ctrl_hs|  fpn_conv3x3_Pipeline_FPN3_IC_FPN3_KH_FPN3_KW|  return value|
|ap_ready              |  out|    1|  ap_ctrl_hs|  fpn_conv3x3_Pipeline_FPN3_IC_FPN3_KH_FPN3_KW|  return value|
|grp_fu_2640_p_din0    |  out|   32|  ap_ctrl_hs|  fpn_conv3x3_Pipeline_FPN3_IC_FPN3_KH_FPN3_KW|  return value|
|grp_fu_2640_p_din1    |  out|   32|  ap_ctrl_hs|  fpn_conv3x3_Pipeline_FPN3_IC_FPN3_KH_FPN3_KW|  return value|
|grp_fu_2640_p_opcode  |  out|    2|  ap_ctrl_hs|  fpn_conv3x3_Pipeline_FPN3_IC_FPN3_KH_FPN3_KW|  return value|
|grp_fu_2640_p_dout0   |   in|   32|  ap_ctrl_hs|  fpn_conv3x3_Pipeline_FPN3_IC_FPN3_KH_FPN3_KW|  return value|
|grp_fu_2640_p_ce      |  out|    1|  ap_ctrl_hs|  fpn_conv3x3_Pipeline_FPN3_IC_FPN3_KH_FPN3_KW|  return value|
|grp_fu_2644_p_din0    |  out|   32|  ap_ctrl_hs|  fpn_conv3x3_Pipeline_FPN3_IC_FPN3_KH_FPN3_KW|  return value|
|grp_fu_2644_p_din1    |  out|   32|  ap_ctrl_hs|  fpn_conv3x3_Pipeline_FPN3_IC_FPN3_KH_FPN3_KW|  return value|
|grp_fu_2644_p_opcode  |  out|    2|  ap_ctrl_hs|  fpn_conv3x3_Pipeline_FPN3_IC_FPN3_KH_FPN3_KW|  return value|
|grp_fu_2644_p_dout0   |   in|   32|  ap_ctrl_hs|  fpn_conv3x3_Pipeline_FPN3_IC_FPN3_KH_FPN3_KW|  return value|
|grp_fu_2644_p_ce      |  out|    1|  ap_ctrl_hs|  fpn_conv3x3_Pipeline_FPN3_IC_FPN3_KH_FPN3_KW|  return value|
|grp_fu_2648_p_din0    |  out|   32|  ap_ctrl_hs|  fpn_conv3x3_Pipeline_FPN3_IC_FPN3_KH_FPN3_KW|  return value|
|grp_fu_2648_p_din1    |  out|   32|  ap_ctrl_hs|  fpn_conv3x3_Pipeline_FPN3_IC_FPN3_KH_FPN3_KW|  return value|
|grp_fu_2648_p_dout0   |   in|   32|  ap_ctrl_hs|  fpn_conv3x3_Pipeline_FPN3_IC_FPN3_KH_FPN3_KW|  return value|
|grp_fu_2648_p_ce      |  out|    1|  ap_ctrl_hs|  fpn_conv3x3_Pipeline_FPN3_IC_FPN3_KH_FPN3_KW|  return value|
|grp_fu_2652_p_din0    |  out|   32|  ap_ctrl_hs|  fpn_conv3x3_Pipeline_FPN3_IC_FPN3_KH_FPN3_KW|  return value|
|grp_fu_2652_p_din1    |  out|   32|  ap_ctrl_hs|  fpn_conv3x3_Pipeline_FPN3_IC_FPN3_KH_FPN3_KW|  return value|
|grp_fu_2652_p_dout0   |   in|   32|  ap_ctrl_hs|  fpn_conv3x3_Pipeline_FPN3_IC_FPN3_KH_FPN3_KW|  return value|
|grp_fu_2652_p_ce      |  out|    1|  ap_ctrl_hs|  fpn_conv3x3_Pipeline_FPN3_IC_FPN3_KH_FPN3_KW|  return value|
|grp_fu_2656_p_din0    |  out|   32|  ap_ctrl_hs|  fpn_conv3x3_Pipeline_FPN3_IC_FPN3_KH_FPN3_KW|  return value|
|grp_fu_2656_p_dout0   |   in|   32|  ap_ctrl_hs|  fpn_conv3x3_Pipeline_FPN3_IC_FPN3_KH_FPN3_KW|  return value|
|grp_fu_2656_p_ce      |  out|    1|  ap_ctrl_hs|  fpn_conv3x3_Pipeline_FPN3_IC_FPN3_KH_FPN3_KW|  return value|
|grp_fu_2659_p_din0    |  out|   32|  ap_ctrl_hs|  fpn_conv3x3_Pipeline_FPN3_IC_FPN3_KH_FPN3_KW|  return value|
|grp_fu_2659_p_dout0   |   in|   32|  ap_ctrl_hs|  fpn_conv3x3_Pipeline_FPN3_IC_FPN3_KH_FPN3_KW|  return value|
|grp_fu_2659_p_ce      |  out|    1|  ap_ctrl_hs|  fpn_conv3x3_Pipeline_FPN3_IC_FPN3_KH_FPN3_KW|  return value|
|tmp_3                 |   in|    9|     ap_none|                                         tmp_3|        scalar|
|sext_ln450            |   in|   17|     ap_none|                                    sext_ln450|        scalar|
|select_ln451_40       |   in|    4|     ap_none|                               select_ln451_40|        scalar|
|icmp_ln461_8          |   in|    1|     ap_none|                                  icmp_ln461_8|        scalar|
|add_ln462_9           |   in|    8|     ap_none|                                   add_ln462_9|        scalar|
|zext_ln452            |   in|    4|     ap_none|                                    zext_ln452|        scalar|
|w_conv_Addr_A         |  out|   32|        bram|                                        w_conv|         array|
|w_conv_EN_A           |  out|    1|        bram|                                        w_conv|         array|
|w_conv_WEN_A          |  out|    1|        bram|                                        w_conv|         array|
|w_conv_Din_A          |  out|    8|        bram|                                        w_conv|         array|
|w_conv_Dout_A         |   in|    8|        bram|                                        w_conv|         array|
|w_conv_Addr_B         |  out|   32|        bram|                                        w_conv|         array|
|w_conv_EN_B           |  out|    1|        bram|                                        w_conv|         array|
|w_conv_WEN_B          |  out|    1|        bram|                                        w_conv|         array|
|w_conv_Din_B          |  out|    8|        bram|                                        w_conv|         array|
|w_conv_Dout_B         |   in|    8|        bram|                                        w_conv|         array|
|acc7_7_out            |  out|   32|      ap_vld|                                    acc7_7_out|       pointer|
|acc7_7_out_ap_vld     |  out|    1|      ap_vld|                                    acc7_7_out|       pointer|
|acc6_7_out            |  out|   32|      ap_vld|                                    acc6_7_out|       pointer|
|acc6_7_out_ap_vld     |  out|    1|      ap_vld|                                    acc6_7_out|       pointer|
|acc5_7_out            |  out|   32|      ap_vld|                                    acc5_7_out|       pointer|
|acc5_7_out_ap_vld     |  out|    1|      ap_vld|                                    acc5_7_out|       pointer|
|acc0_7_out            |  out|   32|      ap_vld|                                    acc0_7_out|       pointer|
|acc0_7_out_ap_vld     |  out|    1|      ap_vld|                                    acc0_7_out|       pointer|
|acc1_7_out            |  out|   32|      ap_vld|                                    acc1_7_out|       pointer|
|acc1_7_out_ap_vld     |  out|    1|      ap_vld|                                    acc1_7_out|       pointer|
|acc2_7_out            |  out|   32|      ap_vld|                                    acc2_7_out|       pointer|
|acc2_7_out_ap_vld     |  out|    1|      ap_vld|                                    acc2_7_out|       pointer|
|acc3_7_out            |  out|   32|      ap_vld|                                    acc3_7_out|       pointer|
|acc3_7_out_ap_vld     |  out|    1|      ap_vld|                                    acc3_7_out|       pointer|
|acc4_7_out            |  out|   32|      ap_vld|                                    acc4_7_out|       pointer|
|acc4_7_out_ap_vld     |  out|    1|      ap_vld|                                    acc4_7_out|       pointer|
|lat4_address0         |  out|   15|   ap_memory|                                          lat4|         array|
|lat4_ce0              |  out|    1|   ap_memory|                                          lat4|         array|
|lat4_q0               |   in|   32|   ap_memory|                                          lat4|         array|
+----------------------+-----+-----+------------+----------------------------------------------+--------------+

