

================================================================
== Vitis HLS Report for 'fpn_conv3x3_6'
================================================================
* Date:           Tue Jun  2 00:57:05 2026

* Version:        2022.2 (Build 3670227 on Oct 13 2022)
* Project:        fpn_192
* Solution:       solution1 (Vivado IP Flow Target)
* Product family: zynquplus
* Target device:  xczu9eg-ffvb1156-2-e


================================================================
== Performance Estimates
================================================================
+ Timing: 
    * Summary: 
    +--------+---------+----------+------------+
    |  Clock |  Target | Estimated| Uncertainty|
    +--------+---------+----------+------------+
    |ap_clk  |  5.00 ns|  3.824 ns|     1.35 ns|
    +--------+---------+----------+------------+

+ Latency: 
    * Summary: 
    +------------+------------+-----------+-----------+------------+------------+---------+
    |     Latency (cycles)    |   Latency (absolute)  |         Interval        | Pipeline|
    |     min    |     max    |    min    |    max    |     min    |     max    |   Type  |
    +------------+------------+-----------+-----------+------------+------------+---------+
    |  1332940804|  1332940804|  6.665 sec|  6.665 sec|  1332940804|  1332940804|       no|
    +------------+------------+-----------+-----------+------------+------------+---------+

    + Detail: 
        * Instance: 
        +-----------------------------------------------------------+------------------------------------------------+---------+---------+-----------+-----------+------+------+---------+
        |                                                           |                                                |  Latency (cycles) |   Latency (absolute)  |   Interval  | Pipeline|
        |                          Instance                         |                     Module                     |   min   |   max   |    min    |    max    |  min |  max |   Type  |
        +-----------------------------------------------------------+------------------------------------------------+---------+---------+-----------+-----------+------+------+---------+
        |grp_fpn_conv3x3_6_Pipeline_FPN3_IC_FPN3_KH_FPN3_KW_fu_366  |fpn_conv3x3_6_Pipeline_FPN3_IC_FPN3_KH_FPN3_KW  |     8659|     8659|  43.295 us|  43.295 us|  8659|  8659|       no|
        +-----------------------------------------------------------+------------------------------------------------+---------+---------+-----------+-----------+------+------+---------+

        * Loop: 
        +---------------------------+------------+------------+----------+-----------+-----------+--------+----------+
        |                           |     Latency (cycles)    | Iteration|  Initiation Interval  |  Trip  |          |
        |         Loop Name         |     min    |     max    |  Latency |  achieved |   target  |  Count | Pipelined|
        +---------------------------+------------+------------+----------+-----------+-----------+--------+----------+
        |- FPN3_OC_FPN3_OH_FPN3_OW  |  1332940803|  1332940803|      8678|          -|          -|  153600|        no|
        +---------------------------+------------+------------+----------+-----------+-----------+--------+----------+



================================================================
== Utilization Estimates
================================================================
* Summary: 
+-----------------+---------+------+--------+--------+-----+
|       Name      | BRAM_18K|  DSP |   FF   |   LUT  | URAM|
+-----------------+---------+------+--------+--------+-----+
|DSP              |        -|     2|       -|       -|    -|
|Expression       |        -|     -|       0|    2298|    -|
|FIFO             |        -|     -|       -|       -|    -|
|Instance         |        -|     1|    1588|    2698|    -|
|Memory           |        -|     -|       -|       -|    -|
|Multiplexer      |        -|     -|       -|     499|    -|
|Register         |        -|     -|     773|       -|    -|
+-----------------+---------+------+--------+--------+-----+
|Total            |        0|     3|    2361|    5495|    0|
+-----------------+---------+------+--------+--------+-----+
|Available        |     1824|  2520|  548160|  274080|    0|
+-----------------+---------+------+--------+--------+-----+
|Utilization (%)  |        0|    ~0|      ~0|       2|    0|
+-----------------+---------+------+--------+--------+-----+

+ Detail: 
    * Instance: 
    +-----------------------------------------------------------+------------------------------------------------+---------+----+------+------+-----+
    |                          Instance                         |                     Module                     | BRAM_18K| DSP|  FF  |  LUT | URAM|
    +-----------------------------------------------------------+------------------------------------------------+---------+----+------+------+-----+
    |grp_fpn_conv3x3_6_Pipeline_FPN3_IC_FPN3_KH_FPN3_KW_fu_366  |fpn_conv3x3_6_Pipeline_FPN3_IC_FPN3_KH_FPN3_KW  |        0|   1|  1588|  2698|    0|
    +-----------------------------------------------------------+------------------------------------------------+---------+----+------+------+-----+
    |Total                                                      |                                                |        0|   1|  1588|  2698|    0|
    +-----------------------------------------------------------+------------------------------------------------+---------+----+------+------+-----+

    * DSP: 
    +------------------------------+-------------------------+-----------+
    |           Instance           |          Module         | Expression|
    +------------------------------+-------------------------+-----------+
    |mul_mul_8ns_13ns_21_4_1_U269  |mul_mul_8ns_13ns_21_4_1  |    i0 * i1|
    |mul_mul_8ns_13ns_21_4_1_U270  |mul_mul_8ns_13ns_21_4_1  |    i0 * i1|
    +------------------------------+-------------------------+-----------+

    * Memory: 
    N/A

    * FIFO: 
    N/A

    * Expression: 
    +----------------------------+----------+----+---+----+------------+------------+
    |        Variable Name       | Operation| DSP| FF| LUT| Bitwidth P0| Bitwidth P1|
    +----------------------------+----------+----+---+----+------------+------------+
    |add_ln450_1_fu_899_p2       |         +|   0|  0|  15|           8|           4|
    |add_ln450_fu_873_p2         |         +|   0|  0|  25|          18|           1|
    |add_ln451_1_fu_953_p2       |         +|   0|  0|  21|          14|           1|
    |add_ln451_fu_1409_p2        |         +|   0|  0|  14|           7|           1|
    |add_ln452_fu_947_p2         |         +|   0|  0|  14|           7|           1|
    |add_ln462_3_fu_1673_p2      |         +|   0|  0|  21|          14|          14|
    |add_ln475_1_fu_845_p2       |         +|   0|  0|  28|          21|          21|
    |add_ln475_2_fu_1770_p2      |         +|   0|  0|  28|          21|          21|
    |add_ln475_fu_1790_p2        |         +|   0|  0|  28|          21|          21|
    |add_ln476_1_fu_1921_p2      |         +|   0|  0|  28|          21|          21|
    |add_ln476_fu_1911_p2        |         +|   0|  0|  26|          19|          19|
    |add_ln477_1_fu_1947_p2      |         +|   0|  0|  28|          21|          21|
    |add_ln477_fu_1937_p2        |         +|   0|  0|  26|          19|          19|
    |add_ln478_1_fu_2028_p2      |         +|   0|  0|  28|          21|          21|
    |add_ln478_fu_2019_p2        |         +|   0|  0|  26|          19|          19|
    |add_ln479_1_fu_2053_p2      |         +|   0|  0|  28|          21|          21|
    |add_ln479_fu_2044_p2        |         +|   0|  0|  26|          19|          19|
    |add_ln480_1_fu_2078_p2      |         +|   0|  0|  28|          21|          21|
    |add_ln480_fu_2069_p2        |         +|   0|  0|  26|          19|          19|
    |add_ln481_1_fu_2093_p2      |         +|   0|  0|  28|          21|          21|
    |add_ln481_fu_2084_p2        |         +|   0|  0|  26|          19|          19|
    |add_ln482_1_fu_1697_p2      |         +|   0|  0|  28|          21|          21|
    |add_ln482_2_fu_861_p2       |         +|   0|  0|  28|          21|          21|
    |add_ln482_3_fu_1687_p2      |         +|   0|  0|  23|          16|          16|
    |add_ln482_4_fu_1397_p2      |         +|   0|  0|  28|          21|          21|
    |add_ln482_5_fu_1606_p2      |         +|   0|  0|  26|          19|          19|
    |add_ln482_6_fu_1616_p2      |         +|   0|  0|  28|          21|          21|
    |add_ln482_fu_851_p2         |         +|   0|  0|  26|          19|          19|
    |empty_59_fu_491_p2          |         +|   0|  0|  20|          13|          13|
    |empty_62_fu_518_p2          |         +|   0|  0|  20|          13|          13|
    |empty_63_fu_524_p2          |         +|   0|  0|  21|          14|          14|
    |empty_64_fu_530_p2          |         +|   0|  0|  20|          13|          13|
    |empty_66_fu_546_p2          |         +|   0|  0|  20|          13|          13|
    |empty_67_fu_552_p2          |         +|   0|  0|  20|          13|          13|
    |empty_68_fu_558_p2          |         +|   0|  0|  20|          13|          13|
    |empty_69_fu_564_p2          |         +|   0|  0|  20|          13|          13|
    |empty_71_fu_580_p2          |         +|   0|  0|  20|          13|          13|
    |empty_73_fu_736_p2          |         +|   0|  0|  22|          15|          15|
    |empty_74_fu_752_p2          |         +|   0|  0|  22|          15|          15|
    |empty_75_fu_768_p2          |         +|   0|  0|  22|          15|          15|
    |empty_76_fu_784_p2          |         +|   0|  0|  22|          15|          15|
    |empty_77_fu_800_p2          |         +|   0|  0|  22|          15|          15|
    |empty_78_fu_820_p2          |         +|   0|  0|  22|          15|          15|
    |p_mid1113_fu_1468_p2        |         +|   0|  0|  22|          15|          15|
    |p_mid1119_fu_1497_p2        |         +|   0|  0|  22|          15|          15|
    |p_mid1125_fu_1520_p2        |         +|   0|  0|  22|          15|          15|
    |p_mid1131_fu_1543_p2        |         +|   0|  0|  22|          15|          15|
    |p_mid1137_fu_1566_p2        |         +|   0|  0|  22|          15|          15|
    |p_mid1143_fu_1593_p2        |         +|   0|  0|  22|          15|          15|
    |p_mid1209_fu_1039_p2        |         +|   0|  0|  20|          13|          13|
    |p_mid1217_fu_1066_p2        |         +|   0|  0|  20|          13|          13|
    |p_mid1219_fu_1072_p2        |         +|   0|  0|  21|          14|          14|
    |p_mid1221_fu_1078_p2        |         +|   0|  0|  20|          13|          13|
    |p_mid1225_fu_1094_p2        |         +|   0|  0|  20|          13|          13|
    |p_mid1227_fu_1100_p2        |         +|   0|  0|  20|          13|          13|
    |p_mid1229_fu_1106_p2        |         +|   0|  0|  20|          13|          13|
    |p_mid1231_fu_1112_p2        |         +|   0|  0|  20|          13|          13|
    |p_mid1235_fu_1128_p2        |         +|   0|  0|  20|          13|          13|
    |p_mid1313_fu_1333_p2        |         +|   0|  0|  22|          15|           7|
    |p_mid1327_fu_1345_p2        |         +|   0|  0|  22|          15|           8|
    |p_mid1341_fu_1357_p2        |         +|   0|  0|  22|          15|           8|
    |p_mid1355_fu_1369_p2        |         +|   0|  0|  22|          15|           9|
    |p_mid1371_fu_1381_p2        |         +|   0|  0|  22|          15|           9|
    |p_mid160_fu_1640_p2         |         +|   0|  0|  15|           8|           2|
    |tmp1_fu_758_p2              |         +|   0|  0|  15|           8|           8|
    |tmp1_mid1_fu_1510_p2        |         +|   0|  0|  15|           8|           8|
    |tmp2_fu_774_p2              |         +|   0|  0|  16|           9|           8|
    |tmp2_mid1_fu_1533_p2        |         +|   0|  0|  16|           9|           8|
    |tmp3_fu_790_p2              |         +|   0|  0|  16|           9|           9|
    |tmp3_mid1_fu_1556_p2        |         +|   0|  0|  16|           9|           9|
    |tmp4_fu_806_p2              |         +|   0|  0|  15|           8|           8|
    |tmp4_mid1_fu_1579_p2        |         +|   0|  0|  15|           8|           8|
    |tmp_fu_742_p2               |         +|   0|  0|  15|           8|           7|
    |tmp_mid1_fu_1487_p2         |         +|   0|  0|  15|           8|           7|
    |empty_fu_474_p2             |         -|   0|  0|  24|          17|          17|
    |p_mid1203_fu_1009_p2        |         -|   0|  0|  24|          17|          17|
    |and_ln450_fu_920_p2         |       and|   0|  0|   2|           1|           1|
    |icmp_ln450_fu_867_p2        |      icmp|   0|  0|  13|          18|          18|
    |icmp_ln451_fu_885_p2        |      icmp|   0|  0|  12|          14|          13|
    |icmp_ln452_fu_914_p2        |      icmp|   0|  0|  10|           7|           7|
    |icmp_ln461_2_fu_1666_p2     |      icmp|   0|  0|  11|           8|           7|
    |empty_61_fu_508_p2          |        or|   0|  0|  10|          10|           3|
    |empty_65_fu_536_p2          |        or|   0|  0|  10|          10|           4|
    |empty_70_fu_570_p2          |        or|   0|  0|  10|          10|           5|
    |empty_72_fu_586_p2          |        or|   0|  0|  14|          14|           7|
    |or_ln450_fu_1021_p2         |        or|   0|  0|  17|          17|           8|
    |or_ln451_fu_933_p2          |        or|   0|  0|   2|           1|           1|
    |p_mid1215_fu_1056_p2        |        or|   0|  0|  10|          10|           3|
    |p_mid1223_fu_1084_p2        |        or|   0|  0|  10|          10|           4|
    |p_mid1233_fu_1118_p2        |        or|   0|  0|  10|          10|           5|
    |p_mid1237_fu_1134_p2        |        or|   0|  0|  14|          14|           7|
    |select_ln450_10_fu_1289_p3  |    select|   0|  0|  10|           1|          11|
    |select_ln450_11_fu_1305_p3  |    select|   0|  0|  10|           1|          11|
    |select_ln450_12_fu_1321_p3  |    select|   0|  0|  10|           1|          11|
    |select_ln450_13_fu_1327_p3  |    select|   0|  0|  12|           1|           1|
    |select_ln450_14_fu_1339_p3  |    select|   0|  0|  15|           1|          15|
    |select_ln450_15_fu_1351_p3  |    select|   0|  0|  15|           1|          15|
    |select_ln450_16_fu_1363_p3  |    select|   0|  0|  15|           1|          15|
    |select_ln450_17_fu_1375_p3  |    select|   0|  0|  15|           1|          15|
    |select_ln450_18_fu_1387_p3  |    select|   0|  0|  15|           1|          15|
    |select_ln450_19_fu_1746_p3  |    select|   0|  0|  20|           1|          21|
    |select_ln450_1_fu_1015_p3   |    select|   0|  0|  16|           1|          17|
    |select_ln450_20_fu_1403_p3  |    select|   0|  0|  20|           1|          21|
    |select_ln450_21_fu_926_p3   |    select|   0|  0|   8|           1|           8|
    |select_ln450_22_fu_1752_p3  |    select|   0|  0|  10|           1|          10|
    |select_ln450_23_fu_1474_p3  |    select|   0|  0|  15|           1|          15|
    |select_ln450_2_fu_1144_p3   |    select|   0|  0|  14|           1|          14|
    |select_ln450_3_fu_1162_p3   |    select|   0|  0|  17|           1|          18|
    |select_ln450_4_fu_1184_p3   |    select|   0|  0|  19|           1|          20|
    |select_ln450_5_fu_1204_p3   |    select|   0|  0|  10|           1|          11|
    |select_ln450_6_fu_1225_p3   |    select|   0|  0|  10|           1|          11|
    |select_ln450_7_fu_1241_p3   |    select|   0|  0|  10|           1|          11|
    |select_ln450_8_fu_1257_p3   |    select|   0|  0|  10|           1|          11|
    |select_ln450_9_fu_1273_p3   |    select|   0|  0|  10|           1|          11|
    |select_ln450_fu_891_p3      |    select|   0|  0|   7|           1|           1|
    |select_ln451_10_fu_1622_p3  |    select|   0|  0|  20|           1|          21|
    |select_ln451_11_fu_959_p3   |    select|   0|  0|  14|           1|           1|
    |select_ln451_1_fu_1418_p3   |    select|   0|  0|   7|           1|           7|
    |select_ln451_2_fu_1449_p3   |    select|   0|  0|  12|           1|          13|
    |select_ln451_3_fu_1480_p3   |    select|   0|  0|  15|           1|          15|
    |select_ln451_4_fu_1503_p3   |    select|   0|  0|  15|           1|          15|
    |select_ln451_5_fu_1526_p3   |    select|   0|  0|  15|           1|          15|
    |select_ln451_6_fu_1549_p3   |    select|   0|  0|  15|           1|          15|
    |select_ln451_7_fu_1572_p3   |    select|   0|  0|  15|           1|          15|
    |select_ln451_8_fu_1599_p3   |    select|   0|  0|  15|           1|          15|
    |select_ln451_9_fu_1776_p3   |    select|   0|  0|  20|           1|          21|
    |select_ln451_fu_939_p3      |    select|   0|  0|   7|           1|           1|
    |xor_ln450_fu_908_p2         |       xor|   0|  0|   2|           1|           2|
    +----------------------------+----------+----+---+----+------------+------------+
    |Total                       |          |   0|  0|2298|        1317|        1594|
    +----------------------------+----------+----+---+----+------------+------------+

    * Multiplexer: 
    +--------------------------+-----+-----------+-----+-----------+
    |           Name           | LUT | Input Size| Bits| Total Bits|
    +--------------------------+-----+-----------+-----+-----------+
    |ap_NS_fsm                 |  106|         21|    1|         21|
    |grp_fu_2649_ce            |    9|          2|    1|          2|
    |grp_fu_2653_ce            |    9|          2|    1|          2|
    |grp_fu_2657_ce            |    9|          2|    1|          2|
    |grp_fu_2661_ce            |    9|          2|    1|          2|
    |grp_fu_2665_ce            |    9|          2|    1|          2|
    |grp_fu_2668_ce            |    9|          2|    1|          2|
    |grp_fu_388_p0             |   31|          6|   32|        192|
    |grp_fu_388_p1             |   31|          6|   32|        192|
    |grp_fu_392_p0             |   20|          4|   32|        128|
    |grp_fu_392_p1             |   20|          4|   32|        128|
    |indvar_flatten149_fu_176  |    9|          2|   14|         28|
    |indvar_flatten395_fu_184  |    9|          2|   18|         36|
    |oc_fu_180                 |    9|          2|    8|         16|
    |oh_fu_172                 |    9|          2|    7|         14|
    |ow_fu_168                 |    9|          2|    7|         14|
    |p2_Addr_A_orig            |   26|          5|   32|        160|
    |p2_Addr_B_orig            |   26|          5|   32|        160|
    |p2_Din_A                  |   26|          5|   32|        160|
    |p2_Din_B                  |   26|          5|   32|        160|
    |p2_WEN_A                  |    9|          2|    4|          8|
    |p2_WEN_B                  |    9|          2|    4|          8|
    |reg_396                   |    9|          2|   32|         64|
    |reg_401                   |    9|          2|   32|         64|
    |w_meta_Addr_A_orig        |   26|          5|   32|        160|
    |w_meta_Addr_B_orig        |   26|          5|   32|        160|
    +--------------------------+-----+-----------+-----+-----------+
    |Total                     |  499|        101|  453|       1885|
    +--------------------------+-----+-----------+-----+-----------+

    * Register: 
    +------------------------------------------------------------------------+----+----+-----+-----------+
    |                                  Name                                  | FF | LUT| Bits| Const Bits|
    +------------------------------------------------------------------------+----+----+-----+-----------+
    |add_ln450_1_reg_2376                                                    |   8|   0|    8|          0|
    |add_ln451_reg_2456                                                      |   7|   0|    7|          0|
    |add_ln462_3_reg_2517                                                    |  10|   0|   14|          4|
    |add_ln475_1_reg_2331                                                    |  17|   0|   21|          4|
    |add_ln475_reg_2555                                                      |  21|   0|   21|          0|
    |add_ln480_1_reg_2639                                                    |  21|   0|   21|          0|
    |add_ln481_1_reg_2644                                                    |  21|   0|   21|          0|
    |add_ln482_1_reg_2522                                                    |  21|   0|   21|          0|
    |add_ln482_2_reg_2336                                                    |  17|   0|   21|          4|
    |and_ln450_reg_2389                                                      |   1|   0|    1|          0|
    |ap_CS_fsm                                                               |  20|   0|   20|          0|
    |empty_72_reg_2236                                                       |   8|   0|   14|          6|
    |empty_73_reg_2296                                                       |  15|   0|   15|          0|
    |empty_74_reg_2301                                                       |  15|   0|   15|          0|
    |empty_75_reg_2306                                                       |  15|   0|   15|          0|
    |empty_76_reg_2311                                                       |  15|   0|   15|          0|
    |empty_77_reg_2316                                                       |  15|   0|   15|          0|
    |empty_78_reg_2321                                                       |  15|   0|   15|          0|
    |empty_reg_2231                                                          |  11|   0|   17|          6|
    |grp_fpn_conv3x3_6_Pipeline_FPN3_IC_FPN3_KH_FPN3_KW_fu_366_ap_start_reg  |   1|   0|    1|          0|
    |icmp_ln451_reg_2344                                                     |   1|   0|    1|          0|
    |icmp_ln461_2_reg_2512                                                   |   1|   0|    1|          0|
    |indvar_flatten149_fu_176                                                |  14|   0|   14|          0|
    |indvar_flatten395_fu_184                                                |  18|   0|   18|          0|
    |oc_fu_180                                                               |   8|   0|    8|          0|
    |oh_fu_172                                                               |   7|   0|    7|          0|
    |or_ln450_reg_2411                                                       |   9|   0|   17|          8|
    |ow_fu_168                                                               |   7|   0|    7|          0|
    |p_shl18_mid1_reg_2466                                                   |   7|   0|   13|          6|
    |p_shl_reg_2291                                                          |   7|   0|   13|          6|
    |reg_396                                                                 |  32|   0|   32|          0|
    |reg_401                                                                 |  32|   0|   32|          0|
    |reg_406                                                                 |  32|   0|   32|          0|
    |reg_410                                                                 |  32|   0|   32|          0|
    |select_ln450_10_reg_2441                                                |   9|   0|   11|          2|
    |select_ln450_11_reg_2446                                                |   9|   0|   11|          2|
    |select_ln450_12_reg_2451                                                |   8|   0|   11|          3|
    |select_ln450_6_reg_2421                                                 |  10|   0|   11|          1|
    |select_ln450_7_reg_2426                                                 |  10|   0|   11|          1|
    |select_ln450_8_reg_2431                                                 |   9|   0|   11|          2|
    |select_ln450_9_reg_2436                                                 |   9|   0|   11|          2|
    |select_ln450_reg_2370                                                   |   7|   0|    7|          0|
    |select_ln451_1_reg_2461                                                 |   7|   0|    7|          0|
    |select_ln451_3_reg_2471                                                 |  15|   0|   15|          0|
    |select_ln451_4_reg_2477                                                 |  15|   0|   15|          0|
    |select_ln451_5_reg_2483                                                 |  15|   0|   15|          0|
    |select_ln451_6_reg_2489                                                 |  15|   0|   15|          0|
    |select_ln451_7_reg_2495                                                 |  15|   0|   15|          0|
    |select_ln451_8_reg_2501                                                 |  15|   0|   15|          0|
    |select_ln451_reg_2403                                                   |   7|   0|    7|          0|
    |tmp_10_reg_2256                                                         |  10|   0|   11|          1|
    |tmp_11_reg_2261                                                         |  10|   0|   11|          1|
    |tmp_12_reg_2266                                                         |   9|   0|   11|          2|
    |tmp_13_reg_2271                                                         |   9|   0|   11|          2|
    |tmp_14_reg_2276                                                         |   9|   0|   11|          2|
    |tmp_15_reg_2281                                                         |   9|   0|   11|          2|
    |tmp_16_reg_2286                                                         |   8|   0|   11|          3|
    |tmp_4_reg_2326                                                          |  10|   0|   10|          0|
    |tmp_5_reg_2507                                                          |   9|   0|    9|          0|
    |tmp_7_reg_2241                                                          |   8|   0|   18|         10|
    |tmp_8_reg_2246                                                          |   8|   0|   20|         12|
    |tmp_9_reg_2251                                                          |  11|   0|   11|          0|
    |zext_ln475_1_reg_2631                                                   |   7|   0|   19|         12|
    +------------------------------------------------------------------------+----+----+-----+-----------+
    |Total                                                                   | 773|   0|  877|        104|
    +------------------------------------------------------------------------+----+----+-----+-----------+



================================================================
== Interface
================================================================
* Summary: 
+---------------------+-----+-----+------------+---------------+--------------+
|      RTL Ports      | Dir | Bits|  Protocol  | Source Object |    C Type    |
+---------------------+-----+-----+------------+---------------+--------------+
|ap_clk               |   in|    1|  ap_ctrl_hs|  fpn_conv3x3.6|  return value|
|ap_rst               |   in|    1|  ap_ctrl_hs|  fpn_conv3x3.6|  return value|
|ap_start             |   in|    1|  ap_ctrl_hs|  fpn_conv3x3.6|  return value|
|ap_done              |  out|    1|  ap_ctrl_hs|  fpn_conv3x3.6|  return value|
|ap_idle              |  out|    1|  ap_ctrl_hs|  fpn_conv3x3.6|  return value|
|ap_ready             |  out|    1|  ap_ctrl_hs|  fpn_conv3x3.6|  return value|
|grp_fu_208_p_din0    |  out|   32|  ap_ctrl_hs|  fpn_conv3x3.6|  return value|
|grp_fu_208_p_din1    |  out|   32|  ap_ctrl_hs|  fpn_conv3x3.6|  return value|
|grp_fu_208_p_opcode  |  out|    2|  ap_ctrl_hs|  fpn_conv3x3.6|  return value|
|grp_fu_208_p_dout0   |   in|   32|  ap_ctrl_hs|  fpn_conv3x3.6|  return value|
|grp_fu_208_p_ce      |  out|    1|  ap_ctrl_hs|  fpn_conv3x3.6|  return value|
|grp_fu_212_p_din0    |  out|   32|  ap_ctrl_hs|  fpn_conv3x3.6|  return value|
|grp_fu_212_p_din1    |  out|   32|  ap_ctrl_hs|  fpn_conv3x3.6|  return value|
|grp_fu_212_p_opcode  |  out|    2|  ap_ctrl_hs|  fpn_conv3x3.6|  return value|
|grp_fu_212_p_dout0   |   in|   32|  ap_ctrl_hs|  fpn_conv3x3.6|  return value|
|grp_fu_212_p_ce      |  out|    1|  ap_ctrl_hs|  fpn_conv3x3.6|  return value|
|grp_fu_216_p_din0    |  out|   32|  ap_ctrl_hs|  fpn_conv3x3.6|  return value|
|grp_fu_216_p_din1    |  out|   32|  ap_ctrl_hs|  fpn_conv3x3.6|  return value|
|grp_fu_216_p_dout0   |   in|   32|  ap_ctrl_hs|  fpn_conv3x3.6|  return value|
|grp_fu_216_p_ce      |  out|    1|  ap_ctrl_hs|  fpn_conv3x3.6|  return value|
|grp_fu_220_p_din0    |  out|   32|  ap_ctrl_hs|  fpn_conv3x3.6|  return value|
|grp_fu_220_p_din1    |  out|   32|  ap_ctrl_hs|  fpn_conv3x3.6|  return value|
|grp_fu_220_p_dout0   |   in|   32|  ap_ctrl_hs|  fpn_conv3x3.6|  return value|
|grp_fu_220_p_ce      |  out|    1|  ap_ctrl_hs|  fpn_conv3x3.6|  return value|
|grp_fu_224_p_din0    |  out|   32|  ap_ctrl_hs|  fpn_conv3x3.6|  return value|
|grp_fu_224_p_dout0   |   in|   32|  ap_ctrl_hs|  fpn_conv3x3.6|  return value|
|grp_fu_224_p_ce      |  out|    1|  ap_ctrl_hs|  fpn_conv3x3.6|  return value|
|grp_fu_227_p_din0    |  out|   32|  ap_ctrl_hs|  fpn_conv3x3.6|  return value|
|grp_fu_227_p_dout0   |   in|   32|  ap_ctrl_hs|  fpn_conv3x3.6|  return value|
|grp_fu_227_p_ce      |  out|    1|  ap_ctrl_hs|  fpn_conv3x3.6|  return value|
|grp_fu_230_p_din0    |  out|   32|  ap_ctrl_hs|  fpn_conv3x3.6|  return value|
|grp_fu_230_p_din1    |  out|   32|  ap_ctrl_hs|  fpn_conv3x3.6|  return value|
|grp_fu_230_p_opcode  |  out|    2|  ap_ctrl_hs|  fpn_conv3x3.6|  return value|
|grp_fu_230_p_dout0   |   in|   32|  ap_ctrl_hs|  fpn_conv3x3.6|  return value|
|grp_fu_230_p_ce      |  out|    1|  ap_ctrl_hs|  fpn_conv3x3.6|  return value|
|grp_fu_234_p_din0    |  out|   32|  ap_ctrl_hs|  fpn_conv3x3.6|  return value|
|grp_fu_234_p_din1    |  out|   32|  ap_ctrl_hs|  fpn_conv3x3.6|  return value|
|grp_fu_234_p_opcode  |  out|    2|  ap_ctrl_hs|  fpn_conv3x3.6|  return value|
|grp_fu_234_p_dout0   |   in|   32|  ap_ctrl_hs|  fpn_conv3x3.6|  return value|
|grp_fu_234_p_ce      |  out|    1|  ap_ctrl_hs|  fpn_conv3x3.6|  return value|
|p2_Addr_A            |  out|   32|        bram|             p2|         array|
|p2_EN_A              |  out|    1|        bram|             p2|         array|
|p2_WEN_A             |  out|    4|        bram|             p2|         array|
|p2_Din_A             |  out|   32|        bram|             p2|         array|
|p2_Dout_A            |   in|   32|        bram|             p2|         array|
|p2_Addr_B            |  out|   32|        bram|             p2|         array|
|p2_EN_B              |  out|    1|        bram|             p2|         array|
|p2_WEN_B             |  out|    4|        bram|             p2|         array|
|p2_Din_B             |  out|   32|        bram|             p2|         array|
|p2_Dout_B            |   in|   32|        bram|             p2|         array|
|w_conv_Addr_A        |  out|   32|        bram|         w_conv|         array|
|w_conv_EN_A          |  out|    1|        bram|         w_conv|         array|
|w_conv_WEN_A         |  out|    1|        bram|         w_conv|         array|
|w_conv_Din_A         |  out|    8|        bram|         w_conv|         array|
|w_conv_Dout_A        |   in|    8|        bram|         w_conv|         array|
|w_conv_Addr_B        |  out|   32|        bram|         w_conv|         array|
|w_conv_EN_B          |  out|    1|        bram|         w_conv|         array|
|w_conv_WEN_B         |  out|    1|        bram|         w_conv|         array|
|w_conv_Din_B         |  out|    8|        bram|         w_conv|         array|
|w_conv_Dout_B        |   in|    8|        bram|         w_conv|         array|
|w_meta_Addr_A        |  out|   32|        bram|         w_meta|         array|
|w_meta_EN_A          |  out|    1|        bram|         w_meta|         array|
|w_meta_WEN_A         |  out|    4|        bram|         w_meta|         array|
|w_meta_Din_A         |  out|   32|        bram|         w_meta|         array|
|w_meta_Dout_A        |   in|   32|        bram|         w_meta|         array|
|w_meta_Addr_B        |  out|   32|        bram|         w_meta|         array|
|w_meta_EN_B          |  out|    1|        bram|         w_meta|         array|
|w_meta_WEN_B         |  out|    4|        bram|         w_meta|         array|
|w_meta_Din_B         |  out|   32|        bram|         w_meta|         array|
|w_meta_Dout_B        |   in|   32|        bram|         w_meta|         array|
|lat1_address0        |  out|   21|   ap_memory|           lat1|         array|
|lat1_ce0             |  out|    1|   ap_memory|           lat1|         array|
|lat1_q0              |   in|   32|   ap_memory|           lat1|         array|
+---------------------+-----+-----+------------+---------------+--------------+

