

================================================================
== Vitis HLS Report for 'transformer_blk_s3_top_Pipeline_LN_VAR'
================================================================
* Date:           Mon Jun  1 14:14:20 2026

* Version:        2022.2 (Build 3670227 on Oct 13 2022)
* Project:        s3_transformer_block
* Solution:       solution1 (Vivado IP Flow Target)
* Product family: zynquplus
* Target device:  xczu9eg-ffvb1156-2-e


================================================================
== Performance Estimates
================================================================
+ Timing: 
    * Summary: 
    +--------+---------+----------+------------+
    |  Clock |  Target | Estimated| Uncertainty|
    +--------+---------+----------+------------+
    |ap_clk  |  5.00 ns|  3.454 ns|     1.35 ns|
    +--------+---------+----------+------------+

+ Latency: 
    * Summary: 
    +---------+---------+----------+----------+-----+-----+---------+
    |  Latency (cycles) |  Latency (absolute) |  Interval | Pipeline|
    |   min   |   max   |    min   |    max   | min | max |   Type  |
    +---------+---------+----------+----------+-----+-----+---------+
    |       95|       95|  0.475 us|  0.475 us|   95|   95|       no|
    +---------+---------+----------+----------+-----+-----+---------+

    + Detail: 
        * Instance: 
        N/A

        * Loop: 
        +----------+---------+---------+----------+-----------+-----------+------+----------+
        |          |  Latency (cycles) | Iteration|  Initiation Interval  | Trip |          |
        | Loop Name|   min   |   max   |  Latency |  achieved |   target  | Count| Pipelined|
        +----------+---------+---------+----------+-----------+-----------+------+----------+
        |- LN_VAR  |       93|       93|        47|          1|          1|    48|       yes|
        +----------+---------+---------+----------+-----------+-----------+------+----------+



================================================================
== Utilization Estimates
================================================================
* Summary: 
+-----------------+---------+------+--------+--------+-----+
|       Name      | BRAM_18K|  DSP |   FF   |   LUT  | URAM|
+-----------------+---------+------+--------+--------+-----+
|DSP              |        -|     -|       -|       -|    -|
|Expression       |        -|     -|       0|      45|    -|
|FIFO             |        -|     -|       -|       -|    -|
|Instance         |        -|     -|       -|       -|    -|
|Memory           |        -|     -|       -|       -|    -|
|Multiplexer      |        -|     -|       -|      36|    -|
|Register         |        -|     -|    2327|      96|    -|
+-----------------+---------+------+--------+--------+-----+
|Total            |        0|     0|    2327|     177|    0|
+-----------------+---------+------+--------+--------+-----+
|Available        |     1824|  2520|  548160|  274080|    0|
+-----------------+---------+------+--------+--------+-----+
|Utilization (%)  |        0|     0|      ~0|      ~0|    0|
+-----------------+---------+------+--------+--------+-----+

+ Detail: 
    * Instance: 
    N/A

    * DSP: 
    N/A

    * Memory: 
    N/A

    * FIFO: 
    N/A

    * Expression: 
    +----------------------+----------+----+---+----+------------+------------+
    |     Variable Name    | Operation| DSP| FF| LUT| Bitwidth P0| Bitwidth P1|
    +----------------------+----------+----+---+----+------------+------------+
    |add_ln113_fu_889_p2   |         +|   0|  0|  13|           6|           1|
    |add_ln118_fu_899_p2   |         +|   0|  0|  20|          13|          13|
    |icmp_ln113_fu_883_p2  |      icmp|   0|  0|  10|           6|           6|
    |ap_enable_pp0         |       xor|   0|  0|   2|           1|           2|
    +----------------------+----------+----+---+----+------------+------------+
    |Total                 |          |   0|  0|  45|          26|          22|
    +----------------------+----------+----+---+----+------------+------------+

    * Multiplexer: 
    +-------------------------+----+-----------+-----+-----------+
    |           Name          | LUT| Input Size| Bits| Total Bits|
    +-------------------------+----+-----------+-----+-----------+
    |ap_done_int              |   9|          2|    1|          2|
    |ap_enable_reg_pp0_iter1  |   9|          2|    1|          2|
    |ap_sig_allocacmp_t       |   9|          2|    6|         12|
    |t_1_fu_230               |   9|          2|    6|         12|
    +-------------------------+----+-----------+-----+-----------+
    |Total                    |  36|          8|   14|         28|
    +-------------------------+----+-----------+-----+-----------+

    * Register: 
    +----------------------------------------------------------------------------+----+----+-----+-----------+
    |                                    Name                                    | FF | LUT| Bits| Const Bits|
    +----------------------------------------------------------------------------+----+----+-----+-----------+
    |ap_CS_fsm                                                                   |   1|   0|    1|          0|
    |ap_done_reg                                                                 |   1|   0|    1|          0|
    |ap_enable_reg_pp0_iter1                                                     |   1|   0|    1|          0|
    |ap_enable_reg_pp0_iter10                                                    |   1|   0|    1|          0|
    |ap_enable_reg_pp0_iter11                                                    |   1|   0|    1|          0|
    |ap_enable_reg_pp0_iter12                                                    |   1|   0|    1|          0|
    |ap_enable_reg_pp0_iter13                                                    |   1|   0|    1|          0|
    |ap_enable_reg_pp0_iter14                                                    |   1|   0|    1|          0|
    |ap_enable_reg_pp0_iter15                                                    |   1|   0|    1|          0|
    |ap_enable_reg_pp0_iter16                                                    |   1|   0|    1|          0|
    |ap_enable_reg_pp0_iter17                                                    |   1|   0|    1|          0|
    |ap_enable_reg_pp0_iter18                                                    |   1|   0|    1|          0|
    |ap_enable_reg_pp0_iter19                                                    |   1|   0|    1|          0|
    |ap_enable_reg_pp0_iter2                                                     |   1|   0|    1|          0|
    |ap_enable_reg_pp0_iter20                                                    |   1|   0|    1|          0|
    |ap_enable_reg_pp0_iter21                                                    |   1|   0|    1|          0|
    |ap_enable_reg_pp0_iter22                                                    |   1|   0|    1|          0|
    |ap_enable_reg_pp0_iter23                                                    |   1|   0|    1|          0|
    |ap_enable_reg_pp0_iter24                                                    |   1|   0|    1|          0|
    |ap_enable_reg_pp0_iter25                                                    |   1|   0|    1|          0|
    |ap_enable_reg_pp0_iter26                                                    |   1|   0|    1|          0|
    |ap_enable_reg_pp0_iter27                                                    |   1|   0|    1|          0|
    |ap_enable_reg_pp0_iter28                                                    |   1|   0|    1|          0|
    |ap_enable_reg_pp0_iter29                                                    |   1|   0|    1|          0|
    |ap_enable_reg_pp0_iter3                                                     |   1|   0|    1|          0|
    |ap_enable_reg_pp0_iter30                                                    |   1|   0|    1|          0|
    |ap_enable_reg_pp0_iter31                                                    |   1|   0|    1|          0|
    |ap_enable_reg_pp0_iter32                                                    |   1|   0|    1|          0|
    |ap_enable_reg_pp0_iter33                                                    |   1|   0|    1|          0|
    |ap_enable_reg_pp0_iter34                                                    |   1|   0|    1|          0|
    |ap_enable_reg_pp0_iter35                                                    |   1|   0|    1|          0|
    |ap_enable_reg_pp0_iter36                                                    |   1|   0|    1|          0|
    |ap_enable_reg_pp0_iter37                                                    |   1|   0|    1|          0|
    |ap_enable_reg_pp0_iter38                                                    |   1|   0|    1|          0|
    |ap_enable_reg_pp0_iter39                                                    |   1|   0|    1|          0|
    |ap_enable_reg_pp0_iter4                                                     |   1|   0|    1|          0|
    |ap_enable_reg_pp0_iter40                                                    |   1|   0|    1|          0|
    |ap_enable_reg_pp0_iter41                                                    |   1|   0|    1|          0|
    |ap_enable_reg_pp0_iter42                                                    |   1|   0|    1|          0|
    |ap_enable_reg_pp0_iter43                                                    |   1|   0|    1|          0|
    |ap_enable_reg_pp0_iter44                                                    |   1|   0|    1|          0|
    |ap_enable_reg_pp0_iter45                                                    |   1|   0|    1|          0|
    |ap_enable_reg_pp0_iter46                                                    |   1|   0|    1|          0|
    |ap_enable_reg_pp0_iter5                                                     |   1|   0|    1|          0|
    |ap_enable_reg_pp0_iter6                                                     |   1|   0|    1|          0|
    |ap_enable_reg_pp0_iter7                                                     |   1|   0|    1|          0|
    |ap_enable_reg_pp0_iter8                                                     |   1|   0|    1|          0|
    |ap_enable_reg_pp0_iter9                                                     |   1|   0|    1|          0|
    |ap_loop_exit_ready_pp0_iter10_reg                                           |   1|   0|    1|          0|
    |ap_loop_exit_ready_pp0_iter11_reg                                           |   1|   0|    1|          0|
    |ap_loop_exit_ready_pp0_iter12_reg                                           |   1|   0|    1|          0|
    |ap_loop_exit_ready_pp0_iter13_reg                                           |   1|   0|    1|          0|
    |ap_loop_exit_ready_pp0_iter14_reg                                           |   1|   0|    1|          0|
    |ap_loop_exit_ready_pp0_iter15_reg                                           |   1|   0|    1|          0|
    |ap_loop_exit_ready_pp0_iter16_reg                                           |   1|   0|    1|          0|
    |ap_loop_exit_ready_pp0_iter17_reg                                           |   1|   0|    1|          0|
    |ap_loop_exit_ready_pp0_iter18_reg                                           |   1|   0|    1|          0|
    |ap_loop_exit_ready_pp0_iter19_reg                                           |   1|   0|    1|          0|
    |ap_loop_exit_ready_pp0_iter1_reg                                            |   1|   0|    1|          0|
    |ap_loop_exit_ready_pp0_iter20_reg                                           |   1|   0|    1|          0|
    |ap_loop_exit_ready_pp0_iter21_reg                                           |   1|   0|    1|          0|
    |ap_loop_exit_ready_pp0_iter22_reg                                           |   1|   0|    1|          0|
    |ap_loop_exit_ready_pp0_iter23_reg                                           |   1|   0|    1|          0|
    |ap_loop_exit_ready_pp0_iter24_reg                                           |   1|   0|    1|          0|
    |ap_loop_exit_ready_pp0_iter25_reg                                           |   1|   0|    1|          0|
    |ap_loop_exit_ready_pp0_iter26_reg                                           |   1|   0|    1|          0|
    |ap_loop_exit_ready_pp0_iter27_reg                                           |   1|   0|    1|          0|
    |ap_loop_exit_ready_pp0_iter28_reg                                           |   1|   0|    1|          0|
    |ap_loop_exit_ready_pp0_iter29_reg                                           |   1|   0|    1|          0|
    |ap_loop_exit_ready_pp0_iter2_reg                                            |   1|   0|    1|          0|
    |ap_loop_exit_ready_pp0_iter30_reg                                           |   1|   0|    1|          0|
    |ap_loop_exit_ready_pp0_iter31_reg                                           |   1|   0|    1|          0|
    |ap_loop_exit_ready_pp0_iter32_reg                                           |   1|   0|    1|          0|
    |ap_loop_exit_ready_pp0_iter33_reg                                           |   1|   0|    1|          0|
    |ap_loop_exit_ready_pp0_iter34_reg                                           |   1|   0|    1|          0|
    |ap_loop_exit_ready_pp0_iter35_reg                                           |   1|   0|    1|          0|
    |ap_loop_exit_ready_pp0_iter36_reg                                           |   1|   0|    1|          0|
    |ap_loop_exit_ready_pp0_iter37_reg                                           |   1|   0|    1|          0|
    |ap_loop_exit_ready_pp0_iter38_reg                                           |   1|   0|    1|          0|
    |ap_loop_exit_ready_pp0_iter39_reg                                           |   1|   0|    1|          0|
    |ap_loop_exit_ready_pp0_iter3_reg                                            |   1|   0|    1|          0|
    |ap_loop_exit_ready_pp0_iter40_reg                                           |   1|   0|    1|          0|
    |ap_loop_exit_ready_pp0_iter41_reg                                           |   1|   0|    1|          0|
    |ap_loop_exit_ready_pp0_iter42_reg                                           |   1|   0|    1|          0|
    |ap_loop_exit_ready_pp0_iter43_reg                                           |   1|   0|    1|          0|
    |ap_loop_exit_ready_pp0_iter44_reg                                           |   1|   0|    1|          0|
    |ap_loop_exit_ready_pp0_iter45_reg                                           |   1|   0|    1|          0|
    |ap_loop_exit_ready_pp0_iter4_reg                                            |   1|   0|    1|          0|
    |ap_loop_exit_ready_pp0_iter5_reg                                            |   1|   0|    1|          0|
    |ap_loop_exit_ready_pp0_iter6_reg                                            |   1|   0|    1|          0|
    |ap_loop_exit_ready_pp0_iter7_reg                                            |   1|   0|    1|          0|
    |ap_loop_exit_ready_pp0_iter8_reg                                            |   1|   0|    1|          0|
    |ap_loop_exit_ready_pp0_iter9_reg                                            |   1|   0|    1|          0|
    |d_1_reg_1680                                                                |  32|   0|   32|          0|
    |d_2_reg_1701                                                                |  32|   0|   32|          0|
    |d_3_reg_1727                                                                |  32|   0|   32|          0|
    |d_4_reg_1748                                                                |  32|   0|   32|          0|
    |icmp_ln113_reg_1654                                                         |   1|   0|    1|          0|
    |mul47_i_i_1_reg_1717                                                        |  32|   0|   32|          0|
    |mul47_i_i_2_reg_1743                                                        |  32|   0|   32|          0|
    |mul47_i_i_3_reg_1759                                                        |  32|   0|   32|          0|
    |mul47_i_i_reg_1691                                                          |  32|   0|   32|          0|
    |t_1_fu_230                                                                  |   6|   0|    6|          0|
    |t_reg_1650                                                                  |   6|   0|    6|          0|
    |tile_4_reg_1712                                                             |  32|   0|   32|          0|
    |tile_5_reg_1738                                                             |  32|   0|   32|          0|
    |tile_6_reg_1754                                                             |  32|   0|   32|          0|
    |transformer_blk_s3_top_float_const_float_float_const_x_buf_5_load_reg_1686  |  32|   0|   32|          0|
    |transformer_blk_s3_top_float_const_float_float_const_x_buf_6_load_reg_1707  |  32|   0|   32|          0|
    |transformer_blk_s3_top_float_const_float_float_const_x_buf_7_load_reg_1733  |  32|   0|   32|          0|
    |transformer_blk_s3_top_float_const_float_float_const_x_buf_load_reg_1670    |  32|   0|   32|          0|
    |vp_10_fu_274                                                                |  32|   0|   32|          0|
    |vp_11_fu_278                                                                |  32|   0|   32|          0|
    |vp_12_fu_282                                                                |  32|   0|   32|          0|
    |vp_13_fu_286                                                                |  32|   0|   32|          0|
    |vp_14_fu_290                                                                |  32|   0|   32|          0|
    |vp_15_fu_294                                                                |  32|   0|   32|          0|
    |vp_16_fu_298                                                                |  32|   0|   32|          0|
    |vp_17_fu_302                                                                |  32|   0|   32|          0|
    |vp_18_fu_306                                                                |  32|   0|   32|          0|
    |vp_19_fu_310                                                                |  32|   0|   32|          0|
    |vp_1_fu_238                                                                 |  32|   0|   32|          0|
    |vp_20_fu_314                                                                |  32|   0|   32|          0|
    |vp_21_fu_318                                                                |  32|   0|   32|          0|
    |vp_22_fu_322                                                                |  32|   0|   32|          0|
    |vp_23_fu_326                                                                |  32|   0|   32|          0|
    |vp_24_fu_330                                                                |  32|   0|   32|          0|
    |vp_25_fu_334                                                                |  32|   0|   32|          0|
    |vp_26_fu_338                                                                |  32|   0|   32|          0|
    |vp_27_fu_342                                                                |  32|   0|   32|          0|
    |vp_28_fu_346                                                                |  32|   0|   32|          0|
    |vp_29_fu_350                                                                |  32|   0|   32|          0|
    |vp_2_fu_242                                                                 |  32|   0|   32|          0|
    |vp_30_fu_354                                                                |  32|   0|   32|          0|
    |vp_31_fu_358                                                                |  32|   0|   32|          0|
    |vp_32_fu_362                                                                |  32|   0|   32|          0|
    |vp_33_fu_366                                                                |  32|   0|   32|          0|
    |vp_34_fu_370                                                                |  32|   0|   32|          0|
    |vp_35_fu_374                                                                |  32|   0|   32|          0|
    |vp_36_fu_378                                                                |  32|   0|   32|          0|
    |vp_37_fu_382                                                                |  32|   0|   32|          0|
    |vp_38_fu_386                                                                |  32|   0|   32|          0|
    |vp_39_fu_390                                                                |  32|   0|   32|          0|
    |vp_3_fu_246                                                                 |  32|   0|   32|          0|
    |vp_40_fu_394                                                                |  32|   0|   32|          0|
    |vp_41_fu_398                                                                |  32|   0|   32|          0|
    |vp_42_fu_402                                                                |  32|   0|   32|          0|
    |vp_43_fu_406                                                                |  32|   0|   32|          0|
    |vp_44_fu_410                                                                |  32|   0|   32|          0|
    |vp_45_fu_414                                                                |  32|   0|   32|          0|
    |vp_46_fu_418                                                                |  32|   0|   32|          0|
    |vp_47_fu_422                                                                |  32|   0|   32|          0|
    |vp_4_fu_250                                                                 |  32|   0|   32|          0|
    |vp_5_fu_254                                                                 |  32|   0|   32|          0|
    |vp_6_fu_258                                                                 |  32|   0|   32|          0|
    |vp_7_fu_262                                                                 |  32|   0|   32|          0|
    |vp_8_fu_266                                                                 |  32|   0|   32|          0|
    |vp_9_fu_270                                                                 |  32|   0|   32|          0|
    |vp_fu_234                                                                   |  32|   0|   32|          0|
    |zext_ln118_reg_1658                                                         |  13|   0|   64|         51|
    |icmp_ln113_reg_1654                                                         |  64|  32|    1|          0|
    |t_reg_1650                                                                  |  64|  32|    6|          0|
    |zext_ln118_reg_1658                                                         |  64|  32|   64|         51|
    +----------------------------------------------------------------------------+----+----+-----+-----------+
    |Total                                                                       |2327|  96| 2257|        102|
    +----------------------------------------------------------------------------+----+----+-----+-----------+



================================================================
== Interface
================================================================
* Summary: 
+-----------------------------------------------------------------------+-----+-----+------------+--------------------------------------------------------------+--------------+
|                               RTL Ports                               | Dir | Bits|  Protocol  |                         Source Object                        |    C Type    |
+-----------------------------------------------------------------------+-----+-----+------------+--------------------------------------------------------------+--------------+
|ap_clk                                                                 |   in|    1|  ap_ctrl_hs|                        transformer_blk_s3_top_Pipeline_LN_VAR|  return value|
|ap_rst                                                                 |   in|    1|  ap_ctrl_hs|                        transformer_blk_s3_top_Pipeline_LN_VAR|  return value|
|ap_start                                                               |   in|    1|  ap_ctrl_hs|                        transformer_blk_s3_top_Pipeline_LN_VAR|  return value|
|ap_done                                                                |  out|    1|  ap_ctrl_hs|                        transformer_blk_s3_top_Pipeline_LN_VAR|  return value|
|ap_idle                                                                |  out|    1|  ap_ctrl_hs|                        transformer_blk_s3_top_Pipeline_LN_VAR|  return value|
|ap_ready                                                               |  out|    1|  ap_ctrl_hs|                        transformer_blk_s3_top_Pipeline_LN_VAR|  return value|
|grp_fu_2312_p_din0                                                     |  out|   32|  ap_ctrl_hs|                        transformer_blk_s3_top_Pipeline_LN_VAR|  return value|
|grp_fu_2312_p_din1                                                     |  out|   32|  ap_ctrl_hs|                        transformer_blk_s3_top_Pipeline_LN_VAR|  return value|
|grp_fu_2312_p_opcode                                                   |  out|    1|  ap_ctrl_hs|                        transformer_blk_s3_top_Pipeline_LN_VAR|  return value|
|grp_fu_2312_p_dout0                                                    |   in|   32|  ap_ctrl_hs|                        transformer_blk_s3_top_Pipeline_LN_VAR|  return value|
|grp_fu_2312_p_ce                                                       |  out|    1|  ap_ctrl_hs|                        transformer_blk_s3_top_Pipeline_LN_VAR|  return value|
|grp_fu_5188_p_din0                                                     |  out|   32|  ap_ctrl_hs|                        transformer_blk_s3_top_Pipeline_LN_VAR|  return value|
|grp_fu_5188_p_din1                                                     |  out|   32|  ap_ctrl_hs|                        transformer_blk_s3_top_Pipeline_LN_VAR|  return value|
|grp_fu_5188_p_opcode                                                   |  out|    1|  ap_ctrl_hs|                        transformer_blk_s3_top_Pipeline_LN_VAR|  return value|
|grp_fu_5188_p_dout0                                                    |   in|   32|  ap_ctrl_hs|                        transformer_blk_s3_top_Pipeline_LN_VAR|  return value|
|grp_fu_5188_p_ce                                                       |  out|    1|  ap_ctrl_hs|                        transformer_blk_s3_top_Pipeline_LN_VAR|  return value|
|grp_fu_5192_p_din0                                                     |  out|   32|  ap_ctrl_hs|                        transformer_blk_s3_top_Pipeline_LN_VAR|  return value|
|grp_fu_5192_p_din1                                                     |  out|   32|  ap_ctrl_hs|                        transformer_blk_s3_top_Pipeline_LN_VAR|  return value|
|grp_fu_5192_p_opcode                                                   |  out|    1|  ap_ctrl_hs|                        transformer_blk_s3_top_Pipeline_LN_VAR|  return value|
|grp_fu_5192_p_dout0                                                    |   in|   32|  ap_ctrl_hs|                        transformer_blk_s3_top_Pipeline_LN_VAR|  return value|
|grp_fu_5192_p_ce                                                       |  out|    1|  ap_ctrl_hs|                        transformer_blk_s3_top_Pipeline_LN_VAR|  return value|
|grp_fu_5196_p_din0                                                     |  out|   32|  ap_ctrl_hs|                        transformer_blk_s3_top_Pipeline_LN_VAR|  return value|
|grp_fu_5196_p_din1                                                     |  out|   32|  ap_ctrl_hs|                        transformer_blk_s3_top_Pipeline_LN_VAR|  return value|
|grp_fu_5196_p_opcode                                                   |  out|    1|  ap_ctrl_hs|                        transformer_blk_s3_top_Pipeline_LN_VAR|  return value|
|grp_fu_5196_p_dout0                                                    |   in|   32|  ap_ctrl_hs|                        transformer_blk_s3_top_Pipeline_LN_VAR|  return value|
|grp_fu_5196_p_ce                                                       |  out|    1|  ap_ctrl_hs|                        transformer_blk_s3_top_Pipeline_LN_VAR|  return value|
|grp_fu_5200_p_din0                                                     |  out|   32|  ap_ctrl_hs|                        transformer_blk_s3_top_Pipeline_LN_VAR|  return value|
|grp_fu_5200_p_din1                                                     |  out|   32|  ap_ctrl_hs|                        transformer_blk_s3_top_Pipeline_LN_VAR|  return value|
|grp_fu_5200_p_opcode                                                   |  out|    1|  ap_ctrl_hs|                        transformer_blk_s3_top_Pipeline_LN_VAR|  return value|
|grp_fu_5200_p_dout0                                                    |   in|   32|  ap_ctrl_hs|                        transformer_blk_s3_top_Pipeline_LN_VAR|  return value|
|grp_fu_5200_p_ce                                                       |  out|    1|  ap_ctrl_hs|                        transformer_blk_s3_top_Pipeline_LN_VAR|  return value|
|grp_fu_5204_p_din0                                                     |  out|   32|  ap_ctrl_hs|                        transformer_blk_s3_top_Pipeline_LN_VAR|  return value|
|grp_fu_5204_p_din1                                                     |  out|   32|  ap_ctrl_hs|                        transformer_blk_s3_top_Pipeline_LN_VAR|  return value|
|grp_fu_5204_p_opcode                                                   |  out|    1|  ap_ctrl_hs|                        transformer_blk_s3_top_Pipeline_LN_VAR|  return value|
|grp_fu_5204_p_dout0                                                    |   in|   32|  ap_ctrl_hs|                        transformer_blk_s3_top_Pipeline_LN_VAR|  return value|
|grp_fu_5204_p_ce                                                       |  out|    1|  ap_ctrl_hs|                        transformer_blk_s3_top_Pipeline_LN_VAR|  return value|
|grp_fu_5208_p_din0                                                     |  out|   32|  ap_ctrl_hs|                        transformer_blk_s3_top_Pipeline_LN_VAR|  return value|
|grp_fu_5208_p_din1                                                     |  out|   32|  ap_ctrl_hs|                        transformer_blk_s3_top_Pipeline_LN_VAR|  return value|
|grp_fu_5208_p_opcode                                                   |  out|    1|  ap_ctrl_hs|                        transformer_blk_s3_top_Pipeline_LN_VAR|  return value|
|grp_fu_5208_p_dout0                                                    |   in|   32|  ap_ctrl_hs|                        transformer_blk_s3_top_Pipeline_LN_VAR|  return value|
|grp_fu_5208_p_ce                                                       |  out|    1|  ap_ctrl_hs|                        transformer_blk_s3_top_Pipeline_LN_VAR|  return value|
|grp_fu_5212_p_din0                                                     |  out|   32|  ap_ctrl_hs|                        transformer_blk_s3_top_Pipeline_LN_VAR|  return value|
|grp_fu_5212_p_din1                                                     |  out|   32|  ap_ctrl_hs|                        transformer_blk_s3_top_Pipeline_LN_VAR|  return value|
|grp_fu_5212_p_opcode                                                   |  out|    1|  ap_ctrl_hs|                        transformer_blk_s3_top_Pipeline_LN_VAR|  return value|
|grp_fu_5212_p_dout0                                                    |   in|   32|  ap_ctrl_hs|                        transformer_blk_s3_top_Pipeline_LN_VAR|  return value|
|grp_fu_5212_p_ce                                                       |  out|    1|  ap_ctrl_hs|                        transformer_blk_s3_top_Pipeline_LN_VAR|  return value|
|grp_fu_5216_p_din0                                                     |  out|   32|  ap_ctrl_hs|                        transformer_blk_s3_top_Pipeline_LN_VAR|  return value|
|grp_fu_5216_p_din1                                                     |  out|   32|  ap_ctrl_hs|                        transformer_blk_s3_top_Pipeline_LN_VAR|  return value|
|grp_fu_5216_p_dout0                                                    |   in|   32|  ap_ctrl_hs|                        transformer_blk_s3_top_Pipeline_LN_VAR|  return value|
|grp_fu_5216_p_ce                                                       |  out|    1|  ap_ctrl_hs|                        transformer_blk_s3_top_Pipeline_LN_VAR|  return value|
|grp_fu_5220_p_din0                                                     |  out|   32|  ap_ctrl_hs|                        transformer_blk_s3_top_Pipeline_LN_VAR|  return value|
|grp_fu_5220_p_din1                                                     |  out|   32|  ap_ctrl_hs|                        transformer_blk_s3_top_Pipeline_LN_VAR|  return value|
|grp_fu_5220_p_dout0                                                    |   in|   32|  ap_ctrl_hs|                        transformer_blk_s3_top_Pipeline_LN_VAR|  return value|
|grp_fu_5220_p_ce                                                       |  out|    1|  ap_ctrl_hs|                        transformer_blk_s3_top_Pipeline_LN_VAR|  return value|
|grp_fu_5224_p_din0                                                     |  out|   32|  ap_ctrl_hs|                        transformer_blk_s3_top_Pipeline_LN_VAR|  return value|
|grp_fu_5224_p_din1                                                     |  out|   32|  ap_ctrl_hs|                        transformer_blk_s3_top_Pipeline_LN_VAR|  return value|
|grp_fu_5224_p_dout0                                                    |   in|   32|  ap_ctrl_hs|                        transformer_blk_s3_top_Pipeline_LN_VAR|  return value|
|grp_fu_5224_p_ce                                                       |  out|    1|  ap_ctrl_hs|                        transformer_blk_s3_top_Pipeline_LN_VAR|  return value|
|grp_fu_5228_p_din0                                                     |  out|   32|  ap_ctrl_hs|                        transformer_blk_s3_top_Pipeline_LN_VAR|  return value|
|grp_fu_5228_p_din1                                                     |  out|   32|  ap_ctrl_hs|                        transformer_blk_s3_top_Pipeline_LN_VAR|  return value|
|grp_fu_5228_p_dout0                                                    |   in|   32|  ap_ctrl_hs|                        transformer_blk_s3_top_Pipeline_LN_VAR|  return value|
|grp_fu_5228_p_ce                                                       |  out|    1|  ap_ctrl_hs|                        transformer_blk_s3_top_Pipeline_LN_VAR|  return value|
|indvars_iv7534                                                         |   in|   13|     ap_none|                                                indvars_iv7534|        scalar|
|mean                                                                   |   in|   32|     ap_none|                                                          mean|        scalar|
|vp_47_out                                                              |  out|   32|      ap_vld|                                                     vp_47_out|       pointer|
|vp_47_out_ap_vld                                                       |  out|    1|      ap_vld|                                                     vp_47_out|       pointer|
|vp_46_out                                                              |  out|   32|      ap_vld|                                                     vp_46_out|       pointer|
|vp_46_out_ap_vld                                                       |  out|    1|      ap_vld|                                                     vp_46_out|       pointer|
|vp_45_out                                                              |  out|   32|      ap_vld|                                                     vp_45_out|       pointer|
|vp_45_out_ap_vld                                                       |  out|    1|      ap_vld|                                                     vp_45_out|       pointer|
|vp_44_out                                                              |  out|   32|      ap_vld|                                                     vp_44_out|       pointer|
|vp_44_out_ap_vld                                                       |  out|    1|      ap_vld|                                                     vp_44_out|       pointer|
|vp_43_out                                                              |  out|   32|      ap_vld|                                                     vp_43_out|       pointer|
|vp_43_out_ap_vld                                                       |  out|    1|      ap_vld|                                                     vp_43_out|       pointer|
|vp_42_out                                                              |  out|   32|      ap_vld|                                                     vp_42_out|       pointer|
|vp_42_out_ap_vld                                                       |  out|    1|      ap_vld|                                                     vp_42_out|       pointer|
|vp_41_out                                                              |  out|   32|      ap_vld|                                                     vp_41_out|       pointer|
|vp_41_out_ap_vld                                                       |  out|    1|      ap_vld|                                                     vp_41_out|       pointer|
|vp_40_out                                                              |  out|   32|      ap_vld|                                                     vp_40_out|       pointer|
|vp_40_out_ap_vld                                                       |  out|    1|      ap_vld|                                                     vp_40_out|       pointer|
|vp_39_out                                                              |  out|   32|      ap_vld|                                                     vp_39_out|       pointer|
|vp_39_out_ap_vld                                                       |  out|    1|      ap_vld|                                                     vp_39_out|       pointer|
|vp_38_out                                                              |  out|   32|      ap_vld|                                                     vp_38_out|       pointer|
|vp_38_out_ap_vld                                                       |  out|    1|      ap_vld|                                                     vp_38_out|       pointer|
|vp_37_out                                                              |  out|   32|      ap_vld|                                                     vp_37_out|       pointer|
|vp_37_out_ap_vld                                                       |  out|    1|      ap_vld|                                                     vp_37_out|       pointer|
|vp_36_out                                                              |  out|   32|      ap_vld|                                                     vp_36_out|       pointer|
|vp_36_out_ap_vld                                                       |  out|    1|      ap_vld|                                                     vp_36_out|       pointer|
|vp_35_out                                                              |  out|   32|      ap_vld|                                                     vp_35_out|       pointer|
|vp_35_out_ap_vld                                                       |  out|    1|      ap_vld|                                                     vp_35_out|       pointer|
|vp_34_out                                                              |  out|   32|      ap_vld|                                                     vp_34_out|       pointer|
|vp_34_out_ap_vld                                                       |  out|    1|      ap_vld|                                                     vp_34_out|       pointer|
|vp_33_out                                                              |  out|   32|      ap_vld|                                                     vp_33_out|       pointer|
|vp_33_out_ap_vld                                                       |  out|    1|      ap_vld|                                                     vp_33_out|       pointer|
|vp_32_out                                                              |  out|   32|      ap_vld|                                                     vp_32_out|       pointer|
|vp_32_out_ap_vld                                                       |  out|    1|      ap_vld|                                                     vp_32_out|       pointer|
|vp_31_out                                                              |  out|   32|      ap_vld|                                                     vp_31_out|       pointer|
|vp_31_out_ap_vld                                                       |  out|    1|      ap_vld|                                                     vp_31_out|       pointer|
|vp_30_out                                                              |  out|   32|      ap_vld|                                                     vp_30_out|       pointer|
|vp_30_out_ap_vld                                                       |  out|    1|      ap_vld|                                                     vp_30_out|       pointer|
|vp_29_out                                                              |  out|   32|      ap_vld|                                                     vp_29_out|       pointer|
|vp_29_out_ap_vld                                                       |  out|    1|      ap_vld|                                                     vp_29_out|       pointer|
|vp_28_out                                                              |  out|   32|      ap_vld|                                                     vp_28_out|       pointer|
|vp_28_out_ap_vld                                                       |  out|    1|      ap_vld|                                                     vp_28_out|       pointer|
|vp_27_out                                                              |  out|   32|      ap_vld|                                                     vp_27_out|       pointer|
|vp_27_out_ap_vld                                                       |  out|    1|      ap_vld|                                                     vp_27_out|       pointer|
|vp_26_out                                                              |  out|   32|      ap_vld|                                                     vp_26_out|       pointer|
|vp_26_out_ap_vld                                                       |  out|    1|      ap_vld|                                                     vp_26_out|       pointer|
|vp_25_out                                                              |  out|   32|      ap_vld|                                                     vp_25_out|       pointer|
|vp_25_out_ap_vld                                                       |  out|    1|      ap_vld|                                                     vp_25_out|       pointer|
|vp_24_out                                                              |  out|   32|      ap_vld|                                                     vp_24_out|       pointer|
|vp_24_out_ap_vld                                                       |  out|    1|      ap_vld|                                                     vp_24_out|       pointer|
|vp_23_out                                                              |  out|   32|      ap_vld|                                                     vp_23_out|       pointer|
|vp_23_out_ap_vld                                                       |  out|    1|      ap_vld|                                                     vp_23_out|       pointer|
|vp_22_out                                                              |  out|   32|      ap_vld|                                                     vp_22_out|       pointer|
|vp_22_out_ap_vld                                                       |  out|    1|      ap_vld|                                                     vp_22_out|       pointer|
|vp_21_out                                                              |  out|   32|      ap_vld|                                                     vp_21_out|       pointer|
|vp_21_out_ap_vld                                                       |  out|    1|      ap_vld|                                                     vp_21_out|       pointer|
|vp_20_out                                                              |  out|   32|      ap_vld|                                                     vp_20_out|       pointer|
|vp_20_out_ap_vld                                                       |  out|    1|      ap_vld|                                                     vp_20_out|       pointer|
|vp_19_out                                                              |  out|   32|      ap_vld|                                                     vp_19_out|       pointer|
|vp_19_out_ap_vld                                                       |  out|    1|      ap_vld|                                                     vp_19_out|       pointer|
|vp_18_out                                                              |  out|   32|      ap_vld|                                                     vp_18_out|       pointer|
|vp_18_out_ap_vld                                                       |  out|    1|      ap_vld|                                                     vp_18_out|       pointer|
|vp_17_out                                                              |  out|   32|      ap_vld|                                                     vp_17_out|       pointer|
|vp_17_out_ap_vld                                                       |  out|    1|      ap_vld|                                                     vp_17_out|       pointer|
|vp_16_out                                                              |  out|   32|      ap_vld|                                                     vp_16_out|       pointer|
|vp_16_out_ap_vld                                                       |  out|    1|      ap_vld|                                                     vp_16_out|       pointer|
|vp_15_out                                                              |  out|   32|      ap_vld|                                                     vp_15_out|       pointer|
|vp_15_out_ap_vld                                                       |  out|    1|      ap_vld|                                                     vp_15_out|       pointer|
|vp_14_out                                                              |  out|   32|      ap_vld|                                                     vp_14_out|       pointer|
|vp_14_out_ap_vld                                                       |  out|    1|      ap_vld|                                                     vp_14_out|       pointer|
|vp_13_out                                                              |  out|   32|      ap_vld|                                                     vp_13_out|       pointer|
|vp_13_out_ap_vld                                                       |  out|    1|      ap_vld|                                                     vp_13_out|       pointer|
|vp_12_out                                                              |  out|   32|      ap_vld|                                                     vp_12_out|       pointer|
|vp_12_out_ap_vld                                                       |  out|    1|      ap_vld|                                                     vp_12_out|       pointer|
|vp_11_out                                                              |  out|   32|      ap_vld|                                                     vp_11_out|       pointer|
|vp_11_out_ap_vld                                                       |  out|    1|      ap_vld|                                                     vp_11_out|       pointer|
|vp_10_out                                                              |  out|   32|      ap_vld|                                                     vp_10_out|       pointer|
|vp_10_out_ap_vld                                                       |  out|    1|      ap_vld|                                                     vp_10_out|       pointer|
|vp_9_out                                                               |  out|   32|      ap_vld|                                                      vp_9_out|       pointer|
|vp_9_out_ap_vld                                                        |  out|    1|      ap_vld|                                                      vp_9_out|       pointer|
|vp_8_out                                                               |  out|   32|      ap_vld|                                                      vp_8_out|       pointer|
|vp_8_out_ap_vld                                                        |  out|    1|      ap_vld|                                                      vp_8_out|       pointer|
|vp_7_out                                                               |  out|   32|      ap_vld|                                                      vp_7_out|       pointer|
|vp_7_out_ap_vld                                                        |  out|    1|      ap_vld|                                                      vp_7_out|       pointer|
|vp_6_out                                                               |  out|   32|      ap_vld|                                                      vp_6_out|       pointer|
|vp_6_out_ap_vld                                                        |  out|    1|      ap_vld|                                                      vp_6_out|       pointer|
|vp_5_out                                                               |  out|   32|      ap_vld|                                                      vp_5_out|       pointer|
|vp_5_out_ap_vld                                                        |  out|    1|      ap_vld|                                                      vp_5_out|       pointer|
|vp_4_out                                                               |  out|   32|      ap_vld|                                                      vp_4_out|       pointer|
|vp_4_out_ap_vld                                                        |  out|    1|      ap_vld|                                                      vp_4_out|       pointer|
|vp_3_out                                                               |  out|   32|      ap_vld|                                                      vp_3_out|       pointer|
|vp_3_out_ap_vld                                                        |  out|    1|      ap_vld|                                                      vp_3_out|       pointer|
|vp_2_out                                                               |  out|   32|      ap_vld|                                                      vp_2_out|       pointer|
|vp_2_out_ap_vld                                                        |  out|    1|      ap_vld|                                                      vp_2_out|       pointer|
|vp_1_out                                                               |  out|   32|      ap_vld|                                                      vp_1_out|       pointer|
|vp_1_out_ap_vld                                                        |  out|    1|      ap_vld|                                                      vp_1_out|       pointer|
|vp_out                                                                 |  out|   32|      ap_vld|                                                        vp_out|       pointer|
|vp_out_ap_vld                                                          |  out|    1|      ap_vld|                                                        vp_out|       pointer|
|transformer_blk_s3_top_float_const_float_float_const_x_buf_address0    |  out|   13|   ap_memory|    transformer_blk_s3_top_float_const_float_float_const_x_buf|         array|
|transformer_blk_s3_top_float_const_float_float_const_x_buf_ce0         |  out|    1|   ap_memory|    transformer_blk_s3_top_float_const_float_float_const_x_buf|         array|
|transformer_blk_s3_top_float_const_float_float_const_x_buf_q0          |   in|   32|   ap_memory|    transformer_blk_s3_top_float_const_float_float_const_x_buf|         array|
|transformer_blk_s3_top_float_const_float_float_const_x_buf_5_address0  |  out|   13|   ap_memory|  transformer_blk_s3_top_float_const_float_float_const_x_buf_5|         array|
|transformer_blk_s3_top_float_const_float_float_const_x_buf_5_ce0       |  out|    1|   ap_memory|  transformer_blk_s3_top_float_const_float_float_const_x_buf_5|         array|
|transformer_blk_s3_top_float_const_float_float_const_x_buf_5_q0        |   in|   32|   ap_memory|  transformer_blk_s3_top_float_const_float_float_const_x_buf_5|         array|
|transformer_blk_s3_top_float_const_float_float_const_x_buf_6_address0  |  out|   13|   ap_memory|  transformer_blk_s3_top_float_const_float_float_const_x_buf_6|         array|
|transformer_blk_s3_top_float_const_float_float_const_x_buf_6_ce0       |  out|    1|   ap_memory|  transformer_blk_s3_top_float_const_float_float_const_x_buf_6|         array|
|transformer_blk_s3_top_float_const_float_float_const_x_buf_6_q0        |   in|   32|   ap_memory|  transformer_blk_s3_top_float_const_float_float_const_x_buf_6|         array|
|transformer_blk_s3_top_float_const_float_float_const_x_buf_7_address0  |  out|   13|   ap_memory|  transformer_blk_s3_top_float_const_float_float_const_x_buf_7|         array|
|transformer_blk_s3_top_float_const_float_float_const_x_buf_7_ce0       |  out|    1|   ap_memory|  transformer_blk_s3_top_float_const_float_float_const_x_buf_7|         array|
|transformer_blk_s3_top_float_const_float_float_const_x_buf_7_q0        |   in|   32|   ap_memory|  transformer_blk_s3_top_float_const_float_float_const_x_buf_7|         array|
+-----------------------------------------------------------------------+-----+-----+------------+--------------------------------------------------------------+--------------+

