

================================================================
== Vitis HLS Report for 'transformer_blk_s3_top_Pipeline_LN_VAR5'
================================================================
* Date:           Mon Jun  1 14:14:58 2026

* Version:        2022.2 (Build 3670227 on Oct 13 2022)
* Project:        s3_transformer_block
* Solution:       solution1 (Vivado IP Flow Target)
* Product family: zynquplus
* Target device:  xczu9eg-ffvb1156-2-e


================================================================
== Performance Estimates
================================================================
+ Timing: 
    * Summary: 
    +--------+---------+----------+------------+
    |  Clock |  Target | Estimated| Uncertainty|
    +--------+---------+----------+------------+
    |ap_clk  |  5.00 ns|  3.454 ns|     1.35 ns|
    +--------+---------+----------+------------+

+ Latency: 
    * Summary: 
    +---------+---------+----------+----------+-----+-----+---------+
    |  Latency (cycles) |  Latency (absolute) |  Interval | Pipeline|
    |   min   |   max   |    min   |    max   | min | max |   Type  |
    +---------+---------+----------+----------+-----+-----+---------+
    |       95|       95|  0.475 us|  0.475 us|   95|   95|       no|
    +---------+---------+----------+----------+-----+-----+---------+

    + Detail: 
        * Instance: 
        N/A

        * Loop: 
        +----------+---------+---------+----------+-----------+-----------+------+----------+
        |          |  Latency (cycles) | Iteration|  Initiation Interval  | Trip |          |
        | Loop Name|   min   |   max   |  Latency |  achieved |   target  | Count| Pipelined|
        +----------+---------+---------+----------+-----------+-----------+------+----------+
        |- LN_VAR  |       93|       93|        47|          1|          1|    48|       yes|
        +----------+---------+---------+----------+-----------+-----------+------+----------+



================================================================
== Utilization Estimates
================================================================
* Summary: 
+-----------------+---------+------+--------+--------+-----+
|       Name      | BRAM_18K|  DSP |   FF   |   LUT  | URAM|
+-----------------+---------+------+--------+--------+-----+
|DSP              |        -|     -|       -|       -|    -|
|Expression       |        -|     -|       0|      45|    -|
|FIFO             |        -|     -|       -|       -|    -|
|Instance         |        -|     -|       -|       -|    -|
|Memory           |        -|     -|       -|       -|    -|
|Multiplexer      |        -|     -|       -|      36|    -|
|Register         |        -|     -|    2327|      96|    -|
+-----------------+---------+------+--------+--------+-----+
|Total            |        0|     0|    2327|     177|    0|
+-----------------+---------+------+--------+--------+-----+
|Available        |     1824|  2520|  548160|  274080|    0|
+-----------------+---------+------+--------+--------+-----+
|Utilization (%)  |        0|     0|      ~0|      ~0|    0|
+-----------------+---------+------+--------+--------+-----+

+ Detail: 
    * Instance: 
    N/A

    * DSP: 
    N/A

    * Memory: 
    N/A

    * FIFO: 
    N/A

    * Expression: 
    +----------------------+----------+----+---+----+------------+------------+
    |     Variable Name    | Operation| DSP| FF| LUT| Bitwidth P0| Bitwidth P1|
    +----------------------+----------+----+---+----+------------+------------+
    |add_ln113_fu_889_p2   |         +|   0|  0|  13|           6|           1|
    |add_ln118_fu_899_p2   |         +|   0|  0|  20|          13|          13|
    |icmp_ln113_fu_883_p2  |      icmp|   0|  0|  10|           6|           6|
    |ap_enable_pp0         |       xor|   0|  0|   2|           1|           2|
    +----------------------+----------+----+---+----+------------+------------+
    |Total                 |          |   0|  0|  45|          26|          22|
    +----------------------+----------+----+---+----+------------+------------+

    * Multiplexer: 
    +-------------------------+----+-----------+-----+-----------+
    |           Name          | LUT| Input Size| Bits| Total Bits|
    +-------------------------+----+-----------+-----+-----------+
    |ap_done_int              |   9|          2|    1|          2|
    |ap_enable_reg_pp0_iter1  |   9|          2|    1|          2|
    |ap_sig_allocacmp_t_1     |   9|          2|    6|         12|
    |t_fu_230                 |   9|          2|    6|         12|
    +-------------------------+----+-----------+-----+-----------+
    |Total                    |  36|          8|   14|         28|
    +-------------------------+----+-----------+-----+-----------+

    * Register: 
    +----------------------------------------------------------------------------+----+----+-----+-----------+
    |                                    Name                                    | FF | LUT| Bits| Const Bits|
    +----------------------------------------------------------------------------+----+----+-----+-----------+
    |ap_CS_fsm                                                                   |   1|   0|    1|          0|
    |ap_done_reg                                                                 |   1|   0|    1|          0|
    |ap_enable_reg_pp0_iter1                                                     |   1|   0|    1|          0|
    |ap_enable_reg_pp0_iter10                                                    |   1|   0|    1|          0|
    |ap_enable_reg_pp0_iter11                                                    |   1|   0|    1|          0|
    |ap_enable_reg_pp0_iter12                                                    |   1|   0|    1|          0|
    |ap_enable_reg_pp0_iter13                                                    |   1|   0|    1|          0|
    |ap_enable_reg_pp0_iter14                                                    |   1|   0|    1|          0|
    |ap_enable_reg_pp0_iter15                                                    |   1|   0|    1|          0|
    |ap_enable_reg_pp0_iter16                                                    |   1|   0|    1|          0|
    |ap_enable_reg_pp0_iter17                                                    |   1|   0|    1|          0|
    |ap_enable_reg_pp0_iter18                                                    |   1|   0|    1|          0|
    |ap_enable_reg_pp0_iter19                                                    |   1|   0|    1|          0|
    |ap_enable_reg_pp0_iter2                                                     |   1|   0|    1|          0|
    |ap_enable_reg_pp0_iter20                                                    |   1|   0|    1|          0|
    |ap_enable_reg_pp0_iter21                                                    |   1|   0|    1|          0|
    |ap_enable_reg_pp0_iter22                                                    |   1|   0|    1|          0|
    |ap_enable_reg_pp0_iter23                                                    |   1|   0|    1|          0|
    |ap_enable_reg_pp0_iter24                                                    |   1|   0|    1|          0|
    |ap_enable_reg_pp0_iter25                                                    |   1|   0|    1|          0|
    |ap_enable_reg_pp0_iter26                                                    |   1|   0|    1|          0|
    |ap_enable_reg_pp0_iter27                                                    |   1|   0|    1|          0|
    |ap_enable_reg_pp0_iter28                                                    |   1|   0|    1|          0|
    |ap_enable_reg_pp0_iter29                                                    |   1|   0|    1|          0|
    |ap_enable_reg_pp0_iter3                                                     |   1|   0|    1|          0|
    |ap_enable_reg_pp0_iter30                                                    |   1|   0|    1|          0|
    |ap_enable_reg_pp0_iter31                                                    |   1|   0|    1|          0|
    |ap_enable_reg_pp0_iter32                                                    |   1|   0|    1|          0|
    |ap_enable_reg_pp0_iter33                                                    |   1|   0|    1|          0|
    |ap_enable_reg_pp0_iter34                                                    |   1|   0|    1|          0|
    |ap_enable_reg_pp0_iter35                                                    |   1|   0|    1|          0|
    |ap_enable_reg_pp0_iter36                                                    |   1|   0|    1|          0|
    |ap_enable_reg_pp0_iter37                                                    |   1|   0|    1|          0|
    |ap_enable_reg_pp0_iter38                                                    |   1|   0|    1|          0|
    |ap_enable_reg_pp0_iter39                                                    |   1|   0|    1|          0|
    |ap_enable_reg_pp0_iter4                                                     |   1|   0|    1|          0|
    |ap_enable_reg_pp0_iter40                                                    |   1|   0|    1|          0|
    |ap_enable_reg_pp0_iter41                                                    |   1|   0|    1|          0|
    |ap_enable_reg_pp0_iter42                                                    |   1|   0|    1|          0|
    |ap_enable_reg_pp0_iter43                                                    |   1|   0|    1|          0|
    |ap_enable_reg_pp0_iter44                                                    |   1|   0|    1|          0|
    |ap_enable_reg_pp0_iter45                                                    |   1|   0|    1|          0|
    |ap_enable_reg_pp0_iter46                                                    |   1|   0|    1|          0|
    |ap_enable_reg_pp0_iter5                                                     |   1|   0|    1|          0|
    |ap_enable_reg_pp0_iter6                                                     |   1|   0|    1|          0|
    |ap_enable_reg_pp0_iter7                                                     |   1|   0|    1|          0|
    |ap_enable_reg_pp0_iter8                                                     |   1|   0|    1|          0|
    |ap_enable_reg_pp0_iter9                                                     |   1|   0|    1|          0|
    |ap_loop_exit_ready_pp0_iter10_reg                                           |   1|   0|    1|          0|
    |ap_loop_exit_ready_pp0_iter11_reg                                           |   1|   0|    1|          0|
    |ap_loop_exit_ready_pp0_iter12_reg                                           |   1|   0|    1|          0|
    |ap_loop_exit_ready_pp0_iter13_reg                                           |   1|   0|    1|          0|
    |ap_loop_exit_ready_pp0_iter14_reg                                           |   1|   0|    1|          0|
    |ap_loop_exit_ready_pp0_iter15_reg                                           |   1|   0|    1|          0|
    |ap_loop_exit_ready_pp0_iter16_reg                                           |   1|   0|    1|          0|
    |ap_loop_exit_ready_pp0_iter17_reg                                           |   1|   0|    1|          0|
    |ap_loop_exit_ready_pp0_iter18_reg                                           |   1|   0|    1|          0|
    |ap_loop_exit_ready_pp0_iter19_reg                                           |   1|   0|    1|          0|
    |ap_loop_exit_ready_pp0_iter1_reg                                            |   1|   0|    1|          0|
    |ap_loop_exit_ready_pp0_iter20_reg                                           |   1|   0|    1|          0|
    |ap_loop_exit_ready_pp0_iter21_reg                                           |   1|   0|    1|          0|
    |ap_loop_exit_ready_pp0_iter22_reg                                           |   1|   0|    1|          0|
    |ap_loop_exit_ready_pp0_iter23_reg                                           |   1|   0|    1|          0|
    |ap_loop_exit_ready_pp0_iter24_reg                                           |   1|   0|    1|          0|
    |ap_loop_exit_ready_pp0_iter25_reg                                           |   1|   0|    1|          0|
    |ap_loop_exit_ready_pp0_iter26_reg                                           |   1|   0|    1|          0|
    |ap_loop_exit_ready_pp0_iter27_reg                                           |   1|   0|    1|          0|
    |ap_loop_exit_ready_pp0_iter28_reg                                           |   1|   0|    1|          0|
    |ap_loop_exit_ready_pp0_iter29_reg                                           |   1|   0|    1|          0|
    |ap_loop_exit_ready_pp0_iter2_reg                                            |   1|   0|    1|          0|
    |ap_loop_exit_ready_pp0_iter30_reg                                           |   1|   0|    1|          0|
    |ap_loop_exit_ready_pp0_iter31_reg                                           |   1|   0|    1|          0|
    |ap_loop_exit_ready_pp0_iter32_reg                                           |   1|   0|    1|          0|
    |ap_loop_exit_ready_pp0_iter33_reg                                           |   1|   0|    1|          0|
    |ap_loop_exit_ready_pp0_iter34_reg                                           |   1|   0|    1|          0|
    |ap_loop_exit_ready_pp0_iter35_reg                                           |   1|   0|    1|          0|
    |ap_loop_exit_ready_pp0_iter36_reg                                           |   1|   0|    1|          0|
    |ap_loop_exit_ready_pp0_iter37_reg                                           |   1|   0|    1|          0|
    |ap_loop_exit_ready_pp0_iter38_reg                                           |   1|   0|    1|          0|
    |ap_loop_exit_ready_pp0_iter39_reg                                           |   1|   0|    1|          0|
    |ap_loop_exit_ready_pp0_iter3_reg                                            |   1|   0|    1|          0|
    |ap_loop_exit_ready_pp0_iter40_reg                                           |   1|   0|    1|          0|
    |ap_loop_exit_ready_pp0_iter41_reg                                           |   1|   0|    1|          0|
    |ap_loop_exit_ready_pp0_iter42_reg                                           |   1|   0|    1|          0|
    |ap_loop_exit_ready_pp0_iter43_reg                                           |   1|   0|    1|          0|
    |ap_loop_exit_ready_pp0_iter44_reg                                           |   1|   0|    1|          0|
    |ap_loop_exit_ready_pp0_iter45_reg                                           |   1|   0|    1|          0|
    |ap_loop_exit_ready_pp0_iter4_reg                                            |   1|   0|    1|          0|
    |ap_loop_exit_ready_pp0_iter5_reg                                            |   1|   0|    1|          0|
    |ap_loop_exit_ready_pp0_iter6_reg                                            |   1|   0|    1|          0|
    |ap_loop_exit_ready_pp0_iter7_reg                                            |   1|   0|    1|          0|
    |ap_loop_exit_ready_pp0_iter8_reg                                            |   1|   0|    1|          0|
    |ap_loop_exit_ready_pp0_iter9_reg                                            |   1|   0|    1|          0|
    |d_2_reg_1701                                                                |  32|   0|   32|          0|
    |d_3_reg_1727                                                                |  32|   0|   32|          0|
    |d_4_reg_1748                                                                |  32|   0|   32|          0|
    |d_reg_1680                                                                  |  32|   0|   32|          0|
    |icmp_ln113_reg_1654                                                         |   1|   0|    1|          0|
    |mul47_i113_i_1_reg_1717                                                     |  32|   0|   32|          0|
    |mul47_i113_i_2_reg_1743                                                     |  32|   0|   32|          0|
    |mul47_i113_i_3_reg_1759                                                     |  32|   0|   32|          0|
    |mul47_i113_i_reg_1691                                                       |  32|   0|   32|          0|
    |t_1_reg_1650                                                                |   6|   0|    6|          0|
    |t_fu_230                                                                    |   6|   0|    6|          0|
    |tile_103_reg_1738                                                           |  32|   0|   32|          0|
    |tile_104_reg_1754                                                           |  32|   0|   32|          0|
    |tile_reg_1712                                                               |  32|   0|   32|          0|
    |transformer_blk_s3_top_float_const_float_float_const_x_buf_5_load_reg_1686  |  32|   0|   32|          0|
    |transformer_blk_s3_top_float_const_float_float_const_x_buf_6_load_reg_1707  |  32|   0|   32|          0|
    |transformer_blk_s3_top_float_const_float_float_const_x_buf_7_load_reg_1733  |  32|   0|   32|          0|
    |transformer_blk_s3_top_float_const_float_float_const_x_buf_load_reg_1670    |  32|   0|   32|          0|
    |vp_10_fu_274                                                                |  32|   0|   32|          0|
    |vp_11_fu_278                                                                |  32|   0|   32|          0|
    |vp_12_fu_282                                                                |  32|   0|   32|          0|
    |vp_13_fu_286                                                                |  32|   0|   32|          0|
    |vp_14_fu_290                                                                |  32|   0|   32|          0|
    |vp_15_fu_294                                                                |  32|   0|   32|          0|
    |vp_16_fu_298                                                                |  32|   0|   32|          0|
    |vp_17_fu_302                                                                |  32|   0|   32|          0|
    |vp_18_fu_306                                                                |  32|   0|   32|          0|
    |vp_19_fu_310                                                                |  32|   0|   32|          0|
    |vp_1_fu_238                                                                 |  32|   0|   32|          0|
    |vp_20_fu_314                                                                |  32|   0|   32|          0|
    |vp_21_fu_318                                                                |  32|   0|   32|          0|
    |vp_22_fu_322                                                                |  32|   0|   32|          0|
    |vp_23_fu_326                                                                |  32|   0|   32|          0|
    |vp_24_fu_330                                                                |  32|   0|   32|          0|
    |vp_25_fu_334                                                                |  32|   0|   32|          0|
    |vp_26_fu_338                                                                |  32|   0|   32|          0|
    |vp_27_fu_342                                                                |  32|   0|   32|          0|
    |vp_28_fu_346                                                                |  32|   0|   32|          0|
    |vp_29_fu_350                                                                |  32|   0|   32|          0|
    |vp_2_fu_242                                                                 |  32|   0|   32|          0|
    |vp_30_fu_354                                                                |  32|   0|   32|          0|
    |vp_31_fu_358                                                                |  32|   0|   32|          0|
    |vp_32_fu_362                                                                |  32|   0|   32|          0|
    |vp_33_fu_366                                                                |  32|   0|   32|          0|
    |vp_34_fu_370                                                                |  32|   0|   32|          0|
    |vp_35_fu_374                                                                |  32|   0|   32|          0|
    |vp_36_fu_378                                                                |  32|   0|   32|          0|
    |vp_37_fu_382                                                                |  32|   0|   32|          0|
    |vp_38_fu_386                                                                |  32|   0|   32|          0|
    |vp_39_fu_390                                                                |  32|   0|   32|          0|
    |vp_3_fu_246                                                                 |  32|   0|   32|          0|
    |vp_40_fu_394                                                                |  32|   0|   32|          0|
    |vp_41_fu_398                                                                |  32|   0|   32|          0|
    |vp_42_fu_402                                                                |  32|   0|   32|          0|
    |vp_43_fu_406                                                                |  32|   0|   32|          0|
    |vp_44_fu_410                                                                |  32|   0|   32|          0|
    |vp_45_fu_414                                                                |  32|   0|   32|          0|
    |vp_46_fu_418                                                                |  32|   0|   32|          0|
    |vp_47_fu_422                                                                |  32|   0|   32|          0|
    |vp_4_fu_250                                                                 |  32|   0|   32|          0|
    |vp_5_fu_254                                                                 |  32|   0|   32|          0|
    |vp_6_fu_258                                                                 |  32|   0|   32|          0|
    |vp_7_fu_262                                                                 |  32|   0|   32|          0|
    |vp_8_fu_266                                                                 |  32|   0|   32|          0|
    |vp_9_fu_270                                                                 |  32|   0|   32|          0|
    |vp_fu_234                                                                   |  32|   0|   32|          0|
    |zext_ln118_reg_1658                                                         |  13|   0|   64|         51|
    |icmp_ln113_reg_1654                                                         |  64|  32|    1|          0|
    |t_1_reg_1650                                                                |  64|  32|    6|          0|
    |zext_ln118_reg_1658                                                         |  64|  32|   64|         51|
    +----------------------------------------------------------------------------+----+----+-----+-----------+
    |Total                                                                       |2327|  96| 2257|        102|
    +----------------------------------------------------------------------------+----+----+-----+-----------+



================================================================
== Interface
================================================================
* Summary: 
+-----------------------------------------------------------------------+-----+-----+------------+--------------------------------------------------------------+--------------+
|                               RTL Ports                               | Dir | Bits|  Protocol  |                         Source Object                        |    C Type    |
+-----------------------------------------------------------------------+-----+-----+------------+--------------------------------------------------------------+--------------+
|ap_clk                                                                 |   in|    1|  ap_ctrl_hs|                       transformer_blk_s3_top_Pipeline_LN_VAR5|  return value|
|ap_rst                                                                 |   in|    1|  ap_ctrl_hs|                       transformer_blk_s3_top_Pipeline_LN_VAR5|  return value|
|ap_start                                                               |   in|    1|  ap_ctrl_hs|                       transformer_blk_s3_top_Pipeline_LN_VAR5|  return value|
|ap_done                                                                |  out|    1|  ap_ctrl_hs|                       transformer_blk_s3_top_Pipeline_LN_VAR5|  return value|
|ap_idle                                                                |  out|    1|  ap_ctrl_hs|                       transformer_blk_s3_top_Pipeline_LN_VAR5|  return value|
|ap_ready                                                               |  out|    1|  ap_ctrl_hs|                       transformer_blk_s3_top_Pipeline_LN_VAR5|  return value|
|grp_fu_2312_p_din0                                                     |  out|   32|  ap_ctrl_hs|                       transformer_blk_s3_top_Pipeline_LN_VAR5|  return value|
|grp_fu_2312_p_din1                                                     |  out|   32|  ap_ctrl_hs|                       transformer_blk_s3_top_Pipeline_LN_VAR5|  return value|
|grp_fu_2312_p_opcode                                                   |  out|    1|  ap_ctrl_hs|                       transformer_blk_s3_top_Pipeline_LN_VAR5|  return value|
|grp_fu_2312_p_dout0                                                    |   in|   32|  ap_ctrl_hs|                       transformer_blk_s3_top_Pipeline_LN_VAR5|  return value|
|grp_fu_2312_p_ce                                                       |  out|    1|  ap_ctrl_hs|                       transformer_blk_s3_top_Pipeline_LN_VAR5|  return value|
|grp_fu_5188_p_din0                                                     |  out|   32|  ap_ctrl_hs|                       transformer_blk_s3_top_Pipeline_LN_VAR5|  return value|
|grp_fu_5188_p_din1                                                     |  out|   32|  ap_ctrl_hs|                       transformer_blk_s3_top_Pipeline_LN_VAR5|  return value|
|grp_fu_5188_p_opcode                                                   |  out|    1|  ap_ctrl_hs|                       transformer_blk_s3_top_Pipeline_LN_VAR5|  return value|
|grp_fu_5188_p_dout0                                                    |   in|   32|  ap_ctrl_hs|                       transformer_blk_s3_top_Pipeline_LN_VAR5|  return value|
|grp_fu_5188_p_ce                                                       |  out|    1|  ap_ctrl_hs|                       transformer_blk_s3_top_Pipeline_LN_VAR5|  return value|
|grp_fu_5192_p_din0                                                     |  out|   32|  ap_ctrl_hs|                       transformer_blk_s3_top_Pipeline_LN_VAR5|  return value|
|grp_fu_5192_p_din1                                                     |  out|   32|  ap_ctrl_hs|                       transformer_blk_s3_top_Pipeline_LN_VAR5|  return value|
|grp_fu_5192_p_opcode                                                   |  out|    1|  ap_ctrl_hs|                       transformer_blk_s3_top_Pipeline_LN_VAR5|  return value|
|grp_fu_5192_p_dout0                                                    |   in|   32|  ap_ctrl_hs|                       transformer_blk_s3_top_Pipeline_LN_VAR5|  return value|
|grp_fu_5192_p_ce                                                       |  out|    1|  ap_ctrl_hs|                       transformer_blk_s3_top_Pipeline_LN_VAR5|  return value|
|grp_fu_5196_p_din0                                                     |  out|   32|  ap_ctrl_hs|                       transformer_blk_s3_top_Pipeline_LN_VAR5|  return value|
|grp_fu_5196_p_din1                                                     |  out|   32|  ap_ctrl_hs|                       transformer_blk_s3_top_Pipeline_LN_VAR5|  return value|
|grp_fu_5196_p_opcode                                                   |  out|    1|  ap_ctrl_hs|                       transformer_blk_s3_top_Pipeline_LN_VAR5|  return value|
|grp_fu_5196_p_dout0                                                    |   in|   32|  ap_ctrl_hs|                       transformer_blk_s3_top_Pipeline_LN_VAR5|  return value|
|grp_fu_5196_p_ce                                                       |  out|    1|  ap_ctrl_hs|                       transformer_blk_s3_top_Pipeline_LN_VAR5|  return value|
|grp_fu_5200_p_din0                                                     |  out|   32|  ap_ctrl_hs|                       transformer_blk_s3_top_Pipeline_LN_VAR5|  return value|
|grp_fu_5200_p_din1                                                     |  out|   32|  ap_ctrl_hs|                       transformer_blk_s3_top_Pipeline_LN_VAR5|  return value|
|grp_fu_5200_p_opcode                                                   |  out|    1|  ap_ctrl_hs|                       transformer_blk_s3_top_Pipeline_LN_VAR5|  return value|
|grp_fu_5200_p_dout0                                                    |   in|   32|  ap_ctrl_hs|                       transformer_blk_s3_top_Pipeline_LN_VAR5|  return value|
|grp_fu_5200_p_ce                                                       |  out|    1|  ap_ctrl_hs|                       transformer_blk_s3_top_Pipeline_LN_VAR5|  return value|
|grp_fu_5204_p_din0                                                     |  out|   32|  ap_ctrl_hs|                       transformer_blk_s3_top_Pipeline_LN_VAR5|  return value|
|grp_fu_5204_p_din1                                                     |  out|   32|  ap_ctrl_hs|                       transformer_blk_s3_top_Pipeline_LN_VAR5|  return value|
|grp_fu_5204_p_opcode                                                   |  out|    1|  ap_ctrl_hs|                       transformer_blk_s3_top_Pipeline_LN_VAR5|  return value|
|grp_fu_5204_p_dout0                                                    |   in|   32|  ap_ctrl_hs|                       transformer_blk_s3_top_Pipeline_LN_VAR5|  return value|
|grp_fu_5204_p_ce                                                       |  out|    1|  ap_ctrl_hs|                       transformer_blk_s3_top_Pipeline_LN_VAR5|  return value|
|grp_fu_5208_p_din0                                                     |  out|   32|  ap_ctrl_hs|                       transformer_blk_s3_top_Pipeline_LN_VAR5|  return value|
|grp_fu_5208_p_din1                                                     |  out|   32|  ap_ctrl_hs|                       transformer_blk_s3_top_Pipeline_LN_VAR5|  return value|
|grp_fu_5208_p_opcode                                                   |  out|    1|  ap_ctrl_hs|                       transformer_blk_s3_top_Pipeline_LN_VAR5|  return value|
|grp_fu_5208_p_dout0                                                    |   in|   32|  ap_ctrl_hs|                       transformer_blk_s3_top_Pipeline_LN_VAR5|  return value|
|grp_fu_5208_p_ce                                                       |  out|    1|  ap_ctrl_hs|                       transformer_blk_s3_top_Pipeline_LN_VAR5|  return value|
|grp_fu_5212_p_din0                                                     |  out|   32|  ap_ctrl_hs|                       transformer_blk_s3_top_Pipeline_LN_VAR5|  return value|
|grp_fu_5212_p_din1                                                     |  out|   32|  ap_ctrl_hs|                       transformer_blk_s3_top_Pipeline_LN_VAR5|  return value|
|grp_fu_5212_p_opcode                                                   |  out|    1|  ap_ctrl_hs|                       transformer_blk_s3_top_Pipeline_LN_VAR5|  return value|
|grp_fu_5212_p_dout0                                                    |   in|   32|  ap_ctrl_hs|                       transformer_blk_s3_top_Pipeline_LN_VAR5|  return value|
|grp_fu_5212_p_ce                                                       |  out|    1|  ap_ctrl_hs|                       transformer_blk_s3_top_Pipeline_LN_VAR5|  return value|
|grp_fu_5216_p_din0                                                     |  out|   32|  ap_ctrl_hs|                       transformer_blk_s3_top_Pipeline_LN_VAR5|  return value|
|grp_fu_5216_p_din1                                                     |  out|   32|  ap_ctrl_hs|                       transformer_blk_s3_top_Pipeline_LN_VAR5|  return value|
|grp_fu_5216_p_dout0                                                    |   in|   32|  ap_ctrl_hs|                       transformer_blk_s3_top_Pipeline_LN_VAR5|  return value|
|grp_fu_5216_p_ce                                                       |  out|    1|  ap_ctrl_hs|                       transformer_blk_s3_top_Pipeline_LN_VAR5|  return value|
|grp_fu_5220_p_din0                                                     |  out|   32|  ap_ctrl_hs|                       transformer_blk_s3_top_Pipeline_LN_VAR5|  return value|
|grp_fu_5220_p_din1                                                     |  out|   32|  ap_ctrl_hs|                       transformer_blk_s3_top_Pipeline_LN_VAR5|  return value|
|grp_fu_5220_p_dout0                                                    |   in|   32|  ap_ctrl_hs|                       transformer_blk_s3_top_Pipeline_LN_VAR5|  return value|
|grp_fu_5220_p_ce                                                       |  out|    1|  ap_ctrl_hs|                       transformer_blk_s3_top_Pipeline_LN_VAR5|  return value|
|grp_fu_5224_p_din0                                                     |  out|   32|  ap_ctrl_hs|                       transformer_blk_s3_top_Pipeline_LN_VAR5|  return value|
|grp_fu_5224_p_din1                                                     |  out|   32|  ap_ctrl_hs|                       transformer_blk_s3_top_Pipeline_LN_VAR5|  return value|
|grp_fu_5224_p_dout0                                                    |   in|   32|  ap_ctrl_hs|                       transformer_blk_s3_top_Pipeline_LN_VAR5|  return value|
|grp_fu_5224_p_ce                                                       |  out|    1|  ap_ctrl_hs|                       transformer_blk_s3_top_Pipeline_LN_VAR5|  return value|
|grp_fu_5228_p_din0                                                     |  out|   32|  ap_ctrl_hs|                       transformer_blk_s3_top_Pipeline_LN_VAR5|  return value|
|grp_fu_5228_p_din1                                                     |  out|   32|  ap_ctrl_hs|                       transformer_blk_s3_top_Pipeline_LN_VAR5|  return value|
|grp_fu_5228_p_dout0                                                    |   in|   32|  ap_ctrl_hs|                       transformer_blk_s3_top_Pipeline_LN_VAR5|  return value|
|grp_fu_5228_p_ce                                                       |  out|    1|  ap_ctrl_hs|                       transformer_blk_s3_top_Pipeline_LN_VAR5|  return value|
|indvars_iv7536                                                         |   in|   13|     ap_none|                                                indvars_iv7536|        scalar|
|mean_1                                                                 |   in|   32|     ap_none|                                                        mean_1|        scalar|
|vp_144_out                                                             |  out|   32|      ap_vld|                                                    vp_144_out|       pointer|
|vp_144_out_ap_vld                                                      |  out|    1|      ap_vld|                                                    vp_144_out|       pointer|
|vp_143_out                                                             |  out|   32|      ap_vld|                                                    vp_143_out|       pointer|
|vp_143_out_ap_vld                                                      |  out|    1|      ap_vld|                                                    vp_143_out|       pointer|
|vp_142_out                                                             |  out|   32|      ap_vld|                                                    vp_142_out|       pointer|
|vp_142_out_ap_vld                                                      |  out|    1|      ap_vld|                                                    vp_142_out|       pointer|
|vp_141_out                                                             |  out|   32|      ap_vld|                                                    vp_141_out|       pointer|
|vp_141_out_ap_vld                                                      |  out|    1|      ap_vld|                                                    vp_141_out|       pointer|
|vp_140_out                                                             |  out|   32|      ap_vld|                                                    vp_140_out|       pointer|
|vp_140_out_ap_vld                                                      |  out|    1|      ap_vld|                                                    vp_140_out|       pointer|
|vp_139_out                                                             |  out|   32|      ap_vld|                                                    vp_139_out|       pointer|
|vp_139_out_ap_vld                                                      |  out|    1|      ap_vld|                                                    vp_139_out|       pointer|
|vp_138_out                                                             |  out|   32|      ap_vld|                                                    vp_138_out|       pointer|
|vp_138_out_ap_vld                                                      |  out|    1|      ap_vld|                                                    vp_138_out|       pointer|
|vp_137_out                                                             |  out|   32|      ap_vld|                                                    vp_137_out|       pointer|
|vp_137_out_ap_vld                                                      |  out|    1|      ap_vld|                                                    vp_137_out|       pointer|
|vp_136_out                                                             |  out|   32|      ap_vld|                                                    vp_136_out|       pointer|
|vp_136_out_ap_vld                                                      |  out|    1|      ap_vld|                                                    vp_136_out|       pointer|
|vp_135_out                                                             |  out|   32|      ap_vld|                                                    vp_135_out|       pointer|
|vp_135_out_ap_vld                                                      |  out|    1|      ap_vld|                                                    vp_135_out|       pointer|
|vp_134_out                                                             |  out|   32|      ap_vld|                                                    vp_134_out|       pointer|
|vp_134_out_ap_vld                                                      |  out|    1|      ap_vld|                                                    vp_134_out|       pointer|
|vp_133_out                                                             |  out|   32|      ap_vld|                                                    vp_133_out|       pointer|
|vp_133_out_ap_vld                                                      |  out|    1|      ap_vld|                                                    vp_133_out|       pointer|
|vp_132_out                                                             |  out|   32|      ap_vld|                                                    vp_132_out|       pointer|
|vp_132_out_ap_vld                                                      |  out|    1|      ap_vld|                                                    vp_132_out|       pointer|
|vp_131_out                                                             |  out|   32|      ap_vld|                                                    vp_131_out|       pointer|
|vp_131_out_ap_vld                                                      |  out|    1|      ap_vld|                                                    vp_131_out|       pointer|
|vp_130_out                                                             |  out|   32|      ap_vld|                                                    vp_130_out|       pointer|
|vp_130_out_ap_vld                                                      |  out|    1|      ap_vld|                                                    vp_130_out|       pointer|
|vp_129_out                                                             |  out|   32|      ap_vld|                                                    vp_129_out|       pointer|
|vp_129_out_ap_vld                                                      |  out|    1|      ap_vld|                                                    vp_129_out|       pointer|
|vp_128_out                                                             |  out|   32|      ap_vld|                                                    vp_128_out|       pointer|
|vp_128_out_ap_vld                                                      |  out|    1|      ap_vld|                                                    vp_128_out|       pointer|
|vp_127_out                                                             |  out|   32|      ap_vld|                                                    vp_127_out|       pointer|
|vp_127_out_ap_vld                                                      |  out|    1|      ap_vld|                                                    vp_127_out|       pointer|
|vp_126_out                                                             |  out|   32|      ap_vld|                                                    vp_126_out|       pointer|
|vp_126_out_ap_vld                                                      |  out|    1|      ap_vld|                                                    vp_126_out|       pointer|
|vp_125_out                                                             |  out|   32|      ap_vld|                                                    vp_125_out|       pointer|
|vp_125_out_ap_vld                                                      |  out|    1|      ap_vld|                                                    vp_125_out|       pointer|
|vp_124_out                                                             |  out|   32|      ap_vld|                                                    vp_124_out|       pointer|
|vp_124_out_ap_vld                                                      |  out|    1|      ap_vld|                                                    vp_124_out|       pointer|
|vp_123_out                                                             |  out|   32|      ap_vld|                                                    vp_123_out|       pointer|
|vp_123_out_ap_vld                                                      |  out|    1|      ap_vld|                                                    vp_123_out|       pointer|
|vp_122_out                                                             |  out|   32|      ap_vld|                                                    vp_122_out|       pointer|
|vp_122_out_ap_vld                                                      |  out|    1|      ap_vld|                                                    vp_122_out|       pointer|
|vp_121_out                                                             |  out|   32|      ap_vld|                                                    vp_121_out|       pointer|
|vp_121_out_ap_vld                                                      |  out|    1|      ap_vld|                                                    vp_121_out|       pointer|
|vp_120_out                                                             |  out|   32|      ap_vld|                                                    vp_120_out|       pointer|
|vp_120_out_ap_vld                                                      |  out|    1|      ap_vld|                                                    vp_120_out|       pointer|
|vp_119_out                                                             |  out|   32|      ap_vld|                                                    vp_119_out|       pointer|
|vp_119_out_ap_vld                                                      |  out|    1|      ap_vld|                                                    vp_119_out|       pointer|
|vp_118_out                                                             |  out|   32|      ap_vld|                                                    vp_118_out|       pointer|
|vp_118_out_ap_vld                                                      |  out|    1|      ap_vld|                                                    vp_118_out|       pointer|
|vp_117_out                                                             |  out|   32|      ap_vld|                                                    vp_117_out|       pointer|
|vp_117_out_ap_vld                                                      |  out|    1|      ap_vld|                                                    vp_117_out|       pointer|
|vp_116_out                                                             |  out|   32|      ap_vld|                                                    vp_116_out|       pointer|
|vp_116_out_ap_vld                                                      |  out|    1|      ap_vld|                                                    vp_116_out|       pointer|
|vp_115_out                                                             |  out|   32|      ap_vld|                                                    vp_115_out|       pointer|
|vp_115_out_ap_vld                                                      |  out|    1|      ap_vld|                                                    vp_115_out|       pointer|
|vp_114_out                                                             |  out|   32|      ap_vld|                                                    vp_114_out|       pointer|
|vp_114_out_ap_vld                                                      |  out|    1|      ap_vld|                                                    vp_114_out|       pointer|
|vp_113_out                                                             |  out|   32|      ap_vld|                                                    vp_113_out|       pointer|
|vp_113_out_ap_vld                                                      |  out|    1|      ap_vld|                                                    vp_113_out|       pointer|
|vp_112_out                                                             |  out|   32|      ap_vld|                                                    vp_112_out|       pointer|
|vp_112_out_ap_vld                                                      |  out|    1|      ap_vld|                                                    vp_112_out|       pointer|
|vp_111_out                                                             |  out|   32|      ap_vld|                                                    vp_111_out|       pointer|
|vp_111_out_ap_vld                                                      |  out|    1|      ap_vld|                                                    vp_111_out|       pointer|
|vp_110_out                                                             |  out|   32|      ap_vld|                                                    vp_110_out|       pointer|
|vp_110_out_ap_vld                                                      |  out|    1|      ap_vld|                                                    vp_110_out|       pointer|
|vp_109_out                                                             |  out|   32|      ap_vld|                                                    vp_109_out|       pointer|
|vp_109_out_ap_vld                                                      |  out|    1|      ap_vld|                                                    vp_109_out|       pointer|
|vp_108_out                                                             |  out|   32|      ap_vld|                                                    vp_108_out|       pointer|
|vp_108_out_ap_vld                                                      |  out|    1|      ap_vld|                                                    vp_108_out|       pointer|
|vp_107_out                                                             |  out|   32|      ap_vld|                                                    vp_107_out|       pointer|
|vp_107_out_ap_vld                                                      |  out|    1|      ap_vld|                                                    vp_107_out|       pointer|
|vp_106_out                                                             |  out|   32|      ap_vld|                                                    vp_106_out|       pointer|
|vp_106_out_ap_vld                                                      |  out|    1|      ap_vld|                                                    vp_106_out|       pointer|
|vp_105_out                                                             |  out|   32|      ap_vld|                                                    vp_105_out|       pointer|
|vp_105_out_ap_vld                                                      |  out|    1|      ap_vld|                                                    vp_105_out|       pointer|
|vp_104_out                                                             |  out|   32|      ap_vld|                                                    vp_104_out|       pointer|
|vp_104_out_ap_vld                                                      |  out|    1|      ap_vld|                                                    vp_104_out|       pointer|
|vp_103_out                                                             |  out|   32|      ap_vld|                                                    vp_103_out|       pointer|
|vp_103_out_ap_vld                                                      |  out|    1|      ap_vld|                                                    vp_103_out|       pointer|
|vp_102_out                                                             |  out|   32|      ap_vld|                                                    vp_102_out|       pointer|
|vp_102_out_ap_vld                                                      |  out|    1|      ap_vld|                                                    vp_102_out|       pointer|
|vp_101_out                                                             |  out|   32|      ap_vld|                                                    vp_101_out|       pointer|
|vp_101_out_ap_vld                                                      |  out|    1|      ap_vld|                                                    vp_101_out|       pointer|
|vp_100_out                                                             |  out|   32|      ap_vld|                                                    vp_100_out|       pointer|
|vp_100_out_ap_vld                                                      |  out|    1|      ap_vld|                                                    vp_100_out|       pointer|
|vp_99_out                                                              |  out|   32|      ap_vld|                                                     vp_99_out|       pointer|
|vp_99_out_ap_vld                                                       |  out|    1|      ap_vld|                                                     vp_99_out|       pointer|
|vp_98_out                                                              |  out|   32|      ap_vld|                                                     vp_98_out|       pointer|
|vp_98_out_ap_vld                                                       |  out|    1|      ap_vld|                                                     vp_98_out|       pointer|
|vp_97_out                                                              |  out|   32|      ap_vld|                                                     vp_97_out|       pointer|
|vp_97_out_ap_vld                                                       |  out|    1|      ap_vld|                                                     vp_97_out|       pointer|
|transformer_blk_s3_top_float_const_float_float_const_x_buf_address0    |  out|   13|   ap_memory|    transformer_blk_s3_top_float_const_float_float_const_x_buf|         array|
|transformer_blk_s3_top_float_const_float_float_const_x_buf_ce0         |  out|    1|   ap_memory|    transformer_blk_s3_top_float_const_float_float_const_x_buf|         array|
|transformer_blk_s3_top_float_const_float_float_const_x_buf_q0          |   in|   32|   ap_memory|    transformer_blk_s3_top_float_const_float_float_const_x_buf|         array|
|transformer_blk_s3_top_float_const_float_float_const_x_buf_5_address0  |  out|   13|   ap_memory|  transformer_blk_s3_top_float_const_float_float_const_x_buf_5|         array|
|transformer_blk_s3_top_float_const_float_float_const_x_buf_5_ce0       |  out|    1|   ap_memory|  transformer_blk_s3_top_float_const_float_float_const_x_buf_5|         array|
|transformer_blk_s3_top_float_const_float_float_const_x_buf_5_q0        |   in|   32|   ap_memory|  transformer_blk_s3_top_float_const_float_float_const_x_buf_5|         array|
|transformer_blk_s3_top_float_const_float_float_const_x_buf_6_address0  |  out|   13|   ap_memory|  transformer_blk_s3_top_float_const_float_float_const_x_buf_6|         array|
|transformer_blk_s3_top_float_const_float_float_const_x_buf_6_ce0       |  out|    1|   ap_memory|  transformer_blk_s3_top_float_const_float_float_const_x_buf_6|         array|
|transformer_blk_s3_top_float_const_float_float_const_x_buf_6_q0        |   in|   32|   ap_memory|  transformer_blk_s3_top_float_const_float_float_const_x_buf_6|         array|
|transformer_blk_s3_top_float_const_float_float_const_x_buf_7_address0  |  out|   13|   ap_memory|  transformer_blk_s3_top_float_const_float_float_const_x_buf_7|         array|
|transformer_blk_s3_top_float_const_float_float_const_x_buf_7_ce0       |  out|    1|   ap_memory|  transformer_blk_s3_top_float_const_float_float_const_x_buf_7|         array|
|transformer_blk_s3_top_float_const_float_float_const_x_buf_7_q0        |   in|   32|   ap_memory|  transformer_blk_s3_top_float_const_float_float_const_x_buf_7|         array|
+-----------------------------------------------------------------------+-----+-----+------------+--------------------------------------------------------------+--------------+

